******************************************************************************
            TI ARM Clang Linker PC v4.0.4                      
******************************************************************************
>> Linked Wed Jul 15 23:38:05 2026

OUTPUT FILE NAME:   <gpio_toggle_output_LP_MSPM0G3507_nortos_ticlang.out>
ENTRY POINT SYMBOL: "_c_int00_noargs"  address: 00007689


MEMORY CONFIGURATION

         name            origin    length      used     unused   attr    fill
----------------------  --------  ---------  --------  --------  ----  --------
  FLASH                 00000000   00020000  000086e8  00017918  R  X
  SRAM                  20200000   00008000  0000059d  00007a63  RW X
  BCR_CONFIG            41c00000   000000ff  00000000  000000ff  R   
  BSL_CONFIG            41c00100   00000080  00000000  00000080  R   


SEGMENT ALLOCATION MAP

run origin  load origin   length   init length attrs members
----------  ----------- ---------- ----------- ----- -------
00000000    00000000    000086e8   000086e8    r-x
  00000000    00000000    000000c0   000000c0    r-- .intvecs
  000000c0    000000c0    00007a10   00007a10    r-x .text
  00007ad0    00007ad0    00000bd0   00000bd0    r-- .rodata
  000086a0    000086a0    00000048   00000048    r-- .cinit
20200000    20200000    0000039d   00000000    rw-
  20200000    20200000    00000354   00000000    rw- .bss
  20200354    20200354    00000049   00000000    rw- .data
20207e00    20207e00    00000200   00000000    rw-
  20207e00    20207e00    00000200   00000000    rw- .stack


SECTION ALLOCATION MAP

 output                                  attributes/
section   page    origin      length       input sections
--------  ----  ----------  ----------   ----------------
.intvecs   0    00000000    000000c0     
                  00000000    000000c0     startup_mspm0g350x_ticlang.o (.intvecs)

.text      0    000000c0    00007a10     
                  000000c0    000009d0     libc.a : _printfi.c.obj (.text:__TI_printfi)
                  00000a90    0000092a     oled_hardware_i2c.o (.text.OLED_ShowSignedNum)
                  000013ba    00000002     startup_mspm0g350x_ticlang.o (.text.Default_Handler)
                  000013bc    000008b4     FusionAhrs.o (.text.FusionAhrsUpdate)
                  00001c70    00000644     libc.a : k_rem_pio2.c.obj (.text.__kernel_rem_pio2)
                  000022b4    00000490     oled_hardware_i2c.o (.text.OLED_ShowNum)
                  00002744    000002d4     oled_hardware_i2c.o (.text.OLED_Init)
                  00002a18    0000023c     key.o (.text.Key_Service)
                  00002c54    0000022c     imu660rb.o (.text.FusionTasks)
                  00002e80    00000220     libc.a : _printfi.c.obj (.text._pconv_a)
                  000030a0    00000214     imu660rb.o (.text.IMU660RB_Init)
                  000032b4    000001e4     gpio_toggle_output.o (.text.main)
                  00003498    000001dc     libc.a : _printfi.c.obj (.text._pconv_g)
                  00003674    000001d4            : s_cosf.c.obj (.text.cosf)
                  00003848    000001d0     lsm6dsr_reg.o (.text.lsm6dsr_pin_int1_route_set)
                  00003a18    000001c8     libc.a : s_atanf.c.obj (.text.atanf)
                  00003be0    000001c8            : s_sinf.c.obj (.text.sinf)
                  00003da8    000001c0     imu660rb.o (.text.Read_IMU660RB)
                  00003f68    0000019c     FusionAhrs.o (.text.FusionAhrsSetHeading)
                  00004104    00000192     libclang_rt.builtins.a : adddf3.S.obj (.text.adddf3_subdf3)
                  00004296    00000002                            : aeabi_div0.c.obj (.text.__aeabi_idiv0)
                  00004298    00000188     imu660rb.o (.text.platform_read)
                  00004420    00000180     imu660rb.o (.text.platform_write)
                  000045a0    00000170     libc.a : e_sqrt.c.obj (.text.sqrt)
                  00004710    00000160            : e_asinf.c.obj (.text.asinf)
                  00004870    0000014c     oled_hardware_i2c.o (.text.OLED_WR_Byte)
                  000049bc    00000144     libc.a : s_floor.c.obj (.text.floor)
                  00004b00    0000013c     FusionAhrs.o (.text.Feedback)
                  00004c3c    0000013c     libc.a : _printfi.c.obj (.text.fcvt)
                  00004d78    00000120            : _printfi.c.obj (.text._pconv_e)
                  00004e98    0000011c     driverlib.a : dl_timer.o (.text.DL_Timer_initCaptureMode)
                  00004fb4    00000118     libc.a : e_atan2f.c.obj (.text.atan2f)
                  000050cc    0000010c     libclang_rt.builtins.a : divdf3.S.obj (.text.__divdf3)
                  000051d8    00000104     driverlib.a : dl_timer.o (.text.DL_Timer_initFourCCPWMMode)
                  000052dc    000000fc                 : dl_timer.o (.text.DL_Timer_initTimerMode)
                  000053d8    000000f0     lsm6dsr_reg.o (.text.lsm6dsr_gy_data_rate_set)
                  000054c8    000000f0     lsm6dsr_reg.o (.text.lsm6dsr_xl_data_rate_set)
                  000055b8    000000e8     ti_msp_dl_config.o (.text.SYSCFG_DL_GPIO_init)
                  000056a0    000000e4     libclang_rt.builtins.a : muldf3.S.obj (.text.__muldf3)
                  00005784    000000e0     FusionAhrs.o (.text.FusionAhrsSetSettings)
                  00005864    000000e0     FusionOffset.o (.text.FusionOffsetUpdate)
                  00005944    000000dc     oled_hardware_i2c.o (.text.OLED_ShowChar)
                  00005a20    000000d8     libc.a : s_scalbn.c.obj (.text.scalbn)
                  00005af8    000000d8     libclang_rt.builtins.a : addsf3.S.obj (.text)
                  00005bd0    000000ac     libc.a : s_cosf.c.obj (.text.__kernel_sindf)
                  00005c7c    000000ac            : s_sinf.c.obj (.text.__kernel_sindf)
                  00005d28    000000aa     lsm6dsr_reg.o (.text.lsm6dsr_pin_int1_route_get)
                  00005dd2    00000002     libclang_rt.builtins.a : aeabi_div0.c.obj (.text.__aeabi_ldiv0)
                  00005dd4    000000a2                            : udivmoddi4.S.obj (.text)
                  00005e76    00000002     --HOLE-- [fill = 0]
                  00005e78    0000009c     libc.a : s_cosf.c.obj (.text.__kernel_cosdf)
                  00005f14    0000009c            : s_sinf.c.obj (.text.__kernel_cosdf)
                  00005fb0    0000009a            : memcpy16.S.obj (.text:memcpy)
                  0000604a    00000002     --HOLE-- [fill = 0]
                  0000604c    00000094     ti_msp_dl_config.o (.text.SYSCFG_DL_initPower)
                  000060e0    0000008c     key.o (.text.Key_Init)
                  0000616c    0000008c     ti_msp_dl_config.o (.text.SYSCFG_DL_PWM_0_init)
                  000061f8    0000008c     ti_msp_dl_config.o (.text.SYSCFG_DL_PWM_1_init)
                  00006284    0000008c     libclang_rt.builtins.a : mulsf3.S.obj (.text.__mulsf3)
                  00006310    00000082                            : divsf3.S.obj (.text.__divsf3)
                  00006392    00000002     --HOLE-- [fill = 0]
                  00006394    00000080     vofa.o (.text.VOFA_Update)
                  00006414    0000007c     libc.a : copy_decompress_lzss.c.obj (.text:decompress:lzss)
                  00006490    0000007a     oled_hardware_i2c.o (.text.OLED_ShowString)
                  0000650a    0000007a     lsm6dsr_reg.o (.text.lsm6dsr_fsm_enable_get)
                  00006584    00000074     libclang_rt.builtins.a : comparedf2.c.obj (.text.__gedf2)
                  000065f8    00000008     key.o (.text.Key_Update1ms)
                  00006600    00000074     libclang_rt.builtins.a : truncdfsf2.S.obj (.text.__truncdfsf2)
                  00006674    00000070     ti_msp_dl_config.o (.text.SYSCFG_DL_UART_0_init)
                  000066e4    0000006e     lsm6dsr_reg.o (.text.lsm6dsr_fsm_data_rate_get)
                  00006752    00000002     --HOLE-- [fill = 0]
                  00006754    00000068     libclang_rt.builtins.a : comparedf2.c.obj (.text.__ledf2)
                  000067bc    00000068     lsm6dsr_reg.o (.text.lsm6dsr_i3c_disable_set)
                  00006824    00000066     libc.a : _printfi.c.obj (.text._mcpy)
                  0000688a    00000002     --HOLE-- [fill = 0]
                  0000688c    00000062     libclang_rt.builtins.a : aeabi_dcmp.S.obj (.text.__aeabi_dcmp)
                  000068ee    00000002     --HOLE-- [fill = 0]
                  000068f0    00000062                            : aeabi_fcmp.S.obj (.text.__aeabi_fcmp)
                  00006952    00000062     libc.a : memset16.S.obj (.text:memset)
                  000069b4    00000060     ti_msp_dl_config.o (.text.SYSCFG_DL_UART_VOFA_init)
                  00006a14    0000005e     driverlib.a : dl_i2c.o (.text.DL_I2C_fillControllerTXFIFO)
                  00006a72    00000002     --HOLE-- [fill = 0]
                  00006a74    0000005c     ti_msp_dl_config.o (.text.SYSCFG_DL_init)
                  00006ad0    0000005c     libc.a : s_frexp.c.obj (.text.frexp)
                  00006b2c    00000058     FusionAhrs.o (.text.FusionAhrsInitialise)
                  00006b84    00000058     libc.a : _ltoa.c.obj (.text.__TI_ltoa)
                  00006bdc    00000058            : _printfi.c.obj (.text._pconv_f)
                  00006c34    00000056     libclang_rt.builtins.a : aeabi_idivmod.S.obj (.text.__aeabi_idivmod)
                  00006c8a    00000002     --HOLE-- [fill = 0]
                  00006c8c    00000054     ti_msp_dl_config.o (.text.SYSCFG_DL_I2C_OLED_init)
                  00006ce0    00000052     libc.a : _printfi.c.obj (.text._ecpy)
                  00006d32    00000002     --HOLE-- [fill = 0]
                  00006d34    00000050     gpio_toggle_output.o (.text.TIMA0_IRQHandler)
                  00006d84    0000004c     ti_msp_dl_config.o (.text.SYSCFG_DL_SPI_IMU660RB_init)
                  00006dd0    0000004c     libc.a : snprintf.c.obj (.text.snprintf)
                  00006e1c    0000004a     libclang_rt.builtins.a : fixdfsi.S.obj (.text.__fixdfsi)
                  00006e66    00000002     --HOLE-- [fill = 0]
                  00006e68    00000048     driverlib.a : dl_uart.o (.text.DL_UART_init)
                  00006eb0    00000044                 : dl_spi.o (.text.DL_SPI_init)
                  00006ef4    00000040     FusionAhrs.o (.text.FusionAhrsUpdateNoMagnetometer)
                  00006f34    00000040     libclang_rt.builtins.a : aeabi_uidivmod.S.obj (.text.__aeabi_uidivmod)
                  00006f74    00000040                            : extendsfdf2.S.obj (.text.__extendsfdf2)
                  00006fb4    00000040     libc.a : atoi.c.obj (.text.atoi)
                  00006ff4    0000003c     ti_msp_dl_config.o (.text.SYSCFG_DL_E1_B_init)
                  00007030    0000003c     ti_msp_dl_config.o (.text.SYSCFG_DL_E3_B_init)
                  0000706c    0000003c     libclang_rt.builtins.a : floatsisf.S.obj (.text.__floatsisf)
                  000070a8    0000003c                            : comparesf2.S.obj (.text.__gtsf2)
                  000070e4    0000003c     libc.a : autoinit.c.obj (.text:__TI_auto_init_nobinit_nopinit)
                  00007120    0000003a     libclang_rt.builtins.a : comparesf2.S.obj (.text.__eqsf2)
                  0000715a    00000002     --HOLE-- [fill = 0]
                  0000715c    0000003a                            : muldsi3.S.obj (.text.__muldsi3)
                  00007196    00000002     --HOLE-- [fill = 0]
                  00007198    00000038     ti_msp_dl_config.o (.text.SYSCFG_DL_TIMER_0_init)
                  000071d0    00000038     libclang_rt.builtins.a : fixsfsi.S.obj (.text.__fixsfsi)
                  00007208    00000038     lsm6dsr_reg.o (.text.lsm6dsr_block_data_update_set)
                  00007240    00000038     lsm6dsr_reg.o (.text.lsm6dsr_gy_filter_lp1_set)
                  00007278    00000038     lsm6dsr_reg.o (.text.lsm6dsr_gy_full_scale_set)
                  000072b0    00000038     lsm6dsr_reg.o (.text.lsm6dsr_reset_set)
                  000072e8    00000038     lsm6dsr_reg.o (.text.lsm6dsr_xl_full_scale_set)
                  00007320    00000038     libc.a : sprintf.c.obj (.text.sprintf)
                  00007358    00000036     lsm6dsr_reg.o (.text.lsm6dsr_data_ready_mode_set)
                  0000738e    00000002     --HOLE-- [fill = 0]
                  00007390    00000034     encoder.o (.text.TIMA1_IRQHandler)
                  000073c4    00000034     encoder.o (.text.TIMG0_IRQHandler)
                  000073f8    00000034     lsm6dsr_reg.o (.text.lsm6dsr_angular_rate_raw_get)
                  0000742c    00000034     clock.o (.text.mspm0_delay_ms)
                  00007460    00000032     libclang_rt.builtins.a : fixunssfsi.S.obj (.text.__fixunssfsi)
                  00007492    00000002     --HOLE-- [fill = 0]
                  00007494    00000030     driverlib.a : dl_uart.o (.text.DL_UART_transmitDataBlocking)
                  000074c4    00000030     FusionOffset.o (.text.FusionOffsetInitialise)
                  000074f4    00000030     ti_msp_dl_config.o (.text.SYSCFG_DL_SYSCTL_init)
                  00007524    00000030     libc.a : _printfi.c.obj (.text._fcpy)
                  00007554    00000030            : snprintf.c.obj (.text._outs)
                  00007584    00000030     encoder.o (.text.encoder_task)
                  000075b4    0000002c     encoder.o (.text.Encoder_Start)
                  000075e0    0000002c     gpio_toggle_output.o (.text.UART1_IRQHandler)
                  0000760c    0000002c     libclang_rt.builtins.a : floatsidf.S.obj (.text.__floatsidf)
                  00007638    00000028     clock.o (.text.SysTick_Init)
                  00007660    00000028     libclang_rt.builtins.a : floatunsisf.S.obj (.text.__floatunsisf)
                  00007688    00000028     libc.a : boot_cortex_m.c.obj (.text:_c_int00_noargs)
                  000076b0    00000026     driverlib.a : dl_i2c.o (.text.DL_I2C_setClockConfig)
                  000076d6    00000002     --HOLE-- [fill = 0]
                  000076d8    00000024     libclang_rt.builtins.a : muldi3.S.obj (.text.__muldi3)
                  000076fc    00000022     libc.a : memccpy.c.obj (.text.memccpy)
                  0000771e    00000002     --HOLE-- [fill = 0]
                  00007720    0000001e     libclang_rt.builtins.a : ashldi3.S.obj (.text.__ashldi3)
                  0000773e    0000001e     lsm6dsr_reg.o (.text.lsm6dsr_reset_get)
                  0000775c    0000001c     driverlib.a : dl_timer.o (.text.DL_Timer_setCaptCompUpdateMethod)
                  00007778    0000001c                 : dl_timer.o (.text.DL_Timer_setClockConfig)
                  00007794    0000001c     key.o (.text.Key_GetPressedTimeMs)
                  000077b0    0000001c     lsm6dsr_reg.o (.text.lsm6dsr_gy_flag_data_ready_get)
                  000077cc    00000018     driverlib.a : dl_timer.o (.text.DL_Timer_setCaptureCompareOutCtl)
                  000077e4    00000018     libc.a : snprintf.c.obj (.text._outc)
                  000077fc    00000018            : sprintf.c.obj (.text._outs)
                  00007814    00000018     lsm6dsr_reg.o (.text.lsm6dsr_odr_cal_reg_get)
                  0000782c    00000018     clock.o (.text.mspm0_get_clock_ms)
                  00007844    00000016     libc.a : k_rem_pio2.c.obj (.text.OUTLINED_FUNCTION_0)
                  0000785a    00000002     --HOLE-- [fill = 0]
                  0000785c    00000010     libclang_rt.builtins.a : adddf3.S.obj (.tramp.__aeabi_dadd.1)
                  0000786c    00000016     libc.a : copy_zero_init.c.obj (.text:decompress:ZI:__TI_zero_init_nomemset)
                  00007882    00000002     --HOLE-- [fill = 0]
                  00007884    00000014     vofa.o (.text.VOFA_Init)
                  00007898    00000014     libclang_rt.builtins.a : aeabi_uldivmod.S.obj (.text.__aeabi_uldivmod)
                  000078ac    00000014     lsm6dsr_reg.o (.text.lsm6dsr_from_fs2000dps_to_mdps)
                  000078c0    00000014     lsm6dsr_reg.o (.text.lsm6dsr_from_fs2g_to_mg)
                  000078d4    00000014     lsm6dsr_reg.o (.text.lsm6dsr_read_reg)
                  000078e8    00000014     lsm6dsr_reg.o (.text.lsm6dsr_write_reg)
                  000078fc    00000014     libc.a : _printfi.c.obj (.text.strchr)
                  00007910    00000012     driverlib.a : dl_spi.o (.text.DL_SPI_setClockConfig)
                  00007922    00000012                 : dl_uart.o (.text.DL_UART_setClockConfig)
                  00007934    00000012     libc.a : copy_decompress_none.c.obj (.text:decompress:none)
                  00007946    00000002     --HOLE-- [fill = 0]
                  00007948    00000010     driverlib.a : dl_timer.o (.text.DL_Timer_setCaptureCompareValue)
                  00007958    00000010     FusionAhrs.o (.text.FusionAhrsGetQuaternion)
                  00007968    00000010     libc.a : k_rem_pio2.c.obj (.text.OUTLINED_FUNCTION_2)
                  00007978    00000010     gpio_toggle_output.o (.text.SysTick_Handler)
                  00007988    00000010     libc.a : wcslen.c.obj (.text.wcslen)
                  00007998    0000000e     libclang_rt.builtins.a : aeabi_memset.S.obj (.text.__aeabi_memset)
                  000079a6    0000000e     lsm6dsr_reg.o (.text.lsm6dsr_device_id_get)
                  000079b4    0000000e     libc.a : _printfi.c.obj (.text.strlen)
                  000079c2    0000000a     driverlib.a : dl_common.o (.text.DL_Common_delayCycles)
                  000079cc    0000000a     libc.a : _printfi.c.obj (.text.OUTLINED_FUNCTION_0)
                  000079d6    00000002     --HOLE-- [fill = 0]
                  000079d8    00000010     libclang_rt.builtins.a : adddf3.S.obj (.tramp.__aeabi_dsub.1)
                  000079e8    0000000a     libc.a : _printfi.c.obj (.text.OUTLINED_FUNCTION_1)
                  000079f2    0000000a            : k_rem_pio2.c.obj (.text.OUTLINED_FUNCTION_1)
                  000079fc    0000000a            : s_cosf.c.obj (.text.OUTLINED_FUNCTION_3)
                  00007a06    0000000a            : s_sinf.c.obj (.text.OUTLINED_FUNCTION_3)
                  00007a10    0000000a            : sprintf.c.obj (.text._outc)
                  00007a1a    00000002     --HOLE-- [fill = 0]
                  00007a1c    00000008            : aeabi_portable.c.obj (.text.__aeabi_errno_addr)
                  00007a24    00000008     libclang_rt.builtins.a : aeabi_memcpy.S.obj (.text.__aeabi_memcpy)
                  00007a2c    00000008     imu660rb.o (.text.platform_delay)
                  00007a34    00000006     libc.a : e_asinf.c.obj (.text.OUTLINED_FUNCTION_0)
                  00007a3a    00000002     --HOLE-- [fill = 0]
                  00007a3c    00000010     libclang_rt.builtins.a : mulsf3.S.obj (.tramp.__aeabi_fmul.1)
                  00007a4c    00000006     libc.a : s_atanf.c.obj (.text.OUTLINED_FUNCTION_0)
                  00007a52    00000002     --HOLE-- [fill = 0]
                  00007a54    00000010     libclang_rt.builtins.a : divsf3.S.obj (.tramp.__aeabi_fdiv.1)
                  00007a64    00000006     libc.a : s_cosf.c.obj (.text.OUTLINED_FUNCTION_0)
                  00007a6a    00000002     --HOLE-- [fill = 0]
                  00007a6c    00000010     libclang_rt.builtins.a : muldf3.S.obj (.tramp.__aeabi_dmul.1)
                  00007a7c    00000006     libc.a : s_sinf.c.obj (.text.OUTLINED_FUNCTION_0)
                  00007a82    00000006            : s_cosf.c.obj (.text.OUTLINED_FUNCTION_1)
                  00007a88    00000006            : s_sinf.c.obj (.text.OUTLINED_FUNCTION_1)
                  00007a8e    00000006            : exit.c.obj (.text:abort)
                  00007a94    00000004     libsysbm.a : hostexit.c.obj (.text.HOSTexit)
                  00007a98    00000004     libc.a : s_atanf.c.obj (.text.OUTLINED_FUNCTION_1)
                  00007a9c    00000010     libclang_rt.builtins.a : addsf3.S.obj (.tramp.__aeabi_fadd.1)
                  00007aac    00000004     libc.a : s_cosf.c.obj (.text.OUTLINED_FUNCTION_2)
                  00007ab0    00000010     libclang_rt.builtins.a : extendsfdf2.S.obj (.tramp.__aeabi_f2d.1)
                  00007ac0    00000004     libc.a : s_sinf.c.obj (.text.OUTLINED_FUNCTION_2)
                  00007ac4    00000004     startup_mspm0g350x_ticlang.o (.text.Reset_Handler)
                  00007ac8    00000004     libc.a : pre_init.c.obj (.text._system_pre_init)
                  00007acc    00000004     --HOLE-- [fill = 0]

.cinit     0    000086a0    00000048     
                  000086a0    00000023     (.cinit..data.load) [load image, compression = lzss]
                  000086c3    00000001     --HOLE-- [fill = 0]
                  000086c4    0000000c     (__TI_handler_table)
                  000086d0    00000008     (.cinit..bss.load) [load image, compression = zero_init]
                  000086d8    00000010     (__TI_cinit_table)

.rodata    0    00007ad0    00000bd0     
                  00007ad0    000005f0     oled_hardware_i2c.o (.rodata.asc2_1608)
                  000080c0    00000228     oled_hardware_i2c.o (.rodata.asc2_0806)
                  000082e8    00000108     libc.a : k_rem_pio2.c.obj (.rodata.ipio2)
                  000083f0    00000101            : aeabi_ctype.S.obj (.rodata:__aeabi_ctype_table_)
                  000084f1    00000007     gpio_toggle_output.o (.rodata.str1.2745267647703410976.1)
                  000084f8    00000040     libc.a : k_rem_pio2.c.obj (.rodata.PIo2)
                  00008538    00000020            : s_atanf.c.obj (.rodata.cst16)
                  00008558    0000001e     vofa.o (.rodata.str1.15592850640436249970.1)
                  00008576    00000002     ti_msp_dl_config.o (.rodata.gI2C_OLEDClockConfig)
                  00008578    00000018     FusionAhrs.o (.rodata..L__const.FusionAhrsInitialise.settings)
                  00008590    00000014     ti_msp_dl_config.o (.rodata.gTIMER_0TimerConfig)
                  000085a4    00000011     libc.a : _printfi.c.obj (.rodata.str1.10348868589481759720.1)
                  000085b5    00000011            : _printfi.c.obj (.rodata.str1.15363888844622738466.1)
                  000085c6    00000002     ti_msp_dl_config.o (.rodata.gSPI_IMU660RB_clockConfig)
                  000085c8    00000010     libc.a : k_rem_pio2.c.obj (.rodata.cst16)
                  000085d8    00000010     ti_msp_dl_config.o (.rodata.gE1_BCaptureConfig)
                  000085e8    00000010     ti_msp_dl_config.o (.rodata.gE3_BCaptureConfig)
                  000085f8    00000010     gpio_toggle_output.o (.rodata.str1.13732985183997240173.1)
                  00008608    00000010     gpio_toggle_output.o (.rodata.str1.16718355729119112538.1)
                  00008618    0000000c     driverlib.a : dl_timer.o (.rodata..Lswitch.table.DL_Timer_initCompareMode)
                  00008624    0000000c     gpio_toggle_output.o (.rodata.str1.15113692215023319882.1)
                  00008630    0000000c     gpio_toggle_output.o (.rodata.str1.5807257539606399117.1)
                  0000863c    0000000c     gpio_toggle_output.o (.rodata.str1.6926779734840550670.1)
                  00008648    0000000a     ti_msp_dl_config.o (.rodata.gSPI_IMU660RB_config)
                  00008652    0000000a     ti_msp_dl_config.o (.rodata.gUART_0Config)
                  0000865c    0000000a     ti_msp_dl_config.o (.rodata.gUART_VOFAConfig)
                  00008666    00000002     ti_msp_dl_config.o (.rodata.gUART_0ClockConfig)
                  00008668    00000008     ti_msp_dl_config.o (.rodata.gPWM_0Config)
                  00008670    00000008     ti_msp_dl_config.o (.rodata.gPWM_1Config)
                  00008678    00000006     gpio_toggle_output.o (.rodata.str1.48456419029742142.1)
                  0000867e    00000006     gpio_toggle_output.o (.rodata.str1.7293075287338320947.1)
                  00008684    00000003     ti_msp_dl_config.o (.rodata.gE1_BClockConfig)
                  00008687    00000003     ti_msp_dl_config.o (.rodata.gE3_BClockConfig)
                  0000868a    00000003     ti_msp_dl_config.o (.rodata.gPWM_0ClockConfig)
                  0000868d    00000003     ti_msp_dl_config.o (.rodata.gPWM_1ClockConfig)
                  00008690    00000003     ti_msp_dl_config.o (.rodata.gTIMER_0ClockConfig)
                  00008693    00000002     ti_msp_dl_config.o (.rodata.gUART_VOFAClockConfig)
                  00008695    0000000b     --HOLE-- [fill = 0]

.init_array 
*          0    00000000    00000000     UNINITIALIZED

.binit     0    00000000    00000000     

.bss       0    20200000    00000354     UNINITIALIZED
                  20200000    000000bc     (.common:gE3_BBackup)
                  202000bc    000000bc     (.common:gTIMER_0Backup)
                  20200178    000000a0     (.common:gPWM_1Backup)
                  20200218    00000074     (.common:ahrs)
                  2020028c    00000028     (.common:gSPI_IMU660RBBackup)
                  202002b4    00000018     imu660rb.o (.bss.offset)
                  202002cc    00000018     gpio_toggle_output.o (.bss.oled_buf)
                  202002e4    00000014     imu660rb.o (.bss.dev_ctx)
                  202002f8    0000000c     (.common:acceleration_mg)
                  20200304    0000000c     (.common:angular_rate_mdps)
                  20200310    0000000c     (.common:euler)
                  2020031c    00000008     key.o (.bss.s_debounceMs)
                  20200324    00000008     key.o (.bss.s_pressedTimeMs)
                  2020032c    00000006     imu660rb.o (.bss.data_raw_angular_rate)
                  20200332    00000002     imu660rb.o (.bss.data_raw_acceleration.1)
                  20200334    00000004     vofa.o (.bss.s_lastSendMs)
                  20200338    00000004     key.o (.bss.s_lastUpdateMs)
                  2020033c    00000004     imu660rb.o (.bss.samplePeriod)
                  20200340    00000004     imu660rb.o (.bss.sampleRate)
                  20200344    00000004     (.common:start_time)
                  20200348    00000004     (.common:tick_ms)
                  2020034c    00000002     imu660rb.o (.bss.data_raw_acceleration.2)
                  2020034e    00000001     imu660rb.o (.bss.rst)
                  2020034f    00000001     key.o (.bss.s_candidateMask)
                  20200350    00000001     key.o (.bss.s_pressedMask)
                  20200351    00000001     key.o (.bss.s_rawMask)
                  20200352    00000001     key.o (.bss.s_updating)
                  20200353    00000001     imu660rb.o (.bss.whoamI)

.data      0    20200354    00000049     UNINITIALIZED
                  20200354    00000018     encoder.o (.data.gEncMotor1)
                  2020036c    00000018     encoder.o (.data.gEncMotor3)
                  20200384    00000004     libc.a : aeabi_portable.c.obj (.data.__aeabi_errno)
                  20200388    00000004     gpio_toggle_output.o (.data.gTimerTest)
                  2020038c    00000004     imu660rb.o (.data.gyroscopeOffset.0)
                  20200390    00000004     imu660rb.o (.data.gyroscopeOffset.1)
                  20200394    00000004     imu660rb.o (.data.gyroscopeOffset.2)
                  20200398    00000002     encoder.o (.data.s_encTick)
                  2020039a    00000001     gpio_toggle_output.o (.data.gDataReceived)
                  2020039b    00000001     gpio_toggle_output.o (.data.gRxByte)
                  2020039c    00000001     gpio_toggle_output.o (.data.sched_tick)

.stack     0    20207e00    00000200     UNINITIALIZED
                  20207e00    00000004     libc.a : boot_cortex_m.c.obj (.stack)
                  20207e04    000001fc     --HOLE--

__llvm_prf_cnts 
*          0    20200000    00000000     UNINITIALIZED

__llvm_prf_bits 
*          0    20200000    00000000     UNINITIALIZED

MODULE SUMMARY

       Module                         code    ro data   rw data
       ------                         ----    -------   -------
    .\
       ti_msp_dl_config.o             1344    121       576    
       gpio_toggle_output.o           624     87        31     
       startup_mspm0g350x_ticlang.o   6       192       0      
    +--+------------------------------+-------+---------+---------+
       Total:                         1974    400       607    
                                                               
    .\hardware\
       oled_hardware_i2c.o            4912    2072      0      
       key.o                          748     0         24     
       encoder.o                      196     0         50     
       vofa.o                         148     30        4      
       clock.o                        116     0         8      
    +--+------------------------------+-------+---------+---------+
       Total:                         6120    2102      86     
                                                               
    .\hardware\IMU660RB\
       imu660rb.o                     2320    0         228    
       lsm6dsr_reg.o                  2012    0         0      
    +--+------------------------------+-------+---------+---------+
       Total:                         4332    0         228    
                                                               
    .\hardware\IMU660RB\Fusion\
       FusionAhrs.o                   3348    24        0      
       FusionOffset.o                 272     0         0      
    +--+------------------------------+-------+---------+---------+
       Total:                         3620    24        0      
                                                               
    C:/ti/mspm0_sdk_2_09_00_01/source/ti/driverlib/lib/ticlang/m0p/mspm0g1x0x_g3x0x/driverlib.a
       dl_timer.o                     892     12        0      
       dl_uart.o                      138     0         0      
       dl_i2c.o                       132     0         0      
       dl_spi.o                       86      0         0      
       dl_common.o                    10      0         0      
    +--+------------------------------+-------+---------+---------+
       Total:                         1258    12        0      
                                                               
    C:\ti\ccs2041\ccs\tools\compiler\ti-cgt-armllvm_4.0.4.LTS\lib\armv6m-ti-none-eabi/c/libc.a
       _printfi.c.obj                 4510    34        0      
       k_rem_pio2.c.obj               1652    344       0      
       s_cosf.c.obj                   822     0         0      
       s_sinf.c.obj                   810     0         0      
       s_atanf.c.obj                  466     32        0      
       e_sqrt.c.obj                   368     0         0      
       e_asinf.c.obj                  358     0         0      
       s_floor.c.obj                  324     0         0      
       e_atan2f.c.obj                 280     0         0      
       aeabi_ctype.S.obj              0       257       0      
       s_scalbn.c.obj                 216     0         0      
       memcpy16.S.obj                 154     0         0      
       snprintf.c.obj                 148     0         0      
       copy_decompress_lzss.c.obj     124     0         0      
       memset16.S.obj                 98      0         0      
       s_frexp.c.obj                  92      0         0      
       sprintf.c.obj                  90      0         0      
       _ltoa.c.obj                    88      0         0      
       atoi.c.obj                     64      0         0      
       autoinit.c.obj                 60      0         0      
       boot_cortex_m.c.obj            40      0         0      
       memccpy.c.obj                  34      0         0      
       copy_zero_init.c.obj           22      0         0      
       copy_decompress_none.c.obj     18      0         0      
       wcslen.c.obj                   16      0         0      
       aeabi_portable.c.obj           8       0         4      
       exit.c.obj                     6       0         0      
       pre_init.c.obj                 4       0         0      
    +--+------------------------------+-------+---------+---------+
       Total:                         10872   667       4      
                                                               
    C:\ti\ccs2041\ccs\tools\compiler\ti-cgt-armllvm_4.0.4.LTS\lib\armv6m-ti-none-eabi/c/libsysbm.a
       hostexit.c.obj                 4       0         0      
    +--+------------------------------+-------+---------+---------+
       Total:                         4       0         0      
                                                               
    C:\ti\ccs2041\ccs\tools\compiler\ti-cgt-armllvm_4.0.4.LTS\lib\armv6m-ti-none-eabi/libclang_rt.builtins.a
       adddf3.S.obj                   434     0         0      
       divdf3.S.obj                   268     0         0      
       muldf3.S.obj                   244     0         0      
       addsf3.S.obj                   232     0         0      
       comparedf2.c.obj               220     0         0      
       udivmoddi4.S.obj               162     0         0      
       mulsf3.S.obj                   156     0         0      
       divsf3.S.obj                   146     0         0      
       comparesf2.S.obj               118     0         0      
       truncdfsf2.S.obj               116     0         0      
       aeabi_dcmp.S.obj               98      0         0      
       aeabi_fcmp.S.obj               98      0         0      
       aeabi_idivmod.S.obj            86      0         0      
       extendsfdf2.S.obj              80      0         0      
       fixdfsi.S.obj                  74      0         0      
       aeabi_uidivmod.S.obj           64      0         0      
       floatsisf.S.obj                60      0         0      
       muldsi3.S.obj                  58      0         0      
       fixsfsi.S.obj                  56      0         0      
       fixunssfsi.S.obj               50      0         0      
       floatsidf.S.obj                44      0         0      
       floatunsisf.S.obj              40      0         0      
       muldi3.S.obj                   36      0         0      
       ashldi3.S.obj                  30      0         0      
       aeabi_uldivmod.S.obj           20      0         0      
       aeabi_memset.S.obj             14      0         0      
       aeabi_memcpy.S.obj             8       0         0      
       aeabi_div0.c.obj               4       0         0      
    +--+------------------------------+-------+---------+---------+
       Total:                         3016    0         0      
                                                               
       Stack:                         0       0         512    
       Linker Generated:              0       71        0      
    +--+------------------------------+-------+---------+---------+
       Grand Total:                   31196   3276      1437   


LINKER GENERATED COPY TABLES

__TI_cinit_table @ 000086d8 records: 2, size/record: 8, table size: 16
	.data: load addr=000086a0, load size=00000023 bytes, run addr=20200354, run size=00000049 bytes, compression=lzss
	.bss: load addr=000086d0, load size=00000008 bytes, run addr=20200000, run size=00000354 bytes, compression=zero_init


LINKER GENERATED HANDLER TABLE

__TI_handler_table @ 000086c4 records: 3, size/record: 4, table size: 12
	index: 0, handler: __TI_decompress_lzss
	index: 1, handler: __TI_decompress_none
	index: 2, handler: __TI_zero_init


FAR CALL TRAMPOLINES

callee name               trampoline name
   callee addr  tramp addr   call addr  call info
--------------  -----------  ---------  ----------------
__aeabi_dadd              $Tramp$TT$L$PI$$__aeabi_dadd
   0000410f     0000785c     00007858   libc.a : k_rem_pio2.c.obj (.text.OUTLINED_FUNCTION_0)
                             000079fa          : k_rem_pio2.c.obj (.text.OUTLINED_FUNCTION_1)
                             00007a04          : s_cosf.c.obj (.text.OUTLINED_FUNCTION_3)
                             00007a0e          : s_sinf.c.obj (.text.OUTLINED_FUNCTION_3)
__aeabi_dsub              $Tramp$TT$L$PI$$__aeabi_dsub
   00004105     000079d8     000079d4   libc.a : _printfi.c.obj (.text.OUTLINED_FUNCTION_0)
__aeabi_fmul              $Tramp$TT$L$PI$$__aeabi_fmul
   00006285     00007a3c     00007a38   libc.a : e_asinf.c.obj (.text.OUTLINED_FUNCTION_0)
__aeabi_fdiv              $Tramp$TT$L$PI$$__aeabi_fdiv
   00006311     00007a54     00007a50   libc.a : s_atanf.c.obj (.text.OUTLINED_FUNCTION_0)
__aeabi_dmul              $Tramp$TT$L$PI$$__aeabi_dmul
   000056a1     00007a6c     00007a68   libc.a : s_cosf.c.obj (.text.OUTLINED_FUNCTION_0)
                             00007a80          : s_sinf.c.obj (.text.OUTLINED_FUNCTION_0)
                             00007a86          : s_cosf.c.obj (.text.OUTLINED_FUNCTION_1)
                             00007a8c          : s_sinf.c.obj (.text.OUTLINED_FUNCTION_1)
__aeabi_fadd              $Tramp$TT$L$PI$$__aeabi_fadd
   00005b03     00007a9c     00007a9a   libc.a : s_atanf.c.obj (.text.OUTLINED_FUNCTION_1)
__aeabi_f2d               $Tramp$TT$L$PI$$__aeabi_f2d
   00006f75     00007ab0     00007aae   libc.a : s_cosf.c.obj (.text.OUTLINED_FUNCTION_2)
                             00007ac2          : s_sinf.c.obj (.text.OUTLINED_FUNCTION_2)

[7 trampolines]
[14 trampoline calls]


GLOBAL SYMBOLS: SORTED ALPHABETICALLY BY Name 

address   name                            
-------   ----                            
000013bb  ADC0_IRQHandler                 
000013bb  ADC1_IRQHandler                 
000013bb  AES_IRQHandler                  
00007a94  C$$EXIT                         
000013bb  CANFD0_IRQHandler               
000013bb  DAC0_IRQHandler                 
000079c3  DL_Common_delayCycles           
00006a15  DL_I2C_fillControllerTXFIFO     
000076b1  DL_I2C_setClockConfig           
00006eb1  DL_SPI_init                     
00007911  DL_SPI_setClockConfig           
00004e99  DL_Timer_initCaptureMode        
000051d9  DL_Timer_initFourCCPWMMode      
000052dd  DL_Timer_initTimerMode          
0000775d  DL_Timer_setCaptCompUpdateMethod
000077cd  DL_Timer_setCaptureCompareOutCtl
00007949  DL_Timer_setCaptureCompareValue 
00007779  DL_Timer_setClockConfig         
00006e69  DL_UART_init                    
00007923  DL_UART_setClockConfig          
00007495  DL_UART_transmitDataBlocking    
000013bb  DMA_IRQHandler                  
000013bb  Default_Handler                 
000075b5  Encoder_Start                   
00007959  FusionAhrsGetQuaternion         
00006b2d  FusionAhrsInitialise            
00003f69  FusionAhrsSetHeading            
00005785  FusionAhrsSetSettings           
000013bd  FusionAhrsUpdate                
00006ef5  FusionAhrsUpdateNoMagnetometer  
000074c5  FusionOffsetInitialise          
00005865  FusionOffsetUpdate              
00002c55  FusionTasks                     
000013bb  GROUP0_IRQHandler               
000013bb  GROUP1_IRQHandler               
00007a95  HOSTexit                        
000013bb  HardFault_Handler               
000013bb  I2C0_IRQHandler                 
000013bb  I2C1_IRQHandler                 
000030a1  IMU660RB_Init                   
00007795  Key_GetPressedTimeMs            
000060e1  Key_Init                        
000065f9  Key_Update1ms                   
000013bb  NMI_Handler                     
00002745  OLED_Init                       
00005945  OLED_ShowChar                   
000022b5  OLED_ShowNum                    
00000a91  OLED_ShowSignedNum              
00006491  OLED_ShowString                 
00004871  OLED_WR_Byte                    
000013bb  PendSV_Handler                  
000013bb  RTC_IRQHandler                  
00003da9  Read_IMU660RB                   
00007ac5  Reset_Handler                   
000013bb  SPI0_IRQHandler                 
000013bb  SPI1_IRQHandler                 
000013bb  SVC_Handler                     
00006ff5  SYSCFG_DL_E1_B_init             
00007031  SYSCFG_DL_E3_B_init             
000055b9  SYSCFG_DL_GPIO_init             
00006c8d  SYSCFG_DL_I2C_OLED_init         
0000616d  SYSCFG_DL_PWM_0_init            
000061f9  SYSCFG_DL_PWM_1_init            
00006d85  SYSCFG_DL_SPI_IMU660RB_init     
000074f5  SYSCFG_DL_SYSCTL_init           
00007199  SYSCFG_DL_TIMER_0_init          
00006675  SYSCFG_DL_UART_0_init           
000069b5  SYSCFG_DL_UART_VOFA_init        
00006a75  SYSCFG_DL_init                  
0000604d  SYSCFG_DL_initPower             
00007979  SysTick_Handler                 
00007639  SysTick_Init                    
00006d35  TIMA0_IRQHandler                
00007391  TIMA1_IRQHandler                
000073c5  TIMG0_IRQHandler                
000013bb  TIMG12_IRQHandler               
000013bb  TIMG6_IRQHandler                
000013bb  TIMG7_IRQHandler                
000013bb  TIMG8_IRQHandler                
000013bb  UART0_IRQHandler                
000075e1  UART1_IRQHandler                
000013bb  UART2_IRQHandler                
000013bb  UART3_IRQHandler                
00007885  VOFA_Init                       
00006395  VOFA_Update                     
20208000  __STACK_END                     
00000200  __STACK_SIZE                    
00000000  __TI_ATRegion0_region_sz        
00000000  __TI_ATRegion0_src_addr         
00000000  __TI_ATRegion0_trg_addr         
00000000  __TI_ATRegion1_region_sz        
00000000  __TI_ATRegion1_src_addr         
00000000  __TI_ATRegion1_trg_addr         
00000000  __TI_ATRegion2_region_sz        
00000000  __TI_ATRegion2_src_addr         
00000000  __TI_ATRegion2_trg_addr         
000086d8  __TI_CINIT_Base                 
000086e8  __TI_CINIT_Limit                
000086e8  __TI_CINIT_Warm                 
000086c4  __TI_Handler_Table_Base         
000086d0  __TI_Handler_Table_Limit        
000070e5  __TI_auto_init_nobinit_nopinit  
00006415  __TI_decompress_lzss            
00007935  __TI_decompress_none            
00006b85  __TI_ltoa                       
ffffffff  __TI_pprof_out_hndl             
000000c1  __TI_printfi                    
ffffffff  __TI_prof_data_size             
ffffffff  __TI_prof_data_start            
00000000  __TI_static_base__              
0000786d  __TI_zero_init_nomemset         
0000410f  __adddf3                        
00005b03  __addsf3                        
000083f0  __aeabi_ctype_table_            
000083f0  __aeabi_ctype_table_C           
00006601  __aeabi_d2f                     
00006e1d  __aeabi_d2iz                    
0000410f  __aeabi_dadd                    
0000688d  __aeabi_dcmpeq                  
000068c9  __aeabi_dcmpge                  
000068dd  __aeabi_dcmpgt                  
000068b5  __aeabi_dcmple                  
000068a1  __aeabi_dcmplt                  
000050cd  __aeabi_ddiv                    
000056a1  __aeabi_dmul                    
00004105  __aeabi_dsub                    
20200384  __aeabi_errno                   
00007a1d  __aeabi_errno_addr              
00006f75  __aeabi_f2d                     
000071d1  __aeabi_f2iz                    
00007461  __aeabi_f2uiz                   
00005b03  __aeabi_fadd                    
000068f1  __aeabi_fcmpeq                  
0000692d  __aeabi_fcmpge                  
00006941  __aeabi_fcmpgt                  
00006919  __aeabi_fcmple                  
00006905  __aeabi_fcmplt                  
00006311  __aeabi_fdiv                    
00006285  __aeabi_fmul                    
00005af9  __aeabi_fsub                    
0000760d  __aeabi_i2d                     
0000706d  __aeabi_i2f                     
00006c35  __aeabi_idiv                    
00004297  __aeabi_idiv0                   
00006c35  __aeabi_idivmod                 
00005dd3  __aeabi_ldiv0                   
00007721  __aeabi_llsl                    
000076d9  __aeabi_lmul                    
00007a25  __aeabi_memcpy                  
00007a25  __aeabi_memcpy4                 
00007a25  __aeabi_memcpy8                 
00007999  __aeabi_memset                  
00007999  __aeabi_memset4                 
00007999  __aeabi_memset8                 
00007661  __aeabi_ui2f                    
00006f35  __aeabi_uidiv                   
00006f35  __aeabi_uidivmod                
00007899  __aeabi_uldivmod                
00007721  __ashldi3                       
ffffffff  __binit__                       
00006755  __cmpdf2                        
00007121  __cmpsf2                        
000050cd  __divdf3                        
00006311  __divsf3                        
00006755  __eqdf2                         
00007121  __eqsf2                         
00006f75  __extendsfdf2                   
00006e1d  __fixdfsi                       
000071d1  __fixsfsi                       
00007461  __fixunssfsi                    
0000760d  __floatsidf                     
0000706d  __floatsisf                     
00007661  __floatunsisf                   
00006585  __gedf2                         
000070a9  __gesf2                         
00006585  __gtdf2                         
000070a9  __gtsf2                         
00001c71  __kernel_rem_pio2               
00006755  __ledf2                         
00007121  __lesf2                         
00006755  __ltdf2                         
00007121  __ltsf2                         
UNDEFED   __mpu_init                      
000056a1  __muldf3                        
000076d9  __muldi3                        
0000715d  __muldsi3                       
00006285  __mulsf3                        
00006755  __nedf2                         
00007121  __nesf2                         
20207e00  __stack                         
20200000  __start___llvm_prf_bits         
20200000  __start___llvm_prf_cnts         
20200000  __stop___llvm_prf_bits          
20200000  __stop___llvm_prf_cnts          
00004105  __subdf3                        
00005af9  __subsf3                        
00006601  __truncdfsf2                    
00005dd5  __udivmoddi4                    
00007689  _c_int00_noargs                 
UNDEFED   _system_post_cinit              
00007ac9  _system_pre_init                
00007a8f  abort                           
202002f8  acceleration_mg                 
20200218  ahrs                            
20200304  angular_rate_mdps               
00004711  asinf                           
00004fb5  atan2f                          
00003a19  atanf                           
00006fb5  atoi                            
ffffffff  binit                           
00003675  cosf                            
00007585  encoder_task                    
20200310  euler                           
000049bd  floor                           
000049bd  floorl                          
00006ad1  frexp                           
00006ad1  frexpl                          
2020039a  gDataReceived                   
20200000  gE3_BBackup                     
20200354  gEncMotor1                      
2020036c  gEncMotor3                      
20200178  gPWM_1Backup                    
2020039b  gRxByte                         
2020028c  gSPI_IMU660RBBackup             
202000bc  gTIMER_0Backup                  
20200388  gTimerTest                      
00000000  interruptVectors                
00005a21  ldexp                           
00005a21  ldexpl                          
000073f9  lsm6dsr_angular_rate_raw_get    
00007209  lsm6dsr_block_data_update_set   
00007359  lsm6dsr_data_ready_mode_set     
000079a7  lsm6dsr_device_id_get           
000078ad  lsm6dsr_from_fs2000dps_to_mdps  
000078c1  lsm6dsr_from_fs2g_to_mg         
000066e5  lsm6dsr_fsm_data_rate_get       
0000650b  lsm6dsr_fsm_enable_get          
000053d9  lsm6dsr_gy_data_rate_set        
00007241  lsm6dsr_gy_filter_lp1_set       
000077b1  lsm6dsr_gy_flag_data_ready_get  
00007279  lsm6dsr_gy_full_scale_set       
000067bd  lsm6dsr_i3c_disable_set         
00007815  lsm6dsr_odr_cal_reg_get         
00005d29  lsm6dsr_pin_int1_route_get      
00003849  lsm6dsr_pin_int1_route_set      
000078d5  lsm6dsr_read_reg                
0000773f  lsm6dsr_reset_get               
000072b1  lsm6dsr_reset_set               
000078e9  lsm6dsr_write_reg               
000054c9  lsm6dsr_xl_data_rate_set        
000072e9  lsm6dsr_xl_full_scale_set       
000032b5  main                            
000076fd  memccpy                         
00005fb1  memcpy                          
00006953  memset                          
0000742d  mspm0_delay_ms                  
0000782d  mspm0_get_clock_ms              
00005a21  scalbn                          
00005a21  scalbnl                         
00003be1  sinf                            
00006dd1  snprintf                        
00007321  sprintf                         
000045a1  sqrt                            
000045a1  sqrtl                           
20200344  start_time                      
20200348  tick_ms                         
00007989  wcslen                          


GLOBAL SYMBOLS: SORTED BY Symbol Address 

address   name                            
-------   ----                            
00000000  __TI_ATRegion0_region_sz        
00000000  __TI_ATRegion0_src_addr         
00000000  __TI_ATRegion0_trg_addr         
00000000  __TI_ATRegion1_region_sz        
00000000  __TI_ATRegion1_src_addr         
00000000  __TI_ATRegion1_trg_addr         
00000000  __TI_ATRegion2_region_sz        
00000000  __TI_ATRegion2_src_addr         
00000000  __TI_ATRegion2_trg_addr         
00000000  __TI_static_base__              
00000000  interruptVectors                
000000c1  __TI_printfi                    
00000200  __STACK_SIZE                    
00000a91  OLED_ShowSignedNum              
000013bb  ADC0_IRQHandler                 
000013bb  ADC1_IRQHandler                 
000013bb  AES_IRQHandler                  
000013bb  CANFD0_IRQHandler               
000013bb  DAC0_IRQHandler                 
000013bb  DMA_IRQHandler                  
000013bb  Default_Handler                 
000013bb  GROUP0_IRQHandler               
000013bb  GROUP1_IRQHandler               
000013bb  HardFault_Handler               
000013bb  I2C0_IRQHandler                 
000013bb  I2C1_IRQHandler                 
000013bb  NMI_Handler                     
000013bb  PendSV_Handler                  
000013bb  RTC_IRQHandler                  
000013bb  SPI0_IRQHandler                 
000013bb  SPI1_IRQHandler                 
000013bb  SVC_Handler                     
000013bb  TIMG12_IRQHandler               
000013bb  TIMG6_IRQHandler                
000013bb  TIMG7_IRQHandler                
000013bb  TIMG8_IRQHandler                
000013bb  UART0_IRQHandler                
000013bb  UART2_IRQHandler                
000013bb  UART3_IRQHandler                
000013bd  FusionAhrsUpdate                
00001c71  __kernel_rem_pio2               
000022b5  OLED_ShowNum                    
00002745  OLED_Init                       
00002c55  FusionTasks                     
000030a1  IMU660RB_Init                   
000032b5  main                            
00003675  cosf                            
00003849  lsm6dsr_pin_int1_route_set      
00003a19  atanf                           
00003be1  sinf                            
00003da9  Read_IMU660RB                   
00003f69  FusionAhrsSetHeading            
00004105  __aeabi_dsub                    
00004105  __subdf3                        
0000410f  __adddf3                        
0000410f  __aeabi_dadd                    
00004297  __aeabi_idiv0                   
000045a1  sqrt                            
000045a1  sqrtl                           
00004711  asinf                           
00004871  OLED_WR_Byte                    
000049bd  floor                           
000049bd  floorl                          
00004e99  DL_Timer_initCaptureMode        
00004fb5  atan2f                          
000050cd  __aeabi_ddiv                    
000050cd  __divdf3                        
000051d9  DL_Timer_initFourCCPWMMode      
000052dd  DL_Timer_initTimerMode          
000053d9  lsm6dsr_gy_data_rate_set        
000054c9  lsm6dsr_xl_data_rate_set        
000055b9  SYSCFG_DL_GPIO_init             
000056a1  __aeabi_dmul                    
000056a1  __muldf3                        
00005785  FusionAhrsSetSettings           
00005865  FusionOffsetUpdate              
00005945  OLED_ShowChar                   
00005a21  ldexp                           
00005a21  ldexpl                          
00005a21  scalbn                          
00005a21  scalbnl                         
00005af9  __aeabi_fsub                    
00005af9  __subsf3                        
00005b03  __addsf3                        
00005b03  __aeabi_fadd                    
00005d29  lsm6dsr_pin_int1_route_get      
00005dd3  __aeabi_ldiv0                   
00005dd5  __udivmoddi4                    
00005fb1  memcpy                          
0000604d  SYSCFG_DL_initPower             
000060e1  Key_Init                        
0000616d  SYSCFG_DL_PWM_0_init            
000061f9  SYSCFG_DL_PWM_1_init            
00006285  __aeabi_fmul                    
00006285  __mulsf3                        
00006311  __aeabi_fdiv                    
00006311  __divsf3                        
00006395  VOFA_Update                     
00006415  __TI_decompress_lzss            
00006491  OLED_ShowString                 
0000650b  lsm6dsr_fsm_enable_get          
00006585  __gedf2                         
00006585  __gtdf2                         
000065f9  Key_Update1ms                   
00006601  __aeabi_d2f                     
00006601  __truncdfsf2                    
00006675  SYSCFG_DL_UART_0_init           
000066e5  lsm6dsr_fsm_data_rate_get       
00006755  __cmpdf2                        
00006755  __eqdf2                         
00006755  __ledf2                         
00006755  __ltdf2                         
00006755  __nedf2                         
000067bd  lsm6dsr_i3c_disable_set         
0000688d  __aeabi_dcmpeq                  
000068a1  __aeabi_dcmplt                  
000068b5  __aeabi_dcmple                  
000068c9  __aeabi_dcmpge                  
000068dd  __aeabi_dcmpgt                  
000068f1  __aeabi_fcmpeq                  
00006905  __aeabi_fcmplt                  
00006919  __aeabi_fcmple                  
0000692d  __aeabi_fcmpge                  
00006941  __aeabi_fcmpgt                  
00006953  memset                          
000069b5  SYSCFG_DL_UART_VOFA_init        
00006a15  DL_I2C_fillControllerTXFIFO     
00006a75  SYSCFG_DL_init                  
00006ad1  frexp                           
00006ad1  frexpl                          
00006b2d  FusionAhrsInitialise            
00006b85  __TI_ltoa                       
00006c35  __aeabi_idiv                    
00006c35  __aeabi_idivmod                 
00006c8d  SYSCFG_DL_I2C_OLED_init         
00006d35  TIMA0_IRQHandler                
00006d85  SYSCFG_DL_SPI_IMU660RB_init     
00006dd1  snprintf                        
00006e1d  __aeabi_d2iz                    
00006e1d  __fixdfsi                       
00006e69  DL_UART_init                    
00006eb1  DL_SPI_init                     
00006ef5  FusionAhrsUpdateNoMagnetometer  
00006f35  __aeabi_uidiv                   
00006f35  __aeabi_uidivmod                
00006f75  __aeabi_f2d                     
00006f75  __extendsfdf2                   
00006fb5  atoi                            
00006ff5  SYSCFG_DL_E1_B_init             
00007031  SYSCFG_DL_E3_B_init             
0000706d  __aeabi_i2f                     
0000706d  __floatsisf                     
000070a9  __gesf2                         
000070a9  __gtsf2                         
000070e5  __TI_auto_init_nobinit_nopinit  
00007121  __cmpsf2                        
00007121  __eqsf2                         
00007121  __lesf2                         
00007121  __ltsf2                         
00007121  __nesf2                         
0000715d  __muldsi3                       
00007199  SYSCFG_DL_TIMER_0_init          
000071d1  __aeabi_f2iz                    
000071d1  __fixsfsi                       
00007209  lsm6dsr_block_data_update_set   
00007241  lsm6dsr_gy_filter_lp1_set       
00007279  lsm6dsr_gy_full_scale_set       
000072b1  lsm6dsr_reset_set               
000072e9  lsm6dsr_xl_full_scale_set       
00007321  sprintf                         
00007359  lsm6dsr_data_ready_mode_set     
00007391  TIMA1_IRQHandler                
000073c5  TIMG0_IRQHandler                
000073f9  lsm6dsr_angular_rate_raw_get    
0000742d  mspm0_delay_ms                  
00007461  __aeabi_f2uiz                   
00007461  __fixunssfsi                    
00007495  DL_UART_transmitDataBlocking    
000074c5  FusionOffsetInitialise          
000074f5  SYSCFG_DL_SYSCTL_init           
00007585  encoder_task                    
000075b5  Encoder_Start                   
000075e1  UART1_IRQHandler                
0000760d  __aeabi_i2d                     
0000760d  __floatsidf                     
00007639  SysTick_Init                    
00007661  __aeabi_ui2f                    
00007661  __floatunsisf                   
00007689  _c_int00_noargs                 
000076b1  DL_I2C_setClockConfig           
000076d9  __aeabi_lmul                    
000076d9  __muldi3                        
000076fd  memccpy                         
00007721  __aeabi_llsl                    
00007721  __ashldi3                       
0000773f  lsm6dsr_reset_get               
0000775d  DL_Timer_setCaptCompUpdateMethod
00007779  DL_Timer_setClockConfig         
00007795  Key_GetPressedTimeMs            
000077b1  lsm6dsr_gy_flag_data_ready_get  
000077cd  DL_Timer_setCaptureCompareOutCtl
00007815  lsm6dsr_odr_cal_reg_get         
0000782d  mspm0_get_clock_ms              
0000786d  __TI_zero_init_nomemset         
00007885  VOFA_Init                       
00007899  __aeabi_uldivmod                
000078ad  lsm6dsr_from_fs2000dps_to_mdps  
000078c1  lsm6dsr_from_fs2g_to_mg         
000078d5  lsm6dsr_read_reg                
000078e9  lsm6dsr_write_reg               
00007911  DL_SPI_setClockConfig           
00007923  DL_UART_setClockConfig          
00007935  __TI_decompress_none            
00007949  DL_Timer_setCaptureCompareValue 
00007959  FusionAhrsGetQuaternion         
00007979  SysTick_Handler                 
00007989  wcslen                          
00007999  __aeabi_memset                  
00007999  __aeabi_memset4                 
00007999  __aeabi_memset8                 
000079a7  lsm6dsr_device_id_get           
000079c3  DL_Common_delayCycles           
00007a1d  __aeabi_errno_addr              
00007a25  __aeabi_memcpy                  
00007a25  __aeabi_memcpy4                 
00007a25  __aeabi_memcpy8                 
00007a8f  abort                           
00007a94  C$$EXIT                         
00007a95  HOSTexit                        
00007ac5  Reset_Handler                   
00007ac9  _system_pre_init                
000083f0  __aeabi_ctype_table_            
000083f0  __aeabi_ctype_table_C           
000086c4  __TI_Handler_Table_Base         
000086d0  __TI_Handler_Table_Limit        
000086d8  __TI_CINIT_Base                 
000086e8  __TI_CINIT_Limit                
000086e8  __TI_CINIT_Warm                 
20200000  __start___llvm_prf_bits         
20200000  __start___llvm_prf_cnts         
20200000  __stop___llvm_prf_bits          
20200000  __stop___llvm_prf_cnts          
20200000  gE3_BBackup                     
202000bc  gTIMER_0Backup                  
20200178  gPWM_1Backup                    
20200218  ahrs                            
2020028c  gSPI_IMU660RBBackup             
202002f8  acceleration_mg                 
20200304  angular_rate_mdps               
20200310  euler                           
20200344  start_time                      
20200348  tick_ms                         
20200354  gEncMotor1                      
2020036c  gEncMotor3                      
20200384  __aeabi_errno                   
20200388  gTimerTest                      
2020039a  gDataReceived                   
2020039b  gRxByte                         
20207e00  __stack                         
20208000  __STACK_END                     
ffffffff  __TI_pprof_out_hndl             
ffffffff  __TI_prof_data_size             
ffffffff  __TI_prof_data_start            
ffffffff  __binit__                       
ffffffff  binit                           
UNDEFED   __mpu_init                      
UNDEFED   _system_post_cinit              

[267 symbols]
