<?xml version="1.0" encoding="ISO-8859-1" ?>
<link_info>
   <banner>TI ARM Clang Linker PC v4.0.4.LTS</banner>
   <copyright>Copyright (c) 1996-2018 Texas Instruments Incorporated</copyright>
   <command_line>C:\ti\ccs2041\ccs\tools\compiler\ti-cgt-armllvm_4.0.4.LTS\bin\tiarmlnk -IC:\ti\ccs2041\ccs\tools\compiler\ti-cgt-armllvm_4.0.4.LTS\lib -o gpio_toggle_output_LP_MSPM0G3507_nortos_ticlang.out -mgpio_toggle_output_LP_MSPM0G3507_nortos_ticlang.map -iC:/ti/mspm0_sdk_2_09_00_01/source -iC:/Users/CbkCbk/workspace_ccstheia/gpio_toggle_output_LP_MSPM0G3507_nortos_ticlang -iC:/Users/CbkCbk/workspace_ccstheia/gpio_toggle_output_LP_MSPM0G3507_nortos_ticlang/Debug/syscfg -iC:/ti/ccs2041/ccs/tools/compiler/ti-cgt-armllvm_4.0.4.LTS/lib --diag_wrap=off --display_error_number --warn_sections --xml_link_info=gpio_toggle_output_LP_MSPM0G3507_nortos_ticlang_linkInfo.xml --rom_model ./gpio_toggle_output.o ./ti_msp_dl_config.o ./startup_mspm0g350x_ticlang.o ./hardware/IMU660RB/Fusion/FusionAhrs.o ./hardware/IMU660RB/Fusion/FusionCompass.o ./hardware/IMU660RB/Fusion/FusionOffset.o ./hardware/IMU660RB/imu660rb.o ./hardware/IMU660RB/lsm6dsr_reg.o ./hardware/clock.o ./hardware/delay.o ./hardware/encoder.o ./hardware/key.o ./hardware/motor.o ./hardware/oled_hardware_i2c.o -l./device_linker.cmd -ldevice.cmd.genlibs -llibc.a --start-group -llibc++.a -llibc++abi.a -llibc.a -llibsys.a -llibsysbm.a -llibclang_rt.builtins.a -llibclang_rt.profile.a --end-group --cg_opt_level=2</command_line>
   <link_time>0x6a573c50</link_time>
   <link_errors>0x0</link_errors>
   <output_file>C:\Users\CbkCbk\workspace_ccstheia\gpio_toggle_output_LP_MSPM0G3507_nortos_ticlang\Debug\gpio_toggle_output_LP_MSPM0G3507_nortos_ticlang.out</output_file>
   <entry_point>
      <name>_c_int00_noargs</name>
      <address>0x74e9</address>
   </entry_point>
   <input_file_list>
      <input_file id="fl-1">
         <path>C:\Users\CbkCbk\workspace_ccstheia\gpio_toggle_output_LP_MSPM0G3507_nortos_ticlang\Debug\.\</path>
         <kind>object</kind>
         <file>gpio_toggle_output.o</file>
         <name>gpio_toggle_output.o</name>
      </input_file>
      <input_file id="fl-2">
         <path>C:\Users\CbkCbk\workspace_ccstheia\gpio_toggle_output_LP_MSPM0G3507_nortos_ticlang\Debug\.\</path>
         <kind>object</kind>
         <file>ti_msp_dl_config.o</file>
         <name>ti_msp_dl_config.o</name>
      </input_file>
      <input_file id="fl-3">
         <path>C:\Users\CbkCbk\workspace_ccstheia\gpio_toggle_output_LP_MSPM0G3507_nortos_ticlang\Debug\.\</path>
         <kind>object</kind>
         <file>startup_mspm0g350x_ticlang.o</file>
         <name>startup_mspm0g350x_ticlang.o</name>
      </input_file>
      <input_file id="fl-4">
         <path>C:\Users\CbkCbk\workspace_ccstheia\gpio_toggle_output_LP_MSPM0G3507_nortos_ticlang\Debug\.\hardware\IMU660RB\Fusion\</path>
         <kind>object</kind>
         <file>FusionAhrs.o</file>
         <name>FusionAhrs.o</name>
      </input_file>
      <input_file id="fl-5">
         <path>C:\Users\CbkCbk\workspace_ccstheia\gpio_toggle_output_LP_MSPM0G3507_nortos_ticlang\Debug\.\hardware\IMU660RB\Fusion\</path>
         <kind>object</kind>
         <file>FusionCompass.o</file>
         <name>FusionCompass.o</name>
      </input_file>
      <input_file id="fl-6">
         <path>C:\Users\CbkCbk\workspace_ccstheia\gpio_toggle_output_LP_MSPM0G3507_nortos_ticlang\Debug\.\hardware\IMU660RB\Fusion\</path>
         <kind>object</kind>
         <file>FusionOffset.o</file>
         <name>FusionOffset.o</name>
      </input_file>
      <input_file id="fl-7">
         <path>C:\Users\CbkCbk\workspace_ccstheia\gpio_toggle_output_LP_MSPM0G3507_nortos_ticlang\Debug\.\hardware\IMU660RB\</path>
         <kind>object</kind>
         <file>imu660rb.o</file>
         <name>imu660rb.o</name>
      </input_file>
      <input_file id="fl-8">
         <path>C:\Users\CbkCbk\workspace_ccstheia\gpio_toggle_output_LP_MSPM0G3507_nortos_ticlang\Debug\.\hardware\IMU660RB\</path>
         <kind>object</kind>
         <file>lsm6dsr_reg.o</file>
         <name>lsm6dsr_reg.o</name>
      </input_file>
      <input_file id="fl-9">
         <path>C:\Users\CbkCbk\workspace_ccstheia\gpio_toggle_output_LP_MSPM0G3507_nortos_ticlang\Debug\.\hardware\</path>
         <kind>object</kind>
         <file>clock.o</file>
         <name>clock.o</name>
      </input_file>
      <input_file id="fl-a">
         <path>C:\Users\CbkCbk\workspace_ccstheia\gpio_toggle_output_LP_MSPM0G3507_nortos_ticlang\Debug\.\hardware\</path>
         <kind>object</kind>
         <file>delay.o</file>
         <name>delay.o</name>
      </input_file>
      <input_file id="fl-b">
         <path>C:\Users\CbkCbk\workspace_ccstheia\gpio_toggle_output_LP_MSPM0G3507_nortos_ticlang\Debug\.\hardware\</path>
         <kind>object</kind>
         <file>encoder.o</file>
         <name>encoder.o</name>
      </input_file>
      <input_file id="fl-c">
         <path>C:\Users\CbkCbk\workspace_ccstheia\gpio_toggle_output_LP_MSPM0G3507_nortos_ticlang\Debug\.\hardware\</path>
         <kind>object</kind>
         <file>key.o</file>
         <name>key.o</name>
      </input_file>
      <input_file id="fl-d">
         <path>C:\Users\CbkCbk\workspace_ccstheia\gpio_toggle_output_LP_MSPM0G3507_nortos_ticlang\Debug\.\hardware\</path>
         <kind>object</kind>
         <file>motor.o</file>
         <name>motor.o</name>
      </input_file>
      <input_file id="fl-e">
         <path>C:\Users\CbkCbk\workspace_ccstheia\gpio_toggle_output_LP_MSPM0G3507_nortos_ticlang\Debug\.\hardware\</path>
         <kind>object</kind>
         <file>oled_hardware_i2c.o</file>
         <name>oled_hardware_i2c.o</name>
      </input_file>
      <input_file id="fl-1b">
         <path>C:\Users\CbkCbk\workspace_ccstheia\gpio_toggle_output_LP_MSPM0G3507_nortos_ticlang\Debug\</path>
         <kind>object</kind>
         <file>&lt;internal&gt;</file>
         <name>&lt;internal&gt;</name>
      </input_file>
      <input_file id="fl-1c">
         <path>C:\ti\mspm0_sdk_2_09_00_01\source\ti\driverlib\lib\ticlang\m0p\mspm0g1x0x_g3x0x\</path>
         <kind>archive</kind>
         <file>driverlib.a</file>
         <name>dl_common.o</name>
      </input_file>
      <input_file id="fl-1d">
         <path>C:\ti\mspm0_sdk_2_09_00_01\source\ti\driverlib\lib\ticlang\m0p\mspm0g1x0x_g3x0x\</path>
         <kind>archive</kind>
         <file>driverlib.a</file>
         <name>dl_i2c.o</name>
      </input_file>
      <input_file id="fl-1e">
         <path>C:\ti\mspm0_sdk_2_09_00_01\source\ti\driverlib\lib\ticlang\m0p\mspm0g1x0x_g3x0x\</path>
         <kind>archive</kind>
         <file>driverlib.a</file>
         <name>dl_spi.o</name>
      </input_file>
      <input_file id="fl-1f">
         <path>C:\ti\mspm0_sdk_2_09_00_01\source\ti\driverlib\lib\ticlang\m0p\mspm0g1x0x_g3x0x\</path>
         <kind>archive</kind>
         <file>driverlib.a</file>
         <name>dl_timer.o</name>
      </input_file>
      <input_file id="fl-20">
         <path>C:\ti\mspm0_sdk_2_09_00_01\source\ti\driverlib\lib\ticlang\m0p\mspm0g1x0x_g3x0x\</path>
         <kind>archive</kind>
         <file>driverlib.a</file>
         <name>dl_uart.o</name>
      </input_file>
      <input_file id="fl-37">
         <path>C:\ti\ccs2041\ccs\tools\compiler\ti-cgt-armllvm_4.0.4.LTS\lib\armv6m-ti-none-eabi\c\</path>
         <kind>archive</kind>
         <file>libc.a</file>
         <name>e_asinf.c.obj</name>
      </input_file>
      <input_file id="fl-38">
         <path>C:\ti\ccs2041\ccs\tools\compiler\ti-cgt-armllvm_4.0.4.LTS\lib\armv6m-ti-none-eabi\c\</path>
         <kind>archive</kind>
         <file>libc.a</file>
         <name>e_atan2f.c.obj</name>
      </input_file>
      <input_file id="fl-39">
         <path>C:\ti\ccs2041\ccs\tools\compiler\ti-cgt-armllvm_4.0.4.LTS\lib\armv6m-ti-none-eabi\c\</path>
         <kind>archive</kind>
         <file>libc.a</file>
         <name>e_sqrtf.c.obj</name>
      </input_file>
      <input_file id="fl-3a">
         <path>C:\ti\ccs2041\ccs\tools\compiler\ti-cgt-armllvm_4.0.4.LTS\lib\armv6m-ti-none-eabi\c\</path>
         <kind>archive</kind>
         <file>libc.a</file>
         <name>s_atanf.c.obj</name>
      </input_file>
      <input_file id="fl-3b">
         <path>C:\ti\ccs2041\ccs\tools\compiler\ti-cgt-armllvm_4.0.4.LTS\lib\armv6m-ti-none-eabi\c\</path>
         <kind>archive</kind>
         <file>libc.a</file>
         <name>s_cosf.c.obj</name>
      </input_file>
      <input_file id="fl-3c">
         <path>C:\ti\ccs2041\ccs\tools\compiler\ti-cgt-armllvm_4.0.4.LTS\lib\armv6m-ti-none-eabi\c\</path>
         <kind>archive</kind>
         <file>libc.a</file>
         <name>s_sinf.c.obj</name>
      </input_file>
      <input_file id="fl-3d">
         <path>C:\ti\ccs2041\ccs\tools\compiler\ti-cgt-armllvm_4.0.4.LTS\lib\armv6m-ti-none-eabi\c\</path>
         <kind>archive</kind>
         <file>libc.a</file>
         <name>sprintf.c.obj</name>
      </input_file>
      <input_file id="fl-3e">
         <path>C:\ti\ccs2041\ccs\tools\compiler\ti-cgt-armllvm_4.0.4.LTS\lib\armv6m-ti-none-eabi\c\</path>
         <kind>archive</kind>
         <file>libc.a</file>
         <name>aeabi_portable.c.obj</name>
      </input_file>
      <input_file id="fl-3f">
         <path>C:\ti\ccs2041\ccs\tools\compiler\ti-cgt-armllvm_4.0.4.LTS\lib\armv6m-ti-none-eabi\c\</path>
         <kind>archive</kind>
         <file>libc.a</file>
         <name>k_rem_pio2.c.obj</name>
      </input_file>
      <input_file id="fl-40">
         <path>C:\ti\ccs2041\ccs\tools\compiler\ti-cgt-armllvm_4.0.4.LTS\lib\armv6m-ti-none-eabi\c\</path>
         <kind>archive</kind>
         <file>libc.a</file>
         <name>assert.c.obj</name>
      </input_file>
      <input_file id="fl-41">
         <path>C:\ti\ccs2041\ccs\tools\compiler\ti-cgt-armllvm_4.0.4.LTS\lib\armv6m-ti-none-eabi\c\</path>
         <kind>archive</kind>
         <file>libc.a</file>
         <name>defs.c.obj</name>
      </input_file>
      <input_file id="fl-42">
         <path>C:\ti\ccs2041\ccs\tools\compiler\ti-cgt-armllvm_4.0.4.LTS\lib\armv6m-ti-none-eabi\c\</path>
         <kind>archive</kind>
         <file>libc.a</file>
         <name>memory.c.obj</name>
      </input_file>
      <input_file id="fl-43">
         <path>C:\ti\ccs2041\ccs\tools\compiler\ti-cgt-armllvm_4.0.4.LTS\lib\armv6m-ti-none-eabi\c\</path>
         <kind>archive</kind>
         <file>libc.a</file>
         <name>boot_cortex_m.c.obj</name>
      </input_file>
      <input_file id="fl-44">
         <path>C:\ti\ccs2041\ccs\tools\compiler\ti-cgt-armllvm_4.0.4.LTS\lib\armv6m-ti-none-eabi\c\</path>
         <kind>archive</kind>
         <file>libc.a</file>
         <name>mathacl_init.c.obj</name>
      </input_file>
      <input_file id="fl-45">
         <path>C:\ti\ccs2041\ccs\tools\compiler\ti-cgt-armllvm_4.0.4.LTS\lib\armv6m-ti-none-eabi\c\</path>
         <kind>archive</kind>
         <file>libc.a</file>
         <name>autoinit.c.obj</name>
      </input_file>
      <input_file id="fl-46">
         <path>C:\ti\ccs2041\ccs\tools\compiler\ti-cgt-armllvm_4.0.4.LTS\lib\armv6m-ti-none-eabi\c\</path>
         <kind>archive</kind>
         <file>libc.a</file>
         <name>pre_init.c.obj</name>
      </input_file>
      <input_file id="fl-47">
         <path>C:\ti\ccs2041\ccs\tools\compiler\ti-cgt-armllvm_4.0.4.LTS\lib\armv6m-ti-none-eabi\c\</path>
         <kind>archive</kind>
         <file>libc.a</file>
         <name>cpy_tbl.c.obj</name>
      </input_file>
      <input_file id="fl-48">
         <path>C:\ti\ccs2041\ccs\tools\compiler\ti-cgt-armllvm_4.0.4.LTS\lib\armv6m-ti-none-eabi\c\</path>
         <kind>archive</kind>
         <file>libc.a</file>
         <name>copy_zero_init.c.obj</name>
      </input_file>
      <input_file id="fl-49">
         <path>C:\ti\ccs2041\ccs\tools\compiler\ti-cgt-armllvm_4.0.4.LTS\lib\armv6m-ti-none-eabi\c\</path>
         <kind>archive</kind>
         <file>libc.a</file>
         <name>copy_decompress_none.c.obj</name>
      </input_file>
      <input_file id="fl-4a">
         <path>C:\ti\ccs2041\ccs\tools\compiler\ti-cgt-armllvm_4.0.4.LTS\lib\armv6m-ti-none-eabi\c\</path>
         <kind>archive</kind>
         <file>libc.a</file>
         <name>copy_decompress_lzss.c.obj</name>
      </input_file>
      <input_file id="fl-4b">
         <path>C:\ti\ccs2041\ccs\tools\compiler\ti-cgt-armllvm_4.0.4.LTS\lib\armv6m-ti-none-eabi\c\</path>
         <kind>archive</kind>
         <file>libc.a</file>
         <name>e_sqrt.c.obj</name>
      </input_file>
      <input_file id="fl-4c">
         <path>C:\ti\ccs2041\ccs\tools\compiler\ti-cgt-armllvm_4.0.4.LTS\lib\armv6m-ti-none-eabi\c\</path>
         <kind>archive</kind>
         <file>libc.a</file>
         <name>s_floor.c.obj</name>
      </input_file>
      <input_file id="fl-4d">
         <path>C:\ti\ccs2041\ccs\tools\compiler\ti-cgt-armllvm_4.0.4.LTS\lib\armv6m-ti-none-eabi\c\</path>
         <kind>archive</kind>
         <file>libc.a</file>
         <name>s_scalbn.c.obj</name>
      </input_file>
      <input_file id="fl-4e">
         <path>C:\ti\ccs2041\ccs\tools\compiler\ti-cgt-armllvm_4.0.4.LTS\lib\armv6m-ti-none-eabi\c\</path>
         <kind>archive</kind>
         <file>libc.a</file>
         <name>_printfi.c.obj</name>
      </input_file>
      <input_file id="fl-4f">
         <path>C:\ti\ccs2041\ccs\tools\compiler\ti-cgt-armllvm_4.0.4.LTS\lib\armv6m-ti-none-eabi\c\</path>
         <kind>archive</kind>
         <file>libc.a</file>
         <name>fflush.c.obj</name>
      </input_file>
      <input_file id="fl-50">
         <path>C:\ti\ccs2041\ccs\tools\compiler\ti-cgt-armllvm_4.0.4.LTS\lib\armv6m-ti-none-eabi\c\</path>
         <kind>archive</kind>
         <file>libc.a</file>
         <name>fputs.c.obj</name>
      </input_file>
      <input_file id="fl-51">
         <path>C:\ti\ccs2041\ccs\tools\compiler\ti-cgt-armllvm_4.0.4.LTS\lib\armv6m-ti-none-eabi\c\</path>
         <kind>archive</kind>
         <file>libc.a</file>
         <name>_io_perm.c.obj</name>
      </input_file>
      <input_file id="fl-52">
         <path>C:\ti\ccs2041\ccs\tools\compiler\ti-cgt-armllvm_4.0.4.LTS\lib\armv6m-ti-none-eabi\c\</path>
         <kind>archive</kind>
         <file>libc.a</file>
         <name>setvbuf.c.obj</name>
      </input_file>
      <input_file id="fl-53">
         <path>C:\ti\ccs2041\ccs\tools\compiler\ti-cgt-armllvm_4.0.4.LTS\lib\armv6m-ti-none-eabi\c\</path>
         <kind>archive</kind>
         <file>libc.a</file>
         <name>exit.c.obj</name>
      </input_file>
      <input_file id="fl-54">
         <path>C:\ti\ccs2041\ccs\tools\compiler\ti-cgt-armllvm_4.0.4.LTS\lib\armv6m-ti-none-eabi\c\</path>
         <kind>archive</kind>
         <file>libc.a</file>
         <name>_lock.c.obj</name>
      </input_file>
      <input_file id="fl-55">
         <path>C:\ti\ccs2041\ccs\tools\compiler\ti-cgt-armllvm_4.0.4.LTS\lib\armv6m-ti-none-eabi\c\</path>
         <kind>archive</kind>
         <file>libc.a</file>
         <name>_ltoa.c.obj</name>
      </input_file>
      <input_file id="fl-56">
         <path>C:\ti\ccs2041\ccs\tools\compiler\ti-cgt-armllvm_4.0.4.LTS\lib\armv6m-ti-none-eabi\c\</path>
         <kind>archive</kind>
         <file>libc.a</file>
         <name>args_main.c.obj</name>
      </input_file>
      <input_file id="fl-57">
         <path>C:\ti\ccs2041\ccs\tools\compiler\ti-cgt-armllvm_4.0.4.LTS\lib\armv6m-ti-none-eabi\c\</path>
         <kind>archive</kind>
         <file>libc.a</file>
         <name>atoi.c.obj</name>
      </input_file>
      <input_file id="fl-58">
         <path>C:\ti\ccs2041\ccs\tools\compiler\ti-cgt-armllvm_4.0.4.LTS\lib\armv6m-ti-none-eabi\c\</path>
         <kind>archive</kind>
         <file>libc.a</file>
         <name>memccpy.c.obj</name>
      </input_file>
      <input_file id="fl-59">
         <path>C:\ti\ccs2041\ccs\tools\compiler\ti-cgt-armllvm_4.0.4.LTS\lib\armv6m-ti-none-eabi\c\</path>
         <kind>archive</kind>
         <file>libc.a</file>
         <name>s_frexp.c.obj</name>
      </input_file>
      <input_file id="fl-5a">
         <path>C:\ti\ccs2041\ccs\tools\compiler\ti-cgt-armllvm_4.0.4.LTS\lib\armv6m-ti-none-eabi\c\</path>
         <kind>archive</kind>
         <file>libc.a</file>
         <name>wcslen.c.obj</name>
      </input_file>
      <input_file id="fl-5b">
         <path>C:\ti\ccs2041\ccs\tools\compiler\ti-cgt-armllvm_4.0.4.LTS\lib\armv6m-ti-none-eabi\c\</path>
         <kind>archive</kind>
         <file>libc.a</file>
         <name>fopen.c.obj</name>
      </input_file>
      <input_file id="fl-5c">
         <path>C:\ti\ccs2041\ccs\tools\compiler\ti-cgt-armllvm_4.0.4.LTS\lib\armv6m-ti-none-eabi\c\</path>
         <kind>archive</kind>
         <file>libc.a</file>
         <name>fseek.c.obj</name>
      </input_file>
      <input_file id="fl-5d">
         <path>C:\ti\ccs2041\ccs\tools\compiler\ti-cgt-armllvm_4.0.4.LTS\lib\armv6m-ti-none-eabi\c\</path>
         <kind>archive</kind>
         <file>libc.a</file>
         <name>aeabi_ctype.S.obj</name>
      </input_file>
      <input_file id="fl-5e">
         <path>C:\ti\ccs2041\ccs\tools\compiler\ti-cgt-armllvm_4.0.4.LTS\lib\armv6m-ti-none-eabi\c\</path>
         <kind>archive</kind>
         <file>libc.a</file>
         <name>fclose.c.obj</name>
      </input_file>
      <input_file id="fl-fe">
         <path>C:\ti\ccs2041\ccs\tools\compiler\ti-cgt-armllvm_4.0.4.LTS\lib\armv6m-ti-none-eabi\c\</path>
         <kind>archive</kind>
         <file>libsysbm.a</file>
         <name>hostexit.c.obj</name>
      </input_file>
      <input_file id="fl-ff">
         <path>C:\ti\ccs2041\ccs\tools\compiler\ti-cgt-armllvm_4.0.4.LTS\lib\armv6m-ti-none-eabi\c\</path>
         <kind>archive</kind>
         <file>libsysbm.a</file>
         <name>write.c.obj</name>
      </input_file>
      <input_file id="fl-100">
         <path>C:\ti\ccs2041\ccs\tools\compiler\ti-cgt-armllvm_4.0.4.LTS\lib\armv6m-ti-none-eabi\c\</path>
         <kind>archive</kind>
         <file>libsysbm.a</file>
         <name>host_device.c.obj</name>
      </input_file>
      <input_file id="fl-101">
         <path>C:\ti\ccs2041\ccs\tools\compiler\ti-cgt-armllvm_4.0.4.LTS\lib\armv6m-ti-none-eabi\c\</path>
         <kind>archive</kind>
         <file>libsysbm.a</file>
         <name>remove.c.obj</name>
      </input_file>
      <input_file id="fl-102">
         <path>C:\ti\ccs2041\ccs\tools\compiler\ti-cgt-armllvm_4.0.4.LTS\lib\armv6m-ti-none-eabi\c\</path>
         <kind>archive</kind>
         <file>libsysbm.a</file>
         <name>open.c.obj</name>
      </input_file>
      <input_file id="fl-103">
         <path>C:\ti\ccs2041\ccs\tools\compiler\ti-cgt-armllvm_4.0.4.LTS\lib\armv6m-ti-none-eabi\c\</path>
         <kind>archive</kind>
         <file>libsysbm.a</file>
         <name>lseek.c.obj</name>
      </input_file>
      <input_file id="fl-104">
         <path>C:\ti\ccs2041\ccs\tools\compiler\ti-cgt-armllvm_4.0.4.LTS\lib\armv6m-ti-none-eabi\c\</path>
         <kind>archive</kind>
         <file>libsysbm.a</file>
         <name>close.c.obj</name>
      </input_file>
      <input_file id="fl-105">
         <path>C:\ti\ccs2041\ccs\tools\compiler\ti-cgt-armllvm_4.0.4.LTS\lib\armv6m-ti-none-eabi\c\</path>
         <kind>archive</kind>
         <file>libsysbm.a</file>
         <name>unlink.c.obj</name>
      </input_file>
      <input_file id="fl-106">
         <path>C:\ti\ccs2041\ccs\tools\compiler\ti-cgt-armllvm_4.0.4.LTS\lib\armv6m-ti-none-eabi\c\</path>
         <kind>archive</kind>
         <file>libsysbm.a</file>
         <name>hostclose.c.obj</name>
      </input_file>
      <input_file id="fl-107">
         <path>C:\ti\ccs2041\ccs\tools\compiler\ti-cgt-armllvm_4.0.4.LTS\lib\armv6m-ti-none-eabi\c\</path>
         <kind>archive</kind>
         <file>libsysbm.a</file>
         <name>hostlseek.c.obj</name>
      </input_file>
      <input_file id="fl-108">
         <path>C:\ti\ccs2041\ccs\tools\compiler\ti-cgt-armllvm_4.0.4.LTS\lib\armv6m-ti-none-eabi\c\</path>
         <kind>archive</kind>
         <file>libsysbm.a</file>
         <name>hostopen.c.obj</name>
      </input_file>
      <input_file id="fl-109">
         <path>C:\ti\ccs2041\ccs\tools\compiler\ti-cgt-armllvm_4.0.4.LTS\lib\armv6m-ti-none-eabi\c\</path>
         <kind>archive</kind>
         <file>libsysbm.a</file>
         <name>hostread.c.obj</name>
      </input_file>
      <input_file id="fl-10a">
         <path>C:\ti\ccs2041\ccs\tools\compiler\ti-cgt-armllvm_4.0.4.LTS\lib\armv6m-ti-none-eabi\c\</path>
         <kind>archive</kind>
         <file>libsysbm.a</file>
         <name>hostrename.c.obj</name>
      </input_file>
      <input_file id="fl-10b">
         <path>C:\ti\ccs2041\ccs\tools\compiler\ti-cgt-armllvm_4.0.4.LTS\lib\armv6m-ti-none-eabi\c\</path>
         <kind>archive</kind>
         <file>libsysbm.a</file>
         <name>hostunlink.c.obj</name>
      </input_file>
      <input_file id="fl-10c">
         <path>C:\ti\ccs2041\ccs\tools\compiler\ti-cgt-armllvm_4.0.4.LTS\lib\armv6m-ti-none-eabi\c\</path>
         <kind>archive</kind>
         <file>libsysbm.a</file>
         <name>hostwrite.c.obj</name>
      </input_file>
      <input_file id="fl-10d">
         <path>C:\ti\ccs2041\ccs\tools\compiler\ti-cgt-armllvm_4.0.4.LTS\lib\armv6m-ti-none-eabi\c\</path>
         <kind>archive</kind>
         <file>libsysbm.a</file>
         <name>trgmsg.c.obj</name>
      </input_file>
      <input_file id="fl-10e">
         <path>C:\ti\ccs2041\ccs\tools\compiler\ti-cgt-armllvm_4.0.4.LTS\lib\armv6m-ti-none-eabi\</path>
         <kind>archive</kind>
         <file>libclang_rt.builtins.a</file>
         <name>addsf3.S.obj</name>
      </input_file>
      <input_file id="fl-10f">
         <path>C:\ti\ccs2041\ccs\tools\compiler\ti-cgt-armllvm_4.0.4.LTS\lib\armv6m-ti-none-eabi\</path>
         <kind>archive</kind>
         <file>libclang_rt.builtins.a</file>
         <name>adddf3.S.obj</name>
      </input_file>
      <input_file id="fl-110">
         <path>C:\ti\ccs2041\ccs\tools\compiler\ti-cgt-armllvm_4.0.4.LTS\lib\armv6m-ti-none-eabi\</path>
         <kind>archive</kind>
         <file>libclang_rt.builtins.a</file>
         <name>muldf3.S.obj</name>
      </input_file>
      <input_file id="fl-111">
         <path>C:\ti\ccs2041\ccs\tools\compiler\ti-cgt-armllvm_4.0.4.LTS\lib\armv6m-ti-none-eabi\</path>
         <kind>archive</kind>
         <file>libclang_rt.builtins.a</file>
         <name>muldsi3.S.obj</name>
      </input_file>
      <input_file id="fl-112">
         <path>C:\ti\ccs2041\ccs\tools\compiler\ti-cgt-armllvm_4.0.4.LTS\lib\armv6m-ti-none-eabi\</path>
         <kind>archive</kind>
         <file>libclang_rt.builtins.a</file>
         <name>mulsf3.S.obj</name>
      </input_file>
      <input_file id="fl-113">
         <path>C:\ti\ccs2041\ccs\tools\compiler\ti-cgt-armllvm_4.0.4.LTS\lib\armv6m-ti-none-eabi\</path>
         <kind>archive</kind>
         <file>libclang_rt.builtins.a</file>
         <name>divsf3.S.obj</name>
      </input_file>
      <input_file id="fl-114">
         <path>C:\ti\ccs2041\ccs\tools\compiler\ti-cgt-armllvm_4.0.4.LTS\lib\armv6m-ti-none-eabi\</path>
         <kind>archive</kind>
         <file>libclang_rt.builtins.a</file>
         <name>divdf3.S.obj</name>
      </input_file>
      <input_file id="fl-115">
         <path>C:\ti\ccs2041\ccs\tools\compiler\ti-cgt-armllvm_4.0.4.LTS\lib\armv6m-ti-none-eabi\</path>
         <kind>archive</kind>
         <file>libclang_rt.builtins.a</file>
         <name>extendsfdf2.S.obj</name>
      </input_file>
      <input_file id="fl-116">
         <path>C:\ti\ccs2041\ccs\tools\compiler\ti-cgt-armllvm_4.0.4.LTS\lib\armv6m-ti-none-eabi\</path>
         <kind>archive</kind>
         <file>libclang_rt.builtins.a</file>
         <name>fixdfsi.S.obj</name>
      </input_file>
      <input_file id="fl-117">
         <path>C:\ti\ccs2041\ccs\tools\compiler\ti-cgt-armllvm_4.0.4.LTS\lib\armv6m-ti-none-eabi\</path>
         <kind>archive</kind>
         <file>libclang_rt.builtins.a</file>
         <name>fixsfsi.S.obj</name>
      </input_file>
      <input_file id="fl-118">
         <path>C:\ti\ccs2041\ccs\tools\compiler\ti-cgt-armllvm_4.0.4.LTS\lib\armv6m-ti-none-eabi\</path>
         <kind>archive</kind>
         <file>libclang_rt.builtins.a</file>
         <name>fixunssfsi.S.obj</name>
      </input_file>
      <input_file id="fl-119">
         <path>C:\ti\ccs2041\ccs\tools\compiler\ti-cgt-armllvm_4.0.4.LTS\lib\armv6m-ti-none-eabi\</path>
         <kind>archive</kind>
         <file>libclang_rt.builtins.a</file>
         <name>floatsidf.S.obj</name>
      </input_file>
      <input_file id="fl-11a">
         <path>C:\ti\ccs2041\ccs\tools\compiler\ti-cgt-armllvm_4.0.4.LTS\lib\armv6m-ti-none-eabi\</path>
         <kind>archive</kind>
         <file>libclang_rt.builtins.a</file>
         <name>floatsisf.S.obj</name>
      </input_file>
      <input_file id="fl-11b">
         <path>C:\ti\ccs2041\ccs\tools\compiler\ti-cgt-armllvm_4.0.4.LTS\lib\armv6m-ti-none-eabi\</path>
         <kind>archive</kind>
         <file>libclang_rt.builtins.a</file>
         <name>floatunsisf.S.obj</name>
      </input_file>
      <input_file id="fl-11c">
         <path>C:\ti\ccs2041\ccs\tools\compiler\ti-cgt-armllvm_4.0.4.LTS\lib\armv6m-ti-none-eabi\</path>
         <kind>archive</kind>
         <file>libclang_rt.builtins.a</file>
         <name>muldi3.S.obj</name>
      </input_file>
      <input_file id="fl-11d">
         <path>C:\ti\ccs2041\ccs\tools\compiler\ti-cgt-armllvm_4.0.4.LTS\lib\armv6m-ti-none-eabi\</path>
         <kind>archive</kind>
         <file>libclang_rt.builtins.a</file>
         <name>truncdfsf2.S.obj</name>
      </input_file>
      <input_file id="fl-11e">
         <path>C:\ti\ccs2041\ccs\tools\compiler\ti-cgt-armllvm_4.0.4.LTS\lib\armv6m-ti-none-eabi\</path>
         <kind>archive</kind>
         <file>libclang_rt.builtins.a</file>
         <name>aeabi_dcmp.S.obj</name>
      </input_file>
      <input_file id="fl-11f">
         <path>C:\ti\ccs2041\ccs\tools\compiler\ti-cgt-armllvm_4.0.4.LTS\lib\armv6m-ti-none-eabi\</path>
         <kind>archive</kind>
         <file>libclang_rt.builtins.a</file>
         <name>aeabi_fcmp.S.obj</name>
      </input_file>
      <input_file id="fl-120">
         <path>C:\ti\ccs2041\ccs\tools\compiler\ti-cgt-armllvm_4.0.4.LTS\lib\armv6m-ti-none-eabi\</path>
         <kind>archive</kind>
         <file>libclang_rt.builtins.a</file>
         <name>aeabi_idivmod.S.obj</name>
      </input_file>
      <input_file id="fl-121">
         <path>C:\ti\ccs2041\ccs\tools\compiler\ti-cgt-armllvm_4.0.4.LTS\lib\armv6m-ti-none-eabi\</path>
         <kind>archive</kind>
         <file>libclang_rt.builtins.a</file>
         <name>aeabi_memcpy.S.obj</name>
      </input_file>
      <input_file id="fl-122">
         <path>C:\ti\ccs2041\ccs\tools\compiler\ti-cgt-armllvm_4.0.4.LTS\lib\armv6m-ti-none-eabi\</path>
         <kind>archive</kind>
         <file>libclang_rt.builtins.a</file>
         <name>aeabi_memset.S.obj</name>
      </input_file>
      <input_file id="fl-123">
         <path>C:\ti\ccs2041\ccs\tools\compiler\ti-cgt-armllvm_4.0.4.LTS\lib\armv6m-ti-none-eabi\</path>
         <kind>archive</kind>
         <file>libclang_rt.builtins.a</file>
         <name>aeabi_uidivmod.S.obj</name>
      </input_file>
      <input_file id="fl-124">
         <path>C:\ti\ccs2041\ccs\tools\compiler\ti-cgt-armllvm_4.0.4.LTS\lib\armv6m-ti-none-eabi\</path>
         <kind>archive</kind>
         <file>libclang_rt.builtins.a</file>
         <name>aeabi_uldivmod.S.obj</name>
      </input_file>
      <input_file id="fl-125">
         <path>C:\ti\ccs2041\ccs\tools\compiler\ti-cgt-armllvm_4.0.4.LTS\lib\armv6m-ti-none-eabi\</path>
         <kind>archive</kind>
         <file>libclang_rt.builtins.a</file>
         <name>comparesf2.S.obj</name>
      </input_file>
      <input_file id="fl-126">
         <path>C:\ti\ccs2041\ccs\tools\compiler\ti-cgt-armllvm_4.0.4.LTS\lib\armv6m-ti-none-eabi\</path>
         <kind>archive</kind>
         <file>libclang_rt.builtins.a</file>
         <name>udivmoddi4.S.obj</name>
      </input_file>
      <input_file id="fl-127">
         <path>C:\ti\ccs2041\ccs\tools\compiler\ti-cgt-armllvm_4.0.4.LTS\lib\armv6m-ti-none-eabi\</path>
         <kind>archive</kind>
         <file>libclang_rt.builtins.a</file>
         <name>ashldi3.S.obj</name>
      </input_file>
      <input_file id="fl-128">
         <path>C:\ti\ccs2041\ccs\tools\compiler\ti-cgt-armllvm_4.0.4.LTS\lib\armv6m-ti-none-eabi\</path>
         <kind>archive</kind>
         <file>libclang_rt.builtins.a</file>
         <name>comparedf2.c.obj</name>
      </input_file>
      <input_file id="fl-129">
         <path>C:\ti\ccs2041\ccs\tools\compiler\ti-cgt-armllvm_4.0.4.LTS\lib\armv6m-ti-none-eabi\</path>
         <kind>archive</kind>
         <file>libclang_rt.builtins.a</file>
         <name>aeabi_div0.c.obj</name>
      </input_file>
      <input_file id="fl-12a">
         <path>C:\ti\ccs2041\ccs\tools\compiler\ti-cgt-armllvm_4.0.4.LTS\lib\armv6m-ti-none-eabi\c\</path>
         <kind>archive</kind>
         <file>libc.a</file>
         <name>getdevice.c.obj</name>
      </input_file>
      <input_file id="fl-12b">
         <path>C:\ti\ccs2041\ccs\tools\compiler\ti-cgt-armllvm_4.0.4.LTS\lib\armv6m-ti-none-eabi\c\</path>
         <kind>archive</kind>
         <file>libc.a</file>
         <name>memcpy16.S.obj</name>
      </input_file>
      <input_file id="fl-12c">
         <path>C:\ti\ccs2041\ccs\tools\compiler\ti-cgt-armllvm_4.0.4.LTS\lib\armv6m-ti-none-eabi\c\</path>
         <kind>archive</kind>
         <file>libc.a</file>
         <name>memset16.S.obj</name>
      </input_file>
      <input_file id="fl-12d">
         <path>C:\ti\ccs2041\ccs\tools\compiler\ti-cgt-armllvm_4.0.4.LTS\lib\armv6m-ti-none-eabi\c\</path>
         <kind>archive</kind>
         <file>libc.a</file>
         <name>strcmp-armv6m.S.obj</name>
      </input_file>
   </input_file_list>
   <object_component_list>
      <object_component id="oc-18">
         <name>.intvecs</name>
         <load_address>0x0</load_address>
         <readonly>true</readonly>
         <run_address>0x0</run_address>
         <size>0xc0</size>
         <alignment>0x4</alignment>
         <input_file_ref idref="fl-3"/>
      </object_component>
      <object_component id="oc-22d">
         <name>.text:__TI_printfi</name>
         <load_address>0xc0</load_address>
         <readonly>true</readonly>
         <executable>true</executable>
         <run_address>0xc0</run_address>
         <size>0x9d0</size>
         <alignment>0x4</alignment>
         <input_file_ref idref="fl-4e"/>
      </object_component>
      <object_component id="oc-103">
         <name>.text.OLED_ShowSignedNum</name>
         <load_address>0xa90</load_address>
         <readonly>true</readonly>
         <executable>true</executable>
         <run_address>0xa90</run_address>
         <size>0x92a</size>
         <alignment>0x2</alignment>
         <input_file_ref idref="fl-e"/>
      </object_component>
      <object_component id="oc-33">
         <name>.text.Default_Handler</name>
         <load_address>0x13ba</load_address>
         <readonly>true</readonly>
         <executable>true</executable>
         <run_address>0x13ba</run_address>
         <size>0x2</size>
         <alignment>0x2</alignment>
         <input_file_ref idref="fl-3"/>
      </object_component>
      <object_component id="oc-141">
         <name>.text.FusionAhrsUpdate</name>
         <load_address>0x13bc</load_address>
         <readonly>true</readonly>
         <executable>true</executable>
         <run_address>0x13bc</run_address>
         <size>0x8b4</size>
         <alignment>0x4</alignment>
         <input_file_ref idref="fl-4"/>
      </object_component>
      <object_component id="oc-246">
         <name>.text.__kernel_rem_pio2</name>
         <load_address>0x1c70</load_address>
         <readonly>true</readonly>
         <executable>true</executable>
         <run_address>0x1c70</run_address>
         <size>0x644</size>
         <alignment>0x4</alignment>
         <input_file_ref idref="fl-3f"/>
      </object_component>
      <object_component id="oc-102">
         <name>.text.OLED_ShowNum</name>
         <load_address>0x22b4</load_address>
         <readonly>true</readonly>
         <executable>true</executable>
         <run_address>0x22b4</run_address>
         <size>0x490</size>
         <alignment>0x2</alignment>
         <input_file_ref idref="fl-e"/>
      </object_component>
      <object_component id="oc-ee">
         <name>.text.OLED_Init</name>
         <load_address>0x2744</load_address>
         <readonly>true</readonly>
         <executable>true</executable>
         <run_address>0x2744</run_address>
         <size>0x2d4</size>
         <alignment>0x4</alignment>
         <input_file_ref idref="fl-e"/>
      </object_component>
      <object_component id="oc-9a">
         <name>.text.Key_Service</name>
         <load_address>0x2a18</load_address>
         <readonly>true</readonly>
         <executable>true</executable>
         <run_address>0x2a18</run_address>
         <size>0x23c</size>
         <alignment>0x4</alignment>
         <input_file_ref idref="fl-c"/>
      </object_component>
      <object_component id="oc-79">
         <name>.text.FusionTasks</name>
         <load_address>0x2c54</load_address>
         <readonly>true</readonly>
         <executable>true</executable>
         <run_address>0x2c54</run_address>
         <size>0x22c</size>
         <alignment>0x4</alignment>
         <input_file_ref idref="fl-7"/>
      </object_component>
      <object_component id="oc-27b">
         <name>.text._pconv_a</name>
         <load_address>0x2e80</load_address>
         <readonly>true</readonly>
         <executable>true</executable>
         <run_address>0x2e80</run_address>
         <size>0x220</size>
         <alignment>0x4</alignment>
         <input_file_ref idref="fl-4e"/>
      </object_component>
      <object_component id="oc-f4">
         <name>.text.IMU660RB_Init</name>
         <load_address>0x30a0</load_address>
         <readonly>true</readonly>
         <executable>true</executable>
         <run_address>0x30a0</run_address>
         <size>0x214</size>
         <alignment>0x4</alignment>
         <input_file_ref idref="fl-7"/>
      </object_component>
      <object_component id="oc-280">
         <name>.text._pconv_g</name>
         <load_address>0x32b4</load_address>
         <readonly>true</readonly>
         <executable>true</executable>
         <run_address>0x32b4</run_address>
         <size>0x1dc</size>
         <alignment>0x4</alignment>
         <input_file_ref idref="fl-4e"/>
      </object_component>
      <object_component id="oc-1c7">
         <name>.text.cosf</name>
         <load_address>0x3490</load_address>
         <readonly>true</readonly>
         <executable>true</executable>
         <run_address>0x3490</run_address>
         <size>0x1d4</size>
         <alignment>0x4</alignment>
         <input_file_ref idref="fl-3b"/>
      </object_component>
      <object_component id="oc-195">
         <name>.text.lsm6dsr_pin_int1_route_set</name>
         <load_address>0x3664</load_address>
         <readonly>true</readonly>
         <executable>true</executable>
         <run_address>0x3664</run_address>
         <size>0x1d0</size>
         <alignment>0x2</alignment>
         <input_file_ref idref="fl-8"/>
      </object_component>
      <object_component id="oc-145">
         <name>.text.atanf</name>
         <load_address>0x3834</load_address>
         <readonly>true</readonly>
         <executable>true</executable>
         <run_address>0x3834</run_address>
         <size>0x1c8</size>
         <alignment>0x4</alignment>
         <input_file_ref idref="fl-3a"/>
      </object_component>
      <object_component id="oc-1cd">
         <name>.text.sinf</name>
         <load_address>0x39fc</load_address>
         <readonly>true</readonly>
         <executable>true</executable>
         <run_address>0x39fc</run_address>
         <size>0x1c8</size>
         <alignment>0x4</alignment>
         <input_file_ref idref="fl-3c"/>
      </object_component>
      <object_component id="oc-73">
         <name>.text.Read_IMU660RB</name>
         <load_address>0x3bc4</load_address>
         <readonly>true</readonly>
         <executable>true</executable>
         <run_address>0x3bc4</run_address>
         <size>0x1c0</size>
         <alignment>0x4</alignment>
         <input_file_ref idref="fl-7"/>
      </object_component>
      <object_component id="oc-8a">
         <name>.text.main</name>
         <load_address>0x3d84</load_address>
         <readonly>true</readonly>
         <executable>true</executable>
         <run_address>0x3d84</run_address>
         <size>0x1b4</size>
         <alignment>0x4</alignment>
         <input_file_ref idref="fl-1"/>
      </object_component>
      <object_component id="oc-142">
         <name>.text.FusionAhrsSetHeading</name>
         <load_address>0x3f38</load_address>
         <readonly>true</readonly>
         <executable>true</executable>
         <run_address>0x3f38</run_address>
         <size>0x19c</size>
         <alignment>0x4</alignment>
         <input_file_ref idref="fl-4"/>
      </object_component>
      <object_component id="oc-167">
         <name>.text.adddf3_subdf3</name>
         <load_address>0x40d4</load_address>
         <readonly>true</readonly>
         <executable>true</executable>
         <run_address>0x40d4</run_address>
         <size>0x192</size>
         <alignment>0x4</alignment>
         <input_file_ref idref="fl-10f"/>
      </object_component>
      <object_component id="oc-22e">
         <name>.text.__aeabi_idiv0</name>
         <load_address>0x4266</load_address>
         <readonly>true</readonly>
         <executable>true</executable>
         <run_address>0x4266</run_address>
         <size>0x2</size>
         <alignment>0x2</alignment>
         <input_file_ref idref="fl-129"/>
      </object_component>
      <object_component id="oc-1a2">
         <name>.text.platform_read</name>
         <load_address>0x4268</load_address>
         <readonly>true</readonly>
         <executable>true</executable>
         <run_address>0x4268</run_address>
         <size>0x188</size>
         <alignment>0x4</alignment>
         <input_file_ref idref="fl-7"/>
      </object_component>
      <object_component id="oc-1a1">
         <name>.text.platform_write</name>
         <load_address>0x43f0</load_address>
         <readonly>true</readonly>
         <executable>true</executable>
         <run_address>0x43f0</run_address>
         <size>0x180</size>
         <alignment>0x4</alignment>
         <input_file_ref idref="fl-7"/>
      </object_component>
      <object_component id="oc-163">
         <name>.text.sqrt</name>
         <load_address>0x4570</load_address>
         <readonly>true</readonly>
         <executable>true</executable>
         <run_address>0x4570</run_address>
         <size>0x170</size>
         <alignment>0x4</alignment>
         <input_file_ref idref="fl-4b"/>
      </object_component>
      <object_component id="oc-ce">
         <name>.text.asinf</name>
         <load_address>0x46e0</load_address>
         <readonly>true</readonly>
         <executable>true</executable>
         <run_address>0x46e0</run_address>
         <size>0x160</size>
         <alignment>0x4</alignment>
         <input_file_ref idref="fl-37"/>
      </object_component>
      <object_component id="oc-187">
         <name>.text.OLED_WR_Byte</name>
         <load_address>0x4840</load_address>
         <readonly>true</readonly>
         <executable>true</executable>
         <run_address>0x4840</run_address>
         <size>0x14c</size>
         <alignment>0x4</alignment>
         <input_file_ref idref="fl-e"/>
      </object_component>
      <object_component id="oc-296">
         <name>.text.floor</name>
         <load_address>0x498c</load_address>
         <readonly>true</readonly>
         <executable>true</executable>
         <run_address>0x498c</run_address>
         <size>0x144</size>
         <alignment>0x4</alignment>
         <input_file_ref idref="fl-4c"/>
      </object_component>
      <object_component id="oc-1c6">
         <name>.text.Feedback</name>
         <load_address>0x4ad0</load_address>
         <readonly>true</readonly>
         <executable>true</executable>
         <run_address>0x4ad0</run_address>
         <size>0x13c</size>
         <alignment>0x4</alignment>
         <input_file_ref idref="fl-4"/>
      </object_component>
      <object_component id="oc-2cc">
         <name>.text.fcvt</name>
         <load_address>0x4c0c</load_address>
         <readonly>true</readonly>
         <executable>true</executable>
         <run_address>0x4c0c</run_address>
         <size>0x13c</size>
         <alignment>0x4</alignment>
         <input_file_ref idref="fl-4e"/>
      </object_component>
      <object_component id="oc-282">
         <name>.text._pconv_e</name>
         <load_address>0x4d48</load_address>
         <readonly>true</readonly>
         <executable>true</executable>
         <run_address>0x4d48</run_address>
         <size>0x120</size>
         <alignment>0x4</alignment>
         <input_file_ref idref="fl-4e"/>
      </object_component>
      <object_component id="oc-1f6">
         <name>.text.DL_Timer_initCaptureMode</name>
         <load_address>0x4e68</load_address>
         <readonly>true</readonly>
         <executable>true</executable>
         <run_address>0x4e68</run_address>
         <size>0x11c</size>
         <alignment>0x4</alignment>
         <input_file_ref idref="fl-1f"/>
      </object_component>
      <object_component id="oc-c6">
         <name>.text.atan2f</name>
         <load_address>0x4f84</load_address>
         <readonly>true</readonly>
         <executable>true</executable>
         <run_address>0x4f84</run_address>
         <size>0x118</size>
         <alignment>0x4</alignment>
         <input_file_ref idref="fl-38"/>
      </object_component>
      <object_component id="oc-2c8">
         <name>.text.__divdf3</name>
         <load_address>0x509c</load_address>
         <readonly>true</readonly>
         <executable>true</executable>
         <run_address>0x509c</run_address>
         <size>0x10c</size>
         <alignment>0x4</alignment>
         <input_file_ref idref="fl-114"/>
      </object_component>
      <object_component id="oc-1ee">
         <name>.text.DL_Timer_initFourCCPWMMode</name>
         <load_address>0x51a8</load_address>
         <readonly>true</readonly>
         <executable>true</executable>
         <run_address>0x51a8</run_address>
         <size>0x104</size>
         <alignment>0x4</alignment>
         <input_file_ref idref="fl-1f"/>
      </object_component>
      <object_component id="oc-1fb">
         <name>.text.DL_Timer_initTimerMode</name>
         <load_address>0x52ac</load_address>
         <readonly>true</readonly>
         <executable>true</executable>
         <run_address>0x52ac</run_address>
         <size>0xfc</size>
         <alignment>0x4</alignment>
         <input_file_ref idref="fl-1f"/>
      </object_component>
      <object_component id="oc-190">
         <name>.text.lsm6dsr_gy_data_rate_set</name>
         <load_address>0x53a8</load_address>
         <readonly>true</readonly>
         <executable>true</executable>
         <run_address>0x53a8</run_address>
         <size>0xf0</size>
         <alignment>0x4</alignment>
         <input_file_ref idref="fl-8"/>
      </object_component>
      <object_component id="oc-18f">
         <name>.text.lsm6dsr_xl_data_rate_set</name>
         <load_address>0x5498</load_address>
         <readonly>true</readonly>
         <executable>true</executable>
         <run_address>0x5498</run_address>
         <size>0xf0</size>
         <alignment>0x4</alignment>
         <input_file_ref idref="fl-8"/>
      </object_component>
      <object_component id="oc-176">
         <name>.text.SYSCFG_DL_GPIO_init</name>
         <load_address>0x5588</load_address>
         <readonly>true</readonly>
         <executable>true</executable>
         <run_address>0x5588</run_address>
         <size>0xe4</size>
         <alignment>0x4</alignment>
         <input_file_ref idref="fl-2"/>
      </object_component>
      <object_component id="oc-155">
         <name>.text.__muldf3</name>
         <load_address>0x566c</load_address>
         <readonly>true</readonly>
         <executable>true</executable>
         <run_address>0x566c</run_address>
         <size>0xe4</size>
         <alignment>0x4</alignment>
         <input_file_ref idref="fl-110"/>
      </object_component>
      <object_component id="oc-219">
         <name>.text.FusionAhrsSetSettings</name>
         <load_address>0x5750</load_address>
         <readonly>true</readonly>
         <executable>true</executable>
         <run_address>0x5750</run_address>
         <size>0xe0</size>
         <alignment>0x4</alignment>
         <input_file_ref idref="fl-4"/>
      </object_component>
      <object_component id="oc-b9">
         <name>.text.FusionOffsetUpdate</name>
         <load_address>0x5830</load_address>
         <readonly>true</readonly>
         <executable>true</executable>
         <run_address>0x5830</run_address>
         <size>0xe0</size>
         <alignment>0x4</alignment>
         <input_file_ref idref="fl-6"/>
      </object_component>
      <object_component id="oc-1a7">
         <name>.text.OLED_ShowChar</name>
         <load_address>0x5910</load_address>
         <readonly>true</readonly>
         <executable>true</executable>
         <run_address>0x5910</run_address>
         <size>0xdc</size>
         <alignment>0x4</alignment>
         <input_file_ref idref="fl-e"/>
      </object_component>
      <object_component id="oc-292">
         <name>.text.scalbn</name>
         <load_address>0x59ec</load_address>
         <readonly>true</readonly>
         <executable>true</executable>
         <run_address>0x59ec</run_address>
         <size>0xd8</size>
         <alignment>0x4</alignment>
         <input_file_ref idref="fl-4d"/>
      </object_component>
      <object_component id="oc-b1">
         <name>.text</name>
         <load_address>0x5ac4</load_address>
         <readonly>true</readonly>
         <executable>true</executable>
         <run_address>0x5ac4</run_address>
         <size>0xd8</size>
         <alignment>0x4</alignment>
         <input_file_ref idref="fl-10e"/>
      </object_component>
      <object_component id="oc-24c">
         <name>.text.__kernel_sindf</name>
         <load_address>0x5b9c</load_address>
         <readonly>true</readonly>
         <executable>true</executable>
         <run_address>0x5b9c</run_address>
         <size>0xac</size>
         <alignment>0x4</alignment>
         <input_file_ref idref="fl-3b"/>
      </object_component>
      <object_component id="oc-252">
         <name>.text.__kernel_sindf</name>
         <load_address>0x5c48</load_address>
         <readonly>true</readonly>
         <executable>true</executable>
         <run_address>0x5c48</run_address>
         <size>0xac</size>
         <alignment>0x4</alignment>
         <input_file_ref idref="fl-3c"/>
      </object_component>
      <object_component id="oc-194">
         <name>.text.lsm6dsr_pin_int1_route_get</name>
         <load_address>0x5cf4</load_address>
         <readonly>true</readonly>
         <executable>true</executable>
         <run_address>0x5cf4</run_address>
         <size>0xaa</size>
         <alignment>0x2</alignment>
         <input_file_ref idref="fl-8"/>
      </object_component>
      <object_component id="oc-2d6">
         <name>.text.__aeabi_ldiv0</name>
         <load_address>0x5d9e</load_address>
         <readonly>true</readonly>
         <executable>true</executable>
         <run_address>0x5d9e</run_address>
         <size>0x2</size>
         <alignment>0x2</alignment>
         <input_file_ref idref="fl-129"/>
      </object_component>
      <object_component id="oc-2ae">
         <name>.text</name>
         <load_address>0x5da0</load_address>
         <readonly>true</readonly>
         <executable>true</executable>
         <run_address>0x5da0</run_address>
         <size>0xa2</size>
         <alignment>0x4</alignment>
         <input_file_ref idref="fl-126"/>
      </object_component>
      <object_component id="oc-240">
         <name>.text.__kernel_cosdf</name>
         <load_address>0x5e44</load_address>
         <readonly>true</readonly>
         <executable>true</executable>
         <run_address>0x5e44</run_address>
         <size>0x9c</size>
         <alignment>0x4</alignment>
         <input_file_ref idref="fl-3b"/>
      </object_component>
      <object_component id="oc-251">
         <name>.text.__kernel_cosdf</name>
         <load_address>0x5ee0</load_address>
         <readonly>true</readonly>
         <executable>true</executable>
         <run_address>0x5ee0</run_address>
         <size>0x9c</size>
         <alignment>0x4</alignment>
         <input_file_ref idref="fl-3c"/>
      </object_component>
      <object_component id="oc-e0">
         <name>.text:memcpy</name>
         <load_address>0x5f7c</load_address>
         <readonly>true</readonly>
         <executable>true</executable>
         <run_address>0x5f7c</run_address>
         <size>0x9a</size>
         <alignment>0x1</alignment>
         <input_file_ref idref="fl-12b"/>
      </object_component>
      <object_component id="oc-ec">
         <name>.text.Key_Init</name>
         <load_address>0x6018</load_address>
         <readonly>true</readonly>
         <executable>true</executable>
         <run_address>0x6018</run_address>
         <size>0x8c</size>
         <alignment>0x4</alignment>
         <input_file_ref idref="fl-c"/>
      </object_component>
      <object_component id="oc-178">
         <name>.text.SYSCFG_DL_PWM_0_init</name>
         <load_address>0x60a4</load_address>
         <readonly>true</readonly>
         <executable>true</executable>
         <run_address>0x60a4</run_address>
         <size>0x8c</size>
         <alignment>0x4</alignment>
         <input_file_ref idref="fl-2"/>
      </object_component>
      <object_component id="oc-179">
         <name>.text.SYSCFG_DL_PWM_1_init</name>
         <load_address>0x6130</load_address>
         <readonly>true</readonly>
         <executable>true</executable>
         <run_address>0x6130</run_address>
         <size>0x8c</size>
         <alignment>0x4</alignment>
         <input_file_ref idref="fl-2"/>
      </object_component>
      <object_component id="oc-b5">
         <name>.text.__mulsf3</name>
         <load_address>0x61bc</load_address>
         <readonly>true</readonly>
         <executable>true</executable>
         <run_address>0x61bc</run_address>
         <size>0x8c</size>
         <alignment>0x4</alignment>
         <input_file_ref idref="fl-112"/>
      </object_component>
      <object_component id="oc-174">
         <name>.text.SYSCFG_DL_initPower</name>
         <load_address>0x6248</load_address>
         <readonly>true</readonly>
         <executable>true</executable>
         <run_address>0x6248</run_address>
         <size>0x88</size>
         <alignment>0x4</alignment>
         <input_file_ref idref="fl-2"/>
      </object_component>
      <object_component id="oc-ad">
         <name>.text.__divsf3</name>
         <load_address>0x62d0</load_address>
         <readonly>true</readonly>
         <executable>true</executable>
         <run_address>0x62d0</run_address>
         <size>0x82</size>
         <alignment>0x4</alignment>
         <input_file_ref idref="fl-113"/>
      </object_component>
      <object_component id="oc-1c">
         <name>.text:decompress:lzss</name>
         <load_address>0x6354</load_address>
         <readonly>true</readonly>
         <executable>true</executable>
         <run_address>0x6354</run_address>
         <size>0x7c</size>
         <alignment>0x4</alignment>
         <input_file_ref idref="fl-4a"/>
      </object_component>
      <object_component id="oc-f5">
         <name>.text.OLED_ShowString</name>
         <load_address>0x63d0</load_address>
         <readonly>true</readonly>
         <executable>true</executable>
         <run_address>0x63d0</run_address>
         <size>0x7a</size>
         <alignment>0x2</alignment>
         <input_file_ref idref="fl-e"/>
      </object_component>
      <object_component id="oc-217">
         <name>.text.lsm6dsr_fsm_enable_get</name>
         <load_address>0x644a</load_address>
         <readonly>true</readonly>
         <executable>true</executable>
         <run_address>0x644a</run_address>
         <size>0x7a</size>
         <alignment>0x2</alignment>
         <input_file_ref idref="fl-8"/>
      </object_component>
      <object_component id="oc-2c6">
         <name>.text.__gedf2</name>
         <load_address>0x64c4</load_address>
         <readonly>true</readonly>
         <executable>true</executable>
         <run_address>0x64c4</run_address>
         <size>0x74</size>
         <alignment>0x4</alignment>
         <input_file_ref idref="fl-128"/>
      </object_component>
      <object_component id="oc-6d">
         <name>.text.Key_Update1ms</name>
         <load_address>0x6538</load_address>
         <readonly>true</readonly>
         <executable>true</executable>
         <run_address>0x6538</run_address>
         <size>0x8</size>
         <alignment>0x2</alignment>
         <input_file_ref idref="fl-c"/>
      </object_component>
      <object_component id="oc-159">
         <name>.text.__truncdfsf2</name>
         <load_address>0x6540</load_address>
         <readonly>true</readonly>
         <executable>true</executable>
         <run_address>0x6540</run_address>
         <size>0x74</size>
         <alignment>0x10</alignment>
         <input_file_ref idref="fl-11d"/>
      </object_component>
      <object_component id="oc-17e">
         <name>.text.SYSCFG_DL_UART_0_init</name>
         <load_address>0x65b4</load_address>
         <readonly>true</readonly>
         <executable>true</executable>
         <run_address>0x65b4</run_address>
         <size>0x70</size>
         <alignment>0x4</alignment>
         <input_file_ref idref="fl-2"/>
      </object_component>
      <object_component id="oc-218">
         <name>.text.lsm6dsr_fsm_data_rate_get</name>
         <load_address>0x6624</load_address>
         <readonly>true</readonly>
         <executable>true</executable>
         <run_address>0x6624</run_address>
         <size>0x6e</size>
         <alignment>0x2</alignment>
         <input_file_ref idref="fl-8"/>
      </object_component>
      <object_component id="oc-2c0">
         <name>.text.__ledf2</name>
         <load_address>0x6694</load_address>
         <readonly>true</readonly>
         <executable>true</executable>
         <run_address>0x6694</run_address>
         <size>0x68</size>
         <alignment>0x4</alignment>
         <input_file_ref idref="fl-128"/>
      </object_component>
      <object_component id="oc-18d">
         <name>.text.lsm6dsr_i3c_disable_set</name>
         <load_address>0x66fc</load_address>
         <readonly>true</readonly>
         <executable>true</executable>
         <run_address>0x66fc</run_address>
         <size>0x68</size>
         <alignment>0x2</alignment>
         <input_file_ref idref="fl-8"/>
      </object_component>
      <object_component id="oc-2bf">
         <name>.text._mcpy</name>
         <load_address>0x6764</load_address>
         <readonly>true</readonly>
         <executable>true</executable>
         <run_address>0x6764</run_address>
         <size>0x66</size>
         <alignment>0x2</alignment>
         <input_file_ref idref="fl-4e"/>
      </object_component>
      <object_component id="oc-27c">
         <name>.text.__aeabi_dcmp</name>
         <load_address>0x67cc</load_address>
         <readonly>true</readonly>
         <executable>true</executable>
         <run_address>0x67cc</run_address>
         <size>0x62</size>
         <alignment>0x4</alignment>
         <input_file_ref idref="fl-11e"/>
      </object_component>
      <object_component id="oc-ca">
         <name>.text.__aeabi_fcmp</name>
         <load_address>0x6830</load_address>
         <readonly>true</readonly>
         <executable>true</executable>
         <run_address>0x6830</run_address>
         <size>0x62</size>
         <alignment>0x4</alignment>
         <input_file_ref idref="fl-11f"/>
      </object_component>
      <object_component id="oc-173">
         <name>.text:memset</name>
         <load_address>0x6892</load_address>
         <readonly>true</readonly>
         <executable>true</executable>
         <run_address>0x6892</run_address>
         <size>0x62</size>
         <alignment>0x1</alignment>
         <input_file_ref idref="fl-12c"/>
      </object_component>
      <object_component id="oc-214">
         <name>.text.DL_I2C_fillControllerTXFIFO</name>
         <load_address>0x68f4</load_address>
         <readonly>true</readonly>
         <executable>true</executable>
         <run_address>0x68f4</run_address>
         <size>0x5e</size>
         <alignment>0x2</alignment>
         <input_file_ref idref="fl-1d"/>
      </object_component>
      <object_component id="oc-2b3">
         <name>.text.frexp</name>
         <load_address>0x6954</load_address>
         <readonly>true</readonly>
         <executable>true</executable>
         <run_address>0x6954</run_address>
         <size>0x5c</size>
         <alignment>0x4</alignment>
         <input_file_ref idref="fl-59"/>
      </object_component>
      <object_component id="oc-198">
         <name>.text.FusionAhrsInitialise</name>
         <load_address>0x69b0</load_address>
         <readonly>true</readonly>
         <executable>true</executable>
         <run_address>0x69b0</run_address>
         <size>0x58</size>
         <alignment>0x4</alignment>
         <input_file_ref idref="fl-4"/>
      </object_component>
      <object_component id="oc-e5">
         <name>.text.SYSCFG_DL_init</name>
         <load_address>0x6a08</load_address>
         <readonly>true</readonly>
         <executable>true</executable>
         <run_address>0x6a08</run_address>
         <size>0x58</size>
         <alignment>0x4</alignment>
         <input_file_ref idref="fl-2"/>
      </object_component>
      <object_component id="oc-2b7">
         <name>.text.__TI_ltoa</name>
         <load_address>0x6a60</load_address>
         <readonly>true</readonly>
         <executable>true</executable>
         <run_address>0x6a60</run_address>
         <size>0x58</size>
         <alignment>0x2</alignment>
         <input_file_ref idref="fl-55"/>
      </object_component>
      <object_component id="oc-281">
         <name>.text._pconv_f</name>
         <load_address>0x6ab8</load_address>
         <readonly>true</readonly>
         <executable>true</executable>
         <run_address>0x6ab8</run_address>
         <size>0x58</size>
         <alignment>0x2</alignment>
         <input_file_ref idref="fl-4e"/>
      </object_component>
      <object_component id="oc-289">
         <name>.text.__aeabi_idivmod</name>
         <load_address>0x6b10</load_address>
         <readonly>true</readonly>
         <executable>true</executable>
         <run_address>0x6b10</run_address>
         <size>0x56</size>
         <alignment>0x4</alignment>
         <input_file_ref idref="fl-120"/>
      </object_component>
      <object_component id="oc-17d">
         <name>.text.SYSCFG_DL_I2C_OLED_init</name>
         <load_address>0x6b68</load_address>
         <readonly>true</readonly>
         <executable>true</executable>
         <run_address>0x6b68</run_address>
         <size>0x54</size>
         <alignment>0x4</alignment>
         <input_file_ref idref="fl-2"/>
      </object_component>
      <object_component id="oc-2bd">
         <name>.text._ecpy</name>
         <load_address>0x6bbc</load_address>
         <readonly>true</readonly>
         <executable>true</executable>
         <run_address>0x6bbc</run_address>
         <size>0x52</size>
         <alignment>0x2</alignment>
         <input_file_ref idref="fl-4e"/>
      </object_component>
      <object_component id="oc-3f">
         <name>.text.TIMA0_IRQHandler</name>
         <load_address>0x6c10</load_address>
         <readonly>true</readonly>
         <executable>true</executable>
         <run_address>0x6c10</run_address>
         <size>0x50</size>
         <alignment>0x4</alignment>
         <input_file_ref idref="fl-1"/>
      </object_component>
      <object_component id="oc-17f">
         <name>.text.SYSCFG_DL_SPI_IMU660RB_init</name>
         <load_address>0x6c60</load_address>
         <readonly>true</readonly>
         <executable>true</executable>
         <run_address>0x6c60</run_address>
         <size>0x4c</size>
         <alignment>0x4</alignment>
         <input_file_ref idref="fl-2"/>
      </object_component>
      <object_component id="oc-241">
         <name>.text.__fixdfsi</name>
         <load_address>0x6cac</load_address>
         <readonly>true</readonly>
         <executable>true</executable>
         <run_address>0x6cac</run_address>
         <size>0x4a</size>
         <alignment>0x4</alignment>
         <input_file_ref idref="fl-116"/>
      </object_component>
      <object_component id="oc-206">
         <name>.text.DL_UART_init</name>
         <load_address>0x6cf8</load_address>
         <readonly>true</readonly>
         <executable>true</executable>
         <run_address>0x6cf8</run_address>
         <size>0x48</size>
         <alignment>0x4</alignment>
         <input_file_ref idref="fl-20"/>
      </object_component>
      <object_component id="oc-20f">
         <name>.text.DL_SPI_init</name>
         <load_address>0x6d40</load_address>
         <readonly>true</readonly>
         <executable>true</executable>
         <run_address>0x6d40</run_address>
         <size>0x44</size>
         <alignment>0x4</alignment>
         <input_file_ref idref="fl-1e"/>
      </object_component>
      <object_component id="oc-bf">
         <name>.text.FusionAhrsUpdateNoMagnetometer</name>
         <load_address>0x6d84</load_address>
         <readonly>true</readonly>
         <executable>true</executable>
         <run_address>0x6d84</run_address>
         <size>0x40</size>
         <alignment>0x2</alignment>
         <input_file_ref idref="fl-4"/>
      </object_component>
      <object_component id="oc-1af">
         <name>.text.__aeabi_uidivmod</name>
         <load_address>0x6dc4</load_address>
         <readonly>true</readonly>
         <executable>true</executable>
         <run_address>0x6dc4</run_address>
         <size>0x40</size>
         <alignment>0x4</alignment>
         <input_file_ref idref="fl-123"/>
      </object_component>
      <object_component id="oc-104">
         <name>.text.__extendsfdf2</name>
         <load_address>0x6e04</load_address>
         <readonly>true</readonly>
         <executable>true</executable>
         <run_address>0x6e04</run_address>
         <size>0x40</size>
         <alignment>0x4</alignment>
         <input_file_ref idref="fl-115"/>
      </object_component>
      <object_component id="oc-26a">
         <name>.text.atoi</name>
         <load_address>0x6e44</load_address>
         <readonly>true</readonly>
         <executable>true</executable>
         <run_address>0x6e44</run_address>
         <size>0x40</size>
         <alignment>0x4</alignment>
         <input_file_ref idref="fl-57"/>
      </object_component>
      <object_component id="oc-17a">
         <name>.text.SYSCFG_DL_E1_B_init</name>
         <load_address>0x6e84</load_address>
         <readonly>true</readonly>
         <executable>true</executable>
         <run_address>0x6e84</run_address>
         <size>0x3c</size>
         <alignment>0x4</alignment>
         <input_file_ref idref="fl-2"/>
      </object_component>
      <object_component id="oc-17b">
         <name>.text.SYSCFG_DL_E3_B_init</name>
         <load_address>0x6ec0</load_address>
         <readonly>true</readonly>
         <executable>true</executable>
         <run_address>0x6ec0</run_address>
         <size>0x3c</size>
         <alignment>0x4</alignment>
         <input_file_ref idref="fl-2"/>
      </object_component>
      <object_component id="oc-132">
         <name>.text.__floatsisf</name>
         <load_address>0x6efc</load_address>
         <readonly>true</readonly>
         <executable>true</executable>
         <run_address>0x6efc</run_address>
         <size>0x3c</size>
         <alignment>0x4</alignment>
         <input_file_ref idref="fl-11a"/>
      </object_component>
      <object_component id="oc-153">
         <name>.text.__gtsf2</name>
         <load_address>0x6f38</load_address>
         <readonly>true</readonly>
         <executable>true</executable>
         <run_address>0x6f38</run_address>
         <size>0x3c</size>
         <alignment>0x4</alignment>
         <input_file_ref idref="fl-125"/>
      </object_component>
      <object_component id="oc-119">
         <name>.text:__TI_auto_init_nobinit_nopinit</name>
         <load_address>0x6f74</load_address>
         <readonly>true</readonly>
         <executable>true</executable>
         <run_address>0x6f74</run_address>
         <size>0x3c</size>
         <alignment>0x4</alignment>
         <input_file_ref idref="fl-45"/>
      </object_component>
      <object_component id="oc-14e">
         <name>.text.__eqsf2</name>
         <load_address>0x6fb0</load_address>
         <readonly>true</readonly>
         <executable>true</executable>
         <run_address>0x6fb0</run_address>
         <size>0x3a</size>
         <alignment>0x4</alignment>
         <input_file_ref idref="fl-125"/>
      </object_component>
      <object_component id="oc-13a">
         <name>.text.__muldsi3</name>
         <load_address>0x6fec</load_address>
         <readonly>true</readonly>
         <executable>true</executable>
         <run_address>0x6fec</run_address>
         <size>0x3a</size>
         <alignment>0x4</alignment>
         <input_file_ref idref="fl-111"/>
      </object_component>
      <object_component id="oc-17c">
         <name>.text.SYSCFG_DL_TIMER_0_init</name>
         <load_address>0x7028</load_address>
         <readonly>true</readonly>
         <executable>true</executable>
         <run_address>0x7028</run_address>
         <size>0x38</size>
         <alignment>0x4</alignment>
         <input_file_ref idref="fl-2"/>
      </object_component>
      <object_component id="oc-21b">
         <name>.text.__fixsfsi</name>
         <load_address>0x7060</load_address>
         <readonly>true</readonly>
         <executable>true</executable>
         <run_address>0x7060</run_address>
         <size>0x38</size>
         <alignment>0x4</alignment>
         <input_file_ref idref="fl-117"/>
      </object_component>
      <object_component id="oc-18e">
         <name>.text.lsm6dsr_block_data_update_set</name>
         <load_address>0x7098</load_address>
         <readonly>true</readonly>
         <executable>true</executable>
         <run_address>0x7098</run_address>
         <size>0x38</size>
         <alignment>0x2</alignment>
         <input_file_ref idref="fl-8"/>
      </object_component>
      <object_component id="oc-193">
         <name>.text.lsm6dsr_gy_filter_lp1_set</name>
         <load_address>0x70d0</load_address>
         <readonly>true</readonly>
         <executable>true</executable>
         <run_address>0x70d0</run_address>
         <size>0x38</size>
         <alignment>0x2</alignment>
         <input_file_ref idref="fl-8"/>
      </object_component>
      <object_component id="oc-192">
         <name>.text.lsm6dsr_gy_full_scale_set</name>
         <load_address>0x7108</load_address>
         <readonly>true</readonly>
         <executable>true</executable>
         <run_address>0x7108</run_address>
         <size>0x38</size>
         <alignment>0x2</alignment>
         <input_file_ref idref="fl-8"/>
      </object_component>
      <object_component id="oc-18b">
         <name>.text.lsm6dsr_reset_set</name>
         <load_address>0x7140</load_address>
         <readonly>true</readonly>
         <executable>true</executable>
         <run_address>0x7140</run_address>
         <size>0x38</size>
         <alignment>0x2</alignment>
         <input_file_ref idref="fl-8"/>
      </object_component>
      <object_component id="oc-191">
         <name>.text.lsm6dsr_xl_full_scale_set</name>
         <load_address>0x7178</load_address>
         <readonly>true</readonly>
         <executable>true</executable>
         <run_address>0x7178</run_address>
         <size>0x38</size>
         <alignment>0x2</alignment>
         <input_file_ref idref="fl-8"/>
      </object_component>
      <object_component id="oc-f6">
         <name>.text.sprintf</name>
         <load_address>0x71b0</load_address>
         <readonly>true</readonly>
         <executable>true</executable>
         <run_address>0x71b0</run_address>
         <size>0x38</size>
         <alignment>0x4</alignment>
         <input_file_ref idref="fl-3d"/>
      </object_component>
      <object_component id="oc-196">
         <name>.text.lsm6dsr_data_ready_mode_set</name>
         <load_address>0x71e8</load_address>
         <readonly>true</readonly>
         <executable>true</executable>
         <run_address>0x71e8</run_address>
         <size>0x36</size>
         <alignment>0x2</alignment>
         <input_file_ref idref="fl-8"/>
      </object_component>
      <object_component id="oc-40">
         <name>.text.TIMA1_IRQHandler</name>
         <load_address>0x7220</load_address>
         <readonly>true</readonly>
         <executable>true</executable>
         <run_address>0x7220</run_address>
         <size>0x34</size>
         <alignment>0x4</alignment>
         <input_file_ref idref="fl-b"/>
      </object_component>
      <object_component id="oc-3a">
         <name>.text.TIMG0_IRQHandler</name>
         <load_address>0x7254</load_address>
         <readonly>true</readonly>
         <executable>true</executable>
         <run_address>0x7254</run_address>
         <size>0x34</size>
         <alignment>0x4</alignment>
         <input_file_ref idref="fl-b"/>
      </object_component>
      <object_component id="oc-19f">
         <name>.text.lsm6dsr_angular_rate_raw_get</name>
         <load_address>0x7288</load_address>
         <readonly>true</readonly>
         <executable>true</executable>
         <run_address>0x7288</run_address>
         <size>0x34</size>
         <alignment>0x2</alignment>
         <input_file_ref idref="fl-8"/>
      </object_component>
      <object_component id="oc-186">
         <name>.text.mspm0_delay_ms</name>
         <load_address>0x72bc</load_address>
         <readonly>true</readonly>
         <executable>true</executable>
         <run_address>0x72bc</run_address>
         <size>0x34</size>
         <alignment>0x4</alignment>
         <input_file_ref idref="fl-9"/>
      </object_component>
      <object_component id="oc-199">
         <name>.text.__fixunssfsi</name>
         <load_address>0x72f0</load_address>
         <readonly>true</readonly>
         <executable>true</executable>
         <run_address>0x72f0</run_address>
         <size>0x32</size>
         <alignment>0x4</alignment>
         <input_file_ref idref="fl-118"/>
      </object_component>
      <object_component id="oc-fc">
         <name>.text.DL_UART_transmitDataBlocking</name>
         <load_address>0x7324</load_address>
         <readonly>true</readonly>
         <executable>true</executable>
         <run_address>0x7324</run_address>
         <size>0x30</size>
         <alignment>0x4</alignment>
         <input_file_ref idref="fl-20"/>
      </object_component>
      <object_component id="oc-19d">
         <name>.text.FusionOffsetInitialise</name>
         <load_address>0x7354</load_address>
         <readonly>true</readonly>
         <executable>true</executable>
         <run_address>0x7354</run_address>
         <size>0x30</size>
         <alignment>0x4</alignment>
         <input_file_ref idref="fl-6"/>
      </object_component>
      <object_component id="oc-177">
         <name>.text.SYSCFG_DL_SYSCTL_init</name>
         <load_address>0x7384</load_address>
         <readonly>true</readonly>
         <executable>true</executable>
         <run_address>0x7384</run_address>
         <size>0x30</size>
         <alignment>0x4</alignment>
         <input_file_ref idref="fl-2"/>
      </object_component>
      <object_component id="oc-2be">
         <name>.text._fcpy</name>
         <load_address>0x73b4</load_address>
         <readonly>true</readonly>
         <executable>true</executable>
         <run_address>0x73b4</run_address>
         <size>0x30</size>
         <alignment>0x2</alignment>
         <input_file_ref idref="fl-4e"/>
      </object_component>
      <object_component id="oc-72">
         <name>.text.encoder_task</name>
         <load_address>0x73e4</load_address>
         <readonly>true</readonly>
         <executable>true</executable>
         <run_address>0x73e4</run_address>
         <size>0x30</size>
         <alignment>0x4</alignment>
         <input_file_ref idref="fl-b"/>
      </object_component>
      <object_component id="oc-ed">
         <name>.text.Encoder_Start</name>
         <load_address>0x7414</load_address>
         <readonly>true</readonly>
         <executable>true</executable>
         <run_address>0x7414</run_address>
         <size>0x2c</size>
         <alignment>0x4</alignment>
         <input_file_ref idref="fl-b"/>
      </object_component>
      <object_component id="oc-39">
         <name>.text.UART1_IRQHandler</name>
         <load_address>0x7440</load_address>
         <readonly>true</readonly>
         <executable>true</executable>
         <run_address>0x7440</run_address>
         <size>0x2c</size>
         <alignment>0x4</alignment>
         <input_file_ref idref="fl-1"/>
      </object_component>
      <object_component id="oc-28d">
         <name>.text.__floatsidf</name>
         <load_address>0x746c</load_address>
         <readonly>true</readonly>
         <executable>true</executable>
         <run_address>0x746c</run_address>
         <size>0x2c</size>
         <alignment>0x4</alignment>
         <input_file_ref idref="fl-119"/>
      </object_component>
      <object_component id="oc-ea">
         <name>.text.SysTick_Init</name>
         <load_address>0x7498</load_address>
         <readonly>true</readonly>
         <executable>true</executable>
         <run_address>0x7498</run_address>
         <size>0x28</size>
         <alignment>0x4</alignment>
         <input_file_ref idref="fl-9"/>
      </object_component>
      <object_component id="oc-220">
         <name>.text.__floatunsisf</name>
         <load_address>0x74c0</load_address>
         <readonly>true</readonly>
         <executable>true</executable>
         <run_address>0x74c0</run_address>
         <size>0x28</size>
         <alignment>0x4</alignment>
         <input_file_ref idref="fl-11b"/>
      </object_component>
      <object_component id="oc-5c">
         <name>.text:_c_int00_noargs</name>
         <load_address>0x74e8</load_address>
         <readonly>true</readonly>
         <executable>true</executable>
         <run_address>0x74e8</run_address>
         <size>0x28</size>
         <alignment>0x4</alignment>
         <input_file_ref idref="fl-43"/>
      </object_component>
      <object_component id="oc-1fe">
         <name>.text.DL_I2C_setClockConfig</name>
         <load_address>0x7510</load_address>
         <readonly>true</readonly>
         <executable>true</executable>
         <run_address>0x7510</run_address>
         <size>0x26</size>
         <alignment>0x2</alignment>
         <input_file_ref idref="fl-1d"/>
      </object_component>
      <object_component id="oc-272">
         <name>.text.__muldi3</name>
         <load_address>0x7538</load_address>
         <readonly>true</readonly>
         <executable>true</executable>
         <run_address>0x7538</run_address>
         <size>0x24</size>
         <alignment>0x4</alignment>
         <input_file_ref idref="fl-11c"/>
      </object_component>
      <object_component id="oc-263">
         <name>.text.memccpy</name>
         <load_address>0x755c</load_address>
         <readonly>true</readonly>
         <executable>true</executable>
         <run_address>0x755c</run_address>
         <size>0x22</size>
         <alignment>0x2</alignment>
         <input_file_ref idref="fl-58"/>
      </object_component>
      <object_component id="oc-2d7">
         <name>.text.__ashldi3</name>
         <load_address>0x7580</load_address>
         <readonly>true</readonly>
         <executable>true</executable>
         <run_address>0x7580</run_address>
         <size>0x1e</size>
         <alignment>0x4</alignment>
         <input_file_ref idref="fl-127"/>
      </object_component>
      <object_component id="oc-18c">
         <name>.text.lsm6dsr_reset_get</name>
         <load_address>0x759e</load_address>
         <readonly>true</readonly>
         <executable>true</executable>
         <run_address>0x759e</run_address>
         <size>0x1e</size>
         <alignment>0x2</alignment>
         <input_file_ref idref="fl-8"/>
      </object_component>
      <object_component id="oc-1f0">
         <name>.text.DL_Timer_setCaptCompUpdateMethod</name>
         <load_address>0x75bc</load_address>
         <readonly>true</readonly>
         <executable>true</executable>
         <run_address>0x75bc</run_address>
         <size>0x1c</size>
         <alignment>0x4</alignment>
         <input_file_ref idref="fl-1f"/>
      </object_component>
      <object_component id="oc-1e8">
         <name>.text.DL_Timer_setClockConfig</name>
         <load_address>0x75d8</load_address>
         <readonly>true</readonly>
         <executable>true</executable>
         <run_address>0x75d8</run_address>
         <size>0x1c</size>
         <alignment>0x4</alignment>
         <input_file_ref idref="fl-1f"/>
      </object_component>
      <object_component id="oc-108">
         <name>.text.Key_GetPressedTimeMs</name>
         <load_address>0x75f4</load_address>
         <readonly>true</readonly>
         <executable>true</executable>
         <run_address>0x75f4</run_address>
         <size>0x1c</size>
         <alignment>0x4</alignment>
         <input_file_ref idref="fl-c"/>
      </object_component>
      <object_component id="oc-19e">
         <name>.text.lsm6dsr_gy_flag_data_ready_get</name>
         <load_address>0x7610</load_address>
         <readonly>true</readonly>
         <executable>true</executable>
         <run_address>0x7610</run_address>
         <size>0x1c</size>
         <alignment>0x2</alignment>
         <input_file_ref idref="fl-8"/>
      </object_component>
      <object_component id="oc-1ef">
         <name>.text.DL_Timer_setCaptureCompareOutCtl</name>
         <load_address>0x762c</load_address>
         <readonly>true</readonly>
         <executable>true</executable>
         <run_address>0x762c</run_address>
         <size>0x18</size>
         <alignment>0x4</alignment>
         <input_file_ref idref="fl-1f"/>
      </object_component>
      <object_component id="oc-1a9">
         <name>.text._outs</name>
         <load_address>0x7644</load_address>
         <readonly>true</readonly>
         <executable>true</executable>
         <run_address>0x7644</run_address>
         <size>0x18</size>
         <alignment>0x2</alignment>
         <input_file_ref idref="fl-3d"/>
      </object_component>
      <object_component id="oc-197">
         <name>.text.lsm6dsr_odr_cal_reg_get</name>
[...]
      <symbol id="sm-238">
         <name>DL_SPI_init</name>
         <value>0x6d41</value>
         <object_component_ref idref="oc-20f"/>
      </symbol>
      <symbol id="sm-239">
         <name>DL_SPI_setClockConfig</name>
         <value>0x7745</value>
         <object_component_ref idref="oc-209"/>
      </symbol>
      <symbol id="sm-259">
         <name>DL_Timer_setClockConfig</name>
         <value>0x75d9</value>
         <object_component_ref idref="oc-1e8"/>
      </symbol>
      <symbol id="sm-25a">
         <name>DL_Timer_initTimerMode</name>
         <value>0x52ad</value>
         <object_component_ref idref="oc-1fb"/>
      </symbol>
      <symbol id="sm-25b">
         <name>DL_Timer_setCaptureCompareValue</name>
         <value>0x777d</value>
         <object_component_ref idref="oc-1f1"/>
      </symbol>
      <symbol id="sm-25c">
         <name>DL_Timer_initCaptureMode</name>
         <value>0x4e69</value>
         <object_component_ref idref="oc-1f6"/>
      </symbol>
      <symbol id="sm-25d">
         <name>DL_Timer_setCaptCompUpdateMethod</name>
         <value>0x75bd</value>
         <object_component_ref idref="oc-1f0"/>
      </symbol>
      <symbol id="sm-25e">
         <name>DL_Timer_setCaptureCompareOutCtl</name>
         <value>0x762d</value>
         <object_component_ref idref="oc-1ef"/>
      </symbol>
      <symbol id="sm-25f">
         <name>DL_Timer_initFourCCPWMMode</name>
         <value>0x51a9</value>
         <object_component_ref idref="oc-1ee"/>
      </symbol>
      <symbol id="sm-26f">
         <name>DL_UART_init</name>
         <value>0x6cf9</value>
         <object_component_ref idref="oc-206"/>
      </symbol>
      <symbol id="sm-270">
         <name>DL_UART_setClockConfig</name>
         <value>0x7757</value>
         <object_component_ref idref="oc-205"/>
      </symbol>
      <symbol id="sm-271">
         <name>DL_UART_transmitDataBlocking</name>
         <value>0x7325</value>
         <object_component_ref idref="oc-fc"/>
      </symbol>
      <symbol id="sm-27f">
         <name>asinf</name>
         <value>0x46e1</value>
         <object_component_ref idref="oc-ce"/>
      </symbol>
      <symbol id="sm-28d">
         <name>atan2f</name>
         <value>0x4f85</value>
         <object_component_ref idref="oc-c6"/>
      </symbol>
      <symbol id="sm-2a2">
         <name>atanf</name>
         <value>0x3835</value>
         <object_component_ref idref="oc-145"/>
      </symbol>
      <symbol id="sm-2c1">
         <name>cosf</name>
         <value>0x3491</value>
         <object_component_ref idref="oc-1c7"/>
      </symbol>
      <symbol id="sm-2e0">
         <name>sinf</name>
         <value>0x39fd</value>
         <object_component_ref idref="oc-1cd"/>
      </symbol>
      <symbol id="sm-2f1">
         <name>sprintf</name>
         <value>0x71b1</value>
         <object_component_ref idref="oc-f6"/>
      </symbol>
      <symbol id="sm-2fc">
         <name>__aeabi_errno_addr</name>
         <value>0x7851</value>
         <object_component_ref idref="oc-15d"/>
      </symbol>
      <symbol id="sm-2fd">
         <name>__aeabi_errno</name>
         <value>0x20200380</value>
         <object_component_ref idref="oc-1db"/>
      </symbol>
      <symbol id="sm-319">
         <name>__kernel_rem_pio2</name>
         <value>0x1c71</value>
         <object_component_ref idref="oc-246"/>
      </symbol>
      <symbol id="sm-327">
         <name>_c_int00_noargs</name>
         <value>0x74e9</value>
         <object_component_ref idref="oc-5c"/>
      </symbol>
      <symbol id="sm-328">
         <name>__stack</name>
         <value>0x20207e00</value>
         <object_component_ref idref="oc-1a"/>
      </symbol>
      <symbol id="sm-334">
         <name>__TI_auto_init_nobinit_nopinit</name>
         <value>0x6f75</value>
         <object_component_ref idref="oc-119"/>
      </symbol>
      <symbol id="sm-33c">
         <name>_system_pre_init</name>
         <value>0x78fd</value>
         <object_component_ref idref="oc-86"/>
      </symbol>
      <symbol id="sm-347">
         <name>__TI_zero_init_nomemset</name>
         <value>0x76b5</value>
         <object_component_ref idref="oc-53"/>
      </symbol>
      <symbol id="sm-350">
         <name>__TI_decompress_none</name>
         <value>0x7769</value>
         <object_component_ref idref="oc-20"/>
      </symbol>
      <symbol id="sm-35b">
         <name>__TI_decompress_lzss</name>
         <value>0x6355</value>
         <object_component_ref idref="oc-1c"/>
      </symbol>
      <symbol id="sm-365">
         <name>sqrt</name>
         <value>0x4571</value>
         <object_component_ref idref="oc-163"/>
      </symbol>
      <symbol id="sm-366">
         <name>sqrtl</name>
         <value>0x4571</value>
         <object_component_ref idref="oc-163"/>
      </symbol>
      <symbol id="sm-370">
         <name>floor</name>
         <value>0x498d</value>
         <object_component_ref idref="oc-296"/>
      </symbol>
      <symbol id="sm-371">
         <name>floorl</name>
         <value>0x498d</value>
         <object_component_ref idref="oc-296"/>
      </symbol>
      <symbol id="sm-37b">
         <name>scalbn</name>
         <value>0x59ed</value>
         <object_component_ref idref="oc-292"/>
      </symbol>
      <symbol id="sm-37c">
         <name>ldexp</name>
         <value>0x59ed</value>
         <object_component_ref idref="oc-292"/>
      </symbol>
      <symbol id="sm-37d">
         <name>scalbnl</name>
         <value>0x59ed</value>
         <object_component_ref idref="oc-292"/>
      </symbol>
      <symbol id="sm-37e">
         <name>ldexpl</name>
         <value>0x59ed</value>
         <object_component_ref idref="oc-292"/>
      </symbol>
      <symbol id="sm-3c7">
         <name>__TI_printfi</name>
         <value>0xc1</value>
         <object_component_ref idref="oc-22d"/>
      </symbol>
      <symbol id="sm-3d5">
         <name>abort</name>
         <value>0x78c3</value>
         <object_component_ref idref="oc-112"/>
      </symbol>
      <symbol id="sm-3df">
         <name>__TI_ltoa</name>
         <value>0x6a61</value>
         <object_component_ref idref="oc-2b7"/>
      </symbol>
      <symbol id="sm-3ea">
         <name>atoi</name>
         <value>0x6e45</value>
         <object_component_ref idref="oc-26a"/>
      </symbol>
      <symbol id="sm-3f3">
         <name>memccpy</name>
         <value>0x755d</value>
         <object_component_ref idref="oc-263"/>
      </symbol>
      <symbol id="sm-3fd">
         <name>frexp</name>
         <value>0x6955</value>
         <object_component_ref idref="oc-2b3"/>
      </symbol>
      <symbol id="sm-3fe">
         <name>frexpl</name>
         <value>0x6955</value>
         <object_component_ref idref="oc-2b3"/>
      </symbol>
      <symbol id="sm-407">
         <name>wcslen</name>
         <value>0x77bd</value>
         <object_component_ref idref="oc-26e"/>
      </symbol>
      <symbol id="sm-40a">
         <name>__aeabi_ctype_table_</name>
         <value>0x8220</value>
         <object_component_ref idref="oc-2a6"/>
      </symbol>
      <symbol id="sm-40b">
         <name>__aeabi_ctype_table_C</name>
         <value>0x8220</value>
         <object_component_ref idref="oc-2a6"/>
      </symbol>
      <symbol id="sm-414">
         <name>HOSTexit</name>
         <value>0x78c9</value>
         <object_component_ref idref="oc-1b4"/>
      </symbol>
      <symbol id="sm-415">
         <name>C$$EXIT</name>
         <value>0x78c8</value>
         <object_component_ref idref="oc-1b4"/>
      </symbol>
      <symbol id="sm-42a">
         <name>__aeabi_fadd</name>
         <value>0x5acf</value>
         <object_component_ref idref="oc-b1"/>
      </symbol>
      <symbol id="sm-42b">
         <name>__addsf3</name>
         <value>0x5acf</value>
         <object_component_ref idref="oc-b1"/>
      </symbol>
      <symbol id="sm-42c">
         <name>__aeabi_fsub</name>
         <value>0x5ac5</value>
         <object_component_ref idref="oc-b1"/>
      </symbol>
      <symbol id="sm-42d">
         <name>__subsf3</name>
         <value>0x5ac5</value>
         <object_component_ref idref="oc-b1"/>
      </symbol>
      <symbol id="sm-436">
         <name>__aeabi_dadd</name>
         <value>0x40df</value>
         <object_component_ref idref="oc-167"/>
      </symbol>
      <symbol id="sm-437">
         <name>__adddf3</name>
         <value>0x40df</value>
         <object_component_ref idref="oc-167"/>
      </symbol>
      <symbol id="sm-438">
         <name>__aeabi_dsub</name>
         <value>0x40d5</value>
         <object_component_ref idref="oc-167"/>
      </symbol>
      <symbol id="sm-439">
         <name>__subdf3</name>
         <value>0x40d5</value>
         <object_component_ref idref="oc-167"/>
      </symbol>
      <symbol id="sm-445">
         <name>__aeabi_dmul</name>
         <value>0x566d</value>
         <object_component_ref idref="oc-155"/>
      </symbol>
      <symbol id="sm-446">
         <name>__muldf3</name>
         <value>0x566d</value>
         <object_component_ref idref="oc-155"/>
      </symbol>
      <symbol id="sm-44f">
         <name>__muldsi3</name>
         <value>0x6fed</value>
         <object_component_ref idref="oc-13a"/>
      </symbol>
      <symbol id="sm-455">
         <name>__aeabi_fmul</name>
         <value>0x61bd</value>
         <object_component_ref idref="oc-b5"/>
      </symbol>
      <symbol id="sm-456">
         <name>__mulsf3</name>
         <value>0x61bd</value>
         <object_component_ref idref="oc-b5"/>
      </symbol>
      <symbol id="sm-45f">
         <name>__aeabi_fdiv</name>
         <value>0x62d1</value>
         <object_component_ref idref="oc-ad"/>
      </symbol>
      <symbol id="sm-460">
         <name>__divsf3</name>
         <value>0x62d1</value>
         <object_component_ref idref="oc-ad"/>
      </symbol>
      <symbol id="sm-469">
         <name>__aeabi_ddiv</name>
         <value>0x509d</value>
         <object_component_ref idref="oc-2c8"/>
      </symbol>
      <symbol id="sm-46a">
         <name>__divdf3</name>
         <value>0x509d</value>
         <object_component_ref idref="oc-2c8"/>
      </symbol>
      <symbol id="sm-470">
         <name>__aeabi_f2d</name>
         <value>0x6e05</value>
         <object_component_ref idref="oc-104"/>
      </symbol>
      <symbol id="sm-471">
         <name>__extendsfdf2</name>
         <value>0x6e05</value>
         <object_component_ref idref="oc-104"/>
      </symbol>
      <symbol id="sm-47a">
         <name>__aeabi_d2iz</name>
         <value>0x6cad</value>
         <object_component_ref idref="oc-241"/>
      </symbol>
      <symbol id="sm-47b">
         <name>__fixdfsi</name>
         <value>0x6cad</value>
         <object_component_ref idref="oc-241"/>
      </symbol>
      <symbol id="sm-481">
         <name>__aeabi_f2iz</name>
         <value>0x7061</value>
         <object_component_ref idref="oc-21b"/>
      </symbol>
      <symbol id="sm-482">
         <name>__fixsfsi</name>
         <value>0x7061</value>
         <object_component_ref idref="oc-21b"/>
      </symbol>
      <symbol id="sm-488">
         <name>__aeabi_f2uiz</name>
         <value>0x72f1</value>
         <object_component_ref idref="oc-199"/>
      </symbol>
      <symbol id="sm-489">
         <name>__fixunssfsi</name>
         <value>0x72f1</value>
         <object_component_ref idref="oc-199"/>
      </symbol>
      <symbol id="sm-48f">
         <name>__aeabi_i2d</name>
         <value>0x746d</value>
         <object_component_ref idref="oc-28d"/>
      </symbol>
      <symbol id="sm-490">
         <name>__floatsidf</name>
         <value>0x746d</value>
         <object_component_ref idref="oc-28d"/>
      </symbol>
      <symbol id="sm-496">
         <name>__aeabi_i2f</name>
         <value>0x6efd</value>
         <object_component_ref idref="oc-132"/>
      </symbol>
      <symbol id="sm-497">
         <name>__floatsisf</name>
         <value>0x6efd</value>
         <object_component_ref idref="oc-132"/>
      </symbol>
      <symbol id="sm-49d">
         <name>__aeabi_ui2f</name>
         <value>0x74c1</value>
         <object_component_ref idref="oc-220"/>
      </symbol>
      <symbol id="sm-49e">
         <name>__floatunsisf</name>
         <value>0x74c1</value>
         <object_component_ref idref="oc-220"/>
      </symbol>
      <symbol id="sm-4a4">
         <name>__aeabi_lmul</name>
         <value>0x7539</value>
         <object_component_ref idref="oc-272"/>
      </symbol>
      <symbol id="sm-4a5">
         <name>__muldi3</name>
         <value>0x7539</value>
         <object_component_ref idref="oc-272"/>
      </symbol>
      <symbol id="sm-4ac">
         <name>__aeabi_d2f</name>
         <value>0x6541</value>
         <object_component_ref idref="oc-159"/>
      </symbol>
      <symbol id="sm-4ad">
         <name>__truncdfsf2</name>
         <value>0x6541</value>
         <object_component_ref idref="oc-159"/>
      </symbol>
      <symbol id="sm-4b3">
         <name>__aeabi_dcmpeq</name>
         <value>0x67cd</value>
         <object_component_ref idref="oc-27c"/>
      </symbol>
      <symbol id="sm-4b4">
         <name>__aeabi_dcmplt</name>
         <value>0x67e1</value>
         <object_component_ref idref="oc-27c"/>
      </symbol>
      <symbol id="sm-4b5">
         <name>__aeabi_dcmple</name>
         <value>0x67f5</value>
         <object_component_ref idref="oc-27c"/>
      </symbol>
      <symbol id="sm-4b6">
         <name>__aeabi_dcmpge</name>
         <value>0x6809</value>
         <object_component_ref idref="oc-27c"/>
      </symbol>
      <symbol id="sm-4b7">
         <name>__aeabi_dcmpgt</name>
         <value>0x681d</value>
         <object_component_ref idref="oc-27c"/>
      </symbol>
      <symbol id="sm-4bd">
         <name>__aeabi_fcmpeq</name>
         <value>0x6831</value>
         <object_component_ref idref="oc-ca"/>
      </symbol>
      <symbol id="sm-4be">
         <name>__aeabi_fcmplt</name>
         <value>0x6845</value>
         <object_component_ref idref="oc-ca"/>
      </symbol>
      <symbol id="sm-4bf">
         <name>__aeabi_fcmple</name>
         <value>0x6859</value>
         <object_component_ref idref="oc-ca"/>
      </symbol>
      <symbol id="sm-4c0">
         <name>__aeabi_fcmpge</name>
         <value>0x686d</value>
         <object_component_ref idref="oc-ca"/>
      </symbol>
      <symbol id="sm-4c1">
         <name>__aeabi_fcmpgt</name>
         <value>0x6881</value>
         <object_component_ref idref="oc-ca"/>
      </symbol>
      <symbol id="sm-4c7">
         <name>__aeabi_idiv</name>
         <value>0x6b11</value>
         <object_component_ref idref="oc-289"/>
      </symbol>
      <symbol id="sm-4c8">
         <name>__aeabi_idivmod</name>
         <value>0x6b11</value>
         <object_component_ref idref="oc-289"/>
      </symbol>
      <symbol id="sm-4ce">
         <name>__aeabi_memcpy</name>
         <value>0x7859</value>
         <object_component_ref idref="oc-4c"/>
      </symbol>
      <symbol id="sm-4cf">
         <name>__aeabi_memcpy4</name>
         <value>0x7859</value>
         <object_component_ref idref="oc-4c"/>
      </symbol>
      <symbol id="sm-4d0">
         <name>__aeabi_memcpy8</name>
         <value>0x7859</value>
         <object_component_ref idref="oc-4c"/>
      </symbol>
      <symbol id="sm-4d7">
         <name>__aeabi_memset</name>
         <value>0x77cd</value>
         <object_component_ref idref="oc-262"/>
      </symbol>
      <symbol id="sm-4d8">
         <name>__aeabi_memset4</name>
         <value>0x77cd</value>
         <object_component_ref idref="oc-262"/>
      </symbol>
      <symbol id="sm-4d9">
         <name>__aeabi_memset8</name>
         <value>0x77cd</value>
         <object_component_ref idref="oc-262"/>
      </symbol>
      <symbol id="sm-4df">
         <name>__aeabi_uidiv</name>
         <value>0x6dc5</value>
         <object_component_ref idref="oc-1af"/>
      </symbol>
      <symbol id="sm-4e0">
         <name>__aeabi_uidivmod</name>
         <value>0x6dc5</value>
         <object_component_ref idref="oc-1af"/>
      </symbol>
      <symbol id="sm-4e6">
         <name>__aeabi_uldivmod</name>
         <value>0x76cd</value>
         <object_component_ref idref="oc-277"/>
      </symbol>
      <symbol id="sm-4ef">
         <name>__eqsf2</name>
         <value>0x6fb1</value>
         <object_component_ref idref="oc-14e"/>
      </symbol>
      <symbol id="sm-4f0">
         <name>__lesf2</name>
         <value>0x6fb1</value>
         <object_component_ref idref="oc-14e"/>
      </symbol>
      <symbol id="sm-4f1">
         <name>__ltsf2</name>
         <value>0x6fb1</value>
         <object_component_ref idref="oc-14e"/>
      </symbol>
      <symbol id="sm-4f2">
         <name>__nesf2</name>
         <value>0x6fb1</value>
         <object_component_ref idref="oc-14e"/>
      </symbol>
      <symbol id="sm-4f3">
         <name>__cmpsf2</name>
         <value>0x6fb1</value>
         <object_component_ref idref="oc-14e"/>
      </symbol>
      <symbol id="sm-4f4">
         <name>__gtsf2</name>
         <value>0x6f39</value>
         <object_component_ref idref="oc-153"/>
      </symbol>
      <symbol id="sm-4f5">
         <name>__gesf2</name>
         <value>0x6f39</value>
         <object_component_ref idref="oc-153"/>
      </symbol>
      <symbol id="sm-4fb">
         <name>__udivmoddi4</name>
         <value>0x5da1</value>
         <object_component_ref idref="oc-2ae"/>
      </symbol>
      <symbol id="sm-501">
         <name>__aeabi_llsl</name>
         <value>0x7581</value>
         <object_component_ref idref="oc-2d7"/>
      </symbol>
      <symbol id="sm-502">
         <name>__ashldi3</name>
         <value>0x7581</value>
         <object_component_ref idref="oc-2d7"/>
      </symbol>
      <symbol id="sm-510">
         <name>__ledf2</name>
         <value>0x6695</value>
         <object_component_ref idref="oc-2c0"/>
      </symbol>
      <symbol id="sm-511">
         <name>__gedf2</name>
         <value>0x64c5</value>
         <object_component_ref idref="oc-2c6"/>
      </symbol>
      <symbol id="sm-512">
         <name>__cmpdf2</name>
         <value>0x6695</value>
         <object_component_ref idref="oc-2c0"/>
      </symbol>
      <symbol id="sm-513">
         <name>__eqdf2</name>
         <value>0x6695</value>
         <object_component_ref idref="oc-2c0"/>
      </symbol>
      <symbol id="sm-514">
         <name>__ltdf2</name>
         <value>0x6695</value>
         <object_component_ref idref="oc-2c0"/>
      </symbol>
      <symbol id="sm-515">
         <name>__nedf2</name>
         <value>0x6695</value>
         <object_component_ref idref="oc-2c0"/>
      </symbol>
      <symbol id="sm-516">
         <name>__gtdf2</name>
         <value>0x64c5</value>
         <object_component_ref idref="oc-2c6"/>
      </symbol>
      <symbol id="sm-522">
         <name>__aeabi_idiv0</name>
         <value>0x4267</value>
         <object_component_ref idref="oc-22e"/>
      </symbol>
      <symbol id="sm-523">
         <name>__aeabi_ldiv0</name>
         <value>0x5d9f</value>
         <object_component_ref idref="oc-2d6"/>
      </symbol>
      <symbol id="sm-53d">
         <name>memcpy</name>
         <value>0x5f7d</value>
         <object_component_ref idref="oc-e0"/>
      </symbol>
      <symbol id="sm-54c">
         <name>memset</name>
         <value>0x6893</value>
         <object_component_ref idref="oc-173"/>
      </symbol>
      <symbol id="sm-54d">
         <name>__TI_static_base__</name>
         <value>0x0</value>
      </symbol>
      <symbol id="sm-551">
         <name>__mpu_init</name>
         <value>0x0</value>
      </symbol>
      <symbol id="sm-552">
         <name>_system_post_cinit</name>
         <value>0x0</value>
      </symbol>
   </symbol_table>
   <title>Link successful</title>
</link_info>
