******************************************************************************
            TI ARM Clang Linker PC v4.0.4                      
******************************************************************************
>> Linked Tue Jul 14 16:31:34 2026

OUTPUT FILE NAME:   <gpio_toggle_output_LP_MSPM0G3507_nortos_ticlang.out>
ENTRY POINT SYMBOL: "_c_int00_noargs"  address: 00007195


MEMORY CONFIGURATION

         name            origin    length      used     unused   attr    fill
----------------------  --------  ---------  --------  --------  ----  --------
  FLASH                 00000000   00020000  00008158  00017ea8  R  X
  SRAM                  20200000   00008000  00000581  00007a7f  RW X
  BCR_CONFIG            41c00000   000000ff  00000000  000000ff  R   
  BSL_CONFIG            41c00100   00000080  00000000  00000080  R   


SEGMENT ALLOCATION MAP

run origin  load origin   length   init length attrs members
----------  ----------- ---------- ----------- ----- -------
00000000    00000000    00008158   00008158    r-x
  00000000    00000000    000000c0   000000c0    r-- .intvecs
  000000c0    000000c0    000074d0   000074d0    r-x .text
  00007590    00007590    00000b80   00000b80    r-- .rodata
  00008110    00008110    00000048   00000048    r-- .cinit
20200000    20200000    00000381   00000000    rw-
  20200000    20200000    00000338   00000000    rw- .bss
  20200338    20200338    00000049   00000000    rw- .data
20207e00    20207e00    00000200   00000000    rw-
  20207e00    20207e00    00000200   00000000    rw- .stack


SECTION ALLOCATION MAP

 output                                  attributes/
section   page    origin      length       input sections
--------  ----  ----------  ----------   ----------------
.intvecs   0    00000000    000000c0     
                  00000000    000000c0     startup_mspm0g350x_ticlang.o (.intvecs)

.text      0    000000c0    000074d0     
                  000000c0    000009d0     libc.a : _printfi.c.obj (.text:__TI_printfi)
                  00000a90    0000092a     oled_hardware_i2c.o (.text.OLED_ShowSignedNum)
                  000013ba    00000002     startup_mspm0g350x_ticlang.o (.text.Default_Handler)
                  000013bc    000008b4     FusionAhrs.o (.text.FusionAhrsUpdate)
                  00001c70    00000644     libc.a : k_rem_pio2.c.obj (.text.__kernel_rem_pio2)
                  000022b4    00000490     oled_hardware_i2c.o (.text.OLED_ShowNum)
                  00002744    000002d4     oled_hardware_i2c.o (.text.OLED_Init)
                  00002a18    0000022c     imu660rb.o (.text.FusionTasks)
                  00002c44    00000220     libc.a : _printfi.c.obj (.text._pconv_a)
                  00002e64    00000214     imu660rb.o (.text.IMU660RB_Init)
                  00003078    000001dc     libc.a : _printfi.c.obj (.text._pconv_g)
                  00003254    000001d4            : s_cosf.c.obj (.text.cosf)
                  00003428    000001d0     lsm6dsr_reg.o (.text.lsm6dsr_pin_int1_route_set)
                  000035f8    000001c8     libc.a : s_atanf.c.obj (.text.atanf)
                  000037c0    000001c8            : s_sinf.c.obj (.text.sinf)
                  00003988    000001c0     imu660rb.o (.text.Read_IMU660RB)
                  00003b48    0000019c     FusionAhrs.o (.text.FusionAhrsSetHeading)
                  00003ce4    00000192     libclang_rt.builtins.a : adddf3.S.obj (.text.adddf3_subdf3)
                  00003e76    00000002                            : aeabi_div0.c.obj (.text.__aeabi_idiv0)
                  00003e78    00000188     imu660rb.o (.text.platform_read)
                  00004000    00000180     imu660rb.o (.text.platform_write)
                  00004180    00000170     libc.a : e_sqrt.c.obj (.text.sqrt)
                  000042f0    00000160            : e_asinf.c.obj (.text.asinf)
                  00004450    0000014c     oled_hardware_i2c.o (.text.OLED_WR_Byte)
                  0000459c    00000144     libc.a : s_floor.c.obj (.text.floor)
                  000046e0    0000013c     FusionAhrs.o (.text.Feedback)
                  0000481c    0000013c     libc.a : _printfi.c.obj (.text.fcvt)
                  00004958    0000013c     gpio_toggle_output.o (.text.main)
                  00004a94    00000120     libc.a : _printfi.c.obj (.text._pconv_e)
                  00004bb4    0000011c     driverlib.a : dl_timer.o (.text.DL_Timer_initCaptureMode)
                  00004cd0    00000118     libc.a : e_atan2f.c.obj (.text.atan2f)
                  00004de8    0000010c     libclang_rt.builtins.a : divdf3.S.obj (.text.__divdf3)
                  00004ef4    00000104     driverlib.a : dl_timer.o (.text.DL_Timer_initFourCCPWMMode)
                  00004ff8    000000fc                 : dl_timer.o (.text.DL_Timer_initTimerMode)
                  000050f4    000000f0     lsm6dsr_reg.o (.text.lsm6dsr_gy_data_rate_set)
                  000051e4    000000f0     lsm6dsr_reg.o (.text.lsm6dsr_xl_data_rate_set)
                  000052d4    000000e4     libclang_rt.builtins.a : muldf3.S.obj (.text.__muldf3)
                  000053b8    000000e0     FusionAhrs.o (.text.FusionAhrsSetSettings)
                  00005498    000000e0     FusionOffset.o (.text.FusionOffsetUpdate)
                  00005578    000000dc     oled_hardware_i2c.o (.text.OLED_ShowChar)
                  00005654    000000dc     ti_msp_dl_config.o (.text.SYSCFG_DL_GPIO_init)
                  00005730    000000d8     libc.a : s_scalbn.c.obj (.text.scalbn)
                  00005808    000000d8     libclang_rt.builtins.a : addsf3.S.obj (.text)
                  000058e0    000000ac     libc.a : s_cosf.c.obj (.text.__kernel_sindf)
                  0000598c    000000ac            : s_sinf.c.obj (.text.__kernel_sindf)
                  00005a38    000000aa     lsm6dsr_reg.o (.text.lsm6dsr_pin_int1_route_get)
                  00005ae2    00000002     libclang_rt.builtins.a : aeabi_div0.c.obj (.text.__aeabi_ldiv0)
                  00005ae4    000000a2                            : udivmoddi4.S.obj (.text)
                  00005b86    00000002     --HOLE-- [fill = 0]
                  00005b88    0000009c     libc.a : s_cosf.c.obj (.text.__kernel_cosdf)
                  00005c24    0000009c            : s_sinf.c.obj (.text.__kernel_cosdf)
                  00005cc0    0000009a            : memcpy16.S.obj (.text:memcpy)
                  00005d5a    00000002     --HOLE-- [fill = 0]
                  00005d5c    0000008c     ti_msp_dl_config.o (.text.SYSCFG_DL_PWM_0_init)
                  00005de8    0000008c     ti_msp_dl_config.o (.text.SYSCFG_DL_PWM_1_init)
                  00005e74    0000008c     libclang_rt.builtins.a : mulsf3.S.obj (.text.__mulsf3)
                  00005f00    00000088     ti_msp_dl_config.o (.text.SYSCFG_DL_initPower)
                  00005f88    00000082     libclang_rt.builtins.a : divsf3.S.obj (.text.__divsf3)
                  0000600a    00000002     --HOLE-- [fill = 0]
                  0000600c    0000007c     libc.a : copy_decompress_lzss.c.obj (.text:decompress:lzss)
                  00006088    0000007a     oled_hardware_i2c.o (.text.OLED_ShowString)
                  00006102    0000007a     lsm6dsr_reg.o (.text.lsm6dsr_fsm_enable_get)
                  0000617c    00000074     libclang_rt.builtins.a : comparedf2.c.obj (.text.__gedf2)
                  000061f0    00000074                            : truncdfsf2.S.obj (.text.__truncdfsf2)
                  00006264    00000070     ti_msp_dl_config.o (.text.SYSCFG_DL_UART_0_init)
                  000062d4    0000006e     lsm6dsr_reg.o (.text.lsm6dsr_fsm_data_rate_get)
                  00006342    00000002     --HOLE-- [fill = 0]
                  00006344    00000068     libclang_rt.builtins.a : comparedf2.c.obj (.text.__ledf2)
                  000063ac    00000068     lsm6dsr_reg.o (.text.lsm6dsr_i3c_disable_set)
                  00006414    00000066     libc.a : _printfi.c.obj (.text._mcpy)
                  0000647a    00000002     --HOLE-- [fill = 0]
                  0000647c    00000062     libclang_rt.builtins.a : aeabi_dcmp.S.obj (.text.__aeabi_dcmp)
                  000064de    00000002     --HOLE-- [fill = 0]
                  000064e0    00000062                            : aeabi_fcmp.S.obj (.text.__aeabi_fcmp)
                  00006542    00000062     libc.a : memset16.S.obj (.text:memset)
                  000065a4    0000005e     driverlib.a : dl_i2c.o (.text.DL_I2C_fillControllerTXFIFO)
                  00006602    00000002     --HOLE-- [fill = 0]
                  00006604    0000005c     libc.a : s_frexp.c.obj (.text.frexp)
                  00006660    00000058     FusionAhrs.o (.text.FusionAhrsInitialise)
                  000066b8    00000058     ti_msp_dl_config.o (.text.SYSCFG_DL_init)
                  00006710    00000058     libc.a : _ltoa.c.obj (.text.__TI_ltoa)
                  00006768    00000058            : _printfi.c.obj (.text._pconv_f)
                  000067c0    00000056     libclang_rt.builtins.a : aeabi_idivmod.S.obj (.text.__aeabi_idivmod)
                  00006816    00000002     --HOLE-- [fill = 0]
                  00006818    00000054     ti_msp_dl_config.o (.text.SYSCFG_DL_I2C_OLED_init)
                  0000686c    00000052     libc.a : _printfi.c.obj (.text._ecpy)
                  000068be    00000002     --HOLE-- [fill = 0]
                  000068c0    0000004c     ti_msp_dl_config.o (.text.SYSCFG_DL_SPI_IMU660RB_init)
                  0000690c    0000004c     gpio_toggle_output.o (.text.TIMA0_IRQHandler)
                  00006958    0000004a     libclang_rt.builtins.a : fixdfsi.S.obj (.text.__fixdfsi)
                  000069a2    00000002     --HOLE-- [fill = 0]
                  000069a4    00000048     driverlib.a : dl_uart.o (.text.DL_UART_init)
                  000069ec    00000044                 : dl_spi.o (.text.DL_SPI_init)
                  00006a30    00000040     FusionAhrs.o (.text.FusionAhrsUpdateNoMagnetometer)
                  00006a70    00000040     libclang_rt.builtins.a : aeabi_uidivmod.S.obj (.text.__aeabi_uidivmod)
                  00006ab0    00000040                            : extendsfdf2.S.obj (.text.__extendsfdf2)
                  00006af0    00000040     libc.a : atoi.c.obj (.text.atoi)
                  00006b30    0000003c     ti_msp_dl_config.o (.text.SYSCFG_DL_E1_B_init)
                  00006b6c    0000003c     ti_msp_dl_config.o (.text.SYSCFG_DL_E3_B_init)
                  00006ba8    0000003c     libclang_rt.builtins.a : floatsisf.S.obj (.text.__floatsisf)
                  00006be4    0000003c                            : comparesf2.S.obj (.text.__gtsf2)
                  00006c20    0000003c     libc.a : autoinit.c.obj (.text:__TI_auto_init_nobinit_nopinit)
                  00006c5c    0000003a     libclang_rt.builtins.a : comparesf2.S.obj (.text.__eqsf2)
                  00006c96    00000002     --HOLE-- [fill = 0]
                  00006c98    0000003a                            : muldsi3.S.obj (.text.__muldsi3)
                  00006cd2    00000002     --HOLE-- [fill = 0]
                  00006cd4    00000038     ti_msp_dl_config.o (.text.SYSCFG_DL_TIMER_0_init)
                  00006d0c    00000038     libclang_rt.builtins.a : fixsfsi.S.obj (.text.__fixsfsi)
                  00006d44    00000038     lsm6dsr_reg.o (.text.lsm6dsr_block_data_update_set)
                  00006d7c    00000038     lsm6dsr_reg.o (.text.lsm6dsr_gy_filter_lp1_set)
                  00006db4    00000038     lsm6dsr_reg.o (.text.lsm6dsr_gy_full_scale_set)
                  00006dec    00000038     lsm6dsr_reg.o (.text.lsm6dsr_reset_set)
                  00006e24    00000038     lsm6dsr_reg.o (.text.lsm6dsr_xl_full_scale_set)
                  00006e5c    00000038     libc.a : sprintf.c.obj (.text.sprintf)
                  00006e94    00000036     lsm6dsr_reg.o (.text.lsm6dsr_data_ready_mode_set)
                  00006eca    00000002     --HOLE-- [fill = 0]
                  00006ecc    00000034     encoder.o (.text.TIMA1_IRQHandler)
                  00006f00    00000034     encoder.o (.text.TIMG0_IRQHandler)
                  00006f34    00000034     lsm6dsr_reg.o (.text.lsm6dsr_angular_rate_raw_get)
                  00006f68    00000034     clock.o (.text.mspm0_delay_ms)
                  00006f9c    00000032     libclang_rt.builtins.a : fixunssfsi.S.obj (.text.__fixunssfsi)
                  00006fce    00000002     --HOLE-- [fill = 0]
                  00006fd0    00000030     driverlib.a : dl_uart.o (.text.DL_UART_transmitDataBlocking)
                  00007000    00000030     FusionOffset.o (.text.FusionOffsetInitialise)
                  00007030    00000030     ti_msp_dl_config.o (.text.SYSCFG_DL_SYSCTL_init)
                  00007060    00000030     libc.a : _printfi.c.obj (.text._fcpy)
                  00007090    00000030     encoder.o (.text.encoder_task)
                  000070c0    0000002c     encoder.o (.text.Encoder_Start)
                  000070ec    0000002c     gpio_toggle_output.o (.text.UART1_IRQHandler)
                  00007118    0000002c     libclang_rt.builtins.a : floatsidf.S.obj (.text.__floatsidf)
                  00007144    00000028     clock.o (.text.SysTick_Init)
                  0000716c    00000028     libclang_rt.builtins.a : floatunsisf.S.obj (.text.__floatunsisf)
                  00007194    00000028     libc.a : boot_cortex_m.c.obj (.text:_c_int00_noargs)
                  000071bc    00000026     driverlib.a : dl_i2c.o (.text.DL_I2C_setClockConfig)
                  000071e2    00000002     --HOLE-- [fill = 0]
                  000071e4    00000024     libclang_rt.builtins.a : muldi3.S.obj (.text.__muldi3)
                  00007208    00000022     libc.a : memccpy.c.obj (.text.memccpy)
                  0000722a    00000002     --HOLE-- [fill = 0]
                  0000722c    0000001e     libclang_rt.builtins.a : ashldi3.S.obj (.text.__ashldi3)
                  0000724a    0000001e     lsm6dsr_reg.o (.text.lsm6dsr_reset_get)
                  00007268    0000001c     driverlib.a : dl_timer.o (.text.DL_Timer_setCaptCompUpdateMethod)
                  00007284    0000001c                 : dl_timer.o (.text.DL_Timer_setClockConfig)
                  000072a0    0000001c     lsm6dsr_reg.o (.text.lsm6dsr_gy_flag_data_ready_get)
                  000072bc    00000018     driverlib.a : dl_timer.o (.text.DL_Timer_setCaptureCompareOutCtl)
                  000072d4    00000018     libc.a : sprintf.c.obj (.text._outs)
                  000072ec    00000018     lsm6dsr_reg.o (.text.lsm6dsr_odr_cal_reg_get)
                  00007304    00000018     clock.o (.text.mspm0_get_clock_ms)
                  0000731c    00000016     libc.a : k_rem_pio2.c.obj (.text.OUTLINED_FUNCTION_0)
                  00007332    00000002     --HOLE-- [fill = 0]
                  00007334    00000010     libclang_rt.builtins.a : adddf3.S.obj (.tramp.__aeabi_dadd.1)
                  00007344    00000016     libc.a : copy_zero_init.c.obj (.text:decompress:ZI:__TI_zero_init_nomemset)
                  0000735a    00000002     --HOLE-- [fill = 0]
                  0000735c    00000014     libclang_rt.builtins.a : aeabi_uldivmod.S.obj (.text.__aeabi_uldivmod)
                  00007370    00000014     lsm6dsr_reg.o (.text.lsm6dsr_from_fs2000dps_to_mdps)
                  00007384    00000014     lsm6dsr_reg.o (.text.lsm6dsr_from_fs2g_to_mg)
                  00007398    00000014     lsm6dsr_reg.o (.text.lsm6dsr_read_reg)
                  000073ac    00000014     lsm6dsr_reg.o (.text.lsm6dsr_write_reg)
                  000073c0    00000014     libc.a : _printfi.c.obj (.text.strchr)
                  000073d4    00000012     driverlib.a : dl_spi.o (.text.DL_SPI_setClockConfig)
                  000073e6    00000012                 : dl_uart.o (.text.DL_UART_setClockConfig)
                  000073f8    00000012     libc.a : copy_decompress_none.c.obj (.text:decompress:none)
                  0000740a    00000002     --HOLE-- [fill = 0]
                  0000740c    00000010     driverlib.a : dl_timer.o (.text.DL_Timer_setCaptureCompareValue)
                  0000741c    00000010     FusionAhrs.o (.text.FusionAhrsGetQuaternion)
                  0000742c    00000010     libc.a : k_rem_pio2.c.obj (.text.OUTLINED_FUNCTION_2)
                  0000743c    00000010     gpio_toggle_output.o (.text.SysTick_Handler)
                  0000744c    00000010     libc.a : wcslen.c.obj (.text.wcslen)
                  0000745c    0000000e     libclang_rt.builtins.a : aeabi_memset.S.obj (.text.__aeabi_memset)
                  0000746a    0000000e     lsm6dsr_reg.o (.text.lsm6dsr_device_id_get)
                  00007478    0000000e     libc.a : _printfi.c.obj (.text.strlen)
                  00007486    0000000a     driverlib.a : dl_common.o (.text.DL_Common_delayCycles)
                  00007490    0000000a     libc.a : _printfi.c.obj (.text.OUTLINED_FUNCTION_0)
                  0000749a    00000002     --HOLE-- [fill = 0]
                  0000749c    00000010     libclang_rt.builtins.a : adddf3.S.obj (.tramp.__aeabi_dsub.1)
                  000074ac    0000000a     libc.a : _printfi.c.obj (.text.OUTLINED_FUNCTION_1)
                  000074b6    0000000a            : k_rem_pio2.c.obj (.text.OUTLINED_FUNCTION_1)
                  000074c0    0000000a            : s_cosf.c.obj (.text.OUTLINED_FUNCTION_3)
                  000074ca    0000000a            : s_sinf.c.obj (.text.OUTLINED_FUNCTION_3)
                  000074d4    0000000a            : sprintf.c.obj (.text._outc)
                  000074de    00000002     --HOLE-- [fill = 0]
                  000074e0    00000008            : aeabi_portable.c.obj (.text.__aeabi_errno_addr)
                  000074e8    00000008     libclang_rt.builtins.a : aeabi_memcpy.S.obj (.text.__aeabi_memcpy)
                  000074f0    00000008     imu660rb.o (.text.platform_delay)
                  000074f8    00000006     libc.a : e_asinf.c.obj (.text.OUTLINED_FUNCTION_0)
                  000074fe    00000002     --HOLE-- [fill = 0]
                  00007500    00000010     libclang_rt.builtins.a : mulsf3.S.obj (.tramp.__aeabi_fmul.1)
                  00007510    00000006     libc.a : s_atanf.c.obj (.text.OUTLINED_FUNCTION_0)
                  00007516    00000002     --HOLE-- [fill = 0]
                  00007518    00000010     libclang_rt.builtins.a : divsf3.S.obj (.tramp.__aeabi_fdiv.1)
                  00007528    00000006     libc.a : s_cosf.c.obj (.text.OUTLINED_FUNCTION_0)
                  0000752e    00000002     --HOLE-- [fill = 0]
                  00007530    00000010     libclang_rt.builtins.a : muldf3.S.obj (.tramp.__aeabi_dmul.1)
                  00007540    00000006     libc.a : s_sinf.c.obj (.text.OUTLINED_FUNCTION_0)
                  00007546    00000006            : s_cosf.c.obj (.text.OUTLINED_FUNCTION_1)
                  0000754c    00000006            : s_sinf.c.obj (.text.OUTLINED_FUNCTION_1)
                  00007552    00000006            : exit.c.obj (.text:abort)
                  00007558    00000004     libsysbm.a : hostexit.c.obj (.text.HOSTexit)
                  0000755c    00000004     libc.a : s_atanf.c.obj (.text.OUTLINED_FUNCTION_1)
                  00007560    00000010     libclang_rt.builtins.a : addsf3.S.obj (.tramp.__aeabi_fadd.1)
                  00007570    00000004     libc.a : s_cosf.c.obj (.text.OUTLINED_FUNCTION_2)
                  00007574    00000010     libclang_rt.builtins.a : extendsfdf2.S.obj (.tramp.__aeabi_f2d.1)
                  00007584    00000004     libc.a : s_sinf.c.obj (.text.OUTLINED_FUNCTION_2)
                  00007588    00000004     startup_mspm0g350x_ticlang.o (.text.Reset_Handler)
                  0000758c    00000004     libc.a : pre_init.c.obj (.text._system_pre_init)

.cinit     0    00008110    00000048     
                  00008110    00000023     (.cinit..data.load) [load image, compression = lzss]
                  00008133    00000001     --HOLE-- [fill = 0]
                  00008134    0000000c     (__TI_handler_table)
                  00008140    00000008     (.cinit..bss.load) [load image, compression = zero_init]
                  00008148    00000010     (__TI_cinit_table)

.rodata    0    00007590    00000b80     
                  00007590    000005f0     oled_hardware_i2c.o (.rodata.asc2_1608)
                  00007b80    00000228     oled_hardware_i2c.o (.rodata.asc2_0806)
                  00007da8    00000108     libc.a : k_rem_pio2.c.obj (.rodata.ipio2)
                  00007eb0    00000101            : aeabi_ctype.S.obj (.rodata:__aeabi_ctype_table_)
                  00007fb1    00000007     gpio_toggle_output.o (.rodata.str1.2745267647703410976.1)
                  00007fb8    00000040     libc.a : k_rem_pio2.c.obj (.rodata.PIo2)
                  00007ff8    00000020            : s_atanf.c.obj (.rodata.cst16)
                  00008018    00000018     FusionAhrs.o (.rodata..L__const.FusionAhrsInitialise.settings)
                  00008030    00000014     ti_msp_dl_config.o (.rodata.gTIMER_0TimerConfig)
                  00008044    00000011     libc.a : _printfi.c.obj (.rodata.str1.10348868589481759720.1)
                  00008055    00000011            : _printfi.c.obj (.rodata.str1.15363888844622738466.1)
                  00008066    00000002     ti_msp_dl_config.o (.rodata.gI2C_OLEDClockConfig)
                  00008068    00000010     libc.a : k_rem_pio2.c.obj (.rodata.cst16)
                  00008078    00000010     ti_msp_dl_config.o (.rodata.gE1_BCaptureConfig)
                  00008088    00000010     ti_msp_dl_config.o (.rodata.gE3_BCaptureConfig)
                  00008098    0000000c     driverlib.a : dl_timer.o (.rodata..Lswitch.table.DL_Timer_initCompareMode)
                  000080a4    0000000c     gpio_toggle_output.o (.rodata.str1.15113692215023319882.1)
                  000080b0    0000000c     gpio_toggle_output.o (.rodata.str1.5807257539606399117.1)
                  000080bc    0000000c     gpio_toggle_output.o (.rodata.str1.6926779734840550670.1)
                  000080c8    0000000a     ti_msp_dl_config.o (.rodata.gSPI_IMU660RB_config)
                  000080d2    0000000a     ti_msp_dl_config.o (.rodata.gUART_0Config)
                  000080dc    00000008     ti_msp_dl_config.o (.rodata.gPWM_0Config)
                  000080e4    00000008     ti_msp_dl_config.o (.rodata.gPWM_1Config)
                  000080ec    00000006     gpio_toggle_output.o (.rodata.str1.48456419029742142.1)
                  000080f2    00000006     gpio_toggle_output.o (.rodata.str1.7293075287338320947.1)
                  000080f8    00000003     ti_msp_dl_config.o (.rodata.gE1_BClockConfig)
                  000080fb    00000003     ti_msp_dl_config.o (.rodata.gE3_BClockConfig)
                  000080fe    00000003     ti_msp_dl_config.o (.rodata.gPWM_0ClockConfig)
                  00008101    00000003     ti_msp_dl_config.o (.rodata.gPWM_1ClockConfig)
                  00008104    00000003     ti_msp_dl_config.o (.rodata.gTIMER_0ClockConfig)
                  00008107    00000002     ti_msp_dl_config.o (.rodata.gSPI_IMU660RB_clockConfig)
                  00008109    00000002     ti_msp_dl_config.o (.rodata.gUART_0ClockConfig)
                  0000810b    00000005     --HOLE-- [fill = 0]

.init_array 
*          0    00000000    00000000     UNINITIALIZED

.binit     0    00000000    00000000     

.bss       0    20200000    00000338     UNINITIALIZED
                  20200000    000000bc     (.common:gE3_BBackup)
                  202000bc    000000bc     (.common:gTIMER_0Backup)
                  20200178    000000a0     (.common:gPWM_1Backup)
                  20200218    00000074     (.common:ahrs)
                  2020028c    00000028     (.common:gSPI_IMU660RBBackup)
                  202002b4    00000018     imu660rb.o (.bss.offset)
                  202002cc    00000018     gpio_toggle_output.o (.bss.oled_buf)
                  202002e4    00000014     imu660rb.o (.bss.dev_ctx)
                  202002f8    0000000c     (.common:acceleration_mg)
                  20200304    0000000c     (.common:angular_rate_mdps)
                  20200310    0000000c     (.common:euler)
                  2020031c    00000006     imu660rb.o (.bss.data_raw_angular_rate)
                  20200322    00000002     imu660rb.o (.bss.data_raw_acceleration.1)
                  20200324    00000004     imu660rb.o (.bss.samplePeriod)
                  20200328    00000004     imu660rb.o (.bss.sampleRate)
                  2020032c    00000004     (.common:start_time)
                  20200330    00000004     (.common:tick_ms)
                  20200334    00000002     imu660rb.o (.bss.data_raw_acceleration.2)
                  20200336    00000001     imu660rb.o (.bss.rst)
                  20200337    00000001     imu660rb.o (.bss.whoamI)

.data      0    20200338    00000049     UNINITIALIZED
                  20200338    00000018     encoder.o (.data.gEncMotor1)
                  20200350    00000018     encoder.o (.data.gEncMotor3)
                  20200368    00000004     libc.a : aeabi_portable.c.obj (.data.__aeabi_errno)
                  2020036c    00000004     gpio_toggle_output.o (.data.gTimerTest)
                  20200370    00000004     imu660rb.o (.data.gyroscopeOffset.0)
                  20200374    00000004     imu660rb.o (.data.gyroscopeOffset.1)
                  20200378    00000004     imu660rb.o (.data.gyroscopeOffset.2)
                  2020037c    00000002     encoder.o (.data.s_encTick)
                  2020037e    00000001     gpio_toggle_output.o (.data.gDataReceived)
                  2020037f    00000001     gpio_toggle_output.o (.data.gRxByte)
                  20200380    00000001     gpio_toggle_output.o (.data.sched_tick)

.stack     0    20207e00    00000200     UNINITIALIZED
                  20207e00    00000004     libc.a : boot_cortex_m.c.obj (.stack)
                  20207e04    000001fc     --HOLE--

__llvm_prf_cnts 
*          0    20200000    00000000     UNINITIALIZED

__llvm_prf_bits 
*          0    20200000    00000000     UNINITIALIZED

MODULE SUMMARY

       Module                         code    ro data   rw data
       ------                         ----    -------   -------
    .\
       ti_msp_dl_config.o             1220    109       576    
       gpio_toggle_output.o           452     55        31     
       startup_mspm0g350x_ticlang.o   6       192       0      
    +--+------------------------------+-------+---------+---------+
       Total:                         1678    356       607    
                                                               
    .\hardware\
       oled_hardware_i2c.o            4912    2072      0      
       encoder.o                      196     0         50     
       clock.o                        116     0         8      
    +--+------------------------------+-------+---------+---------+
       Total:                         5224    2072      58     
                                                               
    .\hardware\IMU660RB\
       imu660rb.o                     2320    0         228    
       lsm6dsr_reg.o                  2012    0         0      
    +--+------------------------------+-------+---------+---------+
       Total:                         4332    0         228    
                                                               
    .\hardware\IMU660RB\Fusion\
       FusionAhrs.o                   3348    24        0      
       FusionOffset.o                 272     0         0      
    +--+------------------------------+-------+---------+---------+
       Total:                         3620    24        0      
                                                               
    C:/ti/mspm0_sdk_2_09_00_01/source/ti/driverlib/lib/ticlang/m0p/mspm0g1x0x_g3x0x/driverlib.a
       dl_timer.o                     892     12        0      
       dl_uart.o                      138     0         0      
       dl_i2c.o                       132     0         0      
       dl_spi.o                       86      0         0      
       dl_common.o                    10      0         0      
    +--+------------------------------+-------+---------+---------+
       Total:                         1258    12        0      
                                                               
    C:\ti\ccs2041\ccs\tools\compiler\ti-cgt-armllvm_4.0.4.LTS\lib\armv6m-ti-none-eabi/c/libc.a
       _printfi.c.obj                 4510    34        0      
       k_rem_pio2.c.obj               1652    344       0      
       s_cosf.c.obj                   822     0         0      
       s_sinf.c.obj                   810     0         0      
       s_atanf.c.obj                  466     32        0      
       e_sqrt.c.obj                   368     0         0      
       e_asinf.c.obj                  358     0         0      
       s_floor.c.obj                  324     0         0      
       e_atan2f.c.obj                 280     0         0      
       aeabi_ctype.S.obj              0       257       0      
       s_scalbn.c.obj                 216     0         0      
       memcpy16.S.obj                 154     0         0      
       copy_decompress_lzss.c.obj     124     0         0      
       memset16.S.obj                 98      0         0      
       s_frexp.c.obj                  92      0         0      
       sprintf.c.obj                  90      0         0      
       _ltoa.c.obj                    88      0         0      
       atoi.c.obj                     64      0         0      
       autoinit.c.obj                 60      0         0      
       boot_cortex_m.c.obj            40      0         0      
       memccpy.c.obj                  34      0         0      
       copy_zero_init.c.obj           22      0         0      
       copy_decompress_none.c.obj     18      0         0      
       wcslen.c.obj                   16      0         0      
       aeabi_portable.c.obj           8       0         4      
       exit.c.obj                     6       0         0      
       pre_init.c.obj                 4       0         0      
    +--+------------------------------+-------+---------+---------+
       Total:                         10724   667       4      
                                                               
    C:\ti\ccs2041\ccs\tools\compiler\ti-cgt-armllvm_4.0.4.LTS\lib\armv6m-ti-none-eabi/c/libsysbm.a
       hostexit.c.obj                 4       0         0      
    +--+------------------------------+-------+---------+---------+
       Total:                         4       0         0      
                                                               
    C:\ti\ccs2041\ccs\tools\compiler\ti-cgt-armllvm_4.0.4.LTS\lib\armv6m-ti-none-eabi/libclang_rt.builtins.a
       adddf3.S.obj                   434     0         0      
       divdf3.S.obj                   268     0         0      
       muldf3.S.obj                   244     0         0      
       addsf3.S.obj                   232     0         0      
       comparedf2.c.obj               220     0         0      
       udivmoddi4.S.obj               162     0         0      
       mulsf3.S.obj                   156     0         0      
       divsf3.S.obj                   146     0         0      
       comparesf2.S.obj               118     0         0      
       truncdfsf2.S.obj               116     0         0      
       aeabi_dcmp.S.obj               98      0         0      
       aeabi_fcmp.S.obj               98      0         0      
       aeabi_idivmod.S.obj            86      0         0      
       extendsfdf2.S.obj              80      0         0      
       fixdfsi.S.obj                  74      0         0      
       aeabi_uidivmod.S.obj           64      0         0      
       floatsisf.S.obj                60      0         0      
       muldsi3.S.obj                  58      0         0      
       fixsfsi.S.obj                  56      0         0      
       fixunssfsi.S.obj               50      0         0      
       floatsidf.S.obj                44      0         0      
       floatunsisf.S.obj              40      0         0      
       muldi3.S.obj                   36      0         0      
       ashldi3.S.obj                  30      0         0      
       aeabi_uldivmod.S.obj           20      0         0      
       aeabi_memset.S.obj             14      0         0      
       aeabi_memcpy.S.obj             8       0         0      
       aeabi_div0.c.obj               4       0         0      
    +--+------------------------------+-------+---------+---------+
       Total:                         3016    0         0      
                                                               
       Stack:                         0       0         512    
       Linker Generated:              0       71        0      
    +--+------------------------------+-------+---------+---------+
       Grand Total:                   29856   3202      1409   


LINKER GENERATED COPY TABLES

__TI_cinit_table @ 00008148 records: 2, size/record: 8, table size: 16
	.data: load addr=00008110, load size=00000023 bytes, run addr=20200338, run size=00000049 bytes, compression=lzss
	.bss: load addr=00008140, load size=00000008 bytes, run addr=20200000, run size=00000338 bytes, compression=zero_init


LINKER GENERATED HANDLER TABLE

__TI_handler_table @ 00008134 records: 3, size/record: 4, table size: 12
	index: 0, handler: __TI_decompress_lzss
	index: 1, handler: __TI_decompress_none
	index: 2, handler: __TI_zero_init


FAR CALL TRAMPOLINES

callee name               trampoline name
   callee addr  tramp addr   call addr  call info
--------------  -----------  ---------  ----------------
__aeabi_dadd              $Tramp$TT$L$PI$$__aeabi_dadd
   00003cef     00007334     00007330   libc.a : k_rem_pio2.c.obj (.text.OUTLINED_FUNCTION_0)
                             000074be          : k_rem_pio2.c.obj (.text.OUTLINED_FUNCTION_1)
                             000074c8          : s_cosf.c.obj (.text.OUTLINED_FUNCTION_3)
                             000074d2          : s_sinf.c.obj (.text.OUTLINED_FUNCTION_3)
__aeabi_dsub              $Tramp$TT$L$PI$$__aeabi_dsub
   00003ce5     0000749c     00007498   libc.a : _printfi.c.obj (.text.OUTLINED_FUNCTION_0)
__aeabi_fmul              $Tramp$TT$L$PI$$__aeabi_fmul
   00005e75     00007500     000074fc   libc.a : e_asinf.c.obj (.text.OUTLINED_FUNCTION_0)
__aeabi_fdiv              $Tramp$TT$L$PI$$__aeabi_fdiv
   00005f89     00007518     00007514   libc.a : s_atanf.c.obj (.text.OUTLINED_FUNCTION_0)
__aeabi_dmul              $Tramp$TT$L$PI$$__aeabi_dmul
   000052d5     00007530     0000752c   libc.a : s_cosf.c.obj (.text.OUTLINED_FUNCTION_0)
                             00007544          : s_sinf.c.obj (.text.OUTLINED_FUNCTION_0)
                             0000754a          : s_cosf.c.obj (.text.OUTLINED_FUNCTION_1)
                             00007550          : s_sinf.c.obj (.text.OUTLINED_FUNCTION_1)
__aeabi_fadd              $Tramp$TT$L$PI$$__aeabi_fadd
   00005813     00007560     0000755e   libc.a : s_atanf.c.obj (.text.OUTLINED_FUNCTION_1)
__aeabi_f2d               $Tramp$TT$L$PI$$__aeabi_f2d
   00006ab1     00007574     00007572   libc.a : s_cosf.c.obj (.text.OUTLINED_FUNCTION_2)
                             00007586          : s_sinf.c.obj (.text.OUTLINED_FUNCTION_2)

[7 trampolines]
[14 trampoline calls]


GLOBAL SYMBOLS: SORTED ALPHABETICALLY BY Name 

address   name                            
-------   ----                            
000013bb  ADC0_IRQHandler                 
000013bb  ADC1_IRQHandler                 
000013bb  AES_IRQHandler                  
00007558  C$$EXIT                         
000013bb  CANFD0_IRQHandler               
000013bb  DAC0_IRQHandler                 
00007487  DL_Common_delayCycles           
000065a5  DL_I2C_fillControllerTXFIFO     
000071bd  DL_I2C_setClockConfig           
000069ed  DL_SPI_init                     
000073d5  DL_SPI_setClockConfig           
00004bb5  DL_Timer_initCaptureMode        
00004ef5  DL_Timer_initFourCCPWMMode      
00004ff9  DL_Timer_initTimerMode          
00007269  DL_Timer_setCaptCompUpdateMethod
000072bd  DL_Timer_setCaptureCompareOutCtl
0000740d  DL_Timer_setCaptureCompareValue 
00007285  DL_Timer_setClockConfig         
000069a5  DL_UART_init                    
000073e7  DL_UART_setClockConfig          
00006fd1  DL_UART_transmitDataBlocking    
000013bb  DMA_IRQHandler                  
000013bb  Default_Handler                 
000070c1  Encoder_Start                   
0000741d  FusionAhrsGetQuaternion         
00006661  FusionAhrsInitialise            
00003b49  FusionAhrsSetHeading            
000053b9  FusionAhrsSetSettings           
000013bd  FusionAhrsUpdate                
00006a31  FusionAhrsUpdateNoMagnetometer  
00007001  FusionOffsetInitialise          
00005499  FusionOffsetUpdate              
00002a19  FusionTasks                     
000013bb  GROUP0_IRQHandler               
000013bb  GROUP1_IRQHandler               
00007559  HOSTexit                        
000013bb  HardFault_Handler               
000013bb  I2C0_IRQHandler                 
000013bb  I2C1_IRQHandler                 
00002e65  IMU660RB_Init                   
000013bb  NMI_Handler                     
00002745  OLED_Init                       
00005579  OLED_ShowChar                   
000022b5  OLED_ShowNum                    
00000a91  OLED_ShowSignedNum              
00006089  OLED_ShowString                 
00004451  OLED_WR_Byte                    
000013bb  PendSV_Handler                  
000013bb  RTC_IRQHandler                  
00003989  Read_IMU660RB                   
00007589  Reset_Handler                   
000013bb  SPI0_IRQHandler                 
000013bb  SPI1_IRQHandler                 
000013bb  SVC_Handler                     
00006b31  SYSCFG_DL_E1_B_init             
00006b6d  SYSCFG_DL_E3_B_init             
00005655  SYSCFG_DL_GPIO_init             
00006819  SYSCFG_DL_I2C_OLED_init         
00005d5d  SYSCFG_DL_PWM_0_init            
00005de9  SYSCFG_DL_PWM_1_init            
000068c1  SYSCFG_DL_SPI_IMU660RB_init     
00007031  SYSCFG_DL_SYSCTL_init           
00006cd5  SYSCFG_DL_TIMER_0_init          
00006265  SYSCFG_DL_UART_0_init           
000066b9  SYSCFG_DL_init                  
00005f01  SYSCFG_DL_initPower             
0000743d  SysTick_Handler                 
00007145  SysTick_Init                    
0000690d  TIMA0_IRQHandler                
00006ecd  TIMA1_IRQHandler                
00006f01  TIMG0_IRQHandler                
000013bb  TIMG12_IRQHandler               
000013bb  TIMG6_IRQHandler                
000013bb  TIMG7_IRQHandler                
000013bb  TIMG8_IRQHandler                
000013bb  UART0_IRQHandler                
000070ed  UART1_IRQHandler                
000013bb  UART2_IRQHandler                
000013bb  UART3_IRQHandler                
20208000  __STACK_END                     
00000200  __STACK_SIZE                    
00000000  __TI_ATRegion0_region_sz        
00000000  __TI_ATRegion0_src_addr         
00000000  __TI_ATRegion0_trg_addr         
00000000  __TI_ATRegion1_region_sz        
00000000  __TI_ATRegion1_src_addr         
00000000  __TI_ATRegion1_trg_addr         
00000000  __TI_ATRegion2_region_sz        
00000000  __TI_ATRegion2_src_addr         
00000000  __TI_ATRegion2_trg_addr         
00008148  __TI_CINIT_Base                 
00008158  __TI_CINIT_Limit                
00008158  __TI_CINIT_Warm                 
00008134  __TI_Handler_Table_Base         
00008140  __TI_Handler_Table_Limit        
00006c21  __TI_auto_init_nobinit_nopinit  
0000600d  __TI_decompress_lzss            
000073f9  __TI_decompress_none            
00006711  __TI_ltoa                       
ffffffff  __TI_pprof_out_hndl             
000000c1  __TI_printfi                    
ffffffff  __TI_prof_data_size             
ffffffff  __TI_prof_data_start            
00000000  __TI_static_base__              
00007345  __TI_zero_init_nomemset         
00003cef  __adddf3                        
00005813  __addsf3                        
00007eb0  __aeabi_ctype_table_            
00007eb0  __aeabi_ctype_table_C           
000061f1  __aeabi_d2f                     
00006959  __aeabi_d2iz                    
00003cef  __aeabi_dadd                    
0000647d  __aeabi_dcmpeq                  
000064b9  __aeabi_dcmpge                  
000064cd  __aeabi_dcmpgt                  
000064a5  __aeabi_dcmple                  
00006491  __aeabi_dcmplt                  
00004de9  __aeabi_ddiv                    
000052d5  __aeabi_dmul                    
00003ce5  __aeabi_dsub                    
20200368  __aeabi_errno                   
000074e1  __aeabi_errno_addr              
00006ab1  __aeabi_f2d                     
00006d0d  __aeabi_f2iz                    
00006f9d  __aeabi_f2uiz                   
00005813  __aeabi_fadd                    
000064e1  __aeabi_fcmpeq                  
0000651d  __aeabi_fcmpge                  
00006531  __aeabi_fcmpgt                  
00006509  __aeabi_fcmple                  
000064f5  __aeabi_fcmplt                  
00005f89  __aeabi_fdiv                    
00005e75  __aeabi_fmul                    
00005809  __aeabi_fsub                    
00007119  __aeabi_i2d                     
00006ba9  __aeabi_i2f                     
000067c1  __aeabi_idiv                    
00003e77  __aeabi_idiv0                   
000067c1  __aeabi_idivmod                 
00005ae3  __aeabi_ldiv0                   
0000722d  __aeabi_llsl                    
000071e5  __aeabi_lmul                    
000074e9  __aeabi_memcpy                  
000074e9  __aeabi_memcpy4                 
000074e9  __aeabi_memcpy8                 
0000745d  __aeabi_memset                  
0000745d  __aeabi_memset4                 
0000745d  __aeabi_memset8                 
0000716d  __aeabi_ui2f                    
00006a71  __aeabi_uidiv                   
00006a71  __aeabi_uidivmod                
0000735d  __aeabi_uldivmod                
0000722d  __ashldi3                       
ffffffff  __binit__                       
00006345  __cmpdf2                        
00006c5d  __cmpsf2                        
00004de9  __divdf3                        
00005f89  __divsf3                        
00006345  __eqdf2                         
00006c5d  __eqsf2                         
00006ab1  __extendsfdf2                   
00006959  __fixdfsi                       
00006d0d  __fixsfsi                       
00006f9d  __fixunssfsi                    
00007119  __floatsidf                     
00006ba9  __floatsisf                     
0000716d  __floatunsisf                   
0000617d  __gedf2                         
00006be5  __gesf2                         
0000617d  __gtdf2                         
00006be5  __gtsf2                         
00001c71  __kernel_rem_pio2               
00006345  __ledf2                         
00006c5d  __lesf2                         
00006345  __ltdf2                         
00006c5d  __ltsf2                         
UNDEFED   __mpu_init                      
000052d5  __muldf3                        
000071e5  __muldi3                        
00006c99  __muldsi3                       
00005e75  __mulsf3                        
00006345  __nedf2                         
00006c5d  __nesf2                         
20207e00  __stack                         
20200000  __start___llvm_prf_bits         
20200000  __start___llvm_prf_cnts         
20200000  __stop___llvm_prf_bits          
20200000  __stop___llvm_prf_cnts          
00003ce5  __subdf3                        
00005809  __subsf3                        
000061f1  __truncdfsf2                    
00005ae5  __udivmoddi4                    
00007195  _c_int00_noargs                 
UNDEFED   _system_post_cinit              
0000758d  _system_pre_init                
00007553  abort                           
202002f8  acceleration_mg                 
20200218  ahrs                            
20200304  angular_rate_mdps               
000042f1  asinf                           
00004cd1  atan2f                          
000035f9  atanf                           
00006af1  atoi                            
ffffffff  binit                           
00003255  cosf                            
00007091  encoder_task                    
20200310  euler                           
0000459d  floor                           
0000459d  floorl                          
00006605  frexp                           
00006605  frexpl                          
2020037e  gDataReceived                   
20200000  gE3_BBackup                     
20200338  gEncMotor1                      
20200350  gEncMotor3                      
20200178  gPWM_1Backup                    
2020037f  gRxByte                         
2020028c  gSPI_IMU660RBBackup             
202000bc  gTIMER_0Backup                  
2020036c  gTimerTest                      
00000000  interruptVectors                
00005731  ldexp                           
00005731  ldexpl                          
00006f35  lsm6dsr_angular_rate_raw_get    
00006d45  lsm6dsr_block_data_update_set   
00006e95  lsm6dsr_data_ready_mode_set     
0000746b  lsm6dsr_device_id_get           
00007371  lsm6dsr_from_fs2000dps_to_mdps  
00007385  lsm6dsr_from_fs2g_to_mg         
000062d5  lsm6dsr_fsm_data_rate_get       
00006103  lsm6dsr_fsm_enable_get          
000050f5  lsm6dsr_gy_data_rate_set        
00006d7d  lsm6dsr_gy_filter_lp1_set       
000072a1  lsm6dsr_gy_flag_data_ready_get  
00006db5  lsm6dsr_gy_full_scale_set       
000063ad  lsm6dsr_i3c_disable_set         
000072ed  lsm6dsr_odr_cal_reg_get         
00005a39  lsm6dsr_pin_int1_route_get      
00003429  lsm6dsr_pin_int1_route_set      
00007399  lsm6dsr_read_reg                
0000724b  lsm6dsr_reset_get               
00006ded  lsm6dsr_reset_set               
000073ad  lsm6dsr_write_reg               
000051e5  lsm6dsr_xl_data_rate_set        
00006e25  lsm6dsr_xl_full_scale_set       
00004959  main                            
00007209  memccpy                         
00005cc1  memcpy                          
00006543  memset                          
00006f69  mspm0_delay_ms                  
00007305  mspm0_get_clock_ms              
00005731  scalbn                          
00005731  scalbnl                         
000037c1  sinf                            
00006e5d  sprintf                         
00004181  sqrt                            
00004181  sqrtl                           
2020032c  start_time                      
20200330  tick_ms                         
0000744d  wcslen                          


GLOBAL SYMBOLS: SORTED BY Symbol Address 

address   name                            
-------   ----                            
00000000  __TI_ATRegion0_region_sz        
00000000  __TI_ATRegion0_src_addr         
00000000  __TI_ATRegion0_trg_addr         
00000000  __TI_ATRegion1_region_sz        
00000000  __TI_ATRegion1_src_addr         
00000000  __TI_ATRegion1_trg_addr         
00000000  __TI_ATRegion2_region_sz        
00000000  __TI_ATRegion2_src_addr         
00000000  __TI_ATRegion2_trg_addr         
00000000  __TI_static_base__              
00000000  interruptVectors                
000000c1  __TI_printfi                    
00000200  __STACK_SIZE                    
00000a91  OLED_ShowSignedNum              
000013bb  ADC0_IRQHandler                 
000013bb  ADC1_IRQHandler                 
000013bb  AES_IRQHandler                  
000013bb  CANFD0_IRQHandler               
000013bb  DAC0_IRQHandler                 
000013bb  DMA_IRQHandler                  
000013bb  Default_Handler                 
000013bb  GROUP0_IRQHandler               
000013bb  GROUP1_IRQHandler               
000013bb  HardFault_Handler               
000013bb  I2C0_IRQHandler                 
000013bb  I2C1_IRQHandler                 
000013bb  NMI_Handler                     
000013bb  PendSV_Handler                  
000013bb  RTC_IRQHandler                  
000013bb  SPI0_IRQHandler                 
000013bb  SPI1_IRQHandler                 
000013bb  SVC_Handler                     
000013bb  TIMG12_IRQHandler               
000013bb  TIMG6_IRQHandler                
000013bb  TIMG7_IRQHandler                
000013bb  TIMG8_IRQHandler                
000013bb  UART0_IRQHandler                
000013bb  UART2_IRQHandler                
000013bb  UART3_IRQHandler                
000013bd  FusionAhrsUpdate                
00001c71  __kernel_rem_pio2               
000022b5  OLED_ShowNum                    
00002745  OLED_Init                       
00002a19  FusionTasks                     
00002e65  IMU660RB_Init                   
00003255  cosf                            
00003429  lsm6dsr_pin_int1_route_set      
000035f9  atanf                           
000037c1  sinf                            
00003989  Read_IMU660RB                   
00003b49  FusionAhrsSetHeading            
00003ce5  __aeabi_dsub                    
00003ce5  __subdf3                        
00003cef  __adddf3                        
00003cef  __aeabi_dadd                    
00003e77  __aeabi_idiv0                   
00004181  sqrt                            
00004181  sqrtl                           
000042f1  asinf                           
00004451  OLED_WR_Byte                    
0000459d  floor                           
0000459d  floorl                          
00004959  main                            
00004bb5  DL_Timer_initCaptureMode        
00004cd1  atan2f                          
00004de9  __aeabi_ddiv                    
00004de9  __divdf3                        
00004ef5  DL_Timer_initFourCCPWMMode      
00004ff9  DL_Timer_initTimerMode          
000050f5  lsm6dsr_gy_data_rate_set        
000051e5  lsm6dsr_xl_data_rate_set        
000052d5  __aeabi_dmul                    
000052d5  __muldf3                        
000053b9  FusionAhrsSetSettings           
00005499  FusionOffsetUpdate              
00005579  OLED_ShowChar                   
00005655  SYSCFG_DL_GPIO_init             
00005731  ldexp                           
00005731  ldexpl                          
00005731  scalbn                          
00005731  scalbnl                         
00005809  __aeabi_fsub                    
00005809  __subsf3                        
00005813  __addsf3                        
00005813  __aeabi_fadd                    
00005a39  lsm6dsr_pin_int1_route_get      
00005ae3  __aeabi_ldiv0                   
00005ae5  __udivmoddi4                    
00005cc1  memcpy                          
00005d5d  SYSCFG_DL_PWM_0_init            
00005de9  SYSCFG_DL_PWM_1_init            
00005e75  __aeabi_fmul                    
00005e75  __mulsf3                        
00005f01  SYSCFG_DL_initPower             
00005f89  __aeabi_fdiv                    
00005f89  __divsf3                        
0000600d  __TI_decompress_lzss            
00006089  OLED_ShowString                 
00006103  lsm6dsr_fsm_enable_get          
0000617d  __gedf2                         
0000617d  __gtdf2                         
000061f1  __aeabi_d2f                     
000061f1  __truncdfsf2                    
00006265  SYSCFG_DL_UART_0_init           
000062d5  lsm6dsr_fsm_data_rate_get       
00006345  __cmpdf2                        
00006345  __eqdf2                         
00006345  __ledf2                         
00006345  __ltdf2                         
00006345  __nedf2                         
000063ad  lsm6dsr_i3c_disable_set         
0000647d  __aeabi_dcmpeq                  
00006491  __aeabi_dcmplt                  
000064a5  __aeabi_dcmple                  
000064b9  __aeabi_dcmpge                  
000064cd  __aeabi_dcmpgt                  
000064e1  __aeabi_fcmpeq                  
000064f5  __aeabi_fcmplt                  
00006509  __aeabi_fcmple                  
0000651d  __aeabi_fcmpge                  
00006531  __aeabi_fcmpgt                  
00006543  memset                          
000065a5  DL_I2C_fillControllerTXFIFO     
00006605  frexp                           
00006605  frexpl                          
00006661  FusionAhrsInitialise            
000066b9  SYSCFG_DL_init                  
00006711  __TI_ltoa                       
000067c1  __aeabi_idiv                    
000067c1  __aeabi_idivmod                 
00006819  SYSCFG_DL_I2C_OLED_init         
000068c1  SYSCFG_DL_SPI_IMU660RB_init     
0000690d  TIMA0_IRQHandler                
00006959  __aeabi_d2iz                    
00006959  __fixdfsi                       
000069a5  DL_UART_init                    
000069ed  DL_SPI_init                     
00006a31  FusionAhrsUpdateNoMagnetometer  
00006a71  __aeabi_uidiv                   
00006a71  __aeabi_uidivmod                
00006ab1  __aeabi_f2d                     
00006ab1  __extendsfdf2                   
00006af1  atoi                            
00006b31  SYSCFG_DL_E1_B_init             
00006b6d  SYSCFG_DL_E3_B_init             
00006ba9  __aeabi_i2f                     
00006ba9  __floatsisf                     
00006be5  __gesf2                         
00006be5  __gtsf2                         
00006c21  __TI_auto_init_nobinit_nopinit  
00006c5d  __cmpsf2                        
00006c5d  __eqsf2                         
00006c5d  __lesf2                         
00006c5d  __ltsf2                         
00006c5d  __nesf2                         
00006c99  __muldsi3                       
00006cd5  SYSCFG_DL_TIMER_0_init          
00006d0d  __aeabi_f2iz                    
00006d0d  __fixsfsi                       
00006d45  lsm6dsr_block_data_update_set   
00006d7d  lsm6dsr_gy_filter_lp1_set       
00006db5  lsm6dsr_gy_full_scale_set       
00006ded  lsm6dsr_reset_set               
00006e25  lsm6dsr_xl_full_scale_set       
00006e5d  sprintf                         
00006e95  lsm6dsr_data_ready_mode_set     
00006ecd  TIMA1_IRQHandler                
00006f01  TIMG0_IRQHandler                
00006f35  lsm6dsr_angular_rate_raw_get    
00006f69  mspm0_delay_ms                  
00006f9d  __aeabi_f2uiz                   
00006f9d  __fixunssfsi                    
00006fd1  DL_UART_transmitDataBlocking    
00007001  FusionOffsetInitialise          
00007031  SYSCFG_DL_SYSCTL_init           
00007091  encoder_task                    
000070c1  Encoder_Start                   
000070ed  UART1_IRQHandler                
00007119  __aeabi_i2d                     
00007119  __floatsidf                     
00007145  SysTick_Init                    
0000716d  __aeabi_ui2f                    
0000716d  __floatunsisf                   
00007195  _c_int00_noargs                 
000071bd  DL_I2C_setClockConfig           
000071e5  __aeabi_lmul                    
000071e5  __muldi3                        
00007209  memccpy                         
0000722d  __aeabi_llsl                    
0000722d  __ashldi3                       
0000724b  lsm6dsr_reset_get               
00007269  DL_Timer_setCaptCompUpdateMethod
00007285  DL_Timer_setClockConfig         
000072a1  lsm6dsr_gy_flag_data_ready_get  
000072bd  DL_Timer_setCaptureCompareOutCtl
000072ed  lsm6dsr_odr_cal_reg_get         
00007305  mspm0_get_clock_ms              
00007345  __TI_zero_init_nomemset         
0000735d  __aeabi_uldivmod                
00007371  lsm6dsr_from_fs2000dps_to_mdps  
00007385  lsm6dsr_from_fs2g_to_mg         
00007399  lsm6dsr_read_reg                
000073ad  lsm6dsr_write_reg               
000073d5  DL_SPI_setClockConfig           
000073e7  DL_UART_setClockConfig          
000073f9  __TI_decompress_none            
0000740d  DL_Timer_setCaptureCompareValue 
0000741d  FusionAhrsGetQuaternion         
0000743d  SysTick_Handler                 
0000744d  wcslen                          
0000745d  __aeabi_memset                  
0000745d  __aeabi_memset4                 
0000745d  __aeabi_memset8                 
0000746b  lsm6dsr_device_id_get           
00007487  DL_Common_delayCycles           
000074e1  __aeabi_errno_addr              
000074e9  __aeabi_memcpy                  
000074e9  __aeabi_memcpy4                 
000074e9  __aeabi_memcpy8                 
00007553  abort                           
00007558  C$$EXIT                         
00007559  HOSTexit                        
00007589  Reset_Handler                   
0000758d  _system_pre_init                
00007eb0  __aeabi_ctype_table_            
00007eb0  __aeabi_ctype_table_C           
00008134  __TI_Handler_Table_Base         
00008140  __TI_Handler_Table_Limit        
00008148  __TI_CINIT_Base                 
00008158  __TI_CINIT_Limit                
00008158  __TI_CINIT_Warm                 
20200000  __start___llvm_prf_bits         
20200000  __start___llvm_prf_cnts         
20200000  __stop___llvm_prf_bits          
20200000  __stop___llvm_prf_cnts          
20200000  gE3_BBackup                     
202000bc  gTIMER_0Backup                  
20200178  gPWM_1Backup                    
20200218  ahrs                            
2020028c  gSPI_IMU660RBBackup             
202002f8  acceleration_mg                 
20200304  angular_rate_mdps               
20200310  euler                           
2020032c  start_time                      
20200330  tick_ms                         
20200338  gEncMotor1                      
20200350  gEncMotor3                      
20200368  __aeabi_errno                   
2020036c  gTimerTest                      
2020037e  gDataReceived                   
2020037f  gRxByte                         
20207e00  __stack                         
20208000  __STACK_END                     
ffffffff  __TI_pprof_out_hndl             
ffffffff  __TI_prof_data_size             
ffffffff  __TI_prof_data_start            
ffffffff  __binit__                       
ffffffff  binit                           
UNDEFED   __mpu_init                      
UNDEFED   _system_post_cinit              

[260 symbols]
