******************************************************************************
            TI ARM Clang Linker PC v4.0.4                      
******************************************************************************
>> Linked Sat Jul 11 18:20:36 2026

OUTPUT FILE NAME:   <gpio_toggle_output_LP_MSPM0G3507_nortos_ticlang.out>
ENTRY POINT SYMBOL: "_c_int00_noargs"  address: 00002089


MEMORY CONFIGURATION

         name            origin    length      used     unused   attr    fill
----------------------  --------  ---------  --------  --------  ----  --------
  FLASH                 00000000   00020000  00002b00  0001d500  R  X
  SRAM                  20200000   00008000  000004e0  00007b20  RW X
  BCR_CONFIG            41c00000   000000ff  00000000  000000ff  R   
  BSL_CONFIG            41c00100   00000080  00000000  00000080  R   


SEGMENT ALLOCATION MAP

run origin  load origin   length   init length attrs members
----------  ----------- ---------- ----------- ----- -------
00000000    00000000    00002b00   00002b00    r-x
  00000000    00000000    000000c0   000000c0    r-- .intvecs
  000000c0    000000c0    00002128   00002128    r-x .text
  000021e8    000021e8    00000898   00000898    r-- .rodata
  00002a80    00002a80    00000080   00000080    r-- .cinit
20200000    20200000    000002e0   00000000    rw-
  20200000    20200000    00000220   00000000    rw- .bss
  20200220    20200220    000000c0   00000000    rw- .data
20207e00    20207e00    00000200   00000000    rw-
  20207e00    20207e00    00000200   00000000    rw- .stack


SECTION ALLOCATION MAP

 output                                  attributes/
section   page    origin      length       input sections
--------  ----  ----------  ----------   ----------------
.intvecs   0    00000000    000000c0     
                  00000000    000000c0     startup_mspm0g350x_ticlang.o (.intvecs)

.text      0    000000c0    00002128     
                  000000c0    0000092a     oled_hardware_i2c.o (.text.OLED_ShowSignedNum)
                  000009ea    00000490     oled_hardware_i2c.o (.text.OLED_ShowNum)
                  00000e7a    00000002     startup_mspm0g350x_ticlang.o (.text.Default_Handler)
                  00000e7c    000002d4     oled_hardware_i2c.o (.text.OLED_Init)
                  00001150    0000014c     oled_hardware_i2c.o (.text.OLED_WR_Byte)
                  0000129c    0000011c     driverlib.a : dl_timer.o (.text.DL_Timer_initCaptureMode)
                  000013b8    0000011c     gpio_toggle_output.o (.text.main)
                  000014d4    00000104     driverlib.a : dl_timer.o (.text.DL_Timer_initFourCCPWMMode)
                  000015d8    000000fc                 : dl_timer.o (.text.DL_Timer_initTimerMode)
                  000016d4    000000dc     oled_hardware_i2c.o (.text.OLED_ShowChar)
                  000017b0    000000b8     ti_msp_dl_config.o (.text.SYSCFG_DL_GPIO_init)
                  00001868    0000009a     libc.a : memcpy16.S.obj (.text:memcpy)
                  00001902    00000002     libclang_rt.builtins.a : aeabi_div0.c.obj (.text.__aeabi_idiv0)
                  00001904    0000008c     ti_msp_dl_config.o (.text.SYSCFG_DL_PWM_0_init)
                  00001990    0000008c     ti_msp_dl_config.o (.text.SYSCFG_DL_PWM_1_init)
                  00001a1c    0000007c     ti_msp_dl_config.o (.text.SYSCFG_DL_initPower)
                  00001a98    0000007c     libc.a : copy_decompress_lzss.c.obj (.text:decompress:lzss)
                  00001b14    0000007a     oled_hardware_i2c.o (.text.OLED_ShowString)
                  00001b8e    00000002     --HOLE-- [fill = 0]
                  00001b90    00000070     ti_msp_dl_config.o (.text.SYSCFG_DL_UART_0_init)
                  00001c00    00000068     motor.o (.text.Motor_SetSpeed)
                  00001c68    0000005e     driverlib.a : dl_i2c.o (.text.DL_I2C_fillControllerTXFIFO)
                  00001cc6    00000002     --HOLE-- [fill = 0]
                  00001cc8    00000054     ti_msp_dl_config.o (.text.SYSCFG_DL_I2C_OLED_init)
                  00001d1c    0000004c     ti_msp_dl_config.o (.text.SYSCFG_DL_init)
                  00001d68    00000048     driverlib.a : dl_uart.o (.text.DL_UART_init)
                  00001db0    00000040     libclang_rt.builtins.a : aeabi_uidivmod.S.obj (.text.__aeabi_uidivmod)
                  00001df0    0000003c     ti_msp_dl_config.o (.text.SYSCFG_DL_E1_B_init)
                  00001e2c    0000003c     ti_msp_dl_config.o (.text.SYSCFG_DL_E3_B_init)
                  00001e68    0000003c     libc.a : autoinit.c.obj (.text:__TI_auto_init_nobinit_nopinit)
                  00001ea4    00000038     ti_msp_dl_config.o (.text.SYSCFG_DL_TIMER_0_init)
                  00001edc    00000034     encoder.o (.text.TIMA1_IRQHandler)
                  00001f10    00000034     encoder.o (.text.TIMG0_IRQHandler)
                  00001f44    00000034     clock.o (.text.mspm0_delay_ms)
                  00001f78    00000030     driverlib.a : dl_uart.o (.text.DL_UART_transmitDataBlocking)
                  00001fa8    00000030     ti_msp_dl_config.o (.text.SYSCFG_DL_SYSCTL_init)
                  00001fd8    00000030     encoder.o (.text.encoder_task)
                  00002008    0000002c     encoder.o (.text.Encoder_Start)
                  00002034    0000002c     gpio_toggle_output.o (.text.UART1_IRQHandler)
                  00002060    00000028     clock.o (.text.SysTick_Init)
                  00002088    00000028     libc.a : boot_cortex_m.c.obj (.text:_c_int00_noargs)
                  000020b0    00000026     driverlib.a : dl_i2c.o (.text.DL_I2C_setClockConfig)
                  000020d6    00000002     --HOLE-- [fill = 0]
                  000020d8    00000024     gpio_toggle_output.o (.text.TIMA0_IRQHandler)
                  000020fc    0000001c     driverlib.a : dl_timer.o (.text.DL_Timer_setCaptCompUpdateMethod)
                  00002118    0000001c                 : dl_timer.o (.text.DL_Timer_setClockConfig)
                  00002134    00000018                 : dl_timer.o (.text.DL_Timer_setCaptureCompareOutCtl)
                  0000214c    00000018     clock.o (.text.mspm0_get_clock_ms)
                  00002164    00000016     libc.a : copy_zero_init.c.obj (.text:decompress:ZI:__TI_zero_init_nomemset)
                  0000217a    00000012     driverlib.a : dl_uart.o (.text.DL_UART_setClockConfig)
                  0000218c    00000012     libc.a : copy_decompress_none.c.obj (.text:decompress:none)
                  0000219e    00000002     --HOLE-- [fill = 0]
                  000021a0    00000010     driverlib.a : dl_timer.o (.text.DL_Timer_setCaptureCompareValue)
                  000021b0    00000010     gpio_toggle_output.o (.text.SysTick_Handler)
                  000021c0    0000000a     driverlib.a : dl_common.o (.text.DL_Common_delayCycles)
                  000021ca    00000002     --HOLE-- [fill = 0]
                  000021cc    00000008     libclang_rt.builtins.a : aeabi_memcpy.S.obj (.text.__aeabi_memcpy)
                  000021d4    00000006     libc.a : exit.c.obj (.text:abort)
                  000021da    00000004     libsysbm.a : hostexit.c.obj (.text.HOSTexit)
                  000021de    00000004     startup_mspm0g350x_ticlang.o (.text.Reset_Handler)
                  000021e2    00000004     libc.a : pre_init.c.obj (.text._system_pre_init)
                  000021e6    00000002     --HOLE-- [fill = 0]

.cinit     0    00002a80    00000080     
                  00002a80    0000005c     (.cinit..data.load) [load image, compression = lzss]
                  00002adc    0000000c     (__TI_handler_table)
                  00002ae8    00000008     (.cinit..bss.load) [load image, compression = zero_init]
                  00002af0    00000010     (__TI_cinit_table)

.rodata    0    000021e8    00000898     
                  000021e8    000005f0     oled_hardware_i2c.o (.rodata.asc2_1608)
                  000027d8    00000228     oled_hardware_i2c.o (.rodata.asc2_0806)
                  00002a00    00000014     ti_msp_dl_config.o (.rodata.gTIMER_0TimerConfig)
                  00002a14    00000010     ti_msp_dl_config.o (.rodata.gE1_BCaptureConfig)
                  00002a24    00000010     ti_msp_dl_config.o (.rodata.gE3_BCaptureConfig)
                  00002a34    0000000c     driverlib.a : dl_timer.o (.rodata..Lswitch.table.DL_Timer_initCompareMode)
                  00002a40    0000000a     ti_msp_dl_config.o (.rodata.gUART_0Config)
                  00002a4a    00000002     ti_msp_dl_config.o (.rodata.gI2C_OLEDClockConfig)
                  00002a4c    00000008     ti_msp_dl_config.o (.rodata.gPWM_0Config)
                  00002a54    00000008     ti_msp_dl_config.o (.rodata.gPWM_1Config)
                  00002a5c    00000007     gpio_toggle_output.o (.rodata.str1.2745267647703410976.1)
                  00002a63    00000006     gpio_toggle_output.o (.rodata.str1.48456419029742142.1)
                  00002a69    00000006     gpio_toggle_output.o (.rodata.str1.7293075287338320947.1)
                  00002a6f    00000003     ti_msp_dl_config.o (.rodata.gE1_BClockConfig)
                  00002a72    00000003     ti_msp_dl_config.o (.rodata.gE3_BClockConfig)
                  00002a75    00000003     ti_msp_dl_config.o (.rodata.gPWM_0ClockConfig)
                  00002a78    00000003     ti_msp_dl_config.o (.rodata.gPWM_1ClockConfig)
                  00002a7b    00000003     ti_msp_dl_config.o (.rodata.gTIMER_0ClockConfig)
                  00002a7e    00000002     ti_msp_dl_config.o (.rodata.gUART_0ClockConfig)

.init_array 
*          0    00000000    00000000     UNINITIALIZED

.binit     0    00000000    00000000     

.bss       0    20200000    00000220     UNINITIALIZED
                  20200000    000000bc     (.common:gE3_BBackup)
                  202000bc    000000bc     (.common:gTIMER_0Backup)
                  20200178    000000a0     (.common:gPWM_1Backup)
                  20200218    00000004     (.common:start_time)
                  2020021c    00000004     (.common:tick_ms)

.data      0    20200220    000000c0     UNINITIALIZED
                  20200220    00000080     motor.o (.data.gMotor)
                  202002a0    00000018     encoder.o (.data.gEncMotor1)
                  202002b8    00000018     encoder.o (.data.gEncMotor3)
                  202002d0    00000004     gpio_toggle_output.o (.data.gLastSpeedSet)
                  202002d4    00000004     gpio_toggle_output.o (.data.gTimerTest)
                  202002d8    00000004     gpio_toggle_output.o (.data.main.step)
                  202002dc    00000002     encoder.o (.data.s_encTick)
                  202002de    00000001     gpio_toggle_output.o (.data.gDataReceived)
                  202002df    00000001     gpio_toggle_output.o (.data.gRxByte)

.stack     0    20207e00    00000200     UNINITIALIZED
                  20207e00    00000004     libc.a : boot_cortex_m.c.obj (.stack)
                  20207e04    000001fc     --HOLE--

__llvm_prf_cnts 
*          0    20200000    00000000     UNINITIALIZED

__llvm_prf_bits 
*          0    20200000    00000000     UNINITIALIZED

MODULE SUMMARY

       Module                         code   ro data   rw data
       ------                         ----   -------   -------
    .\
       ti_msp_dl_config.o             1084   97        536    
       gpio_toggle_output.o           380    19        14     
       startup_mspm0g350x_ticlang.o   6      192       0      
    +--+------------------------------+------+---------+---------+
       Total:                         1470   308       550    
                                                              
    .\hardware\
       oled_hardware_i2c.o            4912   2072      0      
       encoder.o                      196    0         50     
       motor.o                        104    0         128    
       clock.o                        116    0         8      
    +--+------------------------------+------+---------+---------+
       Total:                         5328   2072      186    
                                                              
    C:/ti/mspm0_sdk_2_10_00_04/source/ti/driverlib/lib/ticlang/m0p/mspm0g1x0x_g3x0x/driverlib.a
       dl_timer.o                     892    12        0      
       dl_uart.o                      138    0         0      
       dl_i2c.o                       132    0         0      
       dl_common.o                    10     0         0      
    +--+------------------------------+------+---------+---------+
       Total:                         1172   12        0      
                                                              
    C:\ti\ccs2050\ccs\tools\compiler\ti-cgt-armllvm_4.0.4.LTS\lib\armv6m-ti-none-eabi/c/libc.a
       memcpy16.S.obj                 154    0         0      
       copy_decompress_lzss.c.obj     124    0         0      
       autoinit.c.obj                 60     0         0      
       boot_cortex_m.c.obj            40     0         0      
       copy_zero_init.c.obj           22     0         0      
       copy_decompress_none.c.obj     18     0         0      
       exit.c.obj                     6      0         0      
       pre_init.c.obj                 4      0         0      
    +--+------------------------------+------+---------+---------+
       Total:                         428    0         0      
                                                              
    C:\ti\ccs2050\ccs\tools\compiler\ti-cgt-armllvm_4.0.4.LTS\lib\armv6m-ti-none-eabi/c/libsysbm.a
       hostexit.c.obj                 4      0         0      
    +--+------------------------------+------+---------+---------+
       Total:                         4      0         0      
                                                              
    C:\ti\ccs2050\ccs\tools\compiler\ti-cgt-armllvm_4.0.4.LTS\lib\armv6m-ti-none-eabi/libclang_rt.builtins.a
       aeabi_uidivmod.S.obj           64     0         0      
       aeabi_memcpy.S.obj             8      0         0      
       aeabi_div0.c.obj               2      0         0      
    +--+------------------------------+------+---------+---------+
       Total:                         74     0         0      
                                                              
       Stack:                         0      0         512    
       Linker Generated:              0      128       0      
    +--+------------------------------+------+---------+---------+
       Grand Total:                   8476   2520      1248   


LINKER GENERATED COPY TABLES

__TI_cinit_table @ 00002af0 records: 2, size/record: 8, table size: 16
	.data: load addr=00002a80, load size=0000005c bytes, run addr=20200220, run size=000000c0 bytes, compression=lzss
	.bss: load addr=00002ae8, load size=00000008 bytes, run addr=20200000, run size=00000220 bytes, compression=zero_init


LINKER GENERATED HANDLER TABLE

__TI_handler_table @ 00002adc records: 3, size/record: 4, table size: 12
	index: 0, handler: __TI_decompress_lzss
	index: 1, handler: __TI_decompress_none
	index: 2, handler: __TI_zero_init


GLOBAL SYMBOLS: SORTED ALPHABETICALLY BY Name 

address   name                            
-------   ----                            
00000e7b  ADC0_IRQHandler                 
00000e7b  ADC1_IRQHandler                 
00000e7b  AES_IRQHandler                  
000021da  C$$EXIT                         
00000e7b  CANFD0_IRQHandler               
00000e7b  DAC0_IRQHandler                 
000021c1  DL_Common_delayCycles           
00001c69  DL_I2C_fillControllerTXFIFO     
000020b1  DL_I2C_setClockConfig           
0000129d  DL_Timer_initCaptureMode        
000014d5  DL_Timer_initFourCCPWMMode      
000015d9  DL_Timer_initTimerMode          
000020fd  DL_Timer_setCaptCompUpdateMethod
00002135  DL_Timer_setCaptureCompareOutCtl
000021a1  DL_Timer_setCaptureCompareValue 
00002119  DL_Timer_setClockConfig         
00001d69  DL_UART_init                    
0000217b  DL_UART_setClockConfig          
00001f79  DL_UART_transmitDataBlocking    
00000e7b  DMA_IRQHandler                  
00000e7b  Default_Handler                 
00002009  Encoder_Start                   
00000e7b  GROUP0_IRQHandler               
00000e7b  GROUP1_IRQHandler               
000021db  HOSTexit                        
00000e7b  HardFault_Handler               
00000e7b  I2C0_IRQHandler                 
00000e7b  I2C1_IRQHandler                 
00001c01  Motor_SetSpeed                  
00000e7b  NMI_Handler                     
00000e7d  OLED_Init                       
000016d5  OLED_ShowChar                   
000009eb  OLED_ShowNum                    
000000c1  OLED_ShowSignedNum              
00001b15  OLED_ShowString                 
00001151  OLED_WR_Byte                    
00000e7b  PendSV_Handler                  
00000e7b  RTC_IRQHandler                  
000021df  Reset_Handler                   
00000e7b  SPI0_IRQHandler                 
00000e7b  SPI1_IRQHandler                 
00000e7b  SVC_Handler                     
00001df1  SYSCFG_DL_E1_B_init             
00001e2d  SYSCFG_DL_E3_B_init             
000017b1  SYSCFG_DL_GPIO_init             
00001cc9  SYSCFG_DL_I2C_OLED_init         
00001905  SYSCFG_DL_PWM_0_init            
00001991  SYSCFG_DL_PWM_1_init            
00001fa9  SYSCFG_DL_SYSCTL_init           
00001ea5  SYSCFG_DL_TIMER_0_init          
00001b91  SYSCFG_DL_UART_0_init           
00001d1d  SYSCFG_DL_init                  
00001a1d  SYSCFG_DL_initPower             
000021b1  SysTick_Handler                 
00002061  SysTick_Init                    
000020d9  TIMA0_IRQHandler                
00001edd  TIMA1_IRQHandler                
00001f11  TIMG0_IRQHandler                
00000e7b  TIMG12_IRQHandler               
00000e7b  TIMG6_IRQHandler                
00000e7b  TIMG7_IRQHandler                
00000e7b  TIMG8_IRQHandler                
00000e7b  UART0_IRQHandler                
00002035  UART1_IRQHandler                
00000e7b  UART2_IRQHandler                
00000e7b  UART3_IRQHandler                
20208000  __STACK_END                     
00000200  __STACK_SIZE                    
00000000  __TI_ATRegion0_region_sz        
00000000  __TI_ATRegion0_src_addr         
00000000  __TI_ATRegion0_trg_addr         
00000000  __TI_ATRegion1_region_sz        
00000000  __TI_ATRegion1_src_addr         
00000000  __TI_ATRegion1_trg_addr         
00000000  __TI_ATRegion2_region_sz        
00000000  __TI_ATRegion2_src_addr         
00000000  __TI_ATRegion2_trg_addr         
00002af0  __TI_CINIT_Base                 
00002b00  __TI_CINIT_Limit                
00002b00  __TI_CINIT_Warm                 
00002adc  __TI_Handler_Table_Base         
00002ae8  __TI_Handler_Table_Limit        
00001e69  __TI_auto_init_nobinit_nopinit  
00001a99  __TI_decompress_lzss            
0000218d  __TI_decompress_none            
ffffffff  __TI_pprof_out_hndl             
ffffffff  __TI_prof_data_size             
ffffffff  __TI_prof_data_start            
00000000  __TI_static_base__              
00002165  __TI_zero_init_nomemset         
00001903  __aeabi_idiv0                   
000021cd  __aeabi_memcpy                  
000021cd  __aeabi_memcpy4                 
000021cd  __aeabi_memcpy8                 
00001db1  __aeabi_uidiv                   
00001db1  __aeabi_uidivmod                
ffffffff  __binit__                       
UNDEFED   __mpu_init                      
20207e00  __stack                         
20200000  __start___llvm_prf_bits         
20200000  __start___llvm_prf_cnts         
20200000  __stop___llvm_prf_bits          
20200000  __stop___llvm_prf_cnts          
00002089  _c_int00_noargs                 
UNDEFED   _system_post_cinit              
000021e3  _system_pre_init                
000021d5  abort                           
ffffffff  binit                           
00001fd9  encoder_task                    
202002de  gDataReceived                   
20200000  gE3_BBackup                     
202002a0  gEncMotor1                      
202002b8  gEncMotor3                      
20200220  gMotor                          
20200178  gPWM_1Backup                    
202002df  gRxByte                         
202000bc  gTIMER_0Backup                  
202002d4  gTimerTest                      
00000000  interruptVectors                
000013b9  main                            
00001869  memcpy                          
00001f45  mspm0_delay_ms                  
0000214d  mspm0_get_clock_ms              
20200218  start_time                      
2020021c  tick_ms                         


GLOBAL SYMBOLS: SORTED BY Symbol Address 

address   name                            
-------   ----                            
00000000  __TI_ATRegion0_region_sz        
00000000  __TI_ATRegion0_src_addr         
00000000  __TI_ATRegion0_trg_addr         
00000000  __TI_ATRegion1_region_sz        
00000000  __TI_ATRegion1_src_addr         
00000000  __TI_ATRegion1_trg_addr         
00000000  __TI_ATRegion2_region_sz        
00000000  __TI_ATRegion2_src_addr         
00000000  __TI_ATRegion2_trg_addr         
00000000  __TI_static_base__              
00000000  interruptVectors                
000000c1  OLED_ShowSignedNum              
00000200  __STACK_SIZE                    
000009eb  OLED_ShowNum                    
00000e7b  ADC0_IRQHandler                 
00000e7b  ADC1_IRQHandler                 
00000e7b  AES_IRQHandler                  
00000e7b  CANFD0_IRQHandler               
00000e7b  DAC0_IRQHandler                 
00000e7b  DMA_IRQHandler                  
00000e7b  Default_Handler                 
00000e7b  GROUP0_IRQHandler               
00000e7b  GROUP1_IRQHandler               
00000e7b  HardFault_Handler               
00000e7b  I2C0_IRQHandler                 
00000e7b  I2C1_IRQHandler                 
00000e7b  NMI_Handler                     
00000e7b  PendSV_Handler                  
00000e7b  RTC_IRQHandler                  
00000e7b  SPI0_IRQHandler                 
00000e7b  SPI1_IRQHandler                 
00000e7b  SVC_Handler                     
00000e7b  TIMG12_IRQHandler               
00000e7b  TIMG6_IRQHandler                
00000e7b  TIMG7_IRQHandler                
00000e7b  TIMG8_IRQHandler                
00000e7b  UART0_IRQHandler                
00000e7b  UART2_IRQHandler                
00000e7b  UART3_IRQHandler                
00000e7d  OLED_Init                       
00001151  OLED_WR_Byte                    
0000129d  DL_Timer_initCaptureMode        
000013b9  main                            
000014d5  DL_Timer_initFourCCPWMMode      
000015d9  DL_Timer_initTimerMode          
000016d5  OLED_ShowChar                   
000017b1  SYSCFG_DL_GPIO_init             
00001869  memcpy                          
00001903  __aeabi_idiv0                   
00001905  SYSCFG_DL_PWM_0_init            
00001991  SYSCFG_DL_PWM_1_init            
00001a1d  SYSCFG_DL_initPower             
00001a99  __TI_decompress_lzss            
00001b15  OLED_ShowString                 
00001b91  SYSCFG_DL_UART_0_init           
00001c01  Motor_SetSpeed                  
00001c69  DL_I2C_fillControllerTXFIFO     
00001cc9  SYSCFG_DL_I2C_OLED_init         
00001d1d  SYSCFG_DL_init                  
00001d69  DL_UART_init                    
00001db1  __aeabi_uidiv                   
00001db1  __aeabi_uidivmod                
00001df1  SYSCFG_DL_E1_B_init             
00001e2d  SYSCFG_DL_E3_B_init             
00001e69  __TI_auto_init_nobinit_nopinit  
00001ea5  SYSCFG_DL_TIMER_0_init          
00001edd  TIMA1_IRQHandler                
00001f11  TIMG0_IRQHandler                
00001f45  mspm0_delay_ms                  
00001f79  DL_UART_transmitDataBlocking    
00001fa9  SYSCFG_DL_SYSCTL_init           
00001fd9  encoder_task                    
00002009  Encoder_Start                   
00002035  UART1_IRQHandler                
00002061  SysTick_Init                    
00002089  _c_int00_noargs                 
000020b1  DL_I2C_setClockConfig           
000020d9  TIMA0_IRQHandler                
000020fd  DL_Timer_setCaptCompUpdateMethod
00002119  DL_Timer_setClockConfig         
00002135  DL_Timer_setCaptureCompareOutCtl
0000214d  mspm0_get_clock_ms              
00002165  __TI_zero_init_nomemset         
0000217b  DL_UART_setClockConfig          
0000218d  __TI_decompress_none            
000021a1  DL_Timer_setCaptureCompareValue 
000021b1  SysTick_Handler                 
000021c1  DL_Common_delayCycles           
000021cd  __aeabi_memcpy                  
000021cd  __aeabi_memcpy4                 
000021cd  __aeabi_memcpy8                 
000021d5  abort                           
000021da  C$$EXIT                         
000021db  HOSTexit                        
000021df  Reset_Handler                   
000021e3  _system_pre_init                
00002adc  __TI_Handler_Table_Base         
00002ae8  __TI_Handler_Table_Limit        
00002af0  __TI_CINIT_Base                 
00002b00  __TI_CINIT_Limit                
00002b00  __TI_CINIT_Warm                 
20200000  __start___llvm_prf_bits         
20200000  __start___llvm_prf_cnts         
20200000  __stop___llvm_prf_bits          
20200000  __stop___llvm_prf_cnts          
20200000  gE3_BBackup                     
202000bc  gTIMER_0Backup                  
20200178  gPWM_1Backup                    
20200218  start_time                      
2020021c  tick_ms                         
20200220  gMotor                          
202002a0  gEncMotor1                      
202002b8  gEncMotor3                      
202002d4  gTimerTest                      
202002de  gDataReceived                   
202002df  gRxByte                         
20207e00  __stack                         
20208000  __STACK_END                     
ffffffff  __TI_pprof_out_hndl             
ffffffff  __TI_prof_data_size             
ffffffff  __TI_prof_data_start            
ffffffff  __binit__                       
ffffffff  binit                           
UNDEFED   __mpu_init                      
UNDEFED   _system_post_cinit              

[125 symbols]
