******************************************************************************
            TI ARM Clang Linker PC v4.0.4                      
******************************************************************************
>> Linked Sun Jul 19 23:37:50 2026

OUTPUT FILE NAME:   <gpio_toggle_output_LP_MSPM0G3507_nortos_ticlang.out>
ENTRY POINT SYMBOL: "_c_int00_noargs"  address: 00008a19


MEMORY CONFIGURATION

         name            origin    length      used     unused   attr    fill
----------------------  --------  ---------  --------  --------  ----  --------
  FLASH                 00000000   00020000  00009d98  00016268  R  X
  SRAM                  20200000   00008000  00002d8c  00005274  RW X
  BCR_CONFIG            41c00000   000000ff  00000000  000000ff  R   
  BSL_CONFIG            41c00100   00000080  00000000  00000080  R   


SEGMENT ALLOCATION MAP

run origin  load origin   length   init length attrs members
----------  ----------- ---------- ----------- ----- -------
00000000    00000000    00009d98   00009d98    r-x
  00000000    00000000    000000c0   000000c0    r-- .intvecs
  000000c0    000000c0    00008e00   00008e00    r-x .text
  00008ec0    00008ec0    00000e50   00000e50    r-- .rodata
  00009d10    00009d10    00000088   00000088    r-- .cinit
20200000    20200000    00002b8c   00000000    rw-
  20200000    20200000    00002aa8   00000000    rw- .bss
  20202aa8    20202aa8    000000e4   00000000    rw- .data
20207e00    20207e00    00000200   00000000    rw-
  20207e00    20207e00    00000200   00000000    rw- .stack


SECTION ALLOCATION MAP

 output                                  attributes/
section   page    origin      length       input sections
--------  ----  ----------  ----------   ----------------
.intvecs   0    00000000    000000c0     
                  00000000    000000c0     startup_mspm0g350x_ticlang.o (.intvecs)

.text      0    000000c0    00008e00     
                  000000c0    000009ec     speed_diag.o (.text.SpeedDiag_Process)
                  00000aac    000009d0     libc.a : _printfi.c.obj (.text:__TI_printfi)
                  0000147c    0000092a     oled_hardware_i2c.o (.text.OLED_ShowSignedNum)
                  00001da6    00000002     startup_mspm0g350x_ticlang.o (.text.Default_Handler)
                  00001da8    000008b4     FusionAhrs.o (.text.FusionAhrsUpdate)
                  0000265c    00000644     libc.a : k_rem_pio2.c.obj (.text.__kernel_rem_pio2)
                  00002ca0    00000490     oled_hardware_i2c.o (.text.OLED_ShowNum)
                  00003130    000002d4     oled_hardware_i2c.o (.text.OLED_Init)
                  00003404    00000280     speed_control.o (.text.SpeedControl_Update20ms)
                  00003684    00000270     gpio_toggle_output.o (.text.main)
                  000038f4    0000023c     key.o (.text.Key_Service)
                  00003b30    0000022c     imu660rb.o (.text.FusionTasks)
                  00003d5c    00000220     libc.a : _printfi.c.obj (.text._pconv_a)
                  00003f7c    00000214     imu660rb.o (.text.IMU660RB_Init)
                  00004190    000001e0     speed_control.o (.text.SpeedPid_Update)
                  00004370    000001dc     libc.a : _printfi.c.obj (.text._pconv_g)
                  0000454c    000001d4            : s_cosf.c.obj (.text.cosf)
                  00004720    000001d0     lsm6dsr_reg.o (.text.lsm6dsr_pin_int1_route_set)
                  000048f0    000001c8     libc.a : s_atanf.c.obj (.text.atanf)
                  00004ab8    000001c8            : s_sinf.c.obj (.text.sinf)
                  00004c80    000001c0     imu660rb.o (.text.Read_IMU660RB)
                  00004e40    0000019c     FusionAhrs.o (.text.FusionAhrsSetHeading)
                  00004fdc    00000192     libclang_rt.builtins.a : adddf3.S.obj (.text.adddf3_subdf3)
                  0000516e    00000002                            : aeabi_div0.c.obj (.text.__aeabi_idiv0)
                  00005170    00000188     imu660rb.o (.text.platform_read)
                  000052f8    00000180     imu660rb.o (.text.platform_write)
                  00005478    00000170     libc.a : e_sqrt.c.obj (.text.sqrt)
                  000055e8    00000160            : e_asinf.c.obj (.text.asinf)
                  00005748    00000150     speed_diag.o (.text.SpeedDiag_Record20ms)
                  00005898    0000014c     oled_hardware_i2c.o (.text.OLED_WR_Byte)
                  000059e4    00000144     libc.a : s_floor.c.obj (.text.floor)
                  00005b28    0000013c     FusionAhrs.o (.text.Feedback)
                  00005c64    0000013c     libc.a : _printfi.c.obj (.text.fcvt)
                  00005da0    00000120            : _printfi.c.obj (.text._pconv_e)
                  00005ec0    0000011c     driverlib.a : dl_timer.o (.text.DL_Timer_initCaptureMode)
                  00005fdc    00000118     libc.a : e_atan2f.c.obj (.text.atan2f)
                  000060f4    0000010c     libclang_rt.builtins.a : divdf3.S.obj (.text.__divdf3)
                  00006200    00000104     driverlib.a : dl_timer.o (.text.DL_Timer_initFourCCPWMMode)
                  00006304    000000fc                 : dl_timer.o (.text.DL_Timer_initTimerMode)
                  00006400    000000f0     lsm6dsr_reg.o (.text.lsm6dsr_gy_data_rate_set)
                  000064f0    000000f0     lsm6dsr_reg.o (.text.lsm6dsr_xl_data_rate_set)
                  000065e0    000000e8     ti_msp_dl_config.o (.text.SYSCFG_DL_GPIO_init)
                  000066c8    000000e4     libclang_rt.builtins.a : muldf3.S.obj (.text.__muldf3)
                  000067ac    000000e0     FusionAhrs.o (.text.FusionAhrsSetSettings)
                  0000688c    000000e0     FusionOffset.o (.text.FusionOffsetUpdate)
                  0000696c    000000dc     oled_hardware_i2c.o (.text.OLED_ShowChar)
                  00006a48    000000dc     speed_diag.o (.text.UART0_IRQHandler)
                  00006b24    000000d8     libc.a : s_scalbn.c.obj (.text.scalbn)
                  00006bfc    000000d8     libclang_rt.builtins.a : addsf3.S.obj (.text)
                  00006cd4    000000ac     libc.a : s_cosf.c.obj (.text.__kernel_sindf)
                  00006d80    000000ac            : s_sinf.c.obj (.text.__kernel_sindf)
                  00006e2c    000000aa     lsm6dsr_reg.o (.text.lsm6dsr_pin_int1_route_get)
                  00006ed6    00000002     libclang_rt.builtins.a : aeabi_div0.c.obj (.text.__aeabi_ldiv0)
                  00006ed8    000000a2                            : udivmoddi4.S.obj (.text)
                  00006f7a    00000002     --HOLE-- [fill = 0]
                  00006f7c    0000009c     libc.a : s_cosf.c.obj (.text.__kernel_cosdf)
                  00007018    0000009c            : s_sinf.c.obj (.text.__kernel_cosdf)
                  000070b4    0000009a            : memcpy16.S.obj (.text:memcpy)
                  0000714e    00000002     --HOLE-- [fill = 0]
                  00007150    00000094     ti_msp_dl_config.o (.text.SYSCFG_DL_initPower)
                  000071e4    0000008c     key.o (.text.Key_Init)
                  00007270    0000008c     ti_msp_dl_config.o (.text.SYSCFG_DL_PWM_0_init)
                  000072fc    0000008c     ti_msp_dl_config.o (.text.SYSCFG_DL_PWM_1_init)
                  00007388    0000008c     libclang_rt.builtins.a : mulsf3.S.obj (.text.__mulsf3)
                  00007414    00000088     encoder.o (.text.encoder_task)
                  0000749c    00000084     speed_control.o (.text.SpeedControl_Start)
                  00007520    00000084     gpio_toggle_output.o (.text.TIMA0_IRQHandler)
                  000075a4    00000082     libclang_rt.builtins.a : divsf3.S.obj (.text.__divsf3)
                  00007626    00000002     --HOLE-- [fill = 0]
                  00007628    0000007c     ti_msp_dl_config.o (.text.SYSCFG_DL_UART_DIAG_init)
                  000076a4    0000007c     libc.a : copy_decompress_lzss.c.obj (.text:decompress:lzss)
                  00007720    0000007a     oled_hardware_i2c.o (.text.OLED_ShowString)
                  0000779a    0000007a     lsm6dsr_reg.o (.text.lsm6dsr_fsm_enable_get)
                  00007814    00000074     speed_control.o (.text.SpeedControl_Init)
                  00007888    00000074     libclang_rt.builtins.a : comparedf2.c.obj (.text.__gedf2)
                  000078fc    00000004     libsysbm.a : hostexit.c.obj (.text.HOSTexit)
                  00007900    00000074     libclang_rt.builtins.a : truncdfsf2.S.obj (.text.__truncdfsf2)
                  00007974    00000070     ti_msp_dl_config.o (.text.SYSCFG_DL_UART_0_init)
                  000079e4    0000006e     lsm6dsr_reg.o (.text.lsm6dsr_fsm_data_rate_get)
                  00007a52    00000002     --HOLE-- [fill = 0]
                  00007a54    00000068     motor.o (.text.Motor_SetSpeed)
                  00007abc    00000068     libclang_rt.builtins.a : comparedf2.c.obj (.text.__ledf2)
                  00007b24    00000068     lsm6dsr_reg.o (.text.lsm6dsr_i3c_disable_set)
                  00007b8c    00000066     libc.a : _printfi.c.obj (.text._mcpy)
                  00007bf2    00000002     --HOLE-- [fill = 0]
                  00007bf4    00000064     speed_control.o (.text.SpeedControl_Stop)
                  00007c58    00000062     libclang_rt.builtins.a : aeabi_dcmp.S.obj (.text.__aeabi_dcmp)
                  00007cba    00000002     --HOLE-- [fill = 0]
                  00007cbc    00000062                            : aeabi_fcmp.S.obj (.text.__aeabi_fcmp)
                  00007d1e    00000062     libc.a : memset16.S.obj (.text:memset)
                  00007d80    0000005e     driverlib.a : dl_i2c.o (.text.DL_I2C_fillControllerTXFIFO)
                  00007dde    00000002     --HOLE-- [fill = 0]
                  00007de0    0000005c     ti_msp_dl_config.o (.text.SYSCFG_DL_init)
                  00007e3c    0000005c     libc.a : s_frexp.c.obj (.text.frexp)
                  00007e98    00000058     FusionAhrs.o (.text.FusionAhrsInitialise)
                  00007ef0    00000058     libc.a : _ltoa.c.obj (.text.__TI_ltoa)
                  00007f48    00000058            : _printfi.c.obj (.text._pconv_f)
                  00007fa0    00000056     libclang_rt.builtins.a : aeabi_idivmod.S.obj (.text.__aeabi_idivmod)
                  00007ff6    00000002     --HOLE-- [fill = 0]
                  00007ff8    00000054     ti_msp_dl_config.o (.text.SYSCFG_DL_I2C_OLED_init)
                  0000804c    00000052     libc.a : _printfi.c.obj (.text._ecpy)
                  0000809e    00000002     --HOLE-- [fill = 0]
                  000080a0    0000004c     ti_msp_dl_config.o (.text.SYSCFG_DL_SPI_IMU660RB_init)
                  000080ec    0000004c     libc.a : snprintf.c.obj (.text.snprintf)
                  00008138    0000004a     libclang_rt.builtins.a : fixdfsi.S.obj (.text.__fixdfsi)
                  00008182    00000002     --HOLE-- [fill = 0]
                  00008184    00000048     driverlib.a : dl_uart.o (.text.DL_UART_init)
                  000081cc    00000044                 : dl_spi.o (.text.DL_SPI_init)
                  00008210    00000040     FusionAhrs.o (.text.FusionAhrsUpdateNoMagnetometer)
                  00008250    00000040     libclang_rt.builtins.a : aeabi_uidivmod.S.obj (.text.__aeabi_uidivmod)
                  00008290    00000040                            : extendsfdf2.S.obj (.text.__extendsfdf2)
                  000082d0    00000040     libc.a : atoi.c.obj (.text.atoi)
                  00008310    0000003c     ti_msp_dl_config.o (.text.SYSCFG_DL_E1_B_init)
                  0000834c    0000003c     ti_msp_dl_config.o (.text.SYSCFG_DL_E3_B_init)
                  00008388    0000003c     speed_control.o (.text.SpeedControl_SetTargets)
                  000083c4    0000003c     libclang_rt.builtins.a : floatsisf.S.obj (.text.__floatsisf)
                  00008400    0000003c                            : comparesf2.S.obj (.text.__gtsf2)
                  0000843c    0000003c     libc.a : autoinit.c.obj (.text:__TI_auto_init_nobinit_nopinit)
                  00008478    0000003a     libclang_rt.builtins.a : comparesf2.S.obj (.text.__eqsf2)
                  000084b2    00000002     --HOLE-- [fill = 0]
                  000084b4    0000003a                            : muldsi3.S.obj (.text.__muldsi3)
                  000084ee    00000002     --HOLE-- [fill = 0]
                  000084f0    00000038     ti_msp_dl_config.o (.text.SYSCFG_DL_TIMER_0_init)
                  00008528    00000038     speed_diag.o (.text.SpeedDiag_Init)
                  00008560    00000038     speed_diag.o (.text.SpeedDiag_IsActive)
                  00008598    00000038     libclang_rt.builtins.a : fixsfsi.S.obj (.text.__fixsfsi)
                  000085d0    00000038     lsm6dsr_reg.o (.text.lsm6dsr_block_data_update_set)
                  00008608    00000038     lsm6dsr_reg.o (.text.lsm6dsr_gy_filter_lp1_set)
                  00008640    00000038     lsm6dsr_reg.o (.text.lsm6dsr_gy_full_scale_set)
                  00008678    00000038     lsm6dsr_reg.o (.text.lsm6dsr_reset_set)
                  000086b0    00000038     lsm6dsr_reg.o (.text.lsm6dsr_xl_full_scale_set)
                  000086e8    00000038     libc.a : sprintf.c.obj (.text.sprintf)
                  00008720    00000036     lsm6dsr_reg.o (.text.lsm6dsr_data_ready_mode_set)
                  00008756    00000034     lsm6dsr_reg.o (.text.lsm6dsr_angular_rate_raw_get)
                  0000878a    00000002     --HOLE-- [fill = 0]
                  0000878c    00000034     clock.o (.text.mspm0_delay_ms)
                  000087c0    00000032     libclang_rt.builtins.a : fixunssfsi.S.obj (.text.__fixunssfsi)
                  000087f2    00000002     --HOLE-- [fill = 0]
                  000087f4    00000030     driverlib.a : dl_uart.o (.text.DL_UART_transmitDataBlocking)
                  00008824    00000030     FusionOffset.o (.text.FusionOffsetInitialise)
                  00008854    00000030     ti_msp_dl_config.o (.text.SYSCFG_DL_SYSCTL_init)
                  00008884    00000030     encoder.o (.text.TIMA1_IRQHandler)
                  000088b4    00000030     encoder.o (.text.TIMG0_IRQHandler)
                  000088e4    00000030     libc.a : _printfi.c.obj (.text._fcpy)
                  00008914    00000030            : snprintf.c.obj (.text._outs)
                  00008944    0000002c     encoder.o (.text.Encoder_Start)
                  00008970    0000002c     gpio_toggle_output.o (.text.UART1_IRQHandler)
                  0000899c    0000002c     libclang_rt.builtins.a : floatsidf.S.obj (.text.__floatsidf)
                  000089c8    00000028     clock.o (.text.SysTick_Init)
                  000089f0    00000028     libclang_rt.builtins.a : floatunsisf.S.obj (.text.__floatunsisf)
                  00008a18    00000028     libc.a : boot_cortex_m.c.obj (.text:_c_int00_noargs)
                  00008a40    00000026     driverlib.a : dl_i2c.o (.text.DL_I2C_setClockConfig)
                  00008a66    00000002     --HOLE-- [fill = 0]
                  00008a68    00000024     libclang_rt.builtins.a : muldi3.S.obj (.text.__muldi3)
                  00008a8c    00000022     libc.a : memccpy.c.obj (.text.memccpy)
                  00008aae    00000002     --HOLE-- [fill = 0]
                  00008ab0    00000020     key.o (.text.Key_IsPressed)
                  00008ad0    0000001e     motor.o (.text.Motor_Stop)
                  00008aee    00000002     --HOLE-- [fill = 0]
                  00008af0    0000001e     libclang_rt.builtins.a : ashldi3.S.obj (.text.__ashldi3)
                  00008b0e    0000001e     lsm6dsr_reg.o (.text.lsm6dsr_reset_get)
                  00008b2c    0000001c     driverlib.a : dl_timer.o (.text.DL_Timer_setCaptCompUpdateMethod)
                  00008b48    0000001c                 : dl_timer.o (.text.DL_Timer_setClockConfig)
                  00008b64    0000001c     key.o (.text.Key_GetPressedTimeMs)
                  00008b80    0000001c     speed_control.o (.text.SpeedControl_GetTelemetry)
                  00008b9c    0000001c     lsm6dsr_reg.o (.text.lsm6dsr_gy_flag_data_ready_get)
                  00008bb8    00000018     driverlib.a : dl_timer.o (.text.DL_Timer_setCaptureCompareOutCtl)
                  00008bd0    00000018     libc.a : snprintf.c.obj (.text._outc)
                  00008be8    00000018            : sprintf.c.obj (.text._outs)
                  00008c00    00000018     lsm6dsr_reg.o (.text.lsm6dsr_odr_cal_reg_get)
                  00008c18    00000018     clock.o (.text.mspm0_get_clock_ms)
                  00008c30    00000016     libc.a : k_rem_pio2.c.obj (.text.OUTLINED_FUNCTION_0)
                  00008c46    00000002     --HOLE-- [fill = 0]
                  00008c48    00000010     libclang_rt.builtins.a : adddf3.S.obj (.tramp.__aeabi_dadd.1)
                  00008c58    00000014                            : aeabi_uldivmod.S.obj (.text.__aeabi_uldivmod)
                  00008c6c    00000014     lsm6dsr_reg.o (.text.lsm6dsr_from_fs2000dps_to_mdps)
                  00008c80    00000014     lsm6dsr_reg.o (.text.lsm6dsr_from_fs2g_to_mg)
                  00008c94    00000014     lsm6dsr_reg.o (.text.lsm6dsr_read_reg)
                  00008ca8    00000014     lsm6dsr_reg.o (.text.lsm6dsr_write_reg)
                  00008cbc    00000014     libc.a : _printfi.c.obj (.text.strchr)
                  00008cd0    00000012     driverlib.a : dl_spi.o (.text.DL_SPI_setClockConfig)
                  00008ce2    00000012                 : dl_uart.o (.text.DL_UART_setClockConfig)
                  00008cf4    00000012     libc.a : copy_decompress_none.c.obj (.text:decompress:none)
                  00008d06    00000002     --HOLE-- [fill = 0]
                  00008d08    00000010     driverlib.a : dl_timer.o (.text.DL_Timer_setCaptureCompareValue)
                  00008d18    00000010     FusionAhrs.o (.text.FusionAhrsGetQuaternion)
                  00008d28    00000010     libc.a : k_rem_pio2.c.obj (.text.OUTLINED_FUNCTION_2)
                  00008d38    00000010     gpio_toggle_output.o (.text.SysTick_Handler)
                  00008d48    00000010     libc.a : wcslen.c.obj (.text.wcslen)
                  00008d58    00000010            : copy_zero_init.c.obj (.text:decompress:ZI)
                  00008d68    0000000e     libclang_rt.builtins.a : aeabi_memset.S.obj (.text.__aeabi_memset)
                  00008d76    0000000e     lsm6dsr_reg.o (.text.lsm6dsr_device_id_get)
                  00008d84    0000000e     libc.a : _printfi.c.obj (.text.strlen)
                  00008d92    00000002     --HOLE-- [fill = 0]
                  00008d94    0000000c     speed_control.o (.text.SpeedControl_IsRunning)
                  00008da0    0000000c     libclang_rt.builtins.a : aeabi_memset.S.obj (.text.__aeabi_memclr)
                  00008dac    0000000a     driverlib.a : dl_common.o (.text.DL_Common_delayCycles)
                  00008db6    0000000a     libc.a : _printfi.c.obj (.text.OUTLINED_FUNCTION_0)
                  00008dc0    00000010     libclang_rt.builtins.a : adddf3.S.obj (.tramp.__aeabi_dsub.1)
                  00008dd0    0000000a     libc.a : _printfi.c.obj (.text.OUTLINED_FUNCTION_1)
                  00008dda    0000000a            : k_rem_pio2.c.obj (.text.OUTLINED_FUNCTION_1)
                  00008de4    0000000a            : s_cosf.c.obj (.text.OUTLINED_FUNCTION_3)
                  00008dee    0000000a            : s_sinf.c.obj (.text.OUTLINED_FUNCTION_3)
                  00008df8    0000000a            : sprintf.c.obj (.text._outc)
                  00008e02    00000008     key.o (.text.Key_Update1ms)
                  00008e0a    00000002     --HOLE-- [fill = 0]
                  00008e0c    00000008     libc.a : aeabi_portable.c.obj (.text.__aeabi_errno_addr)
                  00008e14    00000008     libclang_rt.builtins.a : aeabi_memcpy.S.obj (.text.__aeabi_memcpy)
                  00008e1c    00000008     imu660rb.o (.text.platform_delay)
                  00008e24    00000006     libc.a : e_asinf.c.obj (.text.OUTLINED_FUNCTION_0)
                  00008e2a    00000002     --HOLE-- [fill = 0]
                  00008e2c    00000010     libclang_rt.builtins.a : mulsf3.S.obj (.tramp.__aeabi_fmul.1)
                  00008e3c    00000006     libc.a : s_atanf.c.obj (.text.OUTLINED_FUNCTION_0)
                  00008e42    00000002     --HOLE-- [fill = 0]
                  00008e44    00000010     libclang_rt.builtins.a : divsf3.S.obj (.tramp.__aeabi_fdiv.1)
                  00008e54    00000006     libc.a : s_cosf.c.obj (.text.OUTLINED_FUNCTION_0)
                  00008e5a    00000002     --HOLE-- [fill = 0]
                  00008e5c    00000010     libclang_rt.builtins.a : muldf3.S.obj (.tramp.__aeabi_dmul.1)
                  00008e6c    00000006     libc.a : s_sinf.c.obj (.text.OUTLINED_FUNCTION_0)
                  00008e72    00000006            : s_cosf.c.obj (.text.OUTLINED_FUNCTION_1)
                  00008e78    00000006            : s_sinf.c.obj (.text.OUTLINED_FUNCTION_1)
                  00008e7e    00000006            : exit.c.obj (.text:abort)
                  00008e84    00000004            : s_atanf.c.obj (.text.OUTLINED_FUNCTION_1)
                  00008e88    00000010     libclang_rt.builtins.a : addsf3.S.obj (.tramp.__aeabi_fadd.1)
                  00008e98    00000004     libc.a : s_cosf.c.obj (.text.OUTLINED_FUNCTION_2)
                  00008e9c    00000010     libclang_rt.builtins.a : extendsfdf2.S.obj (.tramp.__aeabi_f2d.1)
                  00008eac    00000004     libc.a : s_sinf.c.obj (.text.OUTLINED_FUNCTION_2)
                  00008eb0    00000004     startup_mspm0g350x_ticlang.o (.text.Reset_Handler)
                  00008eb4    00000004     libc.a : pre_init.c.obj (.text._system_pre_init)
                  00008eb8    00000008     --HOLE-- [fill = 0]

.cinit     0    00009d10    00000088     
                  00009d10    00000061     (.cinit..data.load) [load image, compression = lzss]
                  00009d71    00000003     --HOLE-- [fill = 0]
                  00009d74    0000000c     (__TI_handler_table)
                  00009d80    00000008     (.cinit..bss.load) [load image, compression = zero_init]
                  00009d88    00000010     (__TI_cinit_table)

.rodata    0    00008ec0    00000e50     
                  00008ec0    000005f0     oled_hardware_i2c.o (.rodata.asc2_1608)
                  000094b0    00000228     oled_hardware_i2c.o (.rodata.asc2_0806)
                  000096d8    00000108     libc.a : k_rem_pio2.c.obj (.rodata.ipio2)
                  000097e0    00000101            : aeabi_ctype.S.obj (.rodata:__aeabi_ctype_table_)
                  000098e1    000000a8     speed_diag.o (.rodata.str1.5116819380638094415.1)
                  00009989    00000073     speed_diag.o (.rodata.str1.14158536670396857123.1)
                  000099fc    00000045     speed_diag.o (.rodata.str1.5332232266075221074.1)
                  00009a41    00000007     gpio_toggle_output.o (.rodata.str1.15113692215023319882.1)
                  00009a48    00000040     libc.a : k_rem_pio2.c.obj (.rodata.PIo2)
                  00009a88    00000036     speed_diag.o (.rodata.str1.15537945033206470962.1)
                  00009abe    00000033     speed_diag.o (.rodata.str1.11289324077183718103.1)
                  00009af1    00000030     speed_diag.o (.rodata.str1.9233319666940353705.1)
                  00009b21    00000028     speed_diag.o (.rodata.str1.5271165883471757105.1)
                  00009b49    00000024     speed_diag.o (.rodata.str1.6491492677830583969.1)
                  00009b6d    00000003     ti_msp_dl_config.o (.rodata.gE1_BClockConfig)
                  00009b70    00000020     libc.a : s_atanf.c.obj (.rodata.cst16)
                  00009b90    00000018     FusionAhrs.o (.rodata..L__const.FusionAhrsInitialise.settings)
                  00009ba8    00000016     speed_diag.o (.rodata.str1.11628188333925508109.1)
                  00009bbe    00000016     speed_diag.o (.rodata.str1.17196593743250663074.1)
                  00009bd4    00000016     speed_diag.o (.rodata.str1.2074379158335030180.1)
                  00009bea    00000002     ti_msp_dl_config.o (.rodata.gI2C_OLEDClockConfig)
                  00009bec    00000014     ti_msp_dl_config.o (.rodata.gTIMER_0TimerConfig)
                  00009c00    00000011     libc.a : _printfi.c.obj (.rodata.str1.10348868589481759720.1)
                  00009c11    00000011            : _printfi.c.obj (.rodata.str1.15363888844622738466.1)
                  00009c22    00000002     ti_msp_dl_config.o (.rodata.gSPI_IMU660RB_clockConfig)
                  00009c24    00000010     libc.a : k_rem_pio2.c.obj (.rodata.cst16)
                  00009c34    00000010     ti_msp_dl_config.o (.rodata.gE1_BCaptureConfig)
                  00009c44    00000010     ti_msp_dl_config.o (.rodata.gE3_BCaptureConfig)
                  00009c54    00000010     gpio_toggle_output.o (.rodata.str1.7928674137164971080.1)
                  00009c64    0000000e     gpio_toggle_output.o (.rodata.str1.16559069285837280738.1)
                  00009c72    00000002     ti_msp_dl_config.o (.rodata.gUART_0ClockConfig)
                  00009c74    0000000c     driverlib.a : dl_timer.o (.rodata..Lswitch.table.DL_Timer_initCompareMode)
                  00009c80    0000000c     gpio_toggle_output.o (.rodata.str1.10910899861604263444.1)
                  00009c8c    0000000c     gpio_toggle_output.o (.rodata.str1.13732985183997240173.1)
                  00009c98    0000000c     gpio_toggle_output.o (.rodata.str1.16718355729119112538.1)
                  00009ca4    0000000a     ti_msp_dl_config.o (.rodata.gSPI_IMU660RB_config)
                  00009cae    0000000a     ti_msp_dl_config.o (.rodata.gUART_0Config)
                  00009cb8    0000000a     ti_msp_dl_config.o (.rodata.gUART_DIAGConfig)
                  00009cc2    00000002     ti_msp_dl_config.o (.rodata.gUART_DIAGClockConfig)
                  00009cc4    00000008     ti_msp_dl_config.o (.rodata.gPWM_0Config)
                  00009ccc    00000008     ti_msp_dl_config.o (.rodata.gPWM_1Config)
                  00009cd4    00000007     speed_diag.o (.rodata.str1.5557472155623033592.1)
                  00009cdb    00000006     gpio_toggle_output.o (.rodata.str1.5807257539606399117.1)
                  00009ce1    00000006     gpio_toggle_output.o (.rodata.str1.6926779734840550670.1)
                  00009ce7    00000005     speed_diag.o (.rodata.str1.10892540507645004026.1)
                  00009cec    00000005     gpio_toggle_output.o (.rodata.str1.2745267647703410976.1)
                  00009cf1    00000005     gpio_toggle_output.o (.rodata.str1.48456419029742142.1)
                  00009cf6    00000005     gpio_toggle_output.o (.rodata.str1.7293075287338320947.1)
                  00009cfb    00000003     ti_msp_dl_config.o (.rodata.gE3_BClockConfig)
                  00009cfe    00000003     ti_msp_dl_config.o (.rodata.gPWM_0ClockConfig)
                  00009d01    00000003     ti_msp_dl_config.o (.rodata.gPWM_1ClockConfig)
                  00009d04    00000003     ti_msp_dl_config.o (.rodata.gTIMER_0ClockConfig)
                  00009d07    00000009     --HOLE-- [fill = 0]

.init_array 
*          0    00000000    00000000     UNINITIALIZED

.binit     0    00000000    00000000     

.bss       0    20200000    00002aa8     UNINITIALIZED
                  20200000    00002710     speed_diag.o (.bss.s_samples)
                  20202710    000000bc     (.common:gE3_BBackup)
                  202027cc    000000bc     (.common:gTIMER_0Backup)
                  20202888    000000a0     (.common:gPWM_1Backup)
                  20202928    00000074     (.common:ahrs)
                  2020299c    00000028     (.common:gSPI_IMU660RBBackup)
                  202029c4    00000018     imu660rb.o (.bss.offset)
                  202029dc    00000018     gpio_toggle_output.o (.bss.oled_buf)
                  202029f4    00000014     imu660rb.o (.bss.dev_ctx)
                  20202a08    00000010     speed_control.o (.bss.s_telemetry)
                  20202a18    0000000c     (.common:acceleration_mg)
                  20202a24    0000000c     (.common:angular_rate_mdps)
                  20202a30    0000000c     (.common:euler)
                  20202a3c    00000008     key.o (.bss.s_debounceMs)
                  20202a44    00000008     speed_control.o (.bss.s_leftPid)
                  20202a4c    00000008     key.o (.bss.s_pressedTimeMs)
                  20202a54    00000008     speed_control.o (.bss.s_rightPid)
                  20202a5c    00000006     imu660rb.o (.bss.data_raw_angular_rate)
                  20202a62    00000002     imu660rb.o (.bss.data_raw_acceleration.1)
                  20202a64    00000004     speed_diag.o (.bss.s_activeTarget)
                  20202a68    00000004     gpio_toggle_output.o (.bss.s_key1StartRequestMs)
                  20202a6c    00000004     key.o (.bss.s_lastUpdateMs)
                  20202a70    00000004     speed_control.o (.bss.s_leftControlTarget)
                  20202a74    00000004     speed_control.o (.bss.s_leftTarget)
                  20202a78    00000004     speed_diag.o (.bss.s_resultTarget)
                  20202a7c    00000004     speed_control.o (.bss.s_rightControlTarget)
                  20202a80    00000004     speed_control.o (.bss.s_rightTarget)
                  20202a84    00000004     imu660rb.o (.bss.samplePeriod)
                  20202a88    00000004     imu660rb.o (.bss.sampleRate)
                  20202a8c    00000004     (.common:start_time)
                  20202a90    00000004     (.common:tick_ms)
                  20202a94    00000002     imu660rb.o (.bss.data_raw_acceleration.2)
                  20202a96    00000002     speed_diag.o (.bss.s_sampleCount)
                  20202a98    00000001     imu660rb.o (.bss.rst)
                  20202a99    00000001     key.o (.bss.s_candidateMask)
                  20202a9a    00000001     speed_diag.o (.bss.s_collecting)
                  20202a9b    00000001     speed_diag.o (.bss.s_dumpRequested)
                  20202a9c    00000001     speed_diag.o (.bss.s_openLoopActive)
                  20202a9d    00000001     speed_diag.o (.bss.s_openLoopRequested)
                  20202a9e    00000001     key.o (.bss.s_pressedMask)
                  20202a9f    00000001     key.o (.bss.s_rawMask)
                  20202aa0    00000001     speed_diag.o (.bss.s_resultOpenLoop)
                  20202aa1    00000001     speed_diag.o (.bss.s_resultValid)
                  20202aa2    00000001     speed_control.o (.bss.s_running)
                  20202aa3    00000001     speed_diag.o (.bss.s_startRequested)
                  20202aa4    00000001     speed_diag.o (.bss.s_statusRequested)
                  20202aa5    00000001     speed_diag.o (.bss.s_stopRequested)
                  20202aa6    00000001     key.o (.bss.s_updating)
                  20202aa7    00000001     imu660rb.o (.bss.whoamI)

.data      0    20202aa8    000000e4     UNINITIALIZED
                  20202aa8    00000080     motor.o (.data.gMotor)
                  20202b28    00000024     encoder.o (.data.gEncMotor1)
                  20202b4c    00000024     encoder.o (.data.gEncMotor3)
                  20202b70    00000004     libc.a : aeabi_portable.c.obj (.data.__aeabi_errno)
                  20202b74    00000004     imu660rb.o (.data.gyroscopeOffset.0)
                  20202b78    00000004     imu660rb.o (.data.gyroscopeOffset.1)
                  20202b7c    00000004     imu660rb.o (.data.gyroscopeOffset.2)
                  20202b80    00000004     speed_diag.o (.data.s_requestedTarget)
                  20202b84    00000002     encoder.o (.data.s_encTick)
                  20202b86    00000001     gpio_toggle_output.o (.data.gDataReceived)
                  20202b87    00000001     gpio_toggle_output.o (.data.gRxByte)
                  20202b88    00000001     gpio_toggle_output.o (.data.s_key1StartPending)
                  20202b89    00000001     gpio_toggle_output.o (.data.s_lastKey1Pressed)
                  20202b8a    00000001     gpio_toggle_output.o (.data.sched_tick)
                  20202b8b    00000001     gpio_toggle_output.o (.data.speed_sample_ready)

.stack     0    20207e00    00000200     UNINITIALIZED
                  20207e00    00000004     libc.a : boot_cortex_m.c.obj (.stack)
                  20207e04    000001fc     --HOLE--

__llvm_prf_cnts 
*          0    20200000    00000000     UNINITIALIZED

__llvm_prf_bits 
*          0    20200000    00000000     UNINITIALIZED

MODULE SUMMARY

       Module                         code    ro data   rw data
       ------                         ----    -------   -------
    .\
       ti_msp_dl_config.o             1372    121       576    
       gpio_toggle_output.o           816     100       34     
       startup_mspm0g350x_ticlang.o   6       192       0      
    +--+------------------------------+-------+---------+---------+
       Total:                         2194    413       610    
                                                               
    .\hardware\
       speed_diag.o                   3208    659       10023  
       oled_hardware_i2c.o            4912    2072      0      
       speed_control.o                1568    0         49     
       key.o                          780     0         24     
       encoder.o                      276     0         74     
       motor.o                        134     0         128    
       clock.o                        116     0         8      
    +--+------------------------------+-------+---------+---------+
       Total:                         10994   2731      10306  
                                                               
    .\hardware\IMU660RB\
       imu660rb.o                     2320    0         228    
       lsm6dsr_reg.o                  2012    0         0      
    +--+------------------------------+-------+---------+---------+
       Total:                         4332    0         228    
                                                               
    .\hardware\IMU660RB\Fusion\
       FusionAhrs.o                   3348    24        0      
       FusionOffset.o                 272     0         0      
    +--+------------------------------+-------+---------+---------+
       Total:                         3620    24        0      
                                                               
    C:/ti/mspm0_sdk_2_09_00_01/source/ti/driverlib/lib/ticlang/m0p/mspm0g1x0x_g3x0x/driverlib.a
       dl_timer.o                     892     12        0      
       dl_uart.o                      138     0         0      
       dl_i2c.o                       132     0         0      
       dl_spi.o                       86      0         0      
       dl_common.o                    10      0         0      
    +--+------------------------------+-------+---------+---------+
       Total:                         1258    12        0      
                                                               
    C:\ti\ccs2041\ccs\tools\compiler\ti-cgt-armllvm_4.0.4.LTS\lib\armv6m-ti-none-eabi/c/libc.a
       _printfi.c.obj                 4510    34        0      
       k_rem_pio2.c.obj               1652    344       0      
       s_cosf.c.obj                   822     0         0      
       s_sinf.c.obj                   810     0         0      
       s_atanf.c.obj                  466     32        0      
       e_sqrt.c.obj                   368     0         0      
       e_asinf.c.obj                  358     0         0      
       s_floor.c.obj                  324     0         0      
       e_atan2f.c.obj                 280     0         0      
       aeabi_ctype.S.obj              0       257       0      
       s_scalbn.c.obj                 216     0         0      
       memcpy16.S.obj                 154     0         0      
       snprintf.c.obj                 148     0         0      
       copy_decompress_lzss.c.obj     124     0         0      
       memset16.S.obj                 98      0         0      
       s_frexp.c.obj                  92      0         0      
       sprintf.c.obj                  90      0         0      
       _ltoa.c.obj                    88      0         0      
       atoi.c.obj                     64      0         0      
       autoinit.c.obj                 60      0         0      
       boot_cortex_m.c.obj            40      0         0      
       memccpy.c.obj                  34      0         0      
       copy_decompress_none.c.obj     18      0         0      
       copy_zero_init.c.obj           16      0         0      
       wcslen.c.obj                   16      0         0      
       aeabi_portable.c.obj           8       0         4      
       exit.c.obj                     6       0         0      
       pre_init.c.obj                 4       0         0      
    +--+------------------------------+-------+---------+---------+
       Total:                         10866   667       4      
                                                               
    C:\ti\ccs2041\ccs\tools\compiler\ti-cgt-armllvm_4.0.4.LTS\lib\armv6m-ti-none-eabi/c/libsysbm.a
       hostexit.c.obj                 4       0         0      
    +--+------------------------------+-------+---------+---------+
       Total:                         4       0         0      
                                                               
    C:\ti\ccs2041\ccs\tools\compiler\ti-cgt-armllvm_4.0.4.LTS\lib\armv6m-ti-none-eabi/libclang_rt.builtins.a
       adddf3.S.obj                   434     0         0      
       divdf3.S.obj                   268     0         0      
       muldf3.S.obj                   244     0         0      
       addsf3.S.obj                   232     0         0      
       comparedf2.c.obj               220     0         0      
       udivmoddi4.S.obj               162     0         0      
       mulsf3.S.obj                   156     0         0      
       divsf3.S.obj                   146     0         0      
       comparesf2.S.obj               118     0         0      
       truncdfsf2.S.obj               116     0         0      
       aeabi_dcmp.S.obj               98      0         0      
       aeabi_fcmp.S.obj               98      0         0      
       aeabi_idivmod.S.obj            86      0         0      
       extendsfdf2.S.obj              80      0         0      
       fixdfsi.S.obj                  74      0         0      
       aeabi_uidivmod.S.obj           64      0         0      
       floatsisf.S.obj                60      0         0      
       muldsi3.S.obj                  58      0         0      
       fixsfsi.S.obj                  56      0         0      
       fixunssfsi.S.obj               50      0         0      
       floatsidf.S.obj                44      0         0      
       floatunsisf.S.obj              40      0         0      
       muldi3.S.obj                   36      0         0      
       ashldi3.S.obj                  30      0         0      
       aeabi_memset.S.obj             26      0         0      
       aeabi_uldivmod.S.obj           20      0         0      
       aeabi_memcpy.S.obj             8       0         0      
       aeabi_div0.c.obj               4       0         0      
    +--+------------------------------+-------+---------+---------+
       Total:                         3028    0         0      
                                                               
       Stack:                         0       0         512    
       Linker Generated:              0       133       0      
    +--+------------------------------+-------+---------+---------+
       Grand Total:                   36296   3980      11660  


LINKER GENERATED COPY TABLES

__TI_cinit_table @ 00009d88 records: 2, size/record: 8, table size: 16
	.data: load addr=00009d10, load size=00000061 bytes, run addr=20202aa8, run size=000000e4 bytes, compression=lzss
	.bss: load addr=00009d80, load size=00000008 bytes, run addr=20200000, run size=00002aa8 bytes, compression=zero_init


LINKER GENERATED HANDLER TABLE

__TI_handler_table @ 00009d74 records: 3, size/record: 4, table size: 12
	index: 0, handler: __TI_decompress_lzss
	index: 1, handler: __TI_decompress_none
	index: 2, handler: __TI_zero_init


FAR CALL TRAMPOLINES

callee name               trampoline name
   callee addr  tramp addr   call addr  call info
--------------  -----------  ---------  ----------------
__aeabi_dadd              $Tramp$TT$L$PI$$__aeabi_dadd
   00004fe7     00008c48     00008c44   libc.a : k_rem_pio2.c.obj (.text.OUTLINED_FUNCTION_0)
                             00008de2          : k_rem_pio2.c.obj (.text.OUTLINED_FUNCTION_1)
                             00008dec          : s_cosf.c.obj (.text.OUTLINED_FUNCTION_3)
                             00008df6          : s_sinf.c.obj (.text.OUTLINED_FUNCTION_3)
__aeabi_dsub              $Tramp$TT$L$PI$$__aeabi_dsub
   00004fdd     00008dc0     00008dbe   libc.a : _printfi.c.obj (.text.OUTLINED_FUNCTION_0)
__aeabi_fmul              $Tramp$TT$L$PI$$__aeabi_fmul
   00007389     00008e2c     00008e28   libc.a : e_asinf.c.obj (.text.OUTLINED_FUNCTION_0)
__aeabi_fdiv              $Tramp$TT$L$PI$$__aeabi_fdiv
   000075a5     00008e44     00008e40   libc.a : s_atanf.c.obj (.text.OUTLINED_FUNCTION_0)
__aeabi_dmul              $Tramp$TT$L$PI$$__aeabi_dmul
   000066c9     00008e5c     00008e58   libc.a : s_cosf.c.obj (.text.OUTLINED_FUNCTION_0)
                             00008e70          : s_sinf.c.obj (.text.OUTLINED_FUNCTION_0)
                             00008e76          : s_cosf.c.obj (.text.OUTLINED_FUNCTION_1)
                             00008e7c          : s_sinf.c.obj (.text.OUTLINED_FUNCTION_1)
__aeabi_fadd              $Tramp$TT$L$PI$$__aeabi_fadd
   00006c07     00008e88     00008e86   libc.a : s_atanf.c.obj (.text.OUTLINED_FUNCTION_1)
__aeabi_f2d               $Tramp$TT$L$PI$$__aeabi_f2d
   00008291     00008e9c     00008e9a   libc.a : s_cosf.c.obj (.text.OUTLINED_FUNCTION_2)
                             00008eae          : s_sinf.c.obj (.text.OUTLINED_FUNCTION_2)

[7 trampolines]
[14 trampoline calls]


GLOBAL SYMBOLS: SORTED ALPHABETICALLY BY Name 

address   name                            
-------   ----                            
00001da7  ADC0_IRQHandler                 
00001da7  ADC1_IRQHandler                 
00001da7  AES_IRQHandler                  
000078fc  C$$EXIT                         
00001da7  CANFD0_IRQHandler               
00001da7  DAC0_IRQHandler                 
00008dad  DL_Common_delayCycles           
00007d81  DL_I2C_fillControllerTXFIFO     
00008a41  DL_I2C_setClockConfig           
000081cd  DL_SPI_init                     
00008cd1  DL_SPI_setClockConfig           
00005ec1  DL_Timer_initCaptureMode        
00006201  DL_Timer_initFourCCPWMMode      
00006305  DL_Timer_initTimerMode          
00008b2d  DL_Timer_setCaptCompUpdateMethod
00008bb9  DL_Timer_setCaptureCompareOutCtl
00008d09  DL_Timer_setCaptureCompareValue 
00008b49  DL_Timer_setClockConfig         
00008185  DL_UART_init                    
00008ce3  DL_UART_setClockConfig          
000087f5  DL_UART_transmitDataBlocking    
00001da7  DMA_IRQHandler                  
00001da7  Default_Handler                 
00008945  Encoder_Start                   
00008d19  FusionAhrsGetQuaternion         
00007e99  FusionAhrsInitialise            
00004e41  FusionAhrsSetHeading            
000067ad  FusionAhrsSetSettings           
00001da9  FusionAhrsUpdate                
00008211  FusionAhrsUpdateNoMagnetometer  
00008825  FusionOffsetInitialise          
0000688d  FusionOffsetUpdate              
00003b31  FusionTasks                     
00001da7  GROUP0_IRQHandler               
00001da7  GROUP1_IRQHandler               
000078fd  HOSTexit                        
00001da7  HardFault_Handler               
00001da7  I2C0_IRQHandler                 
00001da7  I2C1_IRQHandler                 
00003f7d  IMU660RB_Init                   
00008b65  Key_GetPressedTimeMs            
000071e5  Key_Init                        
00008ab1  Key_IsPressed                   
00008e03  Key_Update1ms                   
00007a55  Motor_SetSpeed                  
00008ad1  Motor_Stop                      
00001da7  NMI_Handler                     
00003131  OLED_Init                       
0000696d  OLED_ShowChar                   
00002ca1  OLED_ShowNum                    
0000147d  OLED_ShowSignedNum              
00007721  OLED_ShowString                 
00005899  OLED_WR_Byte                    
00001da7  PendSV_Handler                  
00001da7  RTC_IRQHandler                  
00004c81  Read_IMU660RB                   
00008eb1  Reset_Handler                   
00001da7  SPI0_IRQHandler                 
00001da7  SPI1_IRQHandler                 
00001da7  SVC_Handler                     
00008311  SYSCFG_DL_E1_B_init             
0000834d  SYSCFG_DL_E3_B_init             
000065e1  SYSCFG_DL_GPIO_init             
00007ff9  SYSCFG_DL_I2C_OLED_init         
00007271  SYSCFG_DL_PWM_0_init            
000072fd  SYSCFG_DL_PWM_1_init            
000080a1  SYSCFG_DL_SPI_IMU660RB_init     
00008855  SYSCFG_DL_SYSCTL_init           
000084f1  SYSCFG_DL_TIMER_0_init          
00007975  SYSCFG_DL_UART_0_init           
00007629  SYSCFG_DL_UART_DIAG_init        
00007de1  SYSCFG_DL_init                  
00007151  SYSCFG_DL_initPower             
00008b81  SpeedControl_GetTelemetry       
00007815  SpeedControl_Init               
00008d95  SpeedControl_IsRunning          
00008389  SpeedControl_SetTargets         
0000749d  SpeedControl_Start              
00007bf5  SpeedControl_Stop               
00003405  SpeedControl_Update20ms         
00008529  SpeedDiag_Init                  
00008561  SpeedDiag_IsActive              
000000c1  SpeedDiag_Process               
00005749  SpeedDiag_Record20ms            
00008d39  SysTick_Handler                 
000089c9  SysTick_Init                    
00007521  TIMA0_IRQHandler                
00008885  TIMA1_IRQHandler                
000088b5  TIMG0_IRQHandler                
00001da7  TIMG12_IRQHandler               
00001da7  TIMG6_IRQHandler                
00001da7  TIMG7_IRQHandler                
00001da7  TIMG8_IRQHandler                
00006a49  UART0_IRQHandler                
00008971  UART1_IRQHandler                
00001da7  UART2_IRQHandler                
00001da7  UART3_IRQHandler                
20208000  __STACK_END                     
00000200  __STACK_SIZE                    
00000000  __TI_ATRegion0_region_sz        
00000000  __TI_ATRegion0_src_addr         
00000000  __TI_ATRegion0_trg_addr         
00000000  __TI_ATRegion1_region_sz        
00000000  __TI_ATRegion1_src_addr         
00000000  __TI_ATRegion1_trg_addr         
00000000  __TI_ATRegion2_region_sz        
00000000  __TI_ATRegion2_src_addr         
00000000  __TI_ATRegion2_trg_addr         
00009d88  __TI_CINIT_Base                 
00009d98  __TI_CINIT_Limit                
00009d98  __TI_CINIT_Warm                 
00009d74  __TI_Handler_Table_Base         
00009d80  __TI_Handler_Table_Limit        
0000843d  __TI_auto_init_nobinit_nopinit  
000076a5  __TI_decompress_lzss            
00008cf5  __TI_decompress_none            
00007ef1  __TI_ltoa                       
ffffffff  __TI_pprof_out_hndl             
00000aad  __TI_printfi                    
ffffffff  __TI_prof_data_size             
ffffffff  __TI_prof_data_start            
00000000  __TI_static_base__              
00008d59  __TI_zero_init                  
00004fe7  __adddf3                        
00006c07  __addsf3                        
000097e0  __aeabi_ctype_table_            
000097e0  __aeabi_ctype_table_C           
00007901  __aeabi_d2f                     
00008139  __aeabi_d2iz                    
00004fe7  __aeabi_dadd                    
00007c59  __aeabi_dcmpeq                  
00007c95  __aeabi_dcmpge                  
00007ca9  __aeabi_dcmpgt                  
00007c81  __aeabi_dcmple                  
00007c6d  __aeabi_dcmplt                  
000060f5  __aeabi_ddiv                    
000066c9  __aeabi_dmul                    
00004fdd  __aeabi_dsub                    
20202b70  __aeabi_errno                   
00008e0d  __aeabi_errno_addr              
00008291  __aeabi_f2d                     
00008599  __aeabi_f2iz                    
000087c1  __aeabi_f2uiz                   
00006c07  __aeabi_fadd                    
00007cbd  __aeabi_fcmpeq                  
00007cf9  __aeabi_fcmpge                  
00007d0d  __aeabi_fcmpgt                  
00007ce5  __aeabi_fcmple                  
00007cd1  __aeabi_fcmplt                  
000075a5  __aeabi_fdiv                    
00007389  __aeabi_fmul                    
00006bfd  __aeabi_fsub                    
0000899d  __aeabi_i2d                     
000083c5  __aeabi_i2f                     
00007fa1  __aeabi_idiv                    
0000516f  __aeabi_idiv0                   
00007fa1  __aeabi_idivmod                 
00006ed7  __aeabi_ldiv0                   
00008af1  __aeabi_llsl                    
00008a69  __aeabi_lmul                    
00008da1  __aeabi_memclr                  
00008da1  __aeabi_memclr4                 
00008da1  __aeabi_memclr8                 
00008e15  __aeabi_memcpy                  
00008e15  __aeabi_memcpy4                 
00008e15  __aeabi_memcpy8                 
00008d69  __aeabi_memset                  
00008d69  __aeabi_memset4                 
00008d69  __aeabi_memset8                 
000089f1  __aeabi_ui2f                    
00008251  __aeabi_uidiv                   
00008251  __aeabi_uidivmod                
00008c59  __aeabi_uldivmod                
00008af1  __ashldi3                       
ffffffff  __binit__                       
00007abd  __cmpdf2                        
00008479  __cmpsf2                        
000060f5  __divdf3                        
000075a5  __divsf3                        
00007abd  __eqdf2                         
00008479  __eqsf2                         
00008291  __extendsfdf2                   
00008139  __fixdfsi                       
00008599  __fixsfsi                       
000087c1  __fixunssfsi                    
0000899d  __floatsidf                     
000083c5  __floatsisf                     
000089f1  __floatunsisf                   
00007889  __gedf2                         
00008401  __gesf2                         
00007889  __gtdf2                         
00008401  __gtsf2                         
0000265d  __kernel_rem_pio2               
00007abd  __ledf2                         
00008479  __lesf2                         
00007abd  __ltdf2                         
00008479  __ltsf2                         
UNDEFED   __mpu_init                      
000066c9  __muldf3                        
00008a69  __muldi3                        
000084b5  __muldsi3                       
00007389  __mulsf3                        
00007abd  __nedf2                         
00008479  __nesf2                         
20207e00  __stack                         
20200000  __start___llvm_prf_bits         
20200000  __start___llvm_prf_cnts         
20200000  __stop___llvm_prf_bits          
20200000  __stop___llvm_prf_cnts          
00004fdd  __subdf3                        
00006bfd  __subsf3                        
00007901  __truncdfsf2                    
00006ed9  __udivmoddi4                    
00008a19  _c_int00_noargs                 
UNDEFED   _system_post_cinit              
00008eb5  _system_pre_init                
00008e7f  abort                           
20202a18  acceleration_mg                 
20202928  ahrs                            
20202a24  angular_rate_mdps               
000055e9  asinf                           
00005fdd  atan2f                          
000048f1  atanf                           
000082d1  atoi                            
ffffffff  binit                           
0000454d  cosf                            
00007415  encoder_task                    
20202a30  euler                           
000059e5  floor                           
000059e5  floorl                          
00007e3d  frexp                           
00007e3d  frexpl                          
20202b86  gDataReceived                   
20202710  gE3_BBackup                     
20202b28  gEncMotor1                      
20202b4c  gEncMotor3                      
20202aa8  gMotor                          
20202888  gPWM_1Backup                    
20202b87  gRxByte                         
2020299c  gSPI_IMU660RBBackup             
202027cc  gTIMER_0Backup                  
00000000  interruptVectors                
00006b25  ldexp                           
00006b25  ldexpl                          
00008757  lsm6dsr_angular_rate_raw_get    
000085d1  lsm6dsr_block_data_update_set   
00008721  lsm6dsr_data_ready_mode_set     
00008d77  lsm6dsr_device_id_get           
00008c6d  lsm6dsr_from_fs2000dps_to_mdps  
00008c81  lsm6dsr_from_fs2g_to_mg         
000079e5  lsm6dsr_fsm_data_rate_get       
0000779b  lsm6dsr_fsm_enable_get          
00006401  lsm6dsr_gy_data_rate_set        
00008609  lsm6dsr_gy_filter_lp1_set       
00008b9d  lsm6dsr_gy_flag_data_ready_get  
00008641  lsm6dsr_gy_full_scale_set       
00007b25  lsm6dsr_i3c_disable_set         
00008c01  lsm6dsr_odr_cal_reg_get         
00006e2d  lsm6dsr_pin_int1_route_get      
00004721  lsm6dsr_pin_int1_route_set      
00008c95  lsm6dsr_read_reg                
00008b0f  lsm6dsr_reset_get               
00008679  lsm6dsr_reset_set               
00008ca9  lsm6dsr_write_reg               
000064f1  lsm6dsr_xl_data_rate_set        
000086b1  lsm6dsr_xl_full_scale_set       
00003685  main                            
00008a8d  memccpy                         
000070b5  memcpy                          
00007d1f  memset                          
0000878d  mspm0_delay_ms                  
00008c19  mspm0_get_clock_ms              
00006b25  scalbn                          
00006b25  scalbnl                         
00004ab9  sinf                            
000080ed  snprintf                        
000086e9  sprintf                         
00005479  sqrt                            
00005479  sqrtl                           
20202a8c  start_time                      
20202a90  tick_ms                         
00008d49  wcslen                          


GLOBAL SYMBOLS: SORTED BY Symbol Address 

address   name                            
-------   ----                            
00000000  __TI_ATRegion0_region_sz        
00000000  __TI_ATRegion0_src_addr         
00000000  __TI_ATRegion0_trg_addr         
00000000  __TI_ATRegion1_region_sz        
00000000  __TI_ATRegion1_src_addr         
00000000  __TI_ATRegion1_trg_addr         
00000000  __TI_ATRegion2_region_sz        
00000000  __TI_ATRegion2_src_addr         
00000000  __TI_ATRegion2_trg_addr         
00000000  __TI_static_base__              
00000000  interruptVectors                
000000c1  SpeedDiag_Process               
00000200  __STACK_SIZE                    
00000aad  __TI_printfi                    
0000147d  OLED_ShowSignedNum              
00001da7  ADC0_IRQHandler                 
00001da7  ADC1_IRQHandler                 
00001da7  AES_IRQHandler                  
00001da7  CANFD0_IRQHandler               
00001da7  DAC0_IRQHandler                 
00001da7  DMA_IRQHandler                  
00001da7  Default_Handler                 
00001da7  GROUP0_IRQHandler               
00001da7  GROUP1_IRQHandler               
00001da7  HardFault_Handler               
00001da7  I2C0_IRQHandler                 
00001da7  I2C1_IRQHandler                 
00001da7  NMI_Handler                     
00001da7  PendSV_Handler                  
00001da7  RTC_IRQHandler                  
00001da7  SPI0_IRQHandler                 
00001da7  SPI1_IRQHandler                 
00001da7  SVC_Handler                     
00001da7  TIMG12_IRQHandler               
00001da7  TIMG6_IRQHandler                
00001da7  TIMG7_IRQHandler                
00001da7  TIMG8_IRQHandler                
00001da7  UART2_IRQHandler                
00001da7  UART3_IRQHandler                
00001da9  FusionAhrsUpdate                
0000265d  __kernel_rem_pio2               
00002ca1  OLED_ShowNum                    
00003131  OLED_Init                       
00003405  SpeedControl_Update20ms         
00003685  main                            
00003b31  FusionTasks                     
00003f7d  IMU660RB_Init                   
0000454d  cosf                            
00004721  lsm6dsr_pin_int1_route_set      
000048f1  atanf                           
00004ab9  sinf                            
00004c81  Read_IMU660RB                   
00004e41  FusionAhrsSetHeading            
00004fdd  __aeabi_dsub                    
00004fdd  __subdf3                        
00004fe7  __adddf3                        
00004fe7  __aeabi_dadd                    
0000516f  __aeabi_idiv0                   
00005479  sqrt                            
00005479  sqrtl                           
000055e9  asinf                           
00005749  SpeedDiag_Record20ms            
00005899  OLED_WR_Byte                    
000059e5  floor                           
000059e5  floorl                          
00005ec1  DL_Timer_initCaptureMode        
00005fdd  atan2f                          
000060f5  __aeabi_ddiv                    
000060f5  __divdf3                        
00006201  DL_Timer_initFourCCPWMMode      
00006305  DL_Timer_initTimerMode          
00006401  lsm6dsr_gy_data_rate_set        
000064f1  lsm6dsr_xl_data_rate_set        
000065e1  SYSCFG_DL_GPIO_init             
000066c9  __aeabi_dmul                    
000066c9  __muldf3                        
000067ad  FusionAhrsSetSettings           
0000688d  FusionOffsetUpdate              
0000696d  OLED_ShowChar                   
00006a49  UART0_IRQHandler                
00006b25  ldexp                           
00006b25  ldexpl                          
00006b25  scalbn                          
00006b25  scalbnl                         
00006bfd  __aeabi_fsub                    
00006bfd  __subsf3                        
00006c07  __addsf3                        
00006c07  __aeabi_fadd                    
00006e2d  lsm6dsr_pin_int1_route_get      
00006ed7  __aeabi_ldiv0                   
00006ed9  __udivmoddi4                    
000070b5  memcpy                          
00007151  SYSCFG_DL_initPower             
000071e5  Key_Init                        
00007271  SYSCFG_DL_PWM_0_init            
000072fd  SYSCFG_DL_PWM_1_init            
00007389  __aeabi_fmul                    
00007389  __mulsf3                        
00007415  encoder_task                    
0000749d  SpeedControl_Start              
00007521  TIMA0_IRQHandler                
000075a5  __aeabi_fdiv                    
000075a5  __divsf3                        
00007629  SYSCFG_DL_UART_DIAG_init        
000076a5  __TI_decompress_lzss            
00007721  OLED_ShowString                 
0000779b  lsm6dsr_fsm_enable_get          
00007815  SpeedControl_Init               
00007889  __gedf2                         
00007889  __gtdf2                         
000078fc  C$$EXIT                         
000078fd  HOSTexit                        
00007901  __aeabi_d2f                     
00007901  __truncdfsf2                    
00007975  SYSCFG_DL_UART_0_init           
000079e5  lsm6dsr_fsm_data_rate_get       
00007a55  Motor_SetSpeed                  
00007abd  __cmpdf2                        
00007abd  __eqdf2                         
00007abd  __ledf2                         
00007abd  __ltdf2                         
00007abd  __nedf2                         
00007b25  lsm6dsr_i3c_disable_set         
00007bf5  SpeedControl_Stop               
00007c59  __aeabi_dcmpeq                  
00007c6d  __aeabi_dcmplt                  
00007c81  __aeabi_dcmple                  
00007c95  __aeabi_dcmpge                  
00007ca9  __aeabi_dcmpgt                  
00007cbd  __aeabi_fcmpeq                  
00007cd1  __aeabi_fcmplt                  
00007ce5  __aeabi_fcmple                  
00007cf9  __aeabi_fcmpge                  
00007d0d  __aeabi_fcmpgt                  
00007d1f  memset                          
00007d81  DL_I2C_fillControllerTXFIFO     
00007de1  SYSCFG_DL_init                  
00007e3d  frexp                           
00007e3d  frexpl                          
00007e99  FusionAhrsInitialise            
00007ef1  __TI_ltoa                       
00007fa1  __aeabi_idiv                    
00007fa1  __aeabi_idivmod                 
00007ff9  SYSCFG_DL_I2C_OLED_init         
000080a1  SYSCFG_DL_SPI_IMU660RB_init     
000080ed  snprintf                        
00008139  __aeabi_d2iz                    
00008139  __fixdfsi                       
00008185  DL_UART_init                    
000081cd  DL_SPI_init                     
00008211  FusionAhrsUpdateNoMagnetometer  
00008251  __aeabi_uidiv                   
00008251  __aeabi_uidivmod                
00008291  __aeabi_f2d                     
00008291  __extendsfdf2                   
000082d1  atoi                            
00008311  SYSCFG_DL_E1_B_init             
0000834d  SYSCFG_DL_E3_B_init             
00008389  SpeedControl_SetTargets         
000083c5  __aeabi_i2f                     
000083c5  __floatsisf                     
00008401  __gesf2                         
00008401  __gtsf2                         
0000843d  __TI_auto_init_nobinit_nopinit  
00008479  __cmpsf2                        
00008479  __eqsf2                         
00008479  __lesf2                         
00008479  __ltsf2                         
00008479  __nesf2                         
000084b5  __muldsi3                       
000084f1  SYSCFG_DL_TIMER_0_init          
00008529  SpeedDiag_Init                  
00008561  SpeedDiag_IsActive              
00008599  __aeabi_f2iz                    
00008599  __fixsfsi                       
000085d1  lsm6dsr_block_data_update_set   
00008609  lsm6dsr_gy_filter_lp1_set       
00008641  lsm6dsr_gy_full_scale_set       
00008679  lsm6dsr_reset_set               
000086b1  lsm6dsr_xl_full_scale_set       
000086e9  sprintf                         
00008721  lsm6dsr_data_ready_mode_set     
00008757  lsm6dsr_angular_rate_raw_get    
0000878d  mspm0_delay_ms                  
000087c1  __aeabi_f2uiz                   
000087c1  __fixunssfsi                    
000087f5  DL_UART_transmitDataBlocking    
00008825  FusionOffsetInitialise          
00008855  SYSCFG_DL_SYSCTL_init           
00008885  TIMA1_IRQHandler                
000088b5  TIMG0_IRQHandler                
00008945  Encoder_Start                   
00008971  UART1_IRQHandler                
0000899d  __aeabi_i2d                     
0000899d  __floatsidf                     
000089c9  SysTick_Init                    
000089f1  __aeabi_ui2f                    
000089f1  __floatunsisf                   
00008a19  _c_int00_noargs                 
00008a41  DL_I2C_setClockConfig           
00008a69  __aeabi_lmul                    
00008a69  __muldi3                        
00008a8d  memccpy                         
00008ab1  Key_IsPressed                   
00008ad1  Motor_Stop                      
00008af1  __aeabi_llsl                    
00008af1  __ashldi3                       
00008b0f  lsm6dsr_reset_get               
00008b2d  DL_Timer_setCaptCompUpdateMethod
00008b49  DL_Timer_setClockConfig         
00008b65  Key_GetPressedTimeMs            
00008b81  SpeedControl_GetTelemetry       
00008b9d  lsm6dsr_gy_flag_data_ready_get  
00008bb9  DL_Timer_setCaptureCompareOutCtl
00008c01  lsm6dsr_odr_cal_reg_get         
00008c19  mspm0_get_clock_ms              
00008c59  __aeabi_uldivmod                
00008c6d  lsm6dsr_from_fs2000dps_to_mdps  
00008c81  lsm6dsr_from_fs2g_to_mg         
00008c95  lsm6dsr_read_reg                
00008ca9  lsm6dsr_write_reg               
00008cd1  DL_SPI_setClockConfig           
00008ce3  DL_UART_setClockConfig          
00008cf5  __TI_decompress_none            
00008d09  DL_Timer_setCaptureCompareValue 
00008d19  FusionAhrsGetQuaternion         
00008d39  SysTick_Handler                 
00008d49  wcslen                          
00008d59  __TI_zero_init                  
00008d69  __aeabi_memset                  
00008d69  __aeabi_memset4                 
00008d69  __aeabi_memset8                 
00008d77  lsm6dsr_device_id_get           
00008d95  SpeedControl_IsRunning          
00008da1  __aeabi_memclr                  
00008da1  __aeabi_memclr4                 
00008da1  __aeabi_memclr8                 
00008dad  DL_Common_delayCycles           
00008e03  Key_Update1ms                   
00008e0d  __aeabi_errno_addr              
00008e15  __aeabi_memcpy                  
00008e15  __aeabi_memcpy4                 
00008e15  __aeabi_memcpy8                 
00008e7f  abort                           
00008eb1  Reset_Handler                   
00008eb5  _system_pre_init                
000097e0  __aeabi_ctype_table_            
000097e0  __aeabi_ctype_table_C           
00009d74  __TI_Handler_Table_Base         
00009d80  __TI_Handler_Table_Limit        
00009d88  __TI_CINIT_Base                 
00009d98  __TI_CINIT_Limit                
00009d98  __TI_CINIT_Warm                 
20200000  __start___llvm_prf_bits         
20200000  __start___llvm_prf_cnts         
20200000  __stop___llvm_prf_bits          
20200000  __stop___llvm_prf_cnts          
20202710  gE3_BBackup                     
202027cc  gTIMER_0Backup                  
20202888  gPWM_1Backup                    
20202928  ahrs                            
2020299c  gSPI_IMU660RBBackup             
20202a18  acceleration_mg                 
20202a24  angular_rate_mdps               
20202a30  euler                           
20202a8c  start_time                      
20202a90  tick_ms                         
20202aa8  gMotor                          
20202b28  gEncMotor1                      
20202b4c  gEncMotor3                      
20202b70  __aeabi_errno                   
20202b86  gDataReceived                   
20202b87  gRxByte                         
20207e00  __stack                         
20208000  __STACK_END                     
ffffffff  __TI_pprof_out_hndl             
ffffffff  __TI_prof_data_size             
ffffffff  __TI_prof_data_start            
ffffffff  __binit__                       
ffffffff  binit                           
UNDEFED   __mpu_init                      
UNDEFED   _system_post_cinit              

[282 symbols]
