******************************************************************************
            TI ARM Clang Linker PC v4.0.4                      
******************************************************************************
>> Linked Sat Jul 18 21:09:26 2026

OUTPUT FILE NAME:   <gpio_toggle_output_LP_MSPM0G3507_nortos_ticlang.out>
ENTRY POINT SYMBOL: "_c_int00_noargs"  address: 00007a8d


MEMORY CONFIGURATION

         name            origin    length      used     unused   attr    fill
----------------------  --------  ---------  --------  --------  ----  --------
  FLASH                 00000000   00020000  00008af0  00017510  R  X
  SRAM                  20200000   00008000  00000637  000079c9  RW X
  BCR_CONFIG            41c00000   000000ff  00000000  000000ff  R   
  BSL_CONFIG            41c00100   00000080  00000000  00000080  R   


SEGMENT ALLOCATION MAP

run origin  load origin   length   init length attrs members
----------  ----------- ---------- ----------- ----- -------
00000000    00000000    00008af0   00008af0    r-x
  00000000    00000000    000000c0   000000c0    r-- .intvecs
  000000c0    000000c0    00007e10   00007e10    r-x .text
  00007ed0    00007ed0    00000ba0   00000ba0    r-- .rodata
  00008a70    00008a70    00000080   00000080    r-- .cinit
20200000    20200000    0000043a   00000000    rw-
  20200000    20200000    00000371   00000000    rw- .bss
  20200374    20200374    000000c6   00000000    rw- .data
20207e00    20207e00    00000200   00000000    rw-
  20207e00    20207e00    00000200   00000000    rw- .stack


SECTION ALLOCATION MAP

 output                                  attributes/
section   page    origin      length       input sections
--------  ----  ----------  ----------   ----------------
.intvecs   0    00000000    000000c0     
                  00000000    000000c0     startup_mspm0g350x_ticlang.o (.intvecs)

.text      0    000000c0    00007e10     
                  000000c0    000009d0     libc.a : _printfi.c.obj (.text:__TI_printfi)
                  00000a90    0000092a     oled_hardware_i2c.o (.text.OLED_ShowSignedNum)
                  000013ba    00000002     startup_mspm0g350x_ticlang.o (.text.Default_Handler)
                  000013bc    000008b4     FusionAhrs.o (.text.FusionAhrsUpdate)
                  00001c70    00000644     libc.a : k_rem_pio2.c.obj (.text.__kernel_rem_pio2)
                  000022b4    00000490     oled_hardware_i2c.o (.text.OLED_ShowNum)
                  00002744    000002d4     oled_hardware_i2c.o (.text.OLED_Init)
                  00002a18    0000026c     speed_control.o (.text.SpeedControl_Update20ms)
                  00002c84    0000023c     key.o (.text.Key_Service)
                  00002ec0    0000022c     imu660rb.o (.text.FusionTasks)
                  000030ec    00000220     libc.a : _printfi.c.obj (.text._pconv_a)
                  0000330c    00000214     imu660rb.o (.text.IMU660RB_Init)
                  00003520    000001e0     speed_control.o (.text.SpeedPid_Update)
                  00003700    000001dc     libc.a : _printfi.c.obj (.text._pconv_g)
                  000038dc    000001d4            : s_cosf.c.obj (.text.cosf)
                  00003ab0    000001d0     lsm6dsr_reg.o (.text.lsm6dsr_pin_int1_route_set)
                  00003c80    000001c8     libc.a : s_atanf.c.obj (.text.atanf)
                  00003e48    000001c8            : s_sinf.c.obj (.text.sinf)
                  00004010    000001c0     imu660rb.o (.text.Read_IMU660RB)
                  000041d0    000001b8     gpio_toggle_output.o (.text.main)
                  00004388    0000019c     FusionAhrs.o (.text.FusionAhrsSetHeading)
                  00004524    00000192     libclang_rt.builtins.a : adddf3.S.obj (.text.adddf3_subdf3)
                  000046b6    00000002                            : aeabi_div0.c.obj (.text.__aeabi_idiv0)
                  000046b8    00000188     imu660rb.o (.text.platform_read)
                  00004840    00000180     imu660rb.o (.text.platform_write)
                  000049c0    00000170     libc.a : e_sqrt.c.obj (.text.sqrt)
                  00004b30    00000160            : e_asinf.c.obj (.text.asinf)
                  00004c90    0000014c     oled_hardware_i2c.o (.text.OLED_WR_Byte)
                  00004ddc    00000144     libc.a : s_floor.c.obj (.text.floor)
                  00004f20    0000013c     FusionAhrs.o (.text.Feedback)
                  0000505c    0000013c     libc.a : _printfi.c.obj (.text.fcvt)
                  00005198    00000120            : _printfi.c.obj (.text._pconv_e)
                  000052b8    0000011c     driverlib.a : dl_timer.o (.text.DL_Timer_initCaptureMode)
                  000053d4    00000118     libc.a : e_atan2f.c.obj (.text.atan2f)
                  000054ec    0000010c     libclang_rt.builtins.a : divdf3.S.obj (.text.__divdf3)
                  000055f8    00000104     driverlib.a : dl_timer.o (.text.DL_Timer_initFourCCPWMMode)
                  000056fc    000000fc                 : dl_timer.o (.text.DL_Timer_initTimerMode)
                  000057f8    000000f0     lsm6dsr_reg.o (.text.lsm6dsr_gy_data_rate_set)
                  000058e8    000000f0     lsm6dsr_reg.o (.text.lsm6dsr_xl_data_rate_set)
                  000059d8    000000e4     ti_msp_dl_config.o (.text.SYSCFG_DL_GPIO_init)
                  00005abc    000000e4     libclang_rt.builtins.a : muldf3.S.obj (.text.__muldf3)
                  00005ba0    000000e0     FusionAhrs.o (.text.FusionAhrsSetSettings)
                  00005c80    000000e0     FusionOffset.o (.text.FusionOffsetUpdate)
                  00005d60    000000dc     oled_hardware_i2c.o (.text.OLED_ShowChar)
                  00005e3c    000000d8     libc.a : s_scalbn.c.obj (.text.scalbn)
                  00005f14    000000d8     libclang_rt.builtins.a : addsf3.S.obj (.text)
                  00005fec    000000ac     libc.a : s_cosf.c.obj (.text.__kernel_sindf)
                  00006098    000000ac            : s_sinf.c.obj (.text.__kernel_sindf)
                  00006144    000000aa     lsm6dsr_reg.o (.text.lsm6dsr_pin_int1_route_get)
                  000061ee    00000002     libclang_rt.builtins.a : aeabi_div0.c.obj (.text.__aeabi_ldiv0)
                  000061f0    000000a2                            : udivmoddi4.S.obj (.text)
                  00006292    00000002     --HOLE-- [fill = 0]
                  00006294    0000009c     libc.a : s_cosf.c.obj (.text.__kernel_cosdf)
                  00006330    0000009c            : s_sinf.c.obj (.text.__kernel_cosdf)
                  000063cc    0000009a            : memcpy16.S.obj (.text:memcpy)
                  00006466    00000002     --HOLE-- [fill = 0]
                  00006468    0000008c     key.o (.text.Key_Init)
                  000064f4    0000008c     ti_msp_dl_config.o (.text.SYSCFG_DL_PWM_0_init)
                  00006580    0000008c     ti_msp_dl_config.o (.text.SYSCFG_DL_PWM_1_init)
                  0000660c    0000008c     libclang_rt.builtins.a : mulsf3.S.obj (.text.__mulsf3)
                  00006698    00000088     ti_msp_dl_config.o (.text.SYSCFG_DL_initPower)
                  00006720    00000082     libclang_rt.builtins.a : divsf3.S.obj (.text.__divsf3)
                  000067a2    00000002     --HOLE-- [fill = 0]
                  000067a4    0000007c     libc.a : copy_decompress_lzss.c.obj (.text:decompress:lzss)
                  00006820    0000007a     oled_hardware_i2c.o (.text.OLED_ShowString)
                  0000689a    0000007a     lsm6dsr_reg.o (.text.lsm6dsr_fsm_enable_get)
                  00006914    00000078     gpio_toggle_output.o (.text.TIMA0_IRQHandler)
                  0000698c    00000074     libclang_rt.builtins.a : comparedf2.c.obj (.text.__gedf2)
                  00006a00    00000074                            : truncdfsf2.S.obj (.text.__truncdfsf2)
                  00006a74    00000070     ti_msp_dl_config.o (.text.SYSCFG_DL_UART_0_init)
                  00006ae4    0000006e     lsm6dsr_reg.o (.text.lsm6dsr_fsm_data_rate_get)
                  00006b52    00000002     --HOLE-- [fill = 0]
                  00006b54    00000068     motor.o (.text.Motor_SetSpeed)
                  00006bbc    00000068     speed_control.o (.text.SpeedControl_Init)
                  00006c24    00000068     libclang_rt.builtins.a : comparedf2.c.obj (.text.__ledf2)
                  00006c8c    00000068     lsm6dsr_reg.o (.text.lsm6dsr_i3c_disable_set)
                  00006cf4    00000066     libc.a : _printfi.c.obj (.text._mcpy)
                  00006d5a    00000002     --HOLE-- [fill = 0]
                  00006d5c    00000062     libclang_rt.builtins.a : aeabi_dcmp.S.obj (.text.__aeabi_dcmp)
                  00006dbe    00000002     --HOLE-- [fill = 0]
                  00006dc0    00000062                            : aeabi_fcmp.S.obj (.text.__aeabi_fcmp)
                  00006e22    00000062     libc.a : memset16.S.obj (.text:memset)
                  00006e84    0000005e     driverlib.a : dl_i2c.o (.text.DL_I2C_fillControllerTXFIFO)
                  00006ee2    00000002     --HOLE-- [fill = 0]
                  00006ee4    0000005c     libc.a : s_frexp.c.obj (.text.frexp)
                  00006f40    00000058     FusionAhrs.o (.text.FusionAhrsInitialise)
                  00006f98    00000058     ti_msp_dl_config.o (.text.SYSCFG_DL_init)
                  00006ff0    00000058     speed_control.o (.text.SpeedControl_Stop)
                  00007048    00000058     libc.a : _ltoa.c.obj (.text.__TI_ltoa)
                  000070a0    00000058            : _printfi.c.obj (.text._pconv_f)
                  000070f8    00000056     libclang_rt.builtins.a : aeabi_idivmod.S.obj (.text.__aeabi_idivmod)
                  0000714e    00000002     --HOLE-- [fill = 0]
                  00007150    00000054     ti_msp_dl_config.o (.text.SYSCFG_DL_I2C_OLED_init)
                  000071a4    00000052     libc.a : _printfi.c.obj (.text._ecpy)
                  000071f6    00000002     --HOLE-- [fill = 0]
                  000071f8    0000004c     ti_msp_dl_config.o (.text.SYSCFG_DL_SPI_IMU660RB_init)
                  00007244    0000004a     libclang_rt.builtins.a : fixdfsi.S.obj (.text.__fixdfsi)
                  0000728e    00000002     --HOLE-- [fill = 0]
                  00007290    00000048     driverlib.a : dl_uart.o (.text.DL_UART_init)
                  000072d8    00000044                 : dl_spi.o (.text.DL_SPI_init)
                  0000731c    00000040     FusionAhrs.o (.text.FusionAhrsUpdateNoMagnetometer)
                  0000735c    00000040     libclang_rt.builtins.a : aeabi_uidivmod.S.obj (.text.__aeabi_uidivmod)
                  0000739c    00000040                            : extendsfdf2.S.obj (.text.__extendsfdf2)
                  000073dc    00000040     libc.a : atoi.c.obj (.text.atoi)
                  0000741c    0000003c     ti_msp_dl_config.o (.text.SYSCFG_DL_E1_B_init)
                  00007458    0000003c     ti_msp_dl_config.o (.text.SYSCFG_DL_E3_B_init)
                  00007494    0000003c     libclang_rt.builtins.a : floatsisf.S.obj (.text.__floatsisf)
                  000074d0    0000003c                            : comparesf2.S.obj (.text.__gtsf2)
                  0000750c    0000003c     encoder.o (.text.encoder_task)
                  00007548    0000003c     libc.a : autoinit.c.obj (.text:__TI_auto_init_nobinit_nopinit)
                  00007584    0000003a     libclang_rt.builtins.a : comparesf2.S.obj (.text.__eqsf2)
                  000075be    00000002     --HOLE-- [fill = 0]
                  000075c0    0000003a                            : muldsi3.S.obj (.text.__muldsi3)
                  000075fa    00000002     --HOLE-- [fill = 0]
                  000075fc    00000038     ti_msp_dl_config.o (.text.SYSCFG_DL_TIMER_0_init)
                  00007634    00000038     libclang_rt.builtins.a : fixsfsi.S.obj (.text.__fixsfsi)
                  0000766c    00000038     lsm6dsr_reg.o (.text.lsm6dsr_block_data_update_set)
                  000076a4    00000038     lsm6dsr_reg.o (.text.lsm6dsr_gy_filter_lp1_set)
                  000076dc    00000038     lsm6dsr_reg.o (.text.lsm6dsr_gy_full_scale_set)
                  00007714    00000038     lsm6dsr_reg.o (.text.lsm6dsr_reset_set)
                  0000774c    00000038     lsm6dsr_reg.o (.text.lsm6dsr_xl_full_scale_set)
                  00007784    00000038     libc.a : sprintf.c.obj (.text.sprintf)
                  000077bc    00000036     lsm6dsr_reg.o (.text.lsm6dsr_data_ready_mode_set)
                  000077f2    00000002     --HOLE-- [fill = 0]
                  000077f4    00000034     encoder.o (.text.TIMA1_IRQHandler)
                  00007828    00000034     encoder.o (.text.TIMG0_IRQHandler)
                  0000785c    00000034     lsm6dsr_reg.o (.text.lsm6dsr_angular_rate_raw_get)
                  00007890    00000034     clock.o (.text.mspm0_delay_ms)
                  000078c4    00000032     libclang_rt.builtins.a : fixunssfsi.S.obj (.text.__fixunssfsi)
                  000078f6    00000002     --HOLE-- [fill = 0]
                  000078f8    00000030     driverlib.a : dl_uart.o (.text.DL_UART_transmitDataBlocking)
                  00007928    00000030     FusionOffset.o (.text.FusionOffsetInitialise)
                  00007958    00000030     ti_msp_dl_config.o (.text.SYSCFG_DL_SYSCTL_init)
                  00007988    00000030     libc.a : _printfi.c.obj (.text._fcpy)
                  000079b8    0000002c     encoder.o (.text.Encoder_Start)
                  000079e4    0000002c     gpio_toggle_output.o (.text.UART1_IRQHandler)
                  00007a10    0000002c     libclang_rt.builtins.a : floatsidf.S.obj (.text.__floatsidf)
                  00007a3c    00000028     clock.o (.text.SysTick_Init)
                  00007a64    00000028     libclang_rt.builtins.a : floatunsisf.S.obj (.text.__floatunsisf)
                  00007a8c    00000028     libc.a : boot_cortex_m.c.obj (.text:_c_int00_noargs)
                  00007ab4    00000026     driverlib.a : dl_i2c.o (.text.DL_I2C_setClockConfig)
                  00007ada    00000002     --HOLE-- [fill = 0]
                  00007adc    00000024     libclang_rt.builtins.a : muldi3.S.obj (.text.__muldi3)
                  00007b00    00000022     libc.a : memccpy.c.obj (.text.memccpy)
                  00007b22    0000001e     motor.o (.text.Motor_Stop)
                  00007b40    0000001e     libclang_rt.builtins.a : ashldi3.S.obj (.text.__ashldi3)
                  00007b5e    0000001e     lsm6dsr_reg.o (.text.lsm6dsr_reset_get)
                  00007b7c    0000001c     driverlib.a : dl_timer.o (.text.DL_Timer_setCaptCompUpdateMethod)
                  00007b98    0000001c                 : dl_timer.o (.text.DL_Timer_setClockConfig)
                  00007bb4    0000001c     key.o (.text.Key_GetPressedTimeMs)
                  00007bd0    0000001c     lsm6dsr_reg.o (.text.lsm6dsr_gy_flag_data_ready_get)
                  00007bec    00000018     driverlib.a : dl_timer.o (.text.DL_Timer_setCaptureCompareOutCtl)
                  00007c04    00000018     libc.a : sprintf.c.obj (.text._outs)
                  00007c1c    00000018     lsm6dsr_reg.o (.text.lsm6dsr_odr_cal_reg_get)
                  00007c34    00000018     clock.o (.text.mspm0_get_clock_ms)
                  00007c4c    00000016     libc.a : k_rem_pio2.c.obj (.text.OUTLINED_FUNCTION_0)
                  00007c62    00000002     --HOLE-- [fill = 0]
                  00007c64    00000010     libclang_rt.builtins.a : adddf3.S.obj (.tramp.__aeabi_dadd.1)
                  00007c74    00000016     libc.a : copy_zero_init.c.obj (.text:decompress:ZI:__TI_zero_init_nomemset)
                  00007c8a    00000002     --HOLE-- [fill = 0]
                  00007c8c    00000014     libclang_rt.builtins.a : aeabi_uldivmod.S.obj (.text.__aeabi_uldivmod)
                  00007ca0    00000014     lsm6dsr_reg.o (.text.lsm6dsr_from_fs2000dps_to_mdps)
                  00007cb4    00000014     lsm6dsr_reg.o (.text.lsm6dsr_from_fs2g_to_mg)
                  00007cc8    00000014     lsm6dsr_reg.o (.text.lsm6dsr_read_reg)
                  00007cdc    00000014     lsm6dsr_reg.o (.text.lsm6dsr_write_reg)
                  00007cf0    00000014     libc.a : _printfi.c.obj (.text.strchr)
                  00007d04    00000012     driverlib.a : dl_spi.o (.text.DL_SPI_setClockConfig)
                  00007d16    00000012                 : dl_uart.o (.text.DL_UART_setClockConfig)
                  00007d28    00000012     libc.a : copy_decompress_none.c.obj (.text:decompress:none)
                  00007d3a    00000002     --HOLE-- [fill = 0]
                  00007d3c    00000010     driverlib.a : dl_timer.o (.text.DL_Timer_setCaptureCompareValue)
                  00007d4c    00000010     FusionAhrs.o (.text.FusionAhrsGetQuaternion)
                  00007d5c    00000010     libc.a : k_rem_pio2.c.obj (.text.OUTLINED_FUNCTION_2)
                  00007d6c    00000010     gpio_toggle_output.o (.text.SysTick_Handler)
                  00007d7c    00000010     libc.a : wcslen.c.obj (.text.wcslen)
                  00007d8c    0000000e     libclang_rt.builtins.a : aeabi_memset.S.obj (.text.__aeabi_memset)
                  00007d9a    0000000e     lsm6dsr_reg.o (.text.lsm6dsr_device_id_get)
                  00007da8    0000000e     libc.a : _printfi.c.obj (.text.strlen)
                  00007db6    0000000a     driverlib.a : dl_common.o (.text.DL_Common_delayCycles)
                  00007dc0    0000000a     libc.a : _printfi.c.obj (.text.OUTLINED_FUNCTION_0)
                  00007dca    00000002     --HOLE-- [fill = 0]
                  00007dcc    00000010     libclang_rt.builtins.a : adddf3.S.obj (.tramp.__aeabi_dsub.1)
                  00007ddc    0000000a     libc.a : _printfi.c.obj (.text.OUTLINED_FUNCTION_1)
                  00007de6    0000000a            : k_rem_pio2.c.obj (.text.OUTLINED_FUNCTION_1)
                  00007df0    0000000a            : s_cosf.c.obj (.text.OUTLINED_FUNCTION_3)
                  00007dfa    0000000a            : s_sinf.c.obj (.text.OUTLINED_FUNCTION_3)
                  00007e04    0000000a            : sprintf.c.obj (.text._outc)
                  00007e0e    00000008     key.o (.text.Key_Update1ms)
                  00007e16    00000002     --HOLE-- [fill = 0]
                  00007e18    00000008     libc.a : aeabi_portable.c.obj (.text.__aeabi_errno_addr)
                  00007e20    00000008     libclang_rt.builtins.a : aeabi_memcpy.S.obj (.text.__aeabi_memcpy)
                  00007e28    00000008     imu660rb.o (.text.platform_delay)
                  00007e30    00000006     libc.a : e_asinf.c.obj (.text.OUTLINED_FUNCTION_0)
                  00007e36    00000002     --HOLE-- [fill = 0]
                  00007e38    00000010     libclang_rt.builtins.a : mulsf3.S.obj (.tramp.__aeabi_fmul.1)
                  00007e48    00000006     libc.a : s_atanf.c.obj (.text.OUTLINED_FUNCTION_0)
                  00007e4e    00000002     --HOLE-- [fill = 0]
                  00007e50    00000010     libclang_rt.builtins.a : divsf3.S.obj (.tramp.__aeabi_fdiv.1)
                  00007e60    00000006     libc.a : s_cosf.c.obj (.text.OUTLINED_FUNCTION_0)
                  00007e66    00000002     --HOLE-- [fill = 0]
                  00007e68    00000010     libclang_rt.builtins.a : muldf3.S.obj (.tramp.__aeabi_dmul.1)
                  00007e78    00000006     libc.a : s_sinf.c.obj (.text.OUTLINED_FUNCTION_0)
                  00007e7e    00000006            : s_cosf.c.obj (.text.OUTLINED_FUNCTION_1)
                  00007e84    00000006            : s_sinf.c.obj (.text.OUTLINED_FUNCTION_1)
                  00007e8a    00000006            : exit.c.obj (.text:abort)
                  00007e90    00000004     libsysbm.a : hostexit.c.obj (.text.HOSTexit)
                  00007e94    00000004     libc.a : s_atanf.c.obj (.text.OUTLINED_FUNCTION_1)
                  00007e98    00000010     libclang_rt.builtins.a : addsf3.S.obj (.tramp.__aeabi_fadd.1)
                  00007ea8    00000004     libc.a : s_cosf.c.obj (.text.OUTLINED_FUNCTION_2)
                  00007eac    00000010     libclang_rt.builtins.a : extendsfdf2.S.obj (.tramp.__aeabi_f2d.1)
                  00007ebc    00000004     libc.a : s_sinf.c.obj (.text.OUTLINED_FUNCTION_2)
                  00007ec0    00000004     startup_mspm0g350x_ticlang.o (.text.Reset_Handler)
                  00007ec4    00000004     libc.a : pre_init.c.obj (.text._system_pre_init)
                  00007ec8    00000008     --HOLE-- [fill = 0]

.cinit     0    00008a70    00000080     
                  00008a70    0000005c     (.cinit..data.load) [load image, compression = lzss]
                  00008acc    0000000c     (__TI_handler_table)
                  00008ad8    00000008     (.cinit..bss.load) [load image, compression = zero_init]
                  00008ae0    00000010     (__TI_cinit_table)

.rodata    0    00007ed0    00000ba0     
                  00007ed0    000005f0     oled_hardware_i2c.o (.rodata.asc2_1608)
                  000084c0    00000228     oled_hardware_i2c.o (.rodata.asc2_0806)
                  000086e8    00000108     libc.a : k_rem_pio2.c.obj (.rodata.ipio2)
                  000087f0    00000101            : aeabi_ctype.S.obj (.rodata:__aeabi_ctype_table_)
                  000088f1    00000007     gpio_toggle_output.o (.rodata.str1.2745267647703410976.1)
                  000088f8    00000040     libc.a : k_rem_pio2.c.obj (.rodata.PIo2)
                  00008938    00000020            : s_atanf.c.obj (.rodata.cst16)
                  00008958    00000018     FusionAhrs.o (.rodata..L__const.FusionAhrsInitialise.settings)
                  00008970    00000014     ti_msp_dl_config.o (.rodata.gTIMER_0TimerConfig)
                  00008984    00000011     libc.a : _printfi.c.obj (.rodata.str1.10348868589481759720.1)
                  00008995    00000011            : _printfi.c.obj (.rodata.str1.15363888844622738466.1)
                  000089a6    00000002     ti_msp_dl_config.o (.rodata.gI2C_OLEDClockConfig)
                  000089a8    00000010     libc.a : k_rem_pio2.c.obj (.rodata.cst16)
                  000089b8    00000010     ti_msp_dl_config.o (.rodata.gE1_BCaptureConfig)
                  000089c8    00000010     ti_msp_dl_config.o (.rodata.gE3_BCaptureConfig)
                  000089d8    00000010     gpio_toggle_output.o (.rodata.str1.13732985183997240173.1)
                  000089e8    00000010     gpio_toggle_output.o (.rodata.str1.16718355729119112538.1)
                  000089f8    0000000c     driverlib.a : dl_timer.o (.rodata..Lswitch.table.DL_Timer_initCompareMode)
                  00008a04    0000000c     gpio_toggle_output.o (.rodata.str1.15113692215023319882.1)
                  00008a10    0000000c     gpio_toggle_output.o (.rodata.str1.5807257539606399117.1)
                  00008a1c    0000000c     gpio_toggle_output.o (.rodata.str1.6926779734840550670.1)
                  00008a28    0000000a     ti_msp_dl_config.o (.rodata.gSPI_IMU660RB_config)
                  00008a32    0000000a     ti_msp_dl_config.o (.rodata.gUART_0Config)
                  00008a3c    00000008     ti_msp_dl_config.o (.rodata.gPWM_0Config)
                  00008a44    00000008     ti_msp_dl_config.o (.rodata.gPWM_1Config)
                  00008a4c    00000006     gpio_toggle_output.o (.rodata.str1.48456419029742142.1)
                  00008a52    00000006     gpio_toggle_output.o (.rodata.str1.7293075287338320947.1)
                  00008a58    00000003     ti_msp_dl_config.o (.rodata.gE1_BClockConfig)
                  00008a5b    00000003     ti_msp_dl_config.o (.rodata.gE3_BClockConfig)
                  00008a5e    00000003     ti_msp_dl_config.o (.rodata.gPWM_0ClockConfig)
                  00008a61    00000003     ti_msp_dl_config.o (.rodata.gPWM_1ClockConfig)
                  00008a64    00000003     ti_msp_dl_config.o (.rodata.gTIMER_0ClockConfig)
                  00008a67    00000002     ti_msp_dl_config.o (.rodata.gSPI_IMU660RB_clockConfig)
                  00008a69    00000002     ti_msp_dl_config.o (.rodata.gUART_0ClockConfig)
                  00008a6b    00000005     --HOLE-- [fill = 0]

.init_array 
*          0    00000000    00000000     UNINITIALIZED

.binit     0    00000000    00000000     

.bss       0    20200000    00000371     UNINITIALIZED
                  20200000    000000bc     (.common:gE3_BBackup)
                  202000bc    000000bc     (.common:gTIMER_0Backup)
                  20200178    000000a0     (.common:gPWM_1Backup)
                  20200218    00000074     (.common:ahrs)
                  2020028c    00000028     (.common:gSPI_IMU660RBBackup)
                  202002b4    00000018     imu660rb.o (.bss.offset)
                  202002cc    00000018     gpio_toggle_output.o (.bss.oled_buf)
                  202002e4    00000014     imu660rb.o (.bss.dev_ctx)
                  202002f8    0000000c     (.common:acceleration_mg)
                  20200304    0000000c     (.common:angular_rate_mdps)
                  20200310    0000000c     (.common:euler)
                  2020031c    00000008     key.o (.bss.s_debounceMs)
                  20200324    00000008     speed_control.o (.bss.s_leftPid)
                  2020032c    00000008     key.o (.bss.s_pressedTimeMs)
                  20200334    00000008     speed_control.o (.bss.s_rightPid)
                  2020033c    00000006     imu660rb.o (.bss.data_raw_angular_rate)
                  20200342    00000002     imu660rb.o (.bss.data_raw_acceleration.1)
                  20200344    00000004     key.o (.bss.s_lastUpdateMs)
                  20200348    00000004     speed_control.o (.bss.s_leftControlTarget)
                  2020034c    00000004     speed_control.o (.bss.s_leftTarget)
                  20200350    00000004     speed_control.o (.bss.s_rightControlTarget)
                  20200354    00000004     speed_control.o (.bss.s_rightTarget)
                  20200358    00000004     imu660rb.o (.bss.samplePeriod)
                  2020035c    00000004     imu660rb.o (.bss.sampleRate)
                  20200360    00000004     (.common:start_time)
                  20200364    00000004     (.common:tick_ms)
                  20200368    00000002     imu660rb.o (.bss.data_raw_acceleration.2)
                  2020036a    00000001     imu660rb.o (.bss.rst)
                  2020036b    00000001     key.o (.bss.s_candidateMask)
                  2020036c    00000001     key.o (.bss.s_pressedMask)
                  2020036d    00000001     key.o (.bss.s_rawMask)
                  2020036e    00000001     speed_control.o (.bss.s_running)
                  2020036f    00000001     key.o (.bss.s_updating)
                  20200370    00000001     imu660rb.o (.bss.whoamI)

.data      0    20200374    000000c6     UNINITIALIZED
                  20200374    00000080     motor.o (.data.gMotor)
                  202003f4    00000018     encoder.o (.data.gEncMotor1)
                  2020040c    00000018     encoder.o (.data.gEncMotor3)
                  20200424    00000004     libc.a : aeabi_portable.c.obj (.data.__aeabi_errno)
                  20200428    00000004     imu660rb.o (.data.gyroscopeOffset.0)
                  2020042c    00000004     imu660rb.o (.data.gyroscopeOffset.1)
                  20200430    00000004     imu660rb.o (.data.gyroscopeOffset.2)
                  20200434    00000002     encoder.o (.data.s_encTick)
                  20200436    00000001     gpio_toggle_output.o (.data.gDataReceived)
                  20200437    00000001     gpio_toggle_output.o (.data.gRxByte)
                  20200438    00000001     gpio_toggle_output.o (.data.sched_tick)
                  20200439    00000001     gpio_toggle_output.o (.data.speed_sample_ready)

.stack     0    20207e00    00000200     UNINITIALIZED
                  20207e00    00000004     libc.a : boot_cortex_m.c.obj (.stack)
                  20207e04    000001fc     --HOLE--

__llvm_prf_cnts 
*          0    20200000    00000000     UNINITIALIZED

__llvm_prf_bits 
*          0    20200000    00000000     UNINITIALIZED

MODULE SUMMARY

       Module                         code    ro data   rw data
       ------                         ----    -------   -------
    .\
       ti_msp_dl_config.o             1228    109       576    
       gpio_toggle_output.o           620     87        28     
       startup_mspm0g350x_ticlang.o   6       192       0      
    +--+------------------------------+-------+---------+---------+
       Total:                         1854    388       604    
                                                               
    .\hardware\
       oled_hardware_i2c.o            4912    2072      0      
       speed_control.o                1292    0         33     
       key.o                          748     0         24     
       motor.o                        134     0         128    
       encoder.o                      208     0         50     
       clock.o                        116     0         8      
    +--+------------------------------+-------+---------+---------+
       Total:                         7410    2072      243    
                                                               
    .\hardware\IMU660RB\
       imu660rb.o                     2320    0         228    
       lsm6dsr_reg.o                  2012    0         0      
    +--+------------------------------+-------+---------+---------+
       Total:                         4332    0         228    
                                                               
    .\hardware\IMU660RB\Fusion\
       FusionAhrs.o                   3348    24        0      
       FusionOffset.o                 272     0         0      
    +--+------------------------------+-------+---------+---------+
       Total:                         3620    24        0      
                                                               
    C:/ti/mspm0_sdk_2_09_00_01/source/ti/driverlib/lib/ticlang/m0p/mspm0g1x0x_g3x0x/driverlib.a
       dl_timer.o                     892     12        0      
       dl_uart.o                      138     0         0      
       dl_i2c.o                       132     0         0      
       dl_spi.o                       86      0         0      
       dl_common.o                    10      0         0      
    +--+------------------------------+-------+---------+---------+
       Total:                         1258    12        0      
                                                               
    C:\ti\ccs2041\ccs\tools\compiler\ti-cgt-armllvm_4.0.4.LTS\lib\armv6m-ti-none-eabi/c/libc.a
       _printfi.c.obj                 4510    34        0      
       k_rem_pio2.c.obj               1652    344       0      
       s_cosf.c.obj                   822     0         0      
       s_sinf.c.obj                   810     0         0      
       s_atanf.c.obj                  466     32        0      
       e_sqrt.c.obj                   368     0         0      
       e_asinf.c.obj                  358     0         0      
       s_floor.c.obj                  324     0         0      
       e_atan2f.c.obj                 280     0         0      
       aeabi_ctype.S.obj              0       257       0      
       s_scalbn.c.obj                 216     0         0      
       memcpy16.S.obj                 154     0         0      
       copy_decompress_lzss.c.obj     124     0         0      
       memset16.S.obj                 98      0         0      
       s_frexp.c.obj                  92      0         0      
       sprintf.c.obj                  90      0         0      
       _ltoa.c.obj                    88      0         0      
       atoi.c.obj                     64      0         0      
       autoinit.c.obj                 60      0         0      
       boot_cortex_m.c.obj            40      0         0      
       memccpy.c.obj                  34      0         0      
       copy_zero_init.c.obj           22      0         0      
       copy_decompress_none.c.obj     18      0         0      
       wcslen.c.obj                   16      0         0      
       aeabi_portable.c.obj           8       0         4      
       exit.c.obj                     6       0         0      
       pre_init.c.obj                 4       0         0      
    +--+------------------------------+-------+---------+---------+
       Total:                         10724   667       4      
                                                               
    C:\ti\ccs2041\ccs\tools\compiler\ti-cgt-armllvm_4.0.4.LTS\lib\armv6m-ti-none-eabi/c/libsysbm.a
       hostexit.c.obj                 4       0         0      
    +--+------------------------------+-------+---------+---------+
       Total:                         4       0         0      
                                                               
    C:\ti\ccs2041\ccs\tools\compiler\ti-cgt-armllvm_4.0.4.LTS\lib\armv6m-ti-none-eabi/libclang_rt.builtins.a
       adddf3.S.obj                   434     0         0      
       divdf3.S.obj                   268     0         0      
       muldf3.S.obj                   244     0         0      
       addsf3.S.obj                   232     0         0      
       comparedf2.c.obj               220     0         0      
       udivmoddi4.S.obj               162     0         0      
       mulsf3.S.obj                   156     0         0      
       divsf3.S.obj                   146     0         0      
       comparesf2.S.obj               118     0         0      
       truncdfsf2.S.obj               116     0         0      
       aeabi_dcmp.S.obj               98      0         0      
       aeabi_fcmp.S.obj               98      0         0      
       aeabi_idivmod.S.obj            86      0         0      
       extendsfdf2.S.obj              80      0         0      
       fixdfsi.S.obj                  74      0         0      
       aeabi_uidivmod.S.obj           64      0         0      
       floatsisf.S.obj                60      0         0      
       muldsi3.S.obj                  58      0         0      
       fixsfsi.S.obj                  56      0         0      
       fixunssfsi.S.obj               50      0         0      
       floatsidf.S.obj                44      0         0      
       floatunsisf.S.obj              40      0         0      
       muldi3.S.obj                   36      0         0      
       ashldi3.S.obj                  30      0         0      
       aeabi_uldivmod.S.obj           20      0         0      
       aeabi_memset.S.obj             14      0         0      
       aeabi_memcpy.S.obj             8       0         0      
       aeabi_div0.c.obj               4       0         0      
    +--+------------------------------+-------+---------+---------+
       Total:                         3016    0         0      
                                                               
       Stack:                         0       0         512    
       Linker Generated:              0       128       0      
    +--+------------------------------+-------+---------+---------+
       Grand Total:                   32218   3291      1591   


LINKER GENERATED COPY TABLES

__TI_cinit_table @ 00008ae0 records: 2, size/record: 8, table size: 16
	.data: load addr=00008a70, load size=0000005c bytes, run addr=20200374, run size=000000c6 bytes, compression=lzss
	.bss: load addr=00008ad8, load size=00000008 bytes, run addr=20200000, run size=00000371 bytes, compression=zero_init


LINKER GENERATED HANDLER TABLE

__TI_handler_table @ 00008acc records: 3, size/record: 4, table size: 12
	index: 0, handler: __TI_decompress_lzss
	index: 1, handler: __TI_decompress_none
	index: 2, handler: __TI_zero_init


FAR CALL TRAMPOLINES

callee name               trampoline name
   callee addr  tramp addr   call addr  call info
--------------  -----------  ---------  ----------------
__aeabi_dadd              $Tramp$TT$L$PI$$__aeabi_dadd
   0000452f     00007c64     00007c60   libc.a : k_rem_pio2.c.obj (.text.OUTLINED_FUNCTION_0)
                             00007dee          : k_rem_pio2.c.obj (.text.OUTLINED_FUNCTION_1)
                             00007df8          : s_cosf.c.obj (.text.OUTLINED_FUNCTION_3)
                             00007e02          : s_sinf.c.obj (.text.OUTLINED_FUNCTION_3)
__aeabi_dsub              $Tramp$TT$L$PI$$__aeabi_dsub
   00004525     00007dcc     00007dc8   libc.a : _printfi.c.obj (.text.OUTLINED_FUNCTION_0)
__aeabi_fmul              $Tramp$TT$L$PI$$__aeabi_fmul
   0000660d     00007e38     00007e34   libc.a : e_asinf.c.obj (.text.OUTLINED_FUNCTION_0)
__aeabi_fdiv              $Tramp$TT$L$PI$$__aeabi_fdiv
   00006721     00007e50     00007e4c   libc.a : s_atanf.c.obj (.text.OUTLINED_FUNCTION_0)
__aeabi_dmul              $Tramp$TT$L$PI$$__aeabi_dmul
   00005abd     00007e68     00007e64   libc.a : s_cosf.c.obj (.text.OUTLINED_FUNCTION_0)
                             00007e7c          : s_sinf.c.obj (.text.OUTLINED_FUNCTION_0)
                             00007e82          : s_cosf.c.obj (.text.OUTLINED_FUNCTION_1)
                             00007e88          : s_sinf.c.obj (.text.OUTLINED_FUNCTION_1)
__aeabi_fadd              $Tramp$TT$L$PI$$__aeabi_fadd
   00005f1f     00007e98     00007e96   libc.a : s_atanf.c.obj (.text.OUTLINED_FUNCTION_1)
__aeabi_f2d               $Tramp$TT$L$PI$$__aeabi_f2d
   0000739d     00007eac     00007eaa   libc.a : s_cosf.c.obj (.text.OUTLINED_FUNCTION_2)
                             00007ebe          : s_sinf.c.obj (.text.OUTLINED_FUNCTION_2)

[7 trampolines]
[14 trampoline calls]


GLOBAL SYMBOLS: SORTED ALPHABETICALLY BY Name 

address   name                            
-------   ----                            
000013bb  ADC0_IRQHandler                 
000013bb  ADC1_IRQHandler                 
000013bb  AES_IRQHandler                  
00007e90  C$$EXIT                         
000013bb  CANFD0_IRQHandler               
000013bb  DAC0_IRQHandler                 
00007db7  DL_Common_delayCycles           
00006e85  DL_I2C_fillControllerTXFIFO     
00007ab5  DL_I2C_setClockConfig           
000072d9  DL_SPI_init                     
00007d05  DL_SPI_setClockConfig           
000052b9  DL_Timer_initCaptureMode        
000055f9  DL_Timer_initFourCCPWMMode      
000056fd  DL_Timer_initTimerMode          
00007b7d  DL_Timer_setCaptCompUpdateMethod
00007bed  DL_Timer_setCaptureCompareOutCtl
00007d3d  DL_Timer_setCaptureCompareValue 
00007b99  DL_Timer_setClockConfig         
00007291  DL_UART_init                    
00007d17  DL_UART_setClockConfig          
000078f9  DL_UART_transmitDataBlocking    
000013bb  DMA_IRQHandler                  
000013bb  Default_Handler                 
000079b9  Encoder_Start                   
00007d4d  FusionAhrsGetQuaternion         
00006f41  FusionAhrsInitialise            
00004389  FusionAhrsSetHeading            
00005ba1  FusionAhrsSetSettings           
000013bd  FusionAhrsUpdate                
0000731d  FusionAhrsUpdateNoMagnetometer  
00007929  FusionOffsetInitialise          
00005c81  FusionOffsetUpdate              
00002ec1  FusionTasks                     
000013bb  GROUP0_IRQHandler               
000013bb  GROUP1_IRQHandler               
00007e91  HOSTexit                        
000013bb  HardFault_Handler               
000013bb  I2C0_IRQHandler                 
000013bb  I2C1_IRQHandler                 
0000330d  IMU660RB_Init                   
00007bb5  Key_GetPressedTimeMs            
00006469  Key_Init                        
00007e0f  Key_Update1ms                   
00006b55  Motor_SetSpeed                  
00007b23  Motor_Stop                      
000013bb  NMI_Handler                     
00002745  OLED_Init                       
00005d61  OLED_ShowChar                   
000022b5  OLED_ShowNum                    
00000a91  OLED_ShowSignedNum              
00006821  OLED_ShowString                 
00004c91  OLED_WR_Byte                    
000013bb  PendSV_Handler                  
000013bb  RTC_IRQHandler                  
00004011  Read_IMU660RB                   
00007ec1  Reset_Handler                   
000013bb  SPI0_IRQHandler                 
000013bb  SPI1_IRQHandler                 
000013bb  SVC_Handler                     
0000741d  SYSCFG_DL_E1_B_init             
00007459  SYSCFG_DL_E3_B_init             
000059d9  SYSCFG_DL_GPIO_init             
00007151  SYSCFG_DL_I2C_OLED_init         
000064f5  SYSCFG_DL_PWM_0_init            
00006581  SYSCFG_DL_PWM_1_init            
000071f9  SYSCFG_DL_SPI_IMU660RB_init     
00007959  SYSCFG_DL_SYSCTL_init           
000075fd  SYSCFG_DL_TIMER_0_init          
00006a75  SYSCFG_DL_UART_0_init           
00006f99  SYSCFG_DL_init                  
00006699  SYSCFG_DL_initPower             
00006bbd  SpeedControl_Init               
00006ff1  SpeedControl_Stop               
00002a19  SpeedControl_Update20ms         
00007d6d  SysTick_Handler                 
00007a3d  SysTick_Init                    
00006915  TIMA0_IRQHandler                
000077f5  TIMA1_IRQHandler                
00007829  TIMG0_IRQHandler                
000013bb  TIMG12_IRQHandler               
000013bb  TIMG6_IRQHandler                
000013bb  TIMG7_IRQHandler                
000013bb  TIMG8_IRQHandler                
000013bb  UART0_IRQHandler                
000079e5  UART1_IRQHandler                
000013bb  UART2_IRQHandler                
000013bb  UART3_IRQHandler                
20208000  __STACK_END                     
00000200  __STACK_SIZE                    
00000000  __TI_ATRegion0_region_sz        
00000000  __TI_ATRegion0_src_addr         
00000000  __TI_ATRegion0_trg_addr         
00000000  __TI_ATRegion1_region_sz        
00000000  __TI_ATRegion1_src_addr         
00000000  __TI_ATRegion1_trg_addr         
00000000  __TI_ATRegion2_region_sz        
00000000  __TI_ATRegion2_src_addr         
00000000  __TI_ATRegion2_trg_addr         
00008ae0  __TI_CINIT_Base                 
00008af0  __TI_CINIT_Limit                
00008af0  __TI_CINIT_Warm                 
00008acc  __TI_Handler_Table_Base         
00008ad8  __TI_Handler_Table_Limit        
00007549  __TI_auto_init_nobinit_nopinit  
000067a5  __TI_decompress_lzss            
00007d29  __TI_decompress_none            
00007049  __TI_ltoa                       
ffffffff  __TI_pprof_out_hndl             
000000c1  __TI_printfi                    
ffffffff  __TI_prof_data_size             
ffffffff  __TI_prof_data_start            
00000000  __TI_static_base__              
00007c75  __TI_zero_init_nomemset         
0000452f  __adddf3                        
00005f1f  __addsf3                        
000087f0  __aeabi_ctype_table_            
000087f0  __aeabi_ctype_table_C           
00006a01  __aeabi_d2f                     
00007245  __aeabi_d2iz                    
0000452f  __aeabi_dadd                    
00006d5d  __aeabi_dcmpeq                  
00006d99  __aeabi_dcmpge                  
00006dad  __aeabi_dcmpgt                  
00006d85  __aeabi_dcmple                  
00006d71  __aeabi_dcmplt                  
000054ed  __aeabi_ddiv                    
00005abd  __aeabi_dmul                    
00004525  __aeabi_dsub                    
20200424  __aeabi_errno                   
00007e19  __aeabi_errno_addr              
0000739d  __aeabi_f2d                     
00007635  __aeabi_f2iz                    
000078c5  __aeabi_f2uiz                   
00005f1f  __aeabi_fadd                    
00006dc1  __aeabi_fcmpeq                  
00006dfd  __aeabi_fcmpge                  
00006e11  __aeabi_fcmpgt                  
00006de9  __aeabi_fcmple                  
00006dd5  __aeabi_fcmplt                  
00006721  __aeabi_fdiv                    
0000660d  __aeabi_fmul                    
00005f15  __aeabi_fsub                    
00007a11  __aeabi_i2d                     
00007495  __aeabi_i2f                     
000070f9  __aeabi_idiv                    
000046b7  __aeabi_idiv0                   
000070f9  __aeabi_idivmod                 
000061ef  __aeabi_ldiv0                   
00007b41  __aeabi_llsl                    
00007add  __aeabi_lmul                    
00007e21  __aeabi_memcpy                  
00007e21  __aeabi_memcpy4                 
00007e21  __aeabi_memcpy8                 
00007d8d  __aeabi_memset                  
00007d8d  __aeabi_memset4                 
00007d8d  __aeabi_memset8                 
00007a65  __aeabi_ui2f                    
0000735d  __aeabi_uidiv                   
0000735d  __aeabi_uidivmod                
00007c8d  __aeabi_uldivmod                
00007b41  __ashldi3                       
ffffffff  __binit__                       
00006c25  __cmpdf2                        
00007585  __cmpsf2                        
000054ed  __divdf3                        
00006721  __divsf3                        
00006c25  __eqdf2                         
00007585  __eqsf2                         
0000739d  __extendsfdf2                   
00007245  __fixdfsi                       
00007635  __fixsfsi                       
000078c5  __fixunssfsi                    
00007a11  __floatsidf                     
00007495  __floatsisf                     
00007a65  __floatunsisf                   
0000698d  __gedf2                         
000074d1  __gesf2                         
0000698d  __gtdf2                         
000074d1  __gtsf2                         
00001c71  __kernel_rem_pio2               
00006c25  __ledf2                         
00007585  __lesf2                         
00006c25  __ltdf2                         
00007585  __ltsf2                         
UNDEFED   __mpu_init                      
00005abd  __muldf3                        
00007add  __muldi3                        
000075c1  __muldsi3                       
0000660d  __mulsf3                        
00006c25  __nedf2                         
00007585  __nesf2                         
20207e00  __stack                         
20200000  __start___llvm_prf_bits         
20200000  __start___llvm_prf_cnts         
20200000  __stop___llvm_prf_bits          
20200000  __stop___llvm_prf_cnts          
00004525  __subdf3                        
00005f15  __subsf3                        
00006a01  __truncdfsf2                    
000061f1  __udivmoddi4                    
00007a8d  _c_int00_noargs                 
UNDEFED   _system_post_cinit              
00007ec5  _system_pre_init                
00007e8b  abort                           
202002f8  acceleration_mg                 
20200218  ahrs                            
20200304  angular_rate_mdps               
00004b31  asinf                           
000053d5  atan2f                          
00003c81  atanf                           
000073dd  atoi                            
ffffffff  binit                           
000038dd  cosf                            
0000750d  encoder_task                    
20200310  euler                           
00004ddd  floor                           
00004ddd  floorl                          
00006ee5  frexp                           
00006ee5  frexpl                          
20200436  gDataReceived                   
20200000  gE3_BBackup                     
202003f4  gEncMotor1                      
2020040c  gEncMotor3                      
20200374  gMotor                          
20200178  gPWM_1Backup                    
20200437  gRxByte                         
2020028c  gSPI_IMU660RBBackup             
202000bc  gTIMER_0Backup                  
00000000  interruptVectors                
00005e3d  ldexp                           
00005e3d  ldexpl                          
0000785d  lsm6dsr_angular_rate_raw_get    
0000766d  lsm6dsr_block_data_update_set   
000077bd  lsm6dsr_data_ready_mode_set     
00007d9b  lsm6dsr_device_id_get           
00007ca1  lsm6dsr_from_fs2000dps_to_mdps  
00007cb5  lsm6dsr_from_fs2g_to_mg         
00006ae5  lsm6dsr_fsm_data_rate_get       
0000689b  lsm6dsr_fsm_enable_get          
000057f9  lsm6dsr_gy_data_rate_set        
000076a5  lsm6dsr_gy_filter_lp1_set       
00007bd1  lsm6dsr_gy_flag_data_ready_get  
000076dd  lsm6dsr_gy_full_scale_set       
00006c8d  lsm6dsr_i3c_disable_set         
00007c1d  lsm6dsr_odr_cal_reg_get         
00006145  lsm6dsr_pin_int1_route_get      
00003ab1  lsm6dsr_pin_int1_route_set      
00007cc9  lsm6dsr_read_reg                
00007b5f  lsm6dsr_reset_get               
00007715  lsm6dsr_reset_set               
00007cdd  lsm6dsr_write_reg               
000058e9  lsm6dsr_xl_data_rate_set        
0000774d  lsm6dsr_xl_full_scale_set       
000041d1  main                            
00007b01  memccpy                         
000063cd  memcpy                          
00006e23  memset                          
00007891  mspm0_delay_ms                  
00007c35  mspm0_get_clock_ms              
00005e3d  scalbn                          
00005e3d  scalbnl                         
00003e49  sinf                            
00007785  sprintf                         
000049c1  sqrt                            
000049c1  sqrtl                           
20200360  start_time                      
20200364  tick_ms                         
00007d7d  wcslen                          


GLOBAL SYMBOLS: SORTED BY Symbol Address 

address   name                            
-------   ----                            
00000000  __TI_ATRegion0_region_sz        
00000000  __TI_ATRegion0_src_addr         
00000000  __TI_ATRegion0_trg_addr         
00000000  __TI_ATRegion1_region_sz        
00000000  __TI_ATRegion1_src_addr         
00000000  __TI_ATRegion1_trg_addr         
00000000  __TI_ATRegion2_region_sz        
00000000  __TI_ATRegion2_src_addr         
00000000  __TI_ATRegion2_trg_addr         
00000000  __TI_static_base__              
00000000  interruptVectors                
000000c1  __TI_printfi                    
00000200  __STACK_SIZE                    
00000a91  OLED_ShowSignedNum              
000013bb  ADC0_IRQHandler                 
000013bb  ADC1_IRQHandler                 
000013bb  AES_IRQHandler                  
000013bb  CANFD0_IRQHandler               
000013bb  DAC0_IRQHandler                 
000013bb  DMA_IRQHandler                  
000013bb  Default_Handler                 
000013bb  GROUP0_IRQHandler               
000013bb  GROUP1_IRQHandler               
000013bb  HardFault_Handler               
000013bb  I2C0_IRQHandler                 
000013bb  I2C1_IRQHandler                 
000013bb  NMI_Handler                     
000013bb  PendSV_Handler                  
000013bb  RTC_IRQHandler                  
000013bb  SPI0_IRQHandler                 
000013bb  SPI1_IRQHandler                 
000013bb  SVC_Handler                     
000013bb  TIMG12_IRQHandler               
000013bb  TIMG6_IRQHandler                
000013bb  TIMG7_IRQHandler                
000013bb  TIMG8_IRQHandler                
000013bb  UART0_IRQHandler                
000013bb  UART2_IRQHandler                
000013bb  UART3_IRQHandler                
000013bd  FusionAhrsUpdate                
00001c71  __kernel_rem_pio2               
000022b5  OLED_ShowNum                    
00002745  OLED_Init                       
00002a19  SpeedControl_Update20ms         
00002ec1  FusionTasks                     
0000330d  IMU660RB_Init                   
000038dd  cosf                            
00003ab1  lsm6dsr_pin_int1_route_set      
00003c81  atanf                           
00003e49  sinf                            
00004011  Read_IMU660RB                   
000041d1  main                            
00004389  FusionAhrsSetHeading            
00004525  __aeabi_dsub                    
00004525  __subdf3                        
0000452f  __adddf3                        
0000452f  __aeabi_dadd                    
000046b7  __aeabi_idiv0                   
000049c1  sqrt                            
000049c1  sqrtl                           
00004b31  asinf                           
00004c91  OLED_WR_Byte                    
00004ddd  floor                           
00004ddd  floorl                          
000052b9  DL_Timer_initCaptureMode        
000053d5  atan2f                          
000054ed  __aeabi_ddiv                    
000054ed  __divdf3                        
000055f9  DL_Timer_initFourCCPWMMode      
000056fd  DL_Timer_initTimerMode          
000057f9  lsm6dsr_gy_data_rate_set        
000058e9  lsm6dsr_xl_data_rate_set        
000059d9  SYSCFG_DL_GPIO_init             
00005abd  __aeabi_dmul                    
00005abd  __muldf3                        
00005ba1  FusionAhrsSetSettings           
00005c81  FusionOffsetUpdate              
00005d61  OLED_ShowChar                   
00005e3d  ldexp                           
00005e3d  ldexpl                          
00005e3d  scalbn                          
00005e3d  scalbnl                         
00005f15  __aeabi_fsub                    
00005f15  __subsf3                        
00005f1f  __addsf3                        
00005f1f  __aeabi_fadd                    
00006145  lsm6dsr_pin_int1_route_get      
000061ef  __aeabi_ldiv0                   
000061f1  __udivmoddi4                    
000063cd  memcpy                          
00006469  Key_Init                        
000064f5  SYSCFG_DL_PWM_0_init            
00006581  SYSCFG_DL_PWM_1_init            
0000660d  __aeabi_fmul                    
0000660d  __mulsf3                        
00006699  SYSCFG_DL_initPower             
00006721  __aeabi_fdiv                    
00006721  __divsf3                        
000067a5  __TI_decompress_lzss            
00006821  OLED_ShowString                 
0000689b  lsm6dsr_fsm_enable_get          
00006915  TIMA0_IRQHandler                
0000698d  __gedf2                         
0000698d  __gtdf2                         
00006a01  __aeabi_d2f                     
00006a01  __truncdfsf2                    
00006a75  SYSCFG_DL_UART_0_init           
00006ae5  lsm6dsr_fsm_data_rate_get       
00006b55  Motor_SetSpeed                  
00006bbd  SpeedControl_Init               
00006c25  __cmpdf2                        
00006c25  __eqdf2                         
00006c25  __ledf2                         
00006c25  __ltdf2                         
00006c25  __nedf2                         
00006c8d  lsm6dsr_i3c_disable_set         
00006d5d  __aeabi_dcmpeq                  
00006d71  __aeabi_dcmplt                  
00006d85  __aeabi_dcmple                  
00006d99  __aeabi_dcmpge                  
00006dad  __aeabi_dcmpgt                  
00006dc1  __aeabi_fcmpeq                  
00006dd5  __aeabi_fcmplt                  
00006de9  __aeabi_fcmple                  
00006dfd  __aeabi_fcmpge                  
00006e11  __aeabi_fcmpgt                  
00006e23  memset                          
00006e85  DL_I2C_fillControllerTXFIFO     
00006ee5  frexp                           
00006ee5  frexpl                          
00006f41  FusionAhrsInitialise            
00006f99  SYSCFG_DL_init                  
00006ff1  SpeedControl_Stop               
00007049  __TI_ltoa                       
000070f9  __aeabi_idiv                    
000070f9  __aeabi_idivmod                 
00007151  SYSCFG_DL_I2C_OLED_init         
000071f9  SYSCFG_DL_SPI_IMU660RB_init     
00007245  __aeabi_d2iz                    
00007245  __fixdfsi                       
00007291  DL_UART_init                    
000072d9  DL_SPI_init                     
0000731d  FusionAhrsUpdateNoMagnetometer  
0000735d  __aeabi_uidiv                   
0000735d  __aeabi_uidivmod                
0000739d  __aeabi_f2d                     
0000739d  __extendsfdf2                   
000073dd  atoi                            
0000741d  SYSCFG_DL_E1_B_init             
00007459  SYSCFG_DL_E3_B_init             
00007495  __aeabi_i2f                     
00007495  __floatsisf                     
000074d1  __gesf2                         
000074d1  __gtsf2                         
0000750d  encoder_task                    
00007549  __TI_auto_init_nobinit_nopinit  
00007585  __cmpsf2                        
00007585  __eqsf2                         
00007585  __lesf2                         
00007585  __ltsf2                         
00007585  __nesf2                         
000075c1  __muldsi3                       
000075fd  SYSCFG_DL_TIMER_0_init          
00007635  __aeabi_f2iz                    
00007635  __fixsfsi                       
0000766d  lsm6dsr_block_data_update_set   
000076a5  lsm6dsr_gy_filter_lp1_set       
000076dd  lsm6dsr_gy_full_scale_set       
00007715  lsm6dsr_reset_set               
0000774d  lsm6dsr_xl_full_scale_set       
00007785  sprintf                         
000077bd  lsm6dsr_data_ready_mode_set     
000077f5  TIMA1_IRQHandler                
00007829  TIMG0_IRQHandler                
0000785d  lsm6dsr_angular_rate_raw_get    
00007891  mspm0_delay_ms                  
000078c5  __aeabi_f2uiz                   
000078c5  __fixunssfsi                    
000078f9  DL_UART_transmitDataBlocking    
00007929  FusionOffsetInitialise          
00007959  SYSCFG_DL_SYSCTL_init           
000079b9  Encoder_Start                   
000079e5  UART1_IRQHandler                
00007a11  __aeabi_i2d                     
00007a11  __floatsidf                     
00007a3d  SysTick_Init                    
00007a65  __aeabi_ui2f                    
00007a65  __floatunsisf                   
00007a8d  _c_int00_noargs                 
00007ab5  DL_I2C_setClockConfig           
00007add  __aeabi_lmul                    
00007add  __muldi3                        
00007b01  memccpy                         
00007b23  Motor_Stop                      
00007b41  __aeabi_llsl                    
00007b41  __ashldi3                       
00007b5f  lsm6dsr_reset_get               
00007b7d  DL_Timer_setCaptCompUpdateMethod
00007b99  DL_Timer_setClockConfig         
00007bb5  Key_GetPressedTimeMs            
00007bd1  lsm6dsr_gy_flag_data_ready_get  
00007bed  DL_Timer_setCaptureCompareOutCtl
00007c1d  lsm6dsr_odr_cal_reg_get         
00007c35  mspm0_get_clock_ms              
00007c75  __TI_zero_init_nomemset         
00007c8d  __aeabi_uldivmod                
00007ca1  lsm6dsr_from_fs2000dps_to_mdps  
00007cb5  lsm6dsr_from_fs2g_to_mg         
00007cc9  lsm6dsr_read_reg                
00007cdd  lsm6dsr_write_reg               
00007d05  DL_SPI_setClockConfig           
00007d17  DL_UART_setClockConfig          
00007d29  __TI_decompress_none            
00007d3d  DL_Timer_setCaptureCompareValue 
00007d4d  FusionAhrsGetQuaternion         
00007d6d  SysTick_Handler                 
00007d7d  wcslen                          
00007d8d  __aeabi_memset                  
00007d8d  __aeabi_memset4                 
00007d8d  __aeabi_memset8                 
00007d9b  lsm6dsr_device_id_get           
00007db7  DL_Common_delayCycles           
00007e0f  Key_Update1ms                   
00007e19  __aeabi_errno_addr              
00007e21  __aeabi_memcpy                  
00007e21  __aeabi_memcpy4                 
00007e21  __aeabi_memcpy8                 
00007e8b  abort                           
00007e90  C$$EXIT                         
00007e91  HOSTexit                        
00007ec1  Reset_Handler                   
00007ec5  _system_pre_init                
000087f0  __aeabi_ctype_table_            
000087f0  __aeabi_ctype_table_C           
00008acc  __TI_Handler_Table_Base         
00008ad8  __TI_Handler_Table_Limit        
00008ae0  __TI_CINIT_Base                 
00008af0  __TI_CINIT_Limit                
00008af0  __TI_CINIT_Warm                 
20200000  __start___llvm_prf_bits         
20200000  __start___llvm_prf_cnts         
20200000  __stop___llvm_prf_bits          
20200000  __stop___llvm_prf_cnts          
20200000  gE3_BBackup                     
202000bc  gTIMER_0Backup                  
20200178  gPWM_1Backup                    
20200218  ahrs                            
2020028c  gSPI_IMU660RBBackup             
202002f8  acceleration_mg                 
20200304  angular_rate_mdps               
20200310  euler                           
20200360  start_time                      
20200364  tick_ms                         
20200374  gMotor                          
202003f4  gEncMotor1                      
2020040c  gEncMotor3                      
20200424  __aeabi_errno                   
20200436  gDataReceived                   
20200437  gRxByte                         
20207e00  __stack                         
20208000  __STACK_END                     
ffffffff  __TI_pprof_out_hndl             
ffffffff  __TI_prof_data_size             
ffffffff  __TI_prof_data_start            
ffffffff  __binit__                       
ffffffff  binit                           
UNDEFED   __mpu_init                      
UNDEFED   _system_post_cinit              

[268 symbols]
