******************************************************************************
            TI ARM Clang Linker PC v4.0.4                      
******************************************************************************
>> Linked Wed Jul 22 00:05:02 2026

OUTPUT FILE NAME:   <gpio_toggle_output_LP_MSPM0G3507_nortos_ticlang.out>
ENTRY POINT SYMBOL: "_c_int00_noargs"  address: 0000a949


MEMORY CONFIGURATION

         name            origin    length      used     unused   attr    fill
----------------------  --------  ---------  --------  --------  ----  --------
  FLASH                 00000000   00020000  0000c368  00013c98  R  X
  SRAM                  20200000   00008000  000041dd  00003e23  RW X
  BCR_CONFIG            41c00000   000000ff  00000000  000000ff  R   
  BSL_CONFIG            41c00100   00000080  00000000  00000080  R   


SEGMENT ALLOCATION MAP

run origin  load origin   length   init length attrs members
----------  ----------- ---------- ----------- ----- -------
00000000    00000000    0000c368   0000c368    r-x
  00000000    00000000    000000c0   000000c0    r-- .intvecs
  000000c0    000000c0    0000ae30   0000ae30    r-x .text
  0000aef0    0000aef0    000013f0   000013f0    r-- .rodata
  0000c2e0    0000c2e0    00000088   00000088    r-- .cinit
20200000    20200000    00003fe0   00000000    rw-
  20200000    20200000    00003ef9   00000000    rw- .bss
  20203efc    20203efc    000000e4   00000000    rw- .data
20207e00    20207e00    00000200   00000000    rw-
  20207e00    20207e00    00000200   00000000    rw- .stack


SECTION ALLOCATION MAP

 output                                  attributes/
section   page    origin      length       input sections
--------  ----  ----------  ----------   ----------------
.intvecs   0    00000000    000000c0     
                  00000000    000000c0     startup_mspm0g350x_ticlang.o (.intvecs)

.text      0    000000c0    0000ae30     
                  000000c0    000014c4     heading_tune.o (.text.HeadingTune_Process)
                  00001584    000009ec     speed_diag.o (.text.SpeedDiag_Process)
                  00001f70    000009d0     libc.a : _printfi.c.obj (.text:__TI_printfi)
                  00002940    0000092a     oled_hardware_i2c.o (.text.OLED_ShowSignedNum)
                  0000326a    00000002     startup_mspm0g350x_ticlang.o (.text.Default_Handler)
                  0000326c    000008b4     FusionAhrs.o (.text.FusionAhrsUpdate)
                  00003b20    00000644     libc.a : k_rem_pio2.c.obj (.text.__kernel_rem_pio2)
                  00004164    0000033c     gpio_toggle_output.o (.text.main)
                  000044a0    00000308     speed_control.o (.text.SpeedControl_Update20ms)
                  000047a8    000002d4     oled_hardware_i2c.o (.text.OLED_Init)
                  00004a7c    00000244     heading_tune.o (.text.HeadingTune_BeginRun)
                  00004cc0    0000023c     key.o (.text.Key_Service)
                  00004efc    0000022c     imu660rb.o (.text.FusionTasks)
                  00005128    00000220     libc.a : _printfi.c.obj (.text._pconv_a)
                  00005348    00000214     imu660rb.o (.text.IMU660RB_Init)
                  0000555c    000001f8     heading_tune.o (.text.HeadingTune_Record20ms)
                  00005754    000001e0     speed_control.o (.text.SpeedPid_Update)
                  00005934    000001dc     libc.a : _printfi.c.obj (.text._pconv_g)
                  00005b10    000001d4            : s_cosf.c.obj (.text.cosf)
                  00005ce4    000001d0     lsm6dsr_reg.o (.text.lsm6dsr_pin_int1_route_set)
                  00005eb4    000001c8     libc.a : s_atanf.c.obj (.text.atanf)
                  0000607c    000001c8            : s_sinf.c.obj (.text.sinf)
                  00006244    000001c0     imu660rb.o (.text.Read_IMU660RB)
                  00006404    0000019c     FusionAhrs.o (.text.FusionAhrsSetHeading)
                  000065a0    00000192     libclang_rt.builtins.a : adddf3.S.obj (.text.adddf3_subdf3)
                  00006732    00000002                            : aeabi_div0.c.obj (.text.__aeabi_idiv0)
                  00006734    0000018c     heading_control.o (.text.HeadingControl_Update20ms)
                  000068c0    00000188     imu660rb.o (.text.platform_read)
                  00006a48    00000180     imu660rb.o (.text.platform_write)
                  00006bc8    00000170     libc.a : e_sqrt.c.obj (.text.sqrt)
                  00006d38    00000160            : e_asinf.c.obj (.text.asinf)
                  00006e98    00000150     speed_diag.o (.text.SpeedDiag_Record20ms)
                  00006fe8    0000014c     oled_hardware_i2c.o (.text.OLED_WR_Byte)
                  00007134    00000144     libc.a : s_floor.c.obj (.text.floor)
                  00007278    0000013c     FusionAhrs.o (.text.Feedback)
                  000073b4    0000013c     libc.a : _printfi.c.obj (.text.fcvt)
                  000074f0    00000120            : _printfi.c.obj (.text._pconv_e)
                  00007610    0000011c     driverlib.a : dl_timer.o (.text.DL_Timer_initCaptureMode)
                  0000772c    00000118     libc.a : e_atan2f.c.obj (.text.atan2f)
                  00007844    00000114     heading_tune.o (.text.HeadingTune_ParseFloat)
                  00007958    0000010c     libclang_rt.builtins.a : divdf3.S.obj (.text.__divdf3)
                  00007a64    00000104     driverlib.a : dl_timer.o (.text.DL_Timer_initFourCCPWMMode)
                  00007b68    000000fc                 : dl_timer.o (.text.DL_Timer_initTimerMode)
                  00007c64    000000f0     lsm6dsr_reg.o (.text.lsm6dsr_gy_data_rate_set)
                  00007d54    000000f0     lsm6dsr_reg.o (.text.lsm6dsr_xl_data_rate_set)
                  00007e44    000000e8     ti_msp_dl_config.o (.text.SYSCFG_DL_GPIO_init)
                  00007f2c    000000e4     libclang_rt.builtins.a : muldf3.S.obj (.text.__muldf3)
                  00008010    000000e0     FusionAhrs.o (.text.FusionAhrsSetSettings)
                  000080f0    000000e0     FusionOffset.o (.text.FusionOffsetUpdate)
                  000081d0    000000dc     oled_hardware_i2c.o (.text.OLED_ShowChar)
                  000082ac    000000d8     heading_tune.o (.text.HeadingTune_Init)
                  00008384    000000d8     libc.a : s_scalbn.c.obj (.text.scalbn)
                  0000845c    000000d8     libclang_rt.builtins.a : addsf3.S.obj (.text)
                  00008534    000000c4     vehicle_yaw.o (.text.VehicleYaw_Update5ms)
                  000085f8    000000b0     heading_tune.o (.text.HeadingTune_GetArgument)
                  000086a8    000000ac     libc.a : s_cosf.c.obj (.text.__kernel_sindf)
                  00008754    000000ac            : s_sinf.c.obj (.text.__kernel_sindf)
                  00008800    000000aa     lsm6dsr_reg.o (.text.lsm6dsr_pin_int1_route_get)
                  000088aa    00000002     libclang_rt.builtins.a : aeabi_div0.c.obj (.text.__aeabi_ldiv0)
                  000088ac    000000a8     gpio_toggle_output.o (.text.TIMA0_IRQHandler)
                  00008954    000000a4     speed_diag.o (.text.UART0_IRQHandler)
                  000089f8    000000a2     libclang_rt.builtins.a : udivmoddi4.S.obj (.text)
                  00008a9a    00000002     --HOLE-- [fill = 0]
                  00008a9c    000000a0     heading_tune.o (.text.HeadingTune_ParseInt32)
                  00008b3c    0000009c     libc.a : s_cosf.c.obj (.text.__kernel_cosdf)
                  00008bd8    0000009c            : s_sinf.c.obj (.text.__kernel_cosdf)
                  00008c74    0000009a            : memcpy16.S.obj (.text:memcpy)
                  00008d0e    00000002     --HOLE-- [fill = 0]
                  00008d10    00000094     ti_msp_dl_config.o (.text.SYSCFG_DL_initPower)
                  00008da4    00000090     speed_control.o (.text.SpeedControl_Start)
                  00008e34    0000008c     gpio_toggle_output.o (.text.App_StartHeadingTune)
                  00008ec0    0000008c     key.o (.text.Key_Init)
                  00008f4c    0000008c     ti_msp_dl_config.o (.text.SYSCFG_DL_PWM_0_init)
                  00008fd8    0000008c     ti_msp_dl_config.o (.text.SYSCFG_DL_PWM_1_init)
                  00009064    0000008c     libclang_rt.builtins.a : mulsf3.S.obj (.text.__mulsf3)
                  000090f0    00000088     encoder.o (.text.encoder_task)
                  00009178    00000084     heading_tune.o (.text.HeadingTune_HandleRxByte)
                  000091fc    00000084     speed_control.o (.text.SpeedControl_Init)
                  00009280    00000082     libclang_rt.builtins.a : divsf3.S.obj (.text.__divsf3)
                  00009302    00000002     --HOLE-- [fill = 0]
                  00009304    0000007c     ti_msp_dl_config.o (.text.SYSCFG_DL_UART_DIAG_init)
                  00009380    0000007c     libc.a : copy_decompress_lzss.c.obj (.text:decompress:lzss)
                  000093fc    0000007a     oled_hardware_i2c.o (.text.OLED_ShowString)
                  00009476    0000007a     lsm6dsr_reg.o (.text.lsm6dsr_fsm_enable_get)
                  000094f0    00000074     libclang_rt.builtins.a : comparedf2.c.obj (.text.__gedf2)
                  00009564    0000000c     heading_control.o (.text.HeadingControl_IsActive)
                  00009570    00000074     libclang_rt.builtins.a : truncdfsf2.S.obj (.text.__truncdfsf2)
                  000095e4    00000070     heading_tune.o (.text.HeadingTune_Arm)
                  00009654    00000070     ti_msp_dl_config.o (.text.SYSCFG_DL_UART_0_init)
                  000096c4    00000070     speed_control.o (.text.SpeedControl_Stop)
                  00009734    0000006e     lsm6dsr_reg.o (.text.lsm6dsr_fsm_data_rate_get)
                  000097a2    00000002     --HOLE-- [fill = 0]
                  000097a4    00000068     motor.o (.text.Motor_SetSpeed)
                  0000980c    00000068     libclang_rt.builtins.a : comparedf2.c.obj (.text.__ledf2)
                  00009874    00000068     lsm6dsr_reg.o (.text.lsm6dsr_i3c_disable_set)
                  000098dc    00000066     libc.a : _printfi.c.obj (.text._mcpy)
                  00009942    00000002     --HOLE-- [fill = 0]
                  00009944    00000064     heading_tune.o (.text.HeadingTune_ReportStartFailure)
                  000099a8    00000062     libclang_rt.builtins.a : aeabi_dcmp.S.obj (.text.__aeabi_dcmp)
                  00009a0a    00000002     --HOLE-- [fill = 0]
                  00009a0c    00000062                            : aeabi_fcmp.S.obj (.text.__aeabi_fcmp)
                  00009a6e    00000062     libc.a : memset16.S.obj (.text:memset)
                  00009ad0    0000005e     driverlib.a : dl_i2c.o (.text.DL_I2C_fillControllerTXFIFO)
                  00009b2e    00000002     --HOLE-- [fill = 0]
                  00009b30    0000005c     ti_msp_dl_config.o (.text.SYSCFG_DL_init)
                  00009b8c    0000005c     libc.a : s_frexp.c.obj (.text.frexp)
                  00009be8    00000058     FusionAhrs.o (.text.FusionAhrsInitialise)
                  00009c40    00000058     libc.a : _ltoa.c.obj (.text.__TI_ltoa)
                  00009c98    00000058            : _printfi.c.obj (.text._pconv_f)
                  00009cf0    00000056     libclang_rt.builtins.a : aeabi_idivmod.S.obj (.text.__aeabi_idivmod)
                  00009d46    00000002     --HOLE-- [fill = 0]
                  00009d48    00000054     ti_msp_dl_config.o (.text.SYSCFG_DL_I2C_OLED_init)
                  00009d9c    00000052     libc.a : _printfi.c.obj (.text._ecpy)
                  00009dee    00000002     --HOLE-- [fill = 0]
                  00009df0    00000050     heading_control.o (.text.HeadingControl_Start)
                  00009e40    0000004c     ti_msp_dl_config.o (.text.SYSCFG_DL_SPI_IMU660RB_init)
                  00009e8c    0000004c     libc.a : snprintf.c.obj (.text.snprintf)
                  00009ed8    0000004a     libclang_rt.builtins.a : fixdfsi.S.obj (.text.__fixdfsi)
                  00009f22    00000002     --HOLE-- [fill = 0]
                  00009f24    00000048     driverlib.a : dl_uart.o (.text.DL_UART_init)
                  00009f6c    00000044                 : dl_spi.o (.text.DL_SPI_init)
                  00009fb0    00000044     heading_control.o (.text.HeadingControl_Init)
                  00009ff4    00000044     heading_control.o (.text.HeadingControl_SetMaxTargetOffset)
                  0000a038    00000044     speed_control.o (.text.SpeedControl_SetTargets)
                  0000a07c    00000040     FusionAhrs.o (.text.FusionAhrsUpdateNoMagnetometer)
                  0000a0bc    00000040     vehicle_yaw.o (.text.VehicleYaw_Init)
                  0000a0fc    00000040     libclang_rt.builtins.a : aeabi_uidivmod.S.obj (.text.__aeabi_uidivmod)
                  0000a13c    00000040                            : extendsfdf2.S.obj (.text.__extendsfdf2)
                  0000a17c    00000040     libc.a : atoi.c.obj (.text.atoi)
                  0000a1bc    0000003c     ti_msp_dl_config.o (.text.SYSCFG_DL_E1_B_init)
                  0000a1f8    0000003c     ti_msp_dl_config.o (.text.SYSCFG_DL_E3_B_init)
                  0000a234    0000003c     libclang_rt.builtins.a : floatsisf.S.obj (.text.__floatsisf)
                  0000a270    0000003c                            : comparesf2.S.obj (.text.__gtsf2)
                  0000a2ac    0000003c     libc.a : autoinit.c.obj (.text:__TI_auto_init_nobinit_nopinit)
                  0000a2e8    0000003a     libclang_rt.builtins.a : comparesf2.S.obj (.text.__eqsf2)
                  0000a322    00000002     --HOLE-- [fill = 0]
                  0000a324    0000003a                            : muldsi3.S.obj (.text.__muldsi3)
                  0000a35e    00000002     --HOLE-- [fill = 0]
                  0000a360    00000038     ti_msp_dl_config.o (.text.SYSCFG_DL_TIMER_0_init)
                  0000a398    00000038     speed_diag.o (.text.SpeedDiag_Init)
                  0000a3d0    00000038     speed_diag.o (.text.SpeedDiag_IsActive)
                  0000a408    00000038     libclang_rt.builtins.a : fixsfsi.S.obj (.text.__fixsfsi)
                  0000a440    00000038     lsm6dsr_reg.o (.text.lsm6dsr_block_data_update_set)
                  0000a478    00000038     lsm6dsr_reg.o (.text.lsm6dsr_gy_filter_lp1_set)
                  0000a4b0    00000038     lsm6dsr_reg.o (.text.lsm6dsr_gy_full_scale_set)
                  0000a4e8    00000038     lsm6dsr_reg.o (.text.lsm6dsr_reset_set)
                  0000a520    00000038     lsm6dsr_reg.o (.text.lsm6dsr_xl_full_scale_set)
                  0000a558    00000038     libc.a : sprintf.c.obj (.text.sprintf)
                  0000a590    00000036     lsm6dsr_reg.o (.text.lsm6dsr_data_ready_mode_set)
                  0000a5c6    00000002     --HOLE-- [fill = 0]
                  0000a5c8    00000034     heading_tune.o (.text.HeadingTune_Abort)
                  0000a5fc    00000034     lsm6dsr_reg.o (.text.lsm6dsr_angular_rate_raw_get)
                  0000a630    00000034     clock.o (.text.mspm0_delay_ms)
                  0000a664    00000032     libclang_rt.builtins.a : fixunssfsi.S.obj (.text.__fixunssfsi)
                  0000a696    00000002     --HOLE-- [fill = 0]
                  0000a698    00000030     driverlib.a : dl_uart.o (.text.DL_UART_transmitDataBlocking)
                  0000a6c8    00000030     FusionOffset.o (.text.FusionOffsetInitialise)
                  0000a6f8    00000030     heading_control.o (.text.HeadingControl_SetDeadbandDeg)
                  0000a728    00000030     heading_control.o (.text.HeadingControl_SetKd)
                  0000a758    00000030     ti_msp_dl_config.o (.text.SYSCFG_DL_SYSCTL_init)
                  0000a788    00000030     encoder.o (.text.TIMA1_IRQHandler)
                  0000a7b8    00000030     encoder.o (.text.TIMG0_IRQHandler)
                  0000a7e8    00000030     libc.a : _printfi.c.obj (.text._fcpy)
                  0000a818    00000030            : snprintf.c.obj (.text._outs)
                  0000a848    0000002c     encoder.o (.text.Encoder_Start)
                  0000a874    0000002c     heading_control.o (.text.HeadingControl_SetKp)
                  0000a8a0    0000002c     gpio_toggle_output.o (.text.UART1_IRQHandler)
                  0000a8cc    0000002c     libclang_rt.builtins.a : floatsidf.S.obj (.text.__floatsidf)
                  0000a8f8    00000028     clock.o (.text.SysTick_Init)
                  0000a920    00000028     libclang_rt.builtins.a : floatunsisf.S.obj (.text.__floatunsisf)
                  0000a948    00000028     libc.a : boot_cortex_m.c.obj (.text:_c_int00_noargs)
                  0000a970    00000026     driverlib.a : dl_i2c.o (.text.DL_I2C_setClockConfig)
                  0000a996    00000002     --HOLE-- [fill = 0]
                  0000a998    00000024     heading_control.o (.text.HeadingControl_Stop)
                  0000a9bc    00000024     libclang_rt.builtins.a : muldi3.S.obj (.text.__muldi3)
                  0000a9e0    00000022     libc.a : memccpy.c.obj (.text.memccpy)
                  0000aa02    00000002     --HOLE-- [fill = 0]
                  0000aa04    00000020     key.o (.text.Key_IsPressed)
                  0000aa24    00000020     libc.a : memcmp.c.obj (.text.memcmp)
                  0000aa44    0000001e     motor.o (.text.Motor_Stop)
                  0000aa62    00000002     --HOLE-- [fill = 0]
                  0000aa64    0000001e     libclang_rt.builtins.a : ashldi3.S.obj (.text.__ashldi3)
                  0000aa82    0000001e     lsm6dsr_reg.o (.text.lsm6dsr_reset_get)
                  0000aaa0    0000001c     driverlib.a : dl_timer.o (.text.DL_Timer_setCaptCompUpdateMethod)
                  0000aabc    0000001c                 : dl_timer.o (.text.DL_Timer_setClockConfig)
                  0000aad8    0000001c     heading_control.o (.text.HeadingControl_GetTelemetry)
                  0000aaf4    0000001c     key.o (.text.Key_GetPressedTimeMs)
                  0000ab10    0000001c     speed_control.o (.text.SpeedControl_SetDifferentialTargetOffset)
                  0000ab2c    0000001c     lsm6dsr_reg.o (.text.lsm6dsr_gy_flag_data_ready_get)
                  0000ab48    00000018     driverlib.a : dl_timer.o (.text.DL_Timer_setCaptureCompareOutCtl)
                  0000ab60    00000018     speed_control.o (.text.SpeedControl_GetTelemetry)
                  0000ab78    00000018     libc.a : snprintf.c.obj (.text._outc)
                  0000ab90    00000018            : sprintf.c.obj (.text._outs)
                  0000aba8    00000018     lsm6dsr_reg.o (.text.lsm6dsr_odr_cal_reg_get)
                  0000abc0    00000018     clock.o (.text.mspm0_get_clock_ms)
                  0000abd8    00000016     libc.a : k_rem_pio2.c.obj (.text.OUTLINED_FUNCTION_0)
                  0000abee    00000002     --HOLE-- [fill = 0]
                  0000abf0    00000010     libclang_rt.builtins.a : adddf3.S.obj (.tramp.__aeabi_dadd.1)
                  0000ac00    00000014                            : aeabi_uldivmod.S.obj (.text.__aeabi_uldivmod)
                  0000ac14    00000014     lsm6dsr_reg.o (.text.lsm6dsr_from_fs2000dps_to_mdps)
                  0000ac28    00000014     lsm6dsr_reg.o (.text.lsm6dsr_from_fs2g_to_mg)
                  0000ac3c    00000014     lsm6dsr_reg.o (.text.lsm6dsr_read_reg)
                  0000ac50    00000014     lsm6dsr_reg.o (.text.lsm6dsr_write_reg)
                  0000ac64    00000014     libc.a : _printfi.c.obj (.text.strchr)
                  0000ac78    00000012     driverlib.a : dl_spi.o (.text.DL_SPI_setClockConfig)
                  0000ac8a    00000012                 : dl_uart.o (.text.DL_UART_setClockConfig)
                  0000ac9c    00000012     libc.a : copy_decompress_none.c.obj (.text:decompress:none)
                  0000acae    00000002     --HOLE-- [fill = 0]
                  0000acb0    00000010     driverlib.a : dl_timer.o (.text.DL_Timer_setCaptureCompareValue)
                  0000acc0    00000010     FusionAhrs.o (.text.FusionAhrsGetQuaternion)
                  0000acd0    00000010     heading_tune.o (.text.HeadingTune_TakeArmRequest)
                  0000ace0    00000010     heading_tune.o (.text.HeadingTune_TakeRemoteRunRequest)
                  0000acf0    00000010     heading_tune.o (.text.HeadingTune_TakeStopRequest)
                  0000ad00    00000010     libc.a : k_rem_pio2.c.obj (.text.OUTLINED_FUNCTION_2)
                  0000ad10    00000010     gpio_toggle_output.o (.text.SysTick_Handler)
                  0000ad20    00000010     libc.a : wcslen.c.obj (.text.wcslen)
                  0000ad30    00000010            : copy_zero_init.c.obj (.text:decompress:ZI)
                  0000ad40    0000000e     libclang_rt.builtins.a : aeabi_memset.S.obj (.text.__aeabi_memset)
                  0000ad4e    0000000e     lsm6dsr_reg.o (.text.lsm6dsr_device_id_get)
                  0000ad5c    0000000e     libc.a : _printfi.c.obj (.text.strlen)
                  0000ad6a    00000002     --HOLE-- [fill = 0]
                  0000ad6c    0000000c     heading_tune.o (.text.HeadingTune_GetTarget)
                  0000ad78    0000000c     heading_tune.o (.text.HeadingTune_IsActive)
                  0000ad84    0000000c     speed_control.o (.text.SpeedControl_IsRunning)
                  0000ad90    0000000c     vehicle_yaw.o (.text.VehicleYaw_GetBiasDps)
                  0000ad9c    0000000c     vehicle_yaw.o (.text.VehicleYaw_GetCalibrationSamples)
                  0000ada8    0000000c     vehicle_yaw.o (.text.VehicleYaw_GetHeadingDeg)
                  0000adb4    0000000c     vehicle_yaw.o (.text.VehicleYaw_GetRateDps)
                  0000adc0    0000000c     vehicle_yaw.o (.text.VehicleYaw_IsCalibrated)
                  0000adcc    0000000c     libclang_rt.builtins.a : aeabi_memset.S.obj (.text.__aeabi_memclr)
                  0000add8    0000000a     driverlib.a : dl_common.o (.text.DL_Common_delayCycles)
                  0000ade2    0000000a     libc.a : _printfi.c.obj (.text.OUTLINED_FUNCTION_0)
                  0000adec    00000010     libclang_rt.builtins.a : adddf3.S.obj (.tramp.__aeabi_dsub.1)
                  0000adfc    0000000a     libc.a : _printfi.c.obj (.text.OUTLINED_FUNCTION_1)
                  0000ae06    0000000a            : k_rem_pio2.c.obj (.text.OUTLINED_FUNCTION_1)
                  0000ae10    0000000a            : s_cosf.c.obj (.text.OUTLINED_FUNCTION_3)
                  0000ae1a    0000000a            : s_sinf.c.obj (.text.OUTLINED_FUNCTION_3)
                  0000ae24    0000000a            : sprintf.c.obj (.text._outc)
                  0000ae2e    00000008     key.o (.text.Key_Update1ms)
                  0000ae36    00000002     --HOLE-- [fill = 0]
                  0000ae38    00000008     libc.a : aeabi_portable.c.obj (.text.__aeabi_errno_addr)
                  0000ae40    00000008     libclang_rt.builtins.a : aeabi_memcpy.S.obj (.text.__aeabi_memcpy)
                  0000ae48    00000008     imu660rb.o (.text.platform_delay)
                  0000ae50    00000006     libc.a : e_asinf.c.obj (.text.OUTLINED_FUNCTION_0)
                  0000ae56    00000002     --HOLE-- [fill = 0]
                  0000ae58    00000010     libclang_rt.builtins.a : mulsf3.S.obj (.tramp.__aeabi_fmul.1)
                  0000ae68    00000006     libc.a : s_atanf.c.obj (.text.OUTLINED_FUNCTION_0)
                  0000ae6e    00000002     --HOLE-- [fill = 0]
                  0000ae70    00000010     libclang_rt.builtins.a : divsf3.S.obj (.tramp.__aeabi_fdiv.1)
                  0000ae80    00000006     libc.a : s_cosf.c.obj (.text.OUTLINED_FUNCTION_0)
                  0000ae86    00000002     --HOLE-- [fill = 0]
                  0000ae88    00000010     libclang_rt.builtins.a : muldf3.S.obj (.tramp.__aeabi_dmul.1)
                  0000ae98    00000006     libc.a : s_sinf.c.obj (.text.OUTLINED_FUNCTION_0)
                  0000ae9e    00000006            : s_cosf.c.obj (.text.OUTLINED_FUNCTION_1)
                  0000aea4    00000006            : s_sinf.c.obj (.text.OUTLINED_FUNCTION_1)
                  0000aeaa    00000006            : exit.c.obj (.text:abort)
                  0000aeb0    00000004     libsysbm.a : hostexit.c.obj (.text.HOSTexit)
                  0000aeb4    00000004     libc.a : s_atanf.c.obj (.text.OUTLINED_FUNCTION_1)
                  0000aeb8    00000010     libclang_rt.builtins.a : addsf3.S.obj (.tramp.__aeabi_fadd.1)
                  0000aec8    00000004     libc.a : s_cosf.c.obj (.text.OUTLINED_FUNCTION_2)
                  0000aecc    00000010     libclang_rt.builtins.a : extendsfdf2.S.obj (.tramp.__aeabi_f2d.1)
                  0000aedc    00000004     libc.a : s_sinf.c.obj (.text.OUTLINED_FUNCTION_2)
                  0000aee0    00000004     startup_mspm0g350x_ticlang.o (.text.Reset_Handler)
                  0000aee4    00000004     libc.a : pre_init.c.obj (.text._system_pre_init)
                  0000aee8    00000008     --HOLE-- [fill = 0]

.cinit     0    0000c2e0    00000088     
                  0000c2e0    00000061     (.cinit..data.load) [load image, compression = lzss]
                  0000c341    00000003     --HOLE-- [fill = 0]
                  0000c344    0000000c     (__TI_handler_table)
                  0000c350    00000008     (.cinit..bss.load) [load image, compression = zero_init]
                  0000c358    00000010     (__TI_cinit_table)

.rodata    0    0000aef0    000013f0     
                  0000aef0    000005f0     oled_hardware_i2c.o (.rodata.asc2_1608)
                  0000b4e0    00000228     oled_hardware_i2c.o (.rodata.asc2_0806)
                  0000b708    00000108     libc.a : k_rem_pio2.c.obj (.rodata.ipio2)
                  0000b810    00000101            : aeabi_ctype.S.obj (.rodata:__aeabi_ctype_table_)
                  0000b911    000000a8     speed_diag.o (.rodata.str1.5116819380638094415.1)
                  0000b9b9    0000009b     heading_tune.o (.rodata.str1.9747715682198083986.1)
                  0000ba54    00000080     heading_tune.o (.rodata.str1.14131978492033324685.1)
                  0000bad4    00000077     heading_tune.o (.rodata.str1.13526518136696779519.1)
                  0000bb4b    00000073     speed_diag.o (.rodata.str1.14158536670396857123.1)
                  0000bbbe    0000006a     heading_tune.o (.rodata.str1.12939270551638952192.1)
                  0000bc28    00000045     speed_diag.o (.rodata.str1.5332232266075221074.1)
                  0000bc6d    00000044     heading_tune.o (.rodata.str1.4814830887074657808.1)
                  0000bcb1    00000043     heading_tune.o (.rodata.str1.529258991365355185.1)
                  0000bcf4    00000003     ti_msp_dl_config.o (.rodata.gE1_BClockConfig)
                  0000bcf7    00000001     --HOLE-- [fill = 0]
                  0000bcf8    00000040     libc.a : k_rem_pio2.c.obj (.rodata.PIo2)
                  0000bd38    00000038     heading_tune.o (.rodata.str1.5155823762965509643.1)
                  0000bd70    00000036     speed_diag.o (.rodata.str1.15537945033206470962.1)
                  0000bda6    00000033     speed_diag.o (.rodata.str1.11289324077183718103.1)
                  0000bdd9    00000030     heading_tune.o (.rodata.str1.12130986845312198800.1)
                  0000be09    00000030     speed_diag.o (.rodata.str1.9233319666940353705.1)
                  0000be39    0000002e     heading_tune.o (.rodata.str1.7132402178213440645.1)
                  0000be67    0000002d     heading_tune.o (.rodata.str1.4158412477771626481.1)
                  0000be94    00000028     heading_tune.o (.rodata.str1.10566174383365843677.1)
                  0000bebc    00000028     speed_diag.o (.rodata.str1.5271165883471757105.1)
                  0000bee4    00000026     heading_tune.o (.rodata.str1.15978021765615930979.1)
                  0000bf0a    00000025     heading_tune.o (.rodata.str1.11935685641348173267.1)
                  0000bf2f    00000025     heading_tune.o (.rodata.str1.8065083296364780598.1)
                  0000bf54    00000024     speed_diag.o (.rodata.str1.6491492677830583969.1)
                  0000bf78    00000022     heading_tune.o (.rodata.str1.10326779045295150345.1)
                  0000bf9a    00000002     ti_msp_dl_config.o (.rodata.gI2C_OLEDClockConfig)
                  0000bf9c    00000020     libc.a : s_atanf.c.obj (.rodata.cst16)
                  0000bfbc    0000001d     gpio_toggle_output.o (.rodata.str1.6926779734840550670.1)
                  0000bfd9    0000001b     gpio_toggle_output.o (.rodata.str1.15113692215023319882.1)
                  0000bff4    0000001b     gpio_toggle_output.o (.rodata.str1.5807257539606399117.1)
                  0000c00f    0000001b     gpio_toggle_output.o (.rodata.str1.7293075287338320947.1)
                  0000c02a    0000001a     heading_tune.o (.rodata.str1.8898779021476902373.1)
                  0000c044    00000019     heading_tune.o (.rodata.str1.18406777655763150059.1)
                  0000c05d    00000019     heading_tune.o (.rodata.str1.5067026325665943695.1)
                  0000c076    00000002     ti_msp_dl_config.o (.rodata.gSPI_IMU660RB_clockConfig)
                  0000c078    00000018     FusionAhrs.o (.rodata..L__const.FusionAhrsInitialise.settings)
                  0000c090    00000017     heading_tune.o (.rodata.str1.14919823185820418393.1)
                  0000c0a7    00000016     speed_diag.o (.rodata.str1.11628188333925508109.1)
                  0000c0bd    00000016     speed_diag.o (.rodata.str1.17196593743250663074.1)
                  0000c0d3    00000016     speed_diag.o (.rodata.str1.2074379158335030180.1)
                  0000c0e9    00000016     heading_tune.o (.rodata.str1.3384054706050818035.1)
                  0000c0ff    00000016     heading_tune.o (.rodata.str1.6501047160543799167.1)
                  0000c115    00000016     heading_tune.o (.rodata.str1.9003532031691302955.1)
                  0000c12b    00000001     --HOLE-- [fill = 0]
                  0000c12c    00000014     ti_msp_dl_config.o (.rodata.gTIMER_0TimerConfig)
                  0000c140    00000013     gpio_toggle_output.o (.rodata.str1.16559069285837280738.1)
                  0000c153    00000011     libc.a : _printfi.c.obj (.rodata.str1.10348868589481759720.1)
                  0000c164    00000011            : _printfi.c.obj (.rodata.str1.15363888844622738466.1)
                  0000c175    00000003     ti_msp_dl_config.o (.rodata.gE3_BClockConfig)
                  0000c178    00000010     libc.a : k_rem_pio2.c.obj (.rodata.cst16)
                  0000c188    00000010     ti_msp_dl_config.o (.rodata.gE1_BCaptureConfig)
                  0000c198    00000010     ti_msp_dl_config.o (.rodata.gE3_BCaptureConfig)
                  0000c1a8    00000010     gpio_toggle_output.o (.rodata.str1.2745267647703410976.1)
                  0000c1b8    00000010     gpio_toggle_output.o (.rodata.str1.4061908708858402747.1)
                  0000c1c8    00000010     gpio_toggle_output.o (.rodata.str1.7928674137164971080.1)
                  0000c1d8    0000000f     gpio_toggle_output.o (.rodata.str1.48456419029742142.1)
                  0000c1e7    0000000e     gpio_toggle_output.o (.rodata.str1.15939302496509987689.1)
                  0000c1f5    00000003     ti_msp_dl_config.o (.rodata.gPWM_0ClockConfig)
                  0000c1f8    0000000c     driverlib.a : dl_timer.o (.rodata..Lswitch.table.DL_Timer_initCompareMode)
                  0000c204    0000000c     gpio_toggle_output.o (.rodata.str1.12728830202387322416.1)
                  0000c210    0000000c     gpio_toggle_output.o (.rodata.str1.14427928370233946293.1)
                  0000c21c    0000000c     gpio_toggle_output.o (.rodata.str1.15962090406545820363.1)
                  0000c228    0000000a     ti_msp_dl_config.o (.rodata.gSPI_IMU660RB_config)
                  0000c232    0000000a     ti_msp_dl_config.o (.rodata.gUART_0Config)
                  0000c23c    0000000a     ti_msp_dl_config.o (.rodata.gUART_DIAGConfig)
                  0000c246    00000009     heading_tune.o (.rodata.str1.8967619291268045777.1)
                  0000c24f    00000001     --HOLE-- [fill = 0]
                  0000c250    00000008     ti_msp_dl_config.o (.rodata.gPWM_0Config)
                  0000c258    00000008     ti_msp_dl_config.o (.rodata.gPWM_1Config)
                  0000c260    00000008     heading_tune.o (.rodata.str1.18194701516207919446.1)
                  0000c268    00000007     heading_tune.o (.rodata.str1.14753209752389536355.1)
                  0000c26f    00000007     heading_tune.o (.rodata.str1.2103644982913237646.1)
                  0000c276    00000007     heading_tune.o (.rodata.str1.2192067919663792044.1)
                  0000c27d    00000007     speed_diag.o (.rodata.str1.5557472155623033592.1)
                  0000c284    00000007     heading_tune.o (.rodata.str1.9837957421668734277.1)
                  0000c28b    00000006     gpio_toggle_output.o (.rodata.str1.11119584387729294233.1)
                  0000c291    00000006     gpio_toggle_output.o (.rodata.str1.3564488907687225653.1)
                  0000c297    00000005     speed_diag.o (.rodata.str1.10892540507645004026.1)
                  0000c29c    00000005     gpio_toggle_output.o (.rodata.str1.10910899861604263444.1)
                  0000c2a1    00000005     heading_tune.o (.rodata.str1.12605958020997965994.1)
                  0000c2a6    00000005     gpio_toggle_output.o (.rodata.str1.13732985183997240173.1)
                  0000c2ab    00000005     heading_tune.o (.rodata.str1.15392400152297961562.1)
                  0000c2b0    00000005     gpio_toggle_output.o (.rodata.str1.16718355729119112538.1)
                  0000c2b5    00000005     heading_tune.o (.rodata.str1.3873107001182050187.1)
                  0000c2ba    00000005     heading_tune.o (.rodata.str1.5571483812707583151.1)
                  0000c2bf    00000005     heading_tune.o (.rodata.str1.6449562025988133270.1)
                  0000c2c4    00000005     heading_tune.o (.rodata.str1.9939808799912881097.1)
                  0000c2c9    00000003     ti_msp_dl_config.o (.rodata.gPWM_1ClockConfig)
                  0000c2cc    00000003     ti_msp_dl_config.o (.rodata.gTIMER_0ClockConfig)
                  0000c2cf    00000003     heading_tune.o (.rodata.str1.1024675294595574265.1)
                  0000c2d2    00000003     heading_tune.o (.rodata.str1.16308876756589018541.1)
                  0000c2d5    00000003     heading_tune.o (.rodata.str1.2097720887626447895.1)
                  0000c2d8    00000002     ti_msp_dl_config.o (.rodata.gUART_0ClockConfig)
                  0000c2da    00000002     ti_msp_dl_config.o (.rodata.gUART_DIAGClockConfig)
                  0000c2dc    00000004     --HOLE-- [fill = 0]

.init_array 
*          0    00000000    00000000     UNINITIALIZED

.binit     0    00000000    00000000     

.bss       0    20200000    00003ef9     UNINITIALIZED
                  20200000    00002710     speed_diag.o (.bss.s_samples)
                  20202710    00001388     heading_tune.o (.bss.s_samples)
                  20203a98    000000bc     (.common:gE3_BBackup)
                  20203b54    000000bc     (.common:gTIMER_0Backup)
                  20203c10    000000a0     (.common:gPWM_1Backup)
                  20203cb0    00000074     (.common:ahrs)
                  20203d24    00000040     heading_tune.o (.bss.s_rxBuffer)
                  20203d64    00000028     heading_control.o (.bss.s_telemetry)
                  20203d8c    00000028     (.common:gSPI_IMU660RBBackup)
                  20203db4    00000018     imu660rb.o (.bss.offset)
                  20203dcc    00000018     gpio_toggle_output.o (.bss.oled_buf)
                  20203de4    00000018     speed_control.o (.bss.s_telemetry)
                  20203dfc    00000014     imu660rb.o (.bss.dev_ctx)
                  20203e10    00000014     heading_tune.o (.bss.s_liveSample)
                  20203e24    0000000c     (.common:acceleration_mg)
                  20203e30    0000000c     (.common:angular_rate_mdps)
                  20203e3c    0000000c     (.common:euler)
                  20203e48    00000008     key.o (.bss.s_debounceMs)
                  20203e50    00000008     speed_control.o (.bss.s_leftPid)
                  20203e58    00000008     key.o (.bss.s_pressedTimeMs)
                  20203e60    00000008     speed_control.o (.bss.s_rightPid)
                  20203e68    00000006     imu660rb.o (.bss.data_raw_angular_rate)
                  20203e6e    00000002     imu660rb.o (.bss.data_raw_acceleration.1)
                  20203e70    00000004     speed_diag.o (.bss.s_activeTarget)
                  20203e74    00000004     vehicle_yaw.o (.bss.s_biasDps)
                  20203e78    00000004     vehicle_yaw.o (.bss.s_calibrationSumDps)
                  20203e7c    00000004     speed_control.o (.bss.s_differentialTargetOffset)
                  20203e80    00000004     heading_control.o (.bss.s_filteredErrorDeg)
                  20203e84    00000004     vehicle_yaw.o (.bss.s_headingDeg)
                  20203e88    00000004     gpio_toggle_output.o (.bss.s_key1StartRequestMs)
                  20203e8c    00000004     key.o (.bss.s_lastUpdateMs)
                  20203e90    00000004     speed_control.o (.bss.s_leftControlTarget)
                  20203e94    00000004     speed_control.o (.bss.s_leftTarget)
                  20203e98    00000004     vehicle_yaw.o (.bss.s_rateDps)
                  20203e9c    00000004     heading_tune.o (.bss.s_resultTarget)
                  20203ea0    00000004     speed_diag.o (.bss.s_resultTarget)
                  20203ea4    00000004     speed_control.o (.bss.s_rightControlTarget)
                  20203ea8    00000004     speed_control.o (.bss.s_rightTarget)
                  20203eac    00000004     heading_tune.o (.bss.s_target)
                  20203eb0    00000004     imu660rb.o (.bss.samplePeriod)
                  20203eb4    00000004     imu660rb.o (.bss.sampleRate)
                  20203eb8    00000004     (.common:start_time)
                  20203ebc    00000004     (.common:tick_ms)
                  20203ec0    00000002     imu660rb.o (.bss.data_raw_acceleration.2)
                  20203ec2    00000002     vehicle_yaw.o (.bss.s_calibrationSamples)
                  20203ec4    00000002     heading_tune.o (.bss.s_durationMs)
                  20203ec6    00000002     heading_tune.o (.bss.s_requestedSampleCount)
                  20203ec8    00000002     heading_tune.o (.bss.s_resultDeadbandDeciDeg)
                  20203eca    00000002     heading_tune.o (.bss.s_resultDurationMs)
                  20203ecc    00000002     heading_tune.o (.bss.s_resultKdMilli)
                  20203ece    00000002     heading_tune.o (.bss.s_resultKpMilli)
                  20203ed0    00000002     heading_tune.o (.bss.s_resultMaxOffset)
                  20203ed2    00000002     heading_tune.o (.bss.s_resultReferenceDeciDeg)
                  20203ed4    00000002     heading_tune.o (.bss.s_sampleCount)
                  20203ed6    00000002     speed_diag.o (.bss.s_sampleCount)
                  20203ed8    00000001     imu660rb.o (.bss.rst)
                  20203ed9    00000001     heading_tune.o (.bss.s_armRequested)
                  20203eda    00000001     heading_tune.o (.bss.s_armed)
                  20203edb    00000001     vehicle_yaw.o (.bss.s_calibrated)
                  20203edc    00000001     key.o (.bss.s_candidateMask)
                  20203edd    00000001     heading_tune.o (.bss.s_collecting)
                  20203ede    00000001     speed_diag.o (.bss.s_collecting)
                  20203edf    00000001     heading_tune.o (.bss.s_commandReady)
                  20203ee0    00000001     heading_tune.o (.bss.s_completePending)
                  20203ee1    00000001     heading_tune.o (.bss.s_dumpRequested)
                  20203ee2    00000001     speed_diag.o (.bss.s_dumpRequested)
                  20203ee3    00000001     vehicle_yaw.o (.bss.s_enabled)
                  20203ee4    00000001     heading_tune.o (.bss.s_liveEnabled)
                  20203ee5    00000001     heading_tune.o (.bss.s_livePending)
                  20203ee6    00000001     heading_tune.o (.bss.s_liveStreaming)
                  20203ee7    00000001     heading_control.o (.bss.s_offsetHoldTicks)
                  20203ee8    00000001     speed_diag.o (.bss.s_openLoopActive)
                  20203ee9    00000001     speed_diag.o (.bss.s_openLoopRequested)
                  20203eea    00000001     key.o (.bss.s_pressedMask)
                  20203eeb    00000001     key.o (.bss.s_rawMask)
                  20203eec    00000001     heading_tune.o (.bss.s_remoteRunRequested)
                  20203eed    00000001     speed_diag.o (.bss.s_resultOpenLoop)
                  20203eee    00000001     heading_tune.o (.bss.s_resultValid)
                  20203eef    00000001     speed_diag.o (.bss.s_resultValid)
                  20203ef0    00000001     speed_control.o (.bss.s_running)
                  20203ef1    00000001     heading_tune.o (.bss.s_rxCollecting)
                  20203ef2    00000001     heading_tune.o (.bss.s_rxLength)
                  20203ef3    00000001     speed_diag.o (.bss.s_startRequested)
                  20203ef4    00000001     speed_diag.o (.bss.s_statusRequested)
                  20203ef5    00000001     heading_tune.o (.bss.s_stopRequested)
                  20203ef6    00000001     speed_diag.o (.bss.s_stopRequested)
                  20203ef7    00000001     key.o (.bss.s_updating)
                  20203ef8    00000001     imu660rb.o (.bss.whoamI)

.data      0    20203efc    000000e4     UNINITIALIZED
                  20203efc    00000080     motor.o (.data.gMotor)
                  20203f7c    00000024     encoder.o (.data.gEncMotor1)
                  20203fa0    00000024     encoder.o (.data.gEncMotor3)
                  20203fc4    00000004     libc.a : aeabi_portable.c.obj (.data.__aeabi_errno)
                  20203fc8    00000004     imu660rb.o (.data.gyroscopeOffset.0)
                  20203fcc    00000004     imu660rb.o (.data.gyroscopeOffset.1)
                  20203fd0    00000004     imu660rb.o (.data.gyroscopeOffset.2)
                  20203fd4    00000004     speed_diag.o (.data.s_requestedTarget)
                  20203fd8    00000002     encoder.o (.data.s_encTick)
                  20203fda    00000001     gpio_toggle_output.o (.data.gDataReceived)
                  20203fdb    00000001     gpio_toggle_output.o (.data.gRxByte)
                  20203fdc    00000001     gpio_toggle_output.o (.data.s_key1StartPending)
                  20203fdd    00000001     gpio_toggle_output.o (.data.s_lastKey1Pressed)
                  20203fde    00000001     gpio_toggle_output.o (.data.sched_tick)
                  20203fdf    00000001     gpio_toggle_output.o (.data.speed_sample_ready)

.stack     0    20207e00    00000200     UNINITIALIZED
                  20207e00    00000004     libc.a : boot_cortex_m.c.obj (.stack)
                  20207e04    000001fc     --HOLE--

__llvm_prf_cnts 
*          0    20200000    00000000     UNINITIALIZED

__llvm_prf_bits 
*          0    20200000    00000000     UNINITIALIZED

MODULE SUMMARY

       Module                         code    ro data   rw data
       ------                         ----    -------   -------
    .\
       ti_msp_dl_config.o             1372    121       576    
       gpio_toggle_output.o           1196    269       34     
       startup_mspm0g350x_ticlang.o   6       192       0      
    +--+------------------------------+-------+---------+---------+
       Total:                         2574    582       610    
                                                               
    .\hardware\
       heading_tune.o                 7696    1273      5124   
       speed_diag.o                   3152    659       10023  
       oled_hardware_i2c.o            3744    2072      0      
       speed_control.o                1776    0         61     
       heading_control.o              828     0         45     
       key.o                          780     0         24     
       encoder.o                      276     0         74     
       vehicle_yaw.o                  320     0         20     
       motor.o                        134     0         128    
       clock.o                        116     0         8      
    +--+------------------------------+-------+---------+---------+
       Total:                         18822   4004      15507  
                                                               
    .\hardware\IMU660RB\
       imu660rb.o                     2320    0         228    
       lsm6dsr_reg.o                  2012    0         0      
    +--+------------------------------+-------+---------+---------+
       Total:                         4332    0         228    
                                                               
    .\hardware\IMU660RB\Fusion\
       FusionAhrs.o                   3348    24        0      
       FusionOffset.o                 272     0         0      
    +--+------------------------------+-------+---------+---------+
       Total:                         3620    24        0      
                                                               
    C:/ti/mspm0_sdk_2_09_00_01/source/ti/driverlib/lib/ticlang/m0p/mspm0g1x0x_g3x0x/driverlib.a
       dl_timer.o                     892     12        0      
       dl_uart.o                      138     0         0      
       dl_i2c.o                       132     0         0      
       dl_spi.o                       86      0         0      
       dl_common.o                    10      0         0      
    +--+------------------------------+-------+---------+---------+
       Total:                         1258    12        0      
                                                               
    C:\ti\ccs2041\ccs\tools\compiler\ti-cgt-armllvm_4.0.4.LTS\lib\armv6m-ti-none-eabi/c/libc.a
       _printfi.c.obj                 4510    34        0      
       k_rem_pio2.c.obj               1652    344       0      
       s_cosf.c.obj                   822     0         0      
       s_sinf.c.obj                   810     0         0      
       s_atanf.c.obj                  466     32        0      
       e_sqrt.c.obj                   368     0         0      
       e_asinf.c.obj                  358     0         0      
       s_floor.c.obj                  324     0         0      
       e_atan2f.c.obj                 280     0         0      
       aeabi_ctype.S.obj              0       257       0      
       s_scalbn.c.obj                 216     0         0      
       memcpy16.S.obj                 154     0         0      
       snprintf.c.obj                 148     0         0      
       copy_decompress_lzss.c.obj     124     0         0      
       memset16.S.obj                 98      0         0      
       s_frexp.c.obj                  92      0         0      
       sprintf.c.obj                  90      0         0      
       _ltoa.c.obj                    88      0         0      
       atoi.c.obj                     64      0         0      
       autoinit.c.obj                 60      0         0      
       boot_cortex_m.c.obj            40      0         0      
       memccpy.c.obj                  34      0         0      
       memcmp.c.obj                   32      0         0      
       copy_decompress_none.c.obj     18      0         0      
       copy_zero_init.c.obj           16      0         0      
       wcslen.c.obj                   16      0         0      
       aeabi_portable.c.obj           8       0         4      
       exit.c.obj                     6       0         0      
       pre_init.c.obj                 4       0         0      
    +--+------------------------------+-------+---------+---------+
       Total:                         10898   667       4      
                                                               
    C:\ti\ccs2041\ccs\tools\compiler\ti-cgt-armllvm_4.0.4.LTS\lib\armv6m-ti-none-eabi/c/libsysbm.a
       hostexit.c.obj                 4       0         0      
    +--+------------------------------+-------+---------+---------+
       Total:                         4       0         0      
                                                               
    C:\ti\ccs2041\ccs\tools\compiler\ti-cgt-armllvm_4.0.4.LTS\lib\armv6m-ti-none-eabi/libclang_rt.builtins.a
       adddf3.S.obj                   434     0         0      
       divdf3.S.obj                   268     0         0      
       muldf3.S.obj                   244     0         0      
       addsf3.S.obj                   232     0         0      
       comparedf2.c.obj               220     0         0      
       udivmoddi4.S.obj               162     0         0      
       mulsf3.S.obj                   156     0         0      
       divsf3.S.obj                   146     0         0      
       comparesf2.S.obj               118     0         0      
       truncdfsf2.S.obj               116     0         0      
       aeabi_dcmp.S.obj               98      0         0      
       aeabi_fcmp.S.obj               98      0         0      
       aeabi_idivmod.S.obj            86      0         0      
       extendsfdf2.S.obj              80      0         0      
       fixdfsi.S.obj                  74      0         0      
       aeabi_uidivmod.S.obj           64      0         0      
       floatsisf.S.obj                60      0         0      
       muldsi3.S.obj                  58      0         0      
       fixsfsi.S.obj                  56      0         0      
       fixunssfsi.S.obj               50      0         0      
       floatsidf.S.obj                44      0         0      
       floatunsisf.S.obj              40      0         0      
       muldi3.S.obj                   36      0         0      
       ashldi3.S.obj                  30      0         0      
       aeabi_memset.S.obj             26      0         0      
       aeabi_uldivmod.S.obj           20      0         0      
       aeabi_memcpy.S.obj             8       0         0      
       aeabi_div0.c.obj               4       0         0      
    +--+------------------------------+-------+---------+---------+
       Total:                         3028    0         0      
                                                               
       Stack:                         0       0         512    
       Linker Generated:              0       133       0      
    +--+------------------------------+-------+---------+---------+
       Grand Total:                   44536   5422      16861  


LINKER GENERATED COPY TABLES

__TI_cinit_table @ 0000c358 records: 2, size/record: 8, table size: 16
	.data: load addr=0000c2e0, load size=00000061 bytes, run addr=20203efc, run size=000000e4 bytes, compression=lzss
	.bss: load addr=0000c350, load size=00000008 bytes, run addr=20200000, run size=00003ef9 bytes, compression=zero_init


LINKER GENERATED HANDLER TABLE

__TI_handler_table @ 0000c344 records: 3, size/record: 4, table size: 12
	index: 0, handler: __TI_decompress_lzss
	index: 1, handler: __TI_decompress_none
	index: 2, handler: __TI_zero_init


FAR CALL TRAMPOLINES

callee name               trampoline name
   callee addr  tramp addr   call addr  call info
--------------  -----------  ---------  ----------------
__aeabi_dadd              $Tramp$TT$L$PI$$__aeabi_dadd
   000065ab     0000abf0     0000abec   libc.a : k_rem_pio2.c.obj (.text.OUTLINED_FUNCTION_0)
                             0000ae0e          : k_rem_pio2.c.obj (.text.OUTLINED_FUNCTION_1)
                             0000ae18          : s_cosf.c.obj (.text.OUTLINED_FUNCTION_3)
                             0000ae22          : s_sinf.c.obj (.text.OUTLINED_FUNCTION_3)
__aeabi_dsub              $Tramp$TT$L$PI$$__aeabi_dsub
   000065a1     0000adec     0000adea   libc.a : _printfi.c.obj (.text.OUTLINED_FUNCTION_0)
__aeabi_fmul              $Tramp$TT$L$PI$$__aeabi_fmul
   00009065     0000ae58     0000ae54   libc.a : e_asinf.c.obj (.text.OUTLINED_FUNCTION_0)
__aeabi_fdiv              $Tramp$TT$L$PI$$__aeabi_fdiv
   00009281     0000ae70     0000ae6c   libc.a : s_atanf.c.obj (.text.OUTLINED_FUNCTION_0)
__aeabi_dmul              $Tramp$TT$L$PI$$__aeabi_dmul
   00007f2d     0000ae88     0000ae84   libc.a : s_cosf.c.obj (.text.OUTLINED_FUNCTION_0)
                             0000ae9c          : s_sinf.c.obj (.text.OUTLINED_FUNCTION_0)
                             0000aea2          : s_cosf.c.obj (.text.OUTLINED_FUNCTION_1)
                             0000aea8          : s_sinf.c.obj (.text.OUTLINED_FUNCTION_1)
__aeabi_fadd              $Tramp$TT$L$PI$$__aeabi_fadd
   00008467     0000aeb8     0000aeb6   libc.a : s_atanf.c.obj (.text.OUTLINED_FUNCTION_1)
__aeabi_f2d               $Tramp$TT$L$PI$$__aeabi_f2d
   0000a13d     0000aecc     0000aeca   libc.a : s_cosf.c.obj (.text.OUTLINED_FUNCTION_2)
                             0000aede          : s_sinf.c.obj (.text.OUTLINED_FUNCTION_2)

[7 trampolines]
[14 trampoline calls]


GLOBAL SYMBOLS: SORTED ALPHABETICALLY BY Name 

address   name                                    
-------   ----                                    
0000326b  ADC0_IRQHandler                         
0000326b  ADC1_IRQHandler                         
0000326b  AES_IRQHandler                          
0000aeb0  C$$EXIT                                 
0000326b  CANFD0_IRQHandler                       
0000326b  DAC0_IRQHandler                         
0000add9  DL_Common_delayCycles                   
00009ad1  DL_I2C_fillControllerTXFIFO             
0000a971  DL_I2C_setClockConfig                   
00009f6d  DL_SPI_init                             
0000ac79  DL_SPI_setClockConfig                   
00007611  DL_Timer_initCaptureMode                
00007a65  DL_Timer_initFourCCPWMMode              
00007b69  DL_Timer_initTimerMode                  
0000aaa1  DL_Timer_setCaptCompUpdateMethod        
0000ab49  DL_Timer_setCaptureCompareOutCtl        
0000acb1  DL_Timer_setCaptureCompareValue         
0000aabd  DL_Timer_setClockConfig                 
00009f25  DL_UART_init                            
0000ac8b  DL_UART_setClockConfig                  
0000a699  DL_UART_transmitDataBlocking            
0000326b  DMA_IRQHandler                          
0000326b  Default_Handler                         
0000a849  Encoder_Start                           
0000acc1  FusionAhrsGetQuaternion                 
00009be9  FusionAhrsInitialise                    
00006405  FusionAhrsSetHeading                    
00008011  FusionAhrsSetSettings                   
0000326d  FusionAhrsUpdate                        
0000a07d  FusionAhrsUpdateNoMagnetometer          
0000a6c9  FusionOffsetInitialise                  
000080f1  FusionOffsetUpdate                      
00004efd  FusionTasks                             
0000326b  GROUP0_IRQHandler                       
0000326b  GROUP1_IRQHandler                       
0000aeb1  HOSTexit                                
0000326b  HardFault_Handler                       
0000aad9  HeadingControl_GetTelemetry             
00009fb1  HeadingControl_Init                     
00009565  HeadingControl_IsActive                 
0000a6f9  HeadingControl_SetDeadbandDeg           
0000a729  HeadingControl_SetKd                    
0000a875  HeadingControl_SetKp                    
00009ff5  HeadingControl_SetMaxTargetOffset       
00009df1  HeadingControl_Start                    
0000a999  HeadingControl_Stop                     
00006735  HeadingControl_Update20ms               
0000a5c9  HeadingTune_Abort                       
000095e5  HeadingTune_Arm                         
00004a7d  HeadingTune_BeginRun                    
0000ad6d  HeadingTune_GetTarget                   
00009179  HeadingTune_HandleRxByte                
000082ad  HeadingTune_Init                        
0000ad79  HeadingTune_IsActive                    
000000c1  HeadingTune_Process                     
0000555d  HeadingTune_Record20ms                  
00009945  HeadingTune_ReportStartFailure          
0000acd1  HeadingTune_TakeArmRequest              
0000ace1  HeadingTune_TakeRemoteRunRequest        
0000acf1  HeadingTune_TakeStopRequest             
0000326b  I2C0_IRQHandler                         
0000326b  I2C1_IRQHandler                         
00005349  IMU660RB_Init                           
0000aaf5  Key_GetPressedTimeMs                    
00008ec1  Key_Init                                
0000aa05  Key_IsPressed                           
0000ae2f  Key_Update1ms                           
000097a5  Motor_SetSpeed                          
0000aa45  Motor_Stop                              
0000326b  NMI_Handler                             
000047a9  OLED_Init                               
000081d1  OLED_ShowChar                           
00002941  OLED_ShowSignedNum                      
000093fd  OLED_ShowString                         
00006fe9  OLED_WR_Byte                            
0000326b  PendSV_Handler                          
0000326b  RTC_IRQHandler                          
00006245  Read_IMU660RB                           
0000aee1  Reset_Handler                           
0000326b  SPI0_IRQHandler                         
0000326b  SPI1_IRQHandler                         
0000326b  SVC_Handler                             
0000a1bd  SYSCFG_DL_E1_B_init                     
0000a1f9  SYSCFG_DL_E3_B_init                     
00007e45  SYSCFG_DL_GPIO_init                     
00009d49  SYSCFG_DL_I2C_OLED_init                 
00008f4d  SYSCFG_DL_PWM_0_init                    
00008fd9  SYSCFG_DL_PWM_1_init                    
00009e41  SYSCFG_DL_SPI_IMU660RB_init             
0000a759  SYSCFG_DL_SYSCTL_init                   
0000a361  SYSCFG_DL_TIMER_0_init                  
00009655  SYSCFG_DL_UART_0_init                   
00009305  SYSCFG_DL_UART_DIAG_init                
00009b31  SYSCFG_DL_init                          
00008d11  SYSCFG_DL_initPower                     
0000ab61  SpeedControl_GetTelemetry               
000091fd  SpeedControl_Init                       
0000ad85  SpeedControl_IsRunning                  
0000ab11  SpeedControl_SetDifferentialTargetOffset
0000a039  SpeedControl_SetTargets                 
00008da5  SpeedControl_Start                      
000096c5  SpeedControl_Stop                       
000044a1  SpeedControl_Update20ms                 
0000a399  SpeedDiag_Init                          
0000a3d1  SpeedDiag_IsActive                      
00001585  SpeedDiag_Process                       
00006e99  SpeedDiag_Record20ms                    
0000ad11  SysTick_Handler                         
0000a8f9  SysTick_Init                            
000088ad  TIMA0_IRQHandler                        
0000a789  TIMA1_IRQHandler                        
0000a7b9  TIMG0_IRQHandler                        
0000326b  TIMG12_IRQHandler                       
0000326b  TIMG6_IRQHandler                        
0000326b  TIMG7_IRQHandler                        
0000326b  TIMG8_IRQHandler                        
00008955  UART0_IRQHandler                        
0000a8a1  UART1_IRQHandler                        
0000326b  UART2_IRQHandler                        
0000326b  UART3_IRQHandler                        
0000ad91  VehicleYaw_GetBiasDps                   
0000ad9d  VehicleYaw_GetCalibrationSamples        
0000ada9  VehicleYaw_GetHeadingDeg                
0000adb5  VehicleYaw_GetRateDps                   
0000a0bd  VehicleYaw_Init                         
0000adc1  VehicleYaw_IsCalibrated                 
00008535  VehicleYaw_Update5ms                    
20208000  __STACK_END                             
00000200  __STACK_SIZE                            
00000000  __TI_ATRegion0_region_sz                
00000000  __TI_ATRegion0_src_addr                 
00000000  __TI_ATRegion0_trg_addr                 
00000000  __TI_ATRegion1_region_sz                
00000000  __TI_ATRegion1_src_addr                 
00000000  __TI_ATRegion1_trg_addr                 
00000000  __TI_ATRegion2_region_sz                
00000000  __TI_ATRegion2_src_addr                 
00000000  __TI_ATRegion2_trg_addr                 
0000c358  __TI_CINIT_Base                         
0000c368  __TI_CINIT_Limit                        
0000c368  __TI_CINIT_Warm                         
0000c344  __TI_Handler_Table_Base                 
0000c350  __TI_Handler_Table_Limit                
0000a2ad  __TI_auto_init_nobinit_nopinit          
00009381  __TI_decompress_lzss                    
0000ac9d  __TI_decompress_none                    
00009c41  __TI_ltoa                               
ffffffff  __TI_pprof_out_hndl                     
00001f71  __TI_printfi                            
ffffffff  __TI_prof_data_size                     
ffffffff  __TI_prof_data_start                    
00000000  __TI_static_base__                      
0000ad31  __TI_zero_init                          
000065ab  __adddf3                                
00008467  __addsf3                                
0000b810  __aeabi_ctype_table_                    
0000b810  __aeabi_ctype_table_C                   
00009571  __aeabi_d2f                             
00009ed9  __aeabi_d2iz                            
000065ab  __aeabi_dadd                            
000099a9  __aeabi_dcmpeq                          
000099e5  __aeabi_dcmpge                          
000099f9  __aeabi_dcmpgt                          
000099d1  __aeabi_dcmple                          
000099bd  __aeabi_dcmplt                          
00007959  __aeabi_ddiv                            
00007f2d  __aeabi_dmul                            
000065a1  __aeabi_dsub                            
20203fc4  __aeabi_errno                           
0000ae39  __aeabi_errno_addr                      
0000a13d  __aeabi_f2d                             
0000a409  __aeabi_f2iz                            
0000a665  __aeabi_f2uiz                           
00008467  __aeabi_fadd                            
00009a0d  __aeabi_fcmpeq                          
00009a49  __aeabi_fcmpge                          
00009a5d  __aeabi_fcmpgt                          
00009a35  __aeabi_fcmple                          
00009a21  __aeabi_fcmplt                          
00009281  __aeabi_fdiv                            
00009065  __aeabi_fmul                            
0000845d  __aeabi_fsub                            
0000a8cd  __aeabi_i2d                             
0000a235  __aeabi_i2f                             
00009cf1  __aeabi_idiv                            
00006733  __aeabi_idiv0                           
00009cf1  __aeabi_idivmod                         
000088ab  __aeabi_ldiv0                           
0000aa65  __aeabi_llsl                            
0000a9bd  __aeabi_lmul                            
0000adcd  __aeabi_memclr                          
0000adcd  __aeabi_memclr4                         
0000adcd  __aeabi_memclr8                         
0000ae41  __aeabi_memcpy                          
0000ae41  __aeabi_memcpy4                         
0000ae41  __aeabi_memcpy8                         
0000ad41  __aeabi_memset                          
0000ad41  __aeabi_memset4                         
0000ad41  __aeabi_memset8                         
0000a921  __aeabi_ui2f                            
0000a0fd  __aeabi_uidiv                           
0000a0fd  __aeabi_uidivmod                        
0000ac01  __aeabi_uldivmod                        
0000aa65  __ashldi3                               
ffffffff  __binit__                               
0000980d  __cmpdf2                                
0000a2e9  __cmpsf2                                
00007959  __divdf3                                
00009281  __divsf3                                
0000980d  __eqdf2                                 
0000a2e9  __eqsf2                                 
0000a13d  __extendsfdf2                           
00009ed9  __fixdfsi                               
0000a409  __fixsfsi                               
0000a665  __fixunssfsi                            
0000a8cd  __floatsidf                             
0000a235  __floatsisf                             
0000a921  __floatunsisf                           
000094f1  __gedf2                                 
0000a271  __gesf2                                 
000094f1  __gtdf2                                 
0000a271  __gtsf2                                 
00003b21  __kernel_rem_pio2                       
0000980d  __ledf2                                 
0000a2e9  __lesf2                                 
0000980d  __ltdf2                                 
0000a2e9  __ltsf2                                 
UNDEFED   __mpu_init                              
00007f2d  __muldf3                                
0000a9bd  __muldi3                                
0000a325  __muldsi3                               
00009065  __mulsf3                                
0000980d  __nedf2                                 
0000a2e9  __nesf2                                 
20207e00  __stack                                 
20200000  __start___llvm_prf_bits                 
20200000  __start___llvm_prf_cnts                 
20200000  __stop___llvm_prf_bits                  
20200000  __stop___llvm_prf_cnts                  
000065a1  __subdf3                                
0000845d  __subsf3                                
00009571  __truncdfsf2                            
000089f9  __udivmoddi4                            
0000a949  _c_int00_noargs                         
UNDEFED   _system_post_cinit                      
0000aee5  _system_pre_init                        
0000aeab  abort                                   
20203e24  acceleration_mg                         
20203cb0  ahrs                                    
20203e30  angular_rate_mdps                       
00006d39  asinf                                   
0000772d  atan2f                                  
00005eb5  atanf                                   
0000a17d  atoi                                    
ffffffff  binit                                   
00005b11  cosf                                    
000090f1  encoder_task                            
20203e3c  euler                                   
00007135  floor                                   
00007135  floorl                                  
00009b8d  frexp                                   
00009b8d  frexpl                                  
20203fda  gDataReceived                           
20203a98  gE3_BBackup                             
20203f7c  gEncMotor1                              
20203fa0  gEncMotor3                              
20203efc  gMotor                                  
20203c10  gPWM_1Backup                            
20203fdb  gRxByte                                 
20203d8c  gSPI_IMU660RBBackup                     
20203b54  gTIMER_0Backup                          
00000000  interruptVectors                        
00008385  ldexp                                   
00008385  ldexpl                                  
0000a5fd  lsm6dsr_angular_rate_raw_get            
0000a441  lsm6dsr_block_data_update_set           
0000a591  lsm6dsr_data_ready_mode_set             
0000ad4f  lsm6dsr_device_id_get                   
0000ac15  lsm6dsr_from_fs2000dps_to_mdps          
0000ac29  lsm6dsr_from_fs2g_to_mg                 
00009735  lsm6dsr_fsm_data_rate_get               
00009477  lsm6dsr_fsm_enable_get                  
00007c65  lsm6dsr_gy_data_rate_set                
0000a479  lsm6dsr_gy_filter_lp1_set               
0000ab2d  lsm6dsr_gy_flag_data_ready_get          
0000a4b1  lsm6dsr_gy_full_scale_set               
00009875  lsm6dsr_i3c_disable_set                 
0000aba9  lsm6dsr_odr_cal_reg_get                 
00008801  lsm6dsr_pin_int1_route_get              
00005ce5  lsm6dsr_pin_int1_route_set              
0000ac3d  lsm6dsr_read_reg                        
0000aa83  lsm6dsr_reset_get                       
0000a4e9  lsm6dsr_reset_set                       
0000ac51  lsm6dsr_write_reg                       
00007d55  lsm6dsr_xl_data_rate_set                
0000a521  lsm6dsr_xl_full_scale_set               
00004165  main                                    
0000a9e1  memccpy                                 
0000aa25  memcmp                                  
00008c75  memcpy                                  
00009a6f  memset                                  
0000a631  mspm0_delay_ms                          
0000abc1  mspm0_get_clock_ms                      
00008385  scalbn                                  
00008385  scalbnl                                 
0000607d  sinf                                    
00009e8d  snprintf                                
0000a559  sprintf                                 
00006bc9  sqrt                                    
00006bc9  sqrtl                                   
20203eb8  start_time                              
20203ebc  tick_ms                                 
0000ad21  wcslen                                  


GLOBAL SYMBOLS: SORTED BY Symbol Address 

address   name                                    
-------   ----                                    
00000000  __TI_ATRegion0_region_sz                
00000000  __TI_ATRegion0_src_addr                 
00000000  __TI_ATRegion0_trg_addr                 
00000000  __TI_ATRegion1_region_sz                
00000000  __TI_ATRegion1_src_addr                 
00000000  __TI_ATRegion1_trg_addr                 
00000000  __TI_ATRegion2_region_sz                
00000000  __TI_ATRegion2_src_addr                 
00000000  __TI_ATRegion2_trg_addr                 
00000000  __TI_static_base__                      
00000000  interruptVectors                        
000000c1  HeadingTune_Process                     
00000200  __STACK_SIZE                            
00001585  SpeedDiag_Process                       
00001f71  __TI_printfi                            
00002941  OLED_ShowSignedNum                      
0000326b  ADC0_IRQHandler                         
0000326b  ADC1_IRQHandler                         
0000326b  AES_IRQHandler                          
0000326b  CANFD0_IRQHandler                       
0000326b  DAC0_IRQHandler                         
0000326b  DMA_IRQHandler                          
0000326b  Default_Handler                         
0000326b  GROUP0_IRQHandler                       
0000326b  GROUP1_IRQHandler                       
0000326b  HardFault_Handler                       
0000326b  I2C0_IRQHandler                         
0000326b  I2C1_IRQHandler                         
0000326b  NMI_Handler                             
0000326b  PendSV_Handler                          
0000326b  RTC_IRQHandler                          
0000326b  SPI0_IRQHandler                         
0000326b  SPI1_IRQHandler                         
0000326b  SVC_Handler                             
0000326b  TIMG12_IRQHandler                       
0000326b  TIMG6_IRQHandler                        
0000326b  TIMG7_IRQHandler                        
0000326b  TIMG8_IRQHandler                        
0000326b  UART2_IRQHandler                        
0000326b  UART3_IRQHandler                        
0000326d  FusionAhrsUpdate                        
00003b21  __kernel_rem_pio2                       
00004165  main                                    
000044a1  SpeedControl_Update20ms                 
000047a9  OLED_Init                               
00004a7d  HeadingTune_BeginRun                    
00004efd  FusionTasks                             
00005349  IMU660RB_Init                           
0000555d  HeadingTune_Record20ms                  
00005b11  cosf                                    
00005ce5  lsm6dsr_pin_int1_route_set              
00005eb5  atanf                                   
0000607d  sinf                                    
00006245  Read_IMU660RB                           
00006405  FusionAhrsSetHeading                    
000065a1  __aeabi_dsub                            
000065a1  __subdf3                                
000065ab  __adddf3                                
000065ab  __aeabi_dadd                            
00006733  __aeabi_idiv0                           
00006735  HeadingControl_Update20ms               
00006bc9  sqrt                                    
00006bc9  sqrtl                                   
00006d39  asinf                                   
00006e99  SpeedDiag_Record20ms                    
00006fe9  OLED_WR_Byte                            
00007135  floor                                   
00007135  floorl                                  
00007611  DL_Timer_initCaptureMode                
0000772d  atan2f                                  
00007959  __aeabi_ddiv                            
00007959  __divdf3                                
00007a65  DL_Timer_initFourCCPWMMode              
00007b69  DL_Timer_initTimerMode                  
00007c65  lsm6dsr_gy_data_rate_set                
00007d55  lsm6dsr_xl_data_rate_set                
00007e45  SYSCFG_DL_GPIO_init                     
00007f2d  __aeabi_dmul                            
00007f2d  __muldf3                                
00008011  FusionAhrsSetSettings                   
000080f1  FusionOffsetUpdate                      
000081d1  OLED_ShowChar                           
000082ad  HeadingTune_Init                        
00008385  ldexp                                   
00008385  ldexpl                                  
00008385  scalbn                                  
00008385  scalbnl                                 
0000845d  __aeabi_fsub                            
0000845d  __subsf3                                
00008467  __addsf3                                
00008467  __aeabi_fadd                            
00008535  VehicleYaw_Update5ms                    
00008801  lsm6dsr_pin_int1_route_get              
000088ab  __aeabi_ldiv0                           
000088ad  TIMA0_IRQHandler                        
00008955  UART0_IRQHandler                        
000089f9  __udivmoddi4                            
00008c75  memcpy                                  
00008d11  SYSCFG_DL_initPower                     
00008da5  SpeedControl_Start                      
00008ec1  Key_Init                                
00008f4d  SYSCFG_DL_PWM_0_init                    
00008fd9  SYSCFG_DL_PWM_1_init                    
00009065  __aeabi_fmul                            
00009065  __mulsf3                                
000090f1  encoder_task                            
00009179  HeadingTune_HandleRxByte                
000091fd  SpeedControl_Init                       
00009281  __aeabi_fdiv                            
00009281  __divsf3                                
00009305  SYSCFG_DL_UART_DIAG_init                
00009381  __TI_decompress_lzss                    
000093fd  OLED_ShowString                         
00009477  lsm6dsr_fsm_enable_get                  
000094f1  __gedf2                                 
000094f1  __gtdf2                                 
00009565  HeadingControl_IsActive                 
00009571  __aeabi_d2f                             
00009571  __truncdfsf2                            
000095e5  HeadingTune_Arm                         
00009655  SYSCFG_DL_UART_0_init                   
000096c5  SpeedControl_Stop                       
00009735  lsm6dsr_fsm_data_rate_get               
000097a5  Motor_SetSpeed                          
0000980d  __cmpdf2                                
0000980d  __eqdf2                                 
0000980d  __ledf2                                 
0000980d  __ltdf2                                 
0000980d  __nedf2                                 
00009875  lsm6dsr_i3c_disable_set                 
00009945  HeadingTune_ReportStartFailure          
000099a9  __aeabi_dcmpeq                          
000099bd  __aeabi_dcmplt                          
000099d1  __aeabi_dcmple                          
000099e5  __aeabi_dcmpge                          
000099f9  __aeabi_dcmpgt                          
00009a0d  __aeabi_fcmpeq                          
00009a21  __aeabi_fcmplt                          
00009a35  __aeabi_fcmple                          
00009a49  __aeabi_fcmpge                          
00009a5d  __aeabi_fcmpgt                          
00009a6f  memset                                  
00009ad1  DL_I2C_fillControllerTXFIFO             
00009b31  SYSCFG_DL_init                          
00009b8d  frexp                                   
00009b8d  frexpl                                  
00009be9  FusionAhrsInitialise                    
00009c41  __TI_ltoa                               
00009cf1  __aeabi_idiv                            
00009cf1  __aeabi_idivmod                         
00009d49  SYSCFG_DL_I2C_OLED_init                 
00009df1  HeadingControl_Start                    
00009e41  SYSCFG_DL_SPI_IMU660RB_init             
00009e8d  snprintf                                
00009ed9  __aeabi_d2iz                            
00009ed9  __fixdfsi                               
00009f25  DL_UART_init                            
00009f6d  DL_SPI_init                             
00009fb1  HeadingControl_Init                     
00009ff5  HeadingControl_SetMaxTargetOffset       
0000a039  SpeedControl_SetTargets                 
0000a07d  FusionAhrsUpdateNoMagnetometer          
0000a0bd  VehicleYaw_Init                         
0000a0fd  __aeabi_uidiv                           
0000a0fd  __aeabi_uidivmod                        
0000a13d  __aeabi_f2d                             
0000a13d  __extendsfdf2                           
0000a17d  atoi                                    
0000a1bd  SYSCFG_DL_E1_B_init                     
0000a1f9  SYSCFG_DL_E3_B_init                     
0000a235  __aeabi_i2f                             
0000a235  __floatsisf                             
0000a271  __gesf2                                 
0000a271  __gtsf2                                 
0000a2ad  __TI_auto_init_nobinit_nopinit          
0000a2e9  __cmpsf2                                
0000a2e9  __eqsf2                                 
0000a2e9  __lesf2                                 
0000a2e9  __ltsf2                                 
0000a2e9  __nesf2                                 
0000a325  __muldsi3                               
0000a361  SYSCFG_DL_TIMER_0_init                  
0000a399  SpeedDiag_Init                          
0000a3d1  SpeedDiag_IsActive                      
0000a409  __aeabi_f2iz                            
0000a409  __fixsfsi                               
0000a441  lsm6dsr_block_data_update_set           
0000a479  lsm6dsr_gy_filter_lp1_set               
0000a4b1  lsm6dsr_gy_full_scale_set               
0000a4e9  lsm6dsr_reset_set                       
0000a521  lsm6dsr_xl_full_scale_set               
0000a559  sprintf                                 
0000a591  lsm6dsr_data_ready_mode_set             
0000a5c9  HeadingTune_Abort                       
0000a5fd  lsm6dsr_angular_rate_raw_get            
0000a631  mspm0_delay_ms                          
0000a665  __aeabi_f2uiz                           
0000a665  __fixunssfsi                            
0000a699  DL_UART_transmitDataBlocking            
0000a6c9  FusionOffsetInitialise                  
0000a6f9  HeadingControl_SetDeadbandDeg           
0000a729  HeadingControl_SetKd                    
0000a759  SYSCFG_DL_SYSCTL_init                   
0000a789  TIMA1_IRQHandler                        
0000a7b9  TIMG0_IRQHandler                        
0000a849  Encoder_Start                           
0000a875  HeadingControl_SetKp                    
0000a8a1  UART1_IRQHandler                        
0000a8cd  __aeabi_i2d                             
0000a8cd  __floatsidf                             
0000a8f9  SysTick_Init                            
0000a921  __aeabi_ui2f                            
0000a921  __floatunsisf                           
0000a949  _c_int00_noargs                         
0000a971  DL_I2C_setClockConfig                   
0000a999  HeadingControl_Stop                     
0000a9bd  __aeabi_lmul                            
0000a9bd  __muldi3                                
0000a9e1  memccpy                                 
0000aa05  Key_IsPressed                           
0000aa25  memcmp                                  
0000aa45  Motor_Stop                              
0000aa65  __aeabi_llsl                            
0000aa65  __ashldi3                               
0000aa83  lsm6dsr_reset_get                       
0000aaa1  DL_Timer_setCaptCompUpdateMethod        
0000aabd  DL_Timer_setClockConfig                 
0000aad9  HeadingControl_GetTelemetry             
0000aaf5  Key_GetPressedTimeMs                    
0000ab11  SpeedControl_SetDifferentialTargetOffset
0000ab2d  lsm6dsr_gy_flag_data_ready_get          
0000ab49  DL_Timer_setCaptureCompareOutCtl        
0000ab61  SpeedControl_GetTelemetry               
0000aba9  lsm6dsr_odr_cal_reg_get                 
0000abc1  mspm0_get_clock_ms                      
0000ac01  __aeabi_uldivmod                        
0000ac15  lsm6dsr_from_fs2000dps_to_mdps          
0000ac29  lsm6dsr_from_fs2g_to_mg                 
0000ac3d  lsm6dsr_read_reg                        
0000ac51  lsm6dsr_write_reg                       
0000ac79  DL_SPI_setClockConfig                   
0000ac8b  DL_UART_setClockConfig                  
0000ac9d  __TI_decompress_none                    
0000acb1  DL_Timer_setCaptureCompareValue         
0000acc1  FusionAhrsGetQuaternion                 
0000acd1  HeadingTune_TakeArmRequest              
0000ace1  HeadingTune_TakeRemoteRunRequest        
0000acf1  HeadingTune_TakeStopRequest             
0000ad11  SysTick_Handler                         
0000ad21  wcslen                                  
0000ad31  __TI_zero_init                          
0000ad41  __aeabi_memset                          
0000ad41  __aeabi_memset4                         
0000ad41  __aeabi_memset8                         
0000ad4f  lsm6dsr_device_id_get                   
0000ad6d  HeadingTune_GetTarget                   
0000ad79  HeadingTune_IsActive                    
0000ad85  SpeedControl_IsRunning                  
0000ad91  VehicleYaw_GetBiasDps                   
0000ad9d  VehicleYaw_GetCalibrationSamples        
0000ada9  VehicleYaw_GetHeadingDeg                
0000adb5  VehicleYaw_GetRateDps                   
0000adc1  VehicleYaw_IsCalibrated                 
0000adcd  __aeabi_memclr                          
0000adcd  __aeabi_memclr4                         
0000adcd  __aeabi_memclr8                         
0000add9  DL_Common_delayCycles                   
0000ae2f  Key_Update1ms                           
0000ae39  __aeabi_errno_addr                      
0000ae41  __aeabi_memcpy                          
0000ae41  __aeabi_memcpy4                         
0000ae41  __aeabi_memcpy8                         
0000aeab  abort                                   
0000aeb0  C$$EXIT                                 
0000aeb1  HOSTexit                                
0000aee1  Reset_Handler                           
0000aee5  _system_pre_init                        
0000b810  __aeabi_ctype_table_                    
0000b810  __aeabi_ctype_table_C                   
0000c344  __TI_Handler_Table_Base                 
0000c350  __TI_Handler_Table_Limit                
0000c358  __TI_CINIT_Base                         
0000c368  __TI_CINIT_Limit                        
0000c368  __TI_CINIT_Warm                         
20200000  __start___llvm_prf_bits                 
20200000  __start___llvm_prf_cnts                 
20200000  __stop___llvm_prf_bits                  
20200000  __stop___llvm_prf_cnts                  
20203a98  gE3_BBackup                             
20203b54  gTIMER_0Backup                          
20203c10  gPWM_1Backup                            
20203cb0  ahrs                                    
20203d8c  gSPI_IMU660RBBackup                     
20203e24  acceleration_mg                         
20203e30  angular_rate_mdps                       
20203e3c  euler                                   
20203eb8  start_time                              
20203ebc  tick_ms                                 
20203efc  gMotor                                  
20203f7c  gEncMotor1                              
20203fa0  gEncMotor3                              
20203fc4  __aeabi_errno                           
20203fda  gDataReceived                           
20203fdb  gRxByte                                 
20207e00  __stack                                 
20208000  __STACK_END                             
ffffffff  __TI_pprof_out_hndl                     
ffffffff  __TI_prof_data_size                     
ffffffff  __TI_prof_data_start                    
ffffffff  __binit__                               
ffffffff  binit                                   
UNDEFED   __mpu_init                              
UNDEFED   _system_post_cinit                      

[313 symbols]
