******************************************************************************
            TI ARM Clang Linker PC v4.0.4                      
******************************************************************************
>> Linked Fri Jul 17 16:14:15 2026

OUTPUT FILE NAME:   <gpio_toggle_output_LP_MSPM0G3507_nortos_ticlang.out>
ENTRY POINT SYMBOL: "_c_int00_noargs"  address: 0000ba09


MEMORY CONFIGURATION

         name            origin    length      used     unused   attr    fill
----------------------  --------  ---------  --------  --------  ----  --------
  FLASH                 00000000   00020000  0000d360  00012ca0  R  X
  SRAM                  20200000   00008000  00003860  000047a0  RW X
  BCR_CONFIG            41c00000   000000ff  00000000  000000ff  R   
  BSL_CONFIG            41c00100   00000080  00000000  00000080  R   


SEGMENT ALLOCATION MAP

run origin  load origin   length   init length attrs members
----------  ----------- ---------- ----------- ----- -------
00000000    00000000    0000d360   0000d360    r-x
  00000000    00000000    000000c0   000000c0    r-- .intvecs
  000000c0    000000c0    0000be00   0000be00    r-x .text
  0000bec0    0000bec0    00001420   00001420    r-- .rodata
  0000d2e0    0000d2e0    00000080   00000080    r-- .cinit
20200000    20200000    00003662   00000000    rw-
  20200000    20200000    00003596   00000000    rw- .bss
  20203598    20203598    000000ca   00000000    rw- .data
20207e00    20207e00    00000200   00000000    rw-
  20207e00    20207e00    00000200   00000000    rw- .stack


SECTION ALLOCATION MAP

 output                                  attributes/
section   page    origin      length       input sections
--------  ----  ----------  ----------   ----------------
.intvecs   0    00000000    000000c0     
                  00000000    000000c0     startup_mspm0g350x_ticlang.o (.intvecs)

.text      0    000000c0    0000be00     
                  000000c0    000020bc     road_test.o (.text.RoadTest_Update)
                  0000217c    000009d0     libc.a : _printfi.c.obj (.text:__TI_printfi)
                  00002b4c    0000092a     oled_hardware_i2c.o (.text.OLED_ShowSignedNum)
                  00003476    00000002     startup_mspm0g350x_ticlang.o (.text.Default_Handler)
                  00003478    000008b4     FusionAhrs.o (.text.FusionAhrsUpdate)
                  00003d2c    000006a8     speed_control.o (.text.SpeedControl_ProcessCommand)
                  000043d4    00000644     libc.a : k_rem_pio2.c.obj (.text.__kernel_rem_pio2)
                  00004a18    00000490     oled_hardware_i2c.o (.text.OLED_ShowNum)
                  00004ea8    0000038c     road_test.o (.text.RoadTest_ProcessCommand)
                  00005234    00000360     libc.a : strtof.c.obj (.text.strtof)
                  00005594    000002d4     oled_hardware_i2c.o (.text.OLED_Init)
                  00005868    000002c8     road_test.o (.text.RoadTest_DumpAllToVofa)
                  00005b30    00000298     gpio_toggle_output.o (.text.main)
                  00005dc8    0000028c     road_test.o (.text.RoadTest_DumpToVofa)
                  00006054    0000023c     key.o (.text.Key_Service)
                  00006290    0000022c     imu660rb.o (.text.FusionTasks)
                  000064bc    00000220     libc.a : _printfi.c.obj (.text._pconv_a)
                  000066dc    00000214     imu660rb.o (.text.IMU660RB_Init)
                  000068f0    000001dc     libc.a : _printfi.c.obj (.text._pconv_g)
                  00006acc    000001d4            : s_cosf.c.obj (.text.cosf)
                  00006ca0    000001d0     lsm6dsr_reg.o (.text.lsm6dsr_pin_int1_route_set)
                  00006e70    000001c8     speed_control.o (.text.SpeedControl_Update20ms)
                  00007038    000001c8     libc.a : s_atanf.c.obj (.text.atanf)
                  00007200    000001c8            : s_sinf.c.obj (.text.sinf)
                  000073c8    000001c0     imu660rb.o (.text.Read_IMU660RB)
                  00007588    0000019c     FusionAhrs.o (.text.FusionAhrsSetHeading)
                  00007724    00000192     libclang_rt.builtins.a : adddf3.S.obj (.text.adddf3_subdf3)
                  000078b6    00000002                            : aeabi_div0.c.obj (.text.__aeabi_idiv0)
                  000078b8    00000188     imu660rb.o (.text.platform_read)
                  00007a40    00000180     imu660rb.o (.text.platform_write)
                  00007bc0    00000170     libc.a : e_sqrt.c.obj (.text.sqrt)
                  00007d30    00000160            : e_asinf.c.obj (.text.asinf)
                  00007e90    00000156     speed_control.o (.text.SpeedPid_Update)
                  00007fe6    00000002     libclang_rt.builtins.a : aeabi_div0.c.obj (.text.__aeabi_ldiv0)
                  00007fe8    0000014c     oled_hardware_i2c.o (.text.OLED_WR_Byte)
                  00008134    00000144     oled_hardware_i2c.o (.text.OLED_Clear)
                  00008278    00000144     libc.a : s_floor.c.obj (.text.floor)
                  000083bc    00000144            : strtol.c.obj (.text.strtol)
                  00008500    0000013c     FusionAhrs.o (.text.Feedback)
                  0000863c    0000013c     libc.a : _printfi.c.obj (.text.fcvt)
                  00008778    00000120            : _printfi.c.obj (.text._pconv_e)
                  00008898    0000011c     driverlib.a : dl_timer.o (.text.DL_Timer_initCaptureMode)
                  000089b4    00000118     road_test.o (.text.RoadTest_Record20ms)
                  00008acc    00000118     libc.a : e_atan2f.c.obj (.text.atan2f)
                  00008be4    0000010c     libclang_rt.builtins.a : divdf3.S.obj (.text.__divdf3)
                  00008cf0    00000104     driverlib.a : dl_timer.o (.text.DL_Timer_initFourCCPWMMode)
                  00008df4    000000fc                 : dl_timer.o (.text.DL_Timer_initTimerMode)
                  00008ef0    000000f8     road_test.o (.text.RoadTest_Init)
                  00008fe8    000000f0     speed_control.o (.text.SpeedControl_ParseFloat)
                  000090d8    000000f0     speed_control.o (.text.SpeedControl_ParseLong)
                  000091c8    000000f0     lsm6dsr_reg.o (.text.lsm6dsr_gy_data_rate_set)
                  000092b8    000000f0     lsm6dsr_reg.o (.text.lsm6dsr_xl_data_rate_set)
                  000093a8    000000e8     ti_msp_dl_config.o (.text.SYSCFG_DL_GPIO_init)
                  00009490    000000e4     libclang_rt.builtins.a : muldf3.S.obj (.text.__muldf3)
                  00009574    000000e0     FusionAhrs.o (.text.FusionAhrsSetSettings)
                  00009654    000000e0     FusionOffset.o (.text.FusionOffsetUpdate)
                  00009734    000000dc     oled_hardware_i2c.o (.text.OLED_ShowChar)
                  00009810    000000dc     vofa.o (.text.VOFA_ReadCommand)
                  000098ec    000000d8     libc.a : s_scalbn.c.obj (.text.scalbn)
                  000099c4    000000d8     libclang_rt.builtins.a : addsf3.S.obj (.text)
                  00009a9c    000000cc     speed_control.o (.text.SpeedControl_Init)
                  00009b68    000000b0     libc.a : s_scalbnf.c.obj (.text.scalbnf)
                  00009c18    000000ac            : s_cosf.c.obj (.text.__kernel_sindf)
                  00009cc4    000000ac            : s_sinf.c.obj (.text.__kernel_sindf)
                  00009d70    000000aa     lsm6dsr_reg.o (.text.lsm6dsr_pin_int1_route_get)
                  00009e1a    00000002     --HOLE-- [fill = 0]
                  00009e1c    000000a2     libclang_rt.builtins.a : udivmoddi4.S.obj (.text)
                  00009ebe    00000002     --HOLE-- [fill = 0]
                  00009ec0    0000009c     libc.a : s_cosf.c.obj (.text.__kernel_cosdf)
                  00009f5c    0000009c            : s_sinf.c.obj (.text.__kernel_cosdf)
                  00009ff8    0000009a            : memcpy16.S.obj (.text:memcpy)
                  0000a092    00000002     --HOLE-- [fill = 0]
                  0000a094    00000094     ti_msp_dl_config.o (.text.SYSCFG_DL_initPower)
                  0000a128    00000094     gpio_toggle_output.o (.text.TIMA0_IRQHandler)
                  0000a1bc    0000008c     key.o (.text.Key_Init)
                  0000a248    0000008c     ti_msp_dl_config.o (.text.SYSCFG_DL_PWM_0_init)
                  0000a2d4    0000008c     ti_msp_dl_config.o (.text.SYSCFG_DL_PWM_1_init)
                  0000a360    0000008c     libclang_rt.builtins.a : mulsf3.S.obj (.text.__mulsf3)
                  0000a3ec    00000004     libsysbm.a : hostexit.c.obj (.text.HOSTexit)
                  0000a3f0    00000088     libc.a : strcmp-armv6m.S.obj (.text:strcmp)
                  0000a478    00000082     libclang_rt.builtins.a : divsf3.S.obj (.text.__divsf3)
                  0000a4fa    00000002     --HOLE-- [fill = 0]
                  0000a4fc    00000080     vofa.o (.text.VOFA_Update)
                  0000a57c    0000007c     ti_msp_dl_config.o (.text.SYSCFG_DL_UART_VOFA_init)
                  0000a5f8    0000007c     libc.a : copy_decompress_lzss.c.obj (.text:decompress:lzss)
                  0000a674    0000007a     oled_hardware_i2c.o (.text.OLED_ShowString)
                  0000a6ee    0000007a     lsm6dsr_reg.o (.text.lsm6dsr_fsm_enable_get)
                  0000a768    00000074     libclang_rt.builtins.a : comparedf2.c.obj (.text.__gedf2)
                  0000a7dc    00000004     libc.a : pre_init.c.obj (.text._system_pre_init)
                  0000a7e0    00000074     libclang_rt.builtins.a : truncdfsf2.S.obj (.text.__truncdfsf2)
                  0000a854    00000070     ti_msp_dl_config.o (.text.SYSCFG_DL_UART_0_init)
                  0000a8c4    00000070     vofa.o (.text.UART0_IRQHandler)
                  0000a934    0000006e     lsm6dsr_reg.o (.text.lsm6dsr_fsm_data_rate_get)
                  0000a9a2    00000002     --HOLE-- [fill = 0]
                  0000a9a4    0000006c     speed_control.o (.text.SpeedControl_GetStatus)
                  0000aa10    00000068     motor.o (.text.Motor_SetSpeed)
                  0000aa78    00000068     libclang_rt.builtins.a : comparedf2.c.obj (.text.__ledf2)
                  0000aae0    00000068     lsm6dsr_reg.o (.text.lsm6dsr_i3c_disable_set)
                  0000ab48    00000066     libc.a : _printfi.c.obj (.text._mcpy)
                  0000abae    00000002     --HOLE-- [fill = 0]
                  0000abb0    00000064     vofa.o (.text.VOFA_Init)
                  0000ac14    00000062     libclang_rt.builtins.a : aeabi_dcmp.S.obj (.text.__aeabi_dcmp)
                  0000ac76    00000002     --HOLE-- [fill = 0]
                  0000ac78    00000062                            : aeabi_fcmp.S.obj (.text.__aeabi_fcmp)
                  0000acda    00000062     libc.a : memset16.S.obj (.text:memset)
                  0000ad3c    0000005e     driverlib.a : dl_i2c.o (.text.DL_I2C_fillControllerTXFIFO)
                  0000ad9a    00000002     --HOLE-- [fill = 0]
                  0000ad9c    0000005c     ti_msp_dl_config.o (.text.SYSCFG_DL_init)
                  0000adf8    0000005c     libc.a : s_frexp.c.obj (.text.frexp)
                  0000ae54    00000058     FusionAhrs.o (.text.FusionAhrsInitialise)
                  0000aeac    00000058     speed_control.o (.text.SpeedControl_StopOutputs)
                  0000af04    00000058     libc.a : _ltoa.c.obj (.text.__TI_ltoa)
                  0000af5c    00000058            : _printfi.c.obj (.text._pconv_f)
                  0000afb4    00000056     libclang_rt.builtins.a : aeabi_idivmod.S.obj (.text.__aeabi_idivmod)
                  0000b00a    00000002     --HOLE-- [fill = 0]
                  0000b00c    00000054     ti_msp_dl_config.o (.text.SYSCFG_DL_I2C_OLED_init)
                  0000b060    00000052     libc.a : _printfi.c.obj (.text._ecpy)
                  0000b0b2    00000002     --HOLE-- [fill = 0]
                  0000b0b4    0000004c     ti_msp_dl_config.o (.text.SYSCFG_DL_SPI_IMU660RB_init)
                  0000b100    0000004c     libc.a : snprintf.c.obj (.text.snprintf)
                  0000b14c    0000004a     libclang_rt.builtins.a : fixdfsi.S.obj (.text.__fixdfsi)
                  0000b196    00000002     --HOLE-- [fill = 0]
                  0000b198    00000048     driverlib.a : dl_uart.o (.text.DL_UART_init)
                  0000b1e0    00000044                 : dl_spi.o (.text.DL_SPI_init)
                  0000b224    00000044     vofa.o (.text.VOFA_SendMessage)
                  0000b268    00000040     FusionAhrs.o (.text.FusionAhrsUpdateNoMagnetometer)
                  0000b2a8    00000040     libclang_rt.builtins.a : aeabi_uidivmod.S.obj (.text.__aeabi_uidivmod)
                  0000b2e8    00000040                            : extendsfdf2.S.obj (.text.__extendsfdf2)
                  0000b328    00000040     libc.a : atoi.c.obj (.text.atoi)
                  0000b368    0000003c     ti_msp_dl_config.o (.text.SYSCFG_DL_E1_B_init)
                  0000b3a4    0000003c     ti_msp_dl_config.o (.text.SYSCFG_DL_E3_B_init)
                  0000b3e0    0000003c     libclang_rt.builtins.a : floatsisf.S.obj (.text.__floatsisf)
                  0000b41c    0000003c                            : comparesf2.S.obj (.text.__gtsf2)
                  0000b458    0000003c     encoder.o (.text.encoder_task)
                  0000b494    0000003c     libc.a : autoinit.c.obj (.text:__TI_auto_init_nobinit_nopinit)
                  0000b4d0    0000003a     libclang_rt.builtins.a : comparesf2.S.obj (.text.__eqsf2)
                  0000b50a    00000002     --HOLE-- [fill = 0]
                  0000b50c    0000003a                            : muldsi3.S.obj (.text.__muldsi3)
                  0000b546    00000002     --HOLE-- [fill = 0]
                  0000b548    00000038     ti_msp_dl_config.o (.text.SYSCFG_DL_TIMER_0_init)
                  0000b580    00000038     libclang_rt.builtins.a : fixsfsi.S.obj (.text.__fixsfsi)
                  0000b5b8    00000038     lsm6dsr_reg.o (.text.lsm6dsr_block_data_update_set)
                  0000b5f0    00000038     lsm6dsr_reg.o (.text.lsm6dsr_gy_filter_lp1_set)
                  0000b628    00000038     lsm6dsr_reg.o (.text.lsm6dsr_gy_full_scale_set)
                  0000b660    00000038     lsm6dsr_reg.o (.text.lsm6dsr_reset_set)
                  0000b698    00000038     lsm6dsr_reg.o (.text.lsm6dsr_xl_full_scale_set)
                  0000b6d0    00000038     libc.a : sprintf.c.obj (.text.sprintf)
                  0000b708    00000036     lsm6dsr_reg.o (.text.lsm6dsr_data_ready_mode_set)
                  0000b73e    00000002     --HOLE-- [fill = 0]
                  0000b740    00000034     encoder.o (.text.TIMA1_IRQHandler)
                  0000b774    00000034     encoder.o (.text.TIMG0_IRQHandler)
                  0000b7a8    00000034     lsm6dsr_reg.o (.text.lsm6dsr_angular_rate_raw_get)
                  0000b7dc    00000034     clock.o (.text.mspm0_delay_ms)
                  0000b810    00000032     libclang_rt.builtins.a : fixunssfsi.S.obj (.text.__fixunssfsi)
                  0000b842    00000002     --HOLE-- [fill = 0]
                  0000b844    00000030     driverlib.a : dl_uart.o (.text.DL_UART_transmitDataBlocking)
                  0000b874    00000030     FusionOffset.o (.text.FusionOffsetInitialise)
                  0000b8a4    00000030     ti_msp_dl_config.o (.text.SYSCFG_DL_SYSCTL_init)
                  0000b8d4    00000030     libc.a : _printfi.c.obj (.text._fcpy)
                  0000b904    00000030            : snprintf.c.obj (.text._outs)
                  0000b934    0000002c     encoder.o (.text.Encoder_Start)
                  0000b960    0000002c     gpio_toggle_output.o (.text.UART1_IRQHandler)
                  0000b98c    0000002c     libclang_rt.builtins.a : floatsidf.S.obj (.text.__floatsidf)
                  0000b9b8    00000028     clock.o (.text.SysTick_Init)
                  0000b9e0    00000028     libclang_rt.builtins.a : floatunsisf.S.obj (.text.__floatunsisf)
                  0000ba08    00000028     libc.a : boot_cortex_m.c.obj (.text:_c_int00_noargs)
                  0000ba30    00000026     driverlib.a : dl_i2c.o (.text.DL_I2C_setClockConfig)
                  0000ba56    00000002     --HOLE-- [fill = 0]
                  0000ba58    00000024     libclang_rt.builtins.a : muldi3.S.obj (.text.__muldi3)
                  0000ba7c    00000022     libc.a : memccpy.c.obj (.text.memccpy)
                  0000ba9e    00000002     --HOLE-- [fill = 0]
                  0000baa0    00000020     key.o (.text.Key_IsPressed)
                  0000bac0    00000020     libc.a : memcmp.c.obj (.text.memcmp)
                  0000bae0    0000001e     motor.o (.text.Motor_Stop)
                  0000bafe    00000002     --HOLE-- [fill = 0]
                  0000bb00    0000001e     libclang_rt.builtins.a : ashldi3.S.obj (.text.__ashldi3)
                  0000bb1e    0000001e     lsm6dsr_reg.o (.text.lsm6dsr_reset_get)
                  0000bb3c    0000001c     driverlib.a : dl_timer.o (.text.DL_Timer_setCaptCompUpdateMethod)
                  0000bb58    0000001c                 : dl_timer.o (.text.DL_Timer_setClockConfig)
                  0000bb74    0000001c     key.o (.text.Key_GetPressedTimeMs)
                  0000bb90    0000001c     lsm6dsr_reg.o (.text.lsm6dsr_gy_flag_data_ready_get)
                  0000bbac    00000018     driverlib.a : dl_timer.o (.text.DL_Timer_setCaptureCompareOutCtl)
                  0000bbc4    00000018     libc.a : snprintf.c.obj (.text._outc)
                  0000bbdc    00000018            : sprintf.c.obj (.text._outs)
                  0000bbf4    00000018     lsm6dsr_reg.o (.text.lsm6dsr_odr_cal_reg_get)
                  0000bc0c    00000018     clock.o (.text.mspm0_get_clock_ms)
                  0000bc24    00000016     libc.a : k_rem_pio2.c.obj (.text.OUTLINED_FUNCTION_0)
                  0000bc3a    00000002     --HOLE-- [fill = 0]
                  0000bc3c    00000010     libclang_rt.builtins.a : adddf3.S.obj (.tramp.__aeabi_dadd.1)
                  0000bc4c    00000014                            : aeabi_uldivmod.S.obj (.text.__aeabi_uldivmod)
                  0000bc60    00000014     lsm6dsr_reg.o (.text.lsm6dsr_from_fs2000dps_to_mdps)
                  0000bc74    00000014     lsm6dsr_reg.o (.text.lsm6dsr_from_fs2g_to_mg)
                  0000bc88    00000014     lsm6dsr_reg.o (.text.lsm6dsr_read_reg)
                  0000bc9c    00000014     lsm6dsr_reg.o (.text.lsm6dsr_write_reg)
                  0000bcb0    00000014     libc.a : _printfi.c.obj (.text.strchr)
                  0000bcc4    00000012     driverlib.a : dl_spi.o (.text.DL_SPI_setClockConfig)
                  0000bcd6    00000012                 : dl_uart.o (.text.DL_UART_setClockConfig)
                  0000bce8    00000012     libc.a : copy_decompress_none.c.obj (.text:decompress:none)
                  0000bcfa    00000002     --HOLE-- [fill = 0]
                  0000bcfc    00000010     driverlib.a : dl_timer.o (.text.DL_Timer_setCaptureCompareValue)
                  0000bd0c    00000010     FusionAhrs.o (.text.FusionAhrsGetQuaternion)
                  0000bd1c    00000010     libc.a : k_rem_pio2.c.obj (.text.OUTLINED_FUNCTION_2)
                  0000bd2c    00000010     road_test.o (.text.RoadTest_UsesOled)
                  0000bd3c    00000010     gpio_toggle_output.o (.text.SysTick_Handler)
                  0000bd4c    00000010     libc.a : wcslen.c.obj (.text.wcslen)
                  0000bd5c    00000010            : copy_zero_init.c.obj (.text:decompress:ZI)
                  0000bd6c    0000000e     libclang_rt.builtins.a : aeabi_memset.S.obj (.text.__aeabi_memset)
                  0000bd7a    0000000e     lsm6dsr_reg.o (.text.lsm6dsr_device_id_get)
                  0000bd88    0000000e     libc.a : _printfi.c.obj (.text.strlen)
                  0000bd96    00000002     --HOLE-- [fill = 0]
                  0000bd98    0000000c     libclang_rt.builtins.a : aeabi_memset.S.obj (.text.__aeabi_memclr)
                  0000bda4    0000000a     driverlib.a : dl_common.o (.text.DL_Common_delayCycles)
                  0000bdae    0000000a     libc.a : _printfi.c.obj (.text.OUTLINED_FUNCTION_0)
                  0000bdb8    00000010     libclang_rt.builtins.a : adddf3.S.obj (.tramp.__aeabi_dsub.1)
                  0000bdc8    0000000a     libc.a : _printfi.c.obj (.text.OUTLINED_FUNCTION_1)
                  0000bdd2    0000000a            : k_rem_pio2.c.obj (.text.OUTLINED_FUNCTION_1)
                  0000bddc    0000000a            : s_cosf.c.obj (.text.OUTLINED_FUNCTION_3)
                  0000bde6    0000000a            : s_sinf.c.obj (.text.OUTLINED_FUNCTION_3)
                  0000bdf0    0000000a            : sprintf.c.obj (.text._outc)
                  0000bdfa    00000008     key.o (.text.Key_Update1ms)
                  0000be02    00000008     libc.a : strtof.c.obj (.text.OUTLINED_FUNCTION_0)
                  0000be0a    00000002     --HOLE-- [fill = 0]
                  0000be0c    00000008            : aeabi_portable.c.obj (.text.__aeabi_errno_addr)
                  0000be14    00000008     libclang_rt.builtins.a : aeabi_memcpy.S.obj (.text.__aeabi_memcpy)
                  0000be1c    00000008     imu660rb.o (.text.platform_delay)
                  0000be24    00000006     libc.a : e_asinf.c.obj (.text.OUTLINED_FUNCTION_0)
                  0000be2a    00000002     --HOLE-- [fill = 0]
                  0000be2c    00000010     libclang_rt.builtins.a : mulsf3.S.obj (.tramp.__aeabi_fmul.1)
                  0000be3c    00000006     libc.a : s_atanf.c.obj (.text.OUTLINED_FUNCTION_0)
                  0000be42    00000002     --HOLE-- [fill = 0]
                  0000be44    00000010     libclang_rt.builtins.a : divsf3.S.obj (.tramp.__aeabi_fdiv.1)
                  0000be54    00000006     libc.a : s_cosf.c.obj (.text.OUTLINED_FUNCTION_0)
                  0000be5a    00000002     --HOLE-- [fill = 0]
                  0000be5c    00000010     libclang_rt.builtins.a : muldf3.S.obj (.tramp.__aeabi_dmul.1)
                  0000be6c    00000006     libc.a : s_sinf.c.obj (.text.OUTLINED_FUNCTION_0)
                  0000be72    00000006            : s_cosf.c.obj (.text.OUTLINED_FUNCTION_1)
                  0000be78    00000006            : s_sinf.c.obj (.text.OUTLINED_FUNCTION_1)
                  0000be7e    00000006            : exit.c.obj (.text:abort)
                  0000be84    00000004            : s_atanf.c.obj (.text.OUTLINED_FUNCTION_1)
                  0000be88    00000010     libclang_rt.builtins.a : addsf3.S.obj (.tramp.__aeabi_fadd.1)
                  0000be98    00000004     libc.a : s_cosf.c.obj (.text.OUTLINED_FUNCTION_2)
                  0000be9c    00000010     libclang_rt.builtins.a : extendsfdf2.S.obj (.tramp.__aeabi_f2d.1)
                  0000beac    00000004     libc.a : s_sinf.c.obj (.text.OUTLINED_FUNCTION_2)
                  0000beb0    00000004     startup_mspm0g350x_ticlang.o (.text.Reset_Handler)
                  0000beb4    0000000c     --HOLE-- [fill = 0]

.cinit     0    0000d2e0    00000080     
                  0000d2e0    0000005c     (.cinit..data.load) [load image, compression = lzss]
                  0000d33c    0000000c     (__TI_handler_table)
                  0000d348    00000008     (.cinit..bss.load) [load image, compression = zero_init]
                  0000d350    00000010     (__TI_cinit_table)

.rodata    0    0000bec0    00001420     
                  0000bec0    000005f0     oled_hardware_i2c.o (.rodata.asc2_1608)
                  0000c4b0    00000228     oled_hardware_i2c.o (.rodata.asc2_0806)
                  0000c6d8    00000108     libc.a : k_rem_pio2.c.obj (.rodata.ipio2)
                  0000c7e0    00000101            : aeabi_ctype.S.obj (.rodata:__aeabi_ctype_table_)
                  0000c8e1    0000006b     speed_control.o (.rodata.str1.17732539126439131682.1)
                  0000c94c    0000004d     speed_control.o (.rodata.str1.211519452835695116.1)
                  0000c999    00000048     road_test.o (.rodata.str1.13428199119518746714.1)
                  0000c9e1    00000007     road_test.o (.rodata.str1.1401870133776224018.1)
                  0000c9e8    00000040     libc.a : k_rem_pio2.c.obj (.rodata.PIo2)
                  0000ca28    00000040            : strtof.c.obj (.rodata.digits)
                  0000ca68    0000003e     road_test.o (.rodata.str1.15958033849920293327.1)
                  0000caa6    0000003b     road_test.o (.rodata.str1.12521593022028111712.1)
                  0000cae1    0000003b     road_test.o (.rodata.str1.13596133497753879827.1)
                  0000cb1c    00000037     road_test.o (.rodata.str1.14172003878770153340.1)
                  0000cb53    00000033     road_test.o (.rodata.str1.7293514000599815715.1)
                  0000cb86    00000033     road_test.o (.rodata.str1.8634895958968989169.1)
                  0000cbb9    00000032     road_test.o (.rodata.str1.10132973821083072637.1)
                  0000cbeb    00000031     road_test.o (.rodata.str1.18111462104480922923.1)
                  0000cc1c    00000030     road_test.o (.rodata.str1.17541680400037353235.1)
                  0000cc4c    0000002b     speed_control.o (.rodata.str1.18182772914009926197.1)
                  0000cc77    0000002a     speed_control.o (.rodata.str1.9589594595829164803.1)
                  0000cca1    00000028     road_test.o (.rodata.str1.11982508440533459467.1)
                  0000ccc9    00000026     speed_control.o (.rodata.str1.14706624642400068386.1)
                  0000ccef    00000025     road_test.o (.rodata.str1.2148486997329350993.1)
                  0000cd14    00000024     speed_control.o (.rodata.str1.1807643411616452634.1)
                  0000cd38    00000024     road_test.o (.rodata.str1.3760376893857790387.1)
                  0000cd5c    00000023     road_test.o (.rodata.str1.34626326995868208.1)
                  0000cd7f    00000023     speed_control.o (.rodata.str1.882219236629276955.1)
                  0000cda2    00000022     road_test.o (.rodata.str1.1667293515124630886.1)
                  0000cdc4    00000020     libc.a : s_atanf.c.obj (.rodata.cst16)
                  0000cde4    0000001f     speed_control.o (.rodata.str1.8006736084623631825.1)
                  0000ce03    0000001e     vofa.o (.rodata.str1.15592850640436249970.1)
                  0000ce21    0000001e     road_test.o (.rodata.str1.7338057428763850804.1)
                  0000ce3f    0000001c     speed_control.o (.rodata.str1.1811524898172795847.1)
                  0000ce5b    0000001c     road_test.o (.rodata.str1.5769326548759584178.1)
                  0000ce77    0000001c     speed_control.o (.rodata.str1.8057713725946704052.1)
                  0000ce93    0000001a     road_test.o (.rodata.str1.2026454474464060702.1)
                  0000cead    0000001a     speed_control.o (.rodata.str1.3245608251918206818.1)
                  0000cec7    00000019     road_test.o (.rodata.str1.10585604639956306978.1)
                  0000cee0    00000019     speed_control.o (.rodata.str1.15735647651265398266.1)
                  0000cef9    00000003     ti_msp_dl_config.o (.rodata.gE1_BClockConfig)
                  0000cefc    00000018     FusionAhrs.o (.rodata..L__const.FusionAhrsInitialise.settings)
                  0000cf14    00000018     libc.a : strtof.c.obj (.rodata.powerof10)
                  0000cf2c    00000018     road_test.o (.rodata.str1.2417905470762545395.1)
                  0000cf44    00000017     speed_control.o (.rodata.str1.2460042231388657623.1)
                  0000cf5b    00000001     --HOLE-- [fill = 0]
                  0000cf5c    00000014     ti_msp_dl_config.o (.rodata.gTIMER_0TimerConfig)
                  0000cf70    00000013     speed_control.o (.rodata.str1.11250545846333204047.1)
                  0000cf83    00000013     speed_control.o (.rodata.str1.9162681207476615548.1)
                  0000cf96    00000012     road_test.o (.rodata.str1.10558569341621706591.1)
                  0000cfa8    00000011     libc.a : _printfi.c.obj (.rodata.str1.10348868589481759720.1)
                  0000cfb9    00000011            : _printfi.c.obj (.rodata.str1.15363888844622738466.1)
                  0000cfca    00000011     speed_control.o (.rodata.str1.4521357460824390753.1)
                  0000cfdb    00000011     road_test.o (.rodata.str1.5347845603747570075.1)
                  0000cfec    00000010     libc.a : k_rem_pio2.c.obj (.rodata.cst16)
                  0000cffc    00000010     ti_msp_dl_config.o (.rodata.gE1_BCaptureConfig)
                  0000d00c    00000010     ti_msp_dl_config.o (.rodata.gE3_BCaptureConfig)
                  0000d01c    00000010     gpio_toggle_output.o (.rodata.str1.10910899861604263444.1)
                  0000d02c    00000010     road_test.o (.rodata.str1.12498368073199732920.4)
                  0000d03c    00000010     gpio_toggle_output.o (.rodata.str1.16559069285837280738.1)
                  0000d04c    00000010     road_test.o (.rodata.str1.5727519952109052050.1)
                  0000d05c    0000000f     road_test.o (.rodata.str1.14732323034741431622.1)
                  0000d06b    0000000f     road_test.o (.rodata.str1.8820741913259217115.1)
                  0000d07a    0000000f     road_test.o (.rodata.str1.8830601459989132679.1)
                  0000d089    0000000e     road_test.o (.rodata.str1.11313499162010821110.1)
                  0000d097    0000000e     road_test.o (.rodata.str1.12266663484419824128.1)
                  0000d0a5    0000000e     road_test.o (.rodata.str1.13569518918217488640.1)
                  0000d0b3    0000000e     road_test.o (.rodata.str1.16109185612488241134.1)
                  0000d0c1    0000000e     road_test.o (.rodata.str1.16673353727813071999.1)
                  0000d0cf    0000000e     road_test.o (.rodata.str1.16821564161465962818.1)
                  0000d0dd    0000000d     road_test.o (.rodata.str1.15398460664928362200.1)
                  0000d0ea    00000002     ti_msp_dl_config.o (.rodata.gI2C_OLEDClockConfig)
                  0000d0ec    0000000c     driverlib.a : dl_timer.o (.rodata..Lswitch.table.DL_Timer_initCompareMode)
                  0000d0f8    0000000c     gpio_toggle_output.o (.rodata.str1.13732985183997240173.1)
                  0000d104    0000000c     road_test.o (.rodata.str1.15596358016965810863.1)
                  0000d110    0000000c     gpio_toggle_output.o (.rodata.str1.16718355729119112538.1)
                  0000d11c    0000000c     gpio_toggle_output.o (.rodata.str1.5807257539606399117.1)
                  0000d128    0000000b     road_test.o (.rodata.str1.12122456004100100336.1)
                  0000d133    0000000b     road_test.o (.rodata.str1.13613476829420129065.1)
                  0000d13e    0000000b     road_test.o (.rodata.str1.16877113010838829769.1)
                  0000d149    00000001     --HOLE-- [fill = 0]
                  0000d14a    0000000a     ti_msp_dl_config.o (.rodata.gSPI_IMU660RB_config)
                  0000d154    0000000a     ti_msp_dl_config.o (.rodata.gUART_0Config)
                  0000d15e    0000000a     ti_msp_dl_config.o (.rodata.gUART_VOFAConfig)
                  0000d168    0000000a     road_test.o (.rodata.str1.1226576581397910574.1)
                  0000d172    0000000a     road_test.o (.rodata.str1.15852278487157550190.1)
                  0000d17c    0000000a     road_test.o (.rodata.str1.15866812228467618133.1)
                  0000d186    0000000a     road_test.o (.rodata.str1.1635187238593780215.1)
                  0000d190    0000000a     road_test.o (.rodata.str1.17438411239194012809.1)
                  0000d19a    0000000a     road_test.o (.rodata.str1.18407874750228845728.1)
                  0000d1a4    0000000a     road_test.o (.rodata.str1.7002288968355408002.1)
                  0000d1ae    00000009     road_test.o (.rodata.str1.13285967381996371881.1)
                  0000d1b7    00000009     road_test.o (.rodata.str1.16380460450412656663.1)
                  0000d1c0    00000009     road_test.o (.rodata.str1.3709947251480312382.1)
                  0000d1c9    00000009     road_test.o (.rodata.str1.5255968394441033598.1)
                  0000d1d2    00000002     ti_msp_dl_config.o (.rodata.gSPI_IMU660RB_clockConfig)
                  0000d1d4    00000008     ti_msp_dl_config.o (.rodata.gPWM_0Config)
                  0000d1dc    00000008     ti_msp_dl_config.o (.rodata.gPWM_1Config)
                  0000d1e4    00000008     road_test.o (.rodata.str1.16802266705625760252.1)
                  0000d1ec    00000008     gpio_toggle_output.o (.rodata.str1.6926779734840550670.1)
                  0000d1f4    00000008     road_test.o (.rodata.str1.9442382937721433805.1)
                  0000d1fc    00000007     speed_control.o (.rodata.str1.14456446095324431695.1)
                  0000d203    00000007     road_test.o (.rodata.str1.16765935738828189287.1)
                  0000d20a    00000007     road_test.o (.rodata.str1.17298667193367403942.1)
                  0000d211    00000007     speed_control.o (.rodata.str1.17438042864784128136.1)
                  0000d218    00000007     road_test.o (.rodata.str1.18280835503244857091.1)
                  0000d21f    00000007     gpio_toggle_output.o (.rodata.str1.2745267647703410976.1)
                  0000d226    00000007     speed_control.o (.rodata.str1.5313645090331180483.1)
                  0000d22d    00000007     road_test.o (.rodata.str1.6793500544787977713.1)
                  0000d234    00000007     speed_control.o (.rodata.str1.693774575704749858.1)
                  0000d23b    00000007     road_test.o (.rodata.str1.9031655347075984146.1)
                  0000d242    00000007     speed_control.o (.rodata.str1.9588354654044076066.1)
                  0000d249    00000006     speed_control.o (.rodata.str1.13636644305372656400.1)
                  0000d24f    00000006     speed_control.o (.rodata.str1.190440315093047069.1)
                  0000d255    00000006     speed_control.o (.rodata.str1.3456492466988614487.1)
                  0000d25b    00000006     gpio_toggle_output.o (.rodata.str1.48456419029742142.1)
                  0000d261    00000006     gpio_toggle_output.o (.rodata.str1.7293075287338320947.1)
                  0000d267    00000005     road_test.o (.rodata.str1.10287519954042460324.1)
                  0000d26c    00000005     road_test.o (.rodata.str1.12918229774928701152.1)
                  0000d271    00000005     road_test.o (.rodata.str1.14453062705028587941.1)
                  0000d276    00000005     gpio_toggle_output.o (.rodata.str1.15113692215023319882.1)
                  0000d27b    00000005     speed_control.o (.rodata.str1.15494409968463026438.1)
                  0000d280    00000005     speed_control.o (.rodata.str1.15839901581566842560.1)
                  0000d285    00000005     speed_control.o (.rodata.str1.6651398816457274277.1)
                  0000d28a    00000005     road_test.o (.rodata.str1.8023595957821456787.1)
                  0000d28f    00000004     speed_control.o (.rodata.str1.13387344428407693754.1)
                  0000d293    00000004     speed_control.o (.rodata.str1.13760056895369093578.1)
                  0000d297    00000004     road_test.o (.rodata.str1.15946453344359981112.1)
                  0000d29b    00000004     speed_control.o (.rodata.str1.17584091066804833737.1)
                  0000d29f    00000004     speed_control.o (.rodata.str1.2033466000042398445.1)
                  0000d2a3    00000004     speed_control.o (.rodata.str1.2236458585226935249.1)
                  0000d2a7    00000004     speed_control.o (.rodata.str1.5067816898160249587.1)
                  0000d2ab    00000004     speed_control.o (.rodata.str1.6983313824812850148.1)
                  0000d2af    00000004     speed_control.o (.rodata.str1.9794104034140389718.1)
                  0000d2b3    00000003     ti_msp_dl_config.o (.rodata.gE3_BClockConfig)
                  0000d2b6    00000003     ti_msp_dl_config.o (.rodata.gPWM_0ClockConfig)
                  0000d2b9    00000003     ti_msp_dl_config.o (.rodata.gPWM_1ClockConfig)
                  0000d2bc    00000003     ti_msp_dl_config.o (.rodata.gTIMER_0ClockConfig)
                  0000d2bf    00000003     speed_control.o (.rodata.str1.13765000796998514547.1)
                  0000d2c2    00000003     speed_control.o (.rodata.str1.14844869592127008563.1)
                  0000d2c5    00000003     speed_control.o (.rodata.str1.1650181141826100245.1)
                  0000d2c8    00000003     speed_control.o (.rodata.str1.3608343179429301713.1)
                  0000d2cb    00000003     speed_control.o (.rodata.str1.9413908918704436222.1)
                  0000d2ce    00000002     ti_msp_dl_config.o (.rodata.gUART_0ClockConfig)
                  0000d2d0    00000002     ti_msp_dl_config.o (.rodata.gUART_VOFAClockConfig)
                  0000d2d2    0000000e     --HOLE-- [fill = 0]

.init_array 
*          0    00000000    00000000     UNINITIALIZED

.binit     0    00000000    00000000     

.bss       0    20200000    00003596     UNINITIALIZED
                  20200000    00003180     road_test.o (.bss.s_runLogs)
                  20203180    000000bc     (.common:gE3_BBackup)
                  2020323c    000000bc     (.common:gTIMER_0Backup)
                  202032f8    000000a0     (.common:gPWM_1Backup)
                  20203398    00000074     (.common:ahrs)
                  2020340c    00000040     vofa.o (.bss.s_rxCommand)
                  2020344c    00000028     (.common:gSPI_IMU660RBBackup)
                  20203474    0000001c     gpio_toggle_output.o (.bss.speed_sample_status)
                  20203490    00000018     imu660rb.o (.bss.offset)
                  202034a8    00000018     gpio_toggle_output.o (.bss.oled_buf)
                  202034c0    00000014     imu660rb.o (.bss.dev_ctx)
                  202034d4    00000014     speed_control.o (.bss.s_leftPid)
                  202034e8    00000014     speed_control.o (.bss.s_rightPid)
                  202034fc    0000000c     (.common:acceleration_mg)
                  20203508    0000000c     (.common:angular_rate_mdps)
                  20203514    0000000c     (.common:euler)
                  20203520    00000008     key.o (.bss.s_debounceMs)
                  20203528    00000008     key.o (.bss.s_pressedTimeMs)
                  20203530    00000006     imu660rb.o (.bss.data_raw_angular_rate)
                  20203536    00000002     imu660rb.o (.bss.data_raw_acceleration.1)
                  20203538    00000004     road_test.o (.bss.s_lastOledMs)
                  2020353c    00000004     vofa.o (.bss.s_lastSendMs)
                  20203540    00000004     key.o (.bss.s_lastUpdateMs)
                  20203544    00000004     speed_control.o (.bss.s_leftActual)
                  20203548    00000004     speed_control.o (.bss.s_leftOutput)
                  2020354c    00000004     speed_control.o (.bss.s_leftTarget)
                  20203550    00000004     speed_control.o (.bss.s_outputLimit)
                  20203554    00000004     speed_control.o (.bss.s_rightActual)
                  20203558    00000004     speed_control.o (.bss.s_rightOutput)
                  2020355c    00000004     speed_control.o (.bss.s_rightTarget)
                  20203560    00000004     speed_control.o (.bss.s_runDurationMs)
                  20203564    00000004     speed_control.o (.bss.s_runStartMs)
                  20203568    00000004     vofa.o (.bss.s_rxLength)
                  2020356c    00000004     road_test.o (.bss.s_stateStartMs)
                  20203570    00000004     speed_control.o (.bss.s_testDuty)
                  20203574    00000004     imu660rb.o (.bss.samplePeriod)
                  20203578    00000004     imu660rb.o (.bss.sampleRate)
                  2020357c    00000004     (.common:start_time)
                  20203580    00000004     (.common:tick_ms)
                  20203584    00000002     imu660rb.o (.bss.data_raw_acceleration.2)
                  20203586    00000001     imu660rb.o (.bss.rst)
                  20203587    00000001     road_test.o (.bss.s_activeRunIndex)
                  20203588    00000001     key.o (.bss.s_candidateMask)
                  20203589    00000001     road_test.o (.bss.s_completedRunCount)
                  2020358a    00000001     road_test.o (.bss.s_key1WasPressed)
                  2020358b    00000001     speed_control.o (.bss.s_mode)
                  2020358c    00000001     road_test.o (.bss.s_oledNeedsClear)
                  2020358d    00000001     speed_control.o (.bss.s_openLoopTest)
                  2020358e    00000001     key.o (.bss.s_pressedMask)
                  2020358f    00000001     key.o (.bss.s_rawMask)
                  20203590    00000001     speed_control.o (.bss.s_running)
                  20203591    00000001     vofa.o (.bss.s_rxReady)
                  20203592    00000001     road_test.o (.bss.s_state)
                  20203593    00000001     road_test.o (.bss.s_testAborted)
                  20203594    00000001     key.o (.bss.s_updating)
                  20203595    00000001     imu660rb.o (.bss.whoamI)

.data      0    20203598    000000ca     UNINITIALIZED
                  20203598    00000080     motor.o (.data.gMotor)
                  20203618    00000018     encoder.o (.data.gEncMotor1)
                  20203630    00000018     encoder.o (.data.gEncMotor3)
                  20203648    00000004     libc.a : aeabi_portable.c.obj (.data.__aeabi_errno)
                  2020364c    00000004     gpio_toggle_output.o (.data.gTimerTest)
                  20203650    00000004     imu660rb.o (.data.gyroscopeOffset.0)
                  20203654    00000004     imu660rb.o (.data.gyroscopeOffset.1)
                  20203658    00000004     imu660rb.o (.data.gyroscopeOffset.2)
                  2020365c    00000002     encoder.o (.data.s_encTick)
                  2020365e    00000001     gpio_toggle_output.o (.data.gDataReceived)
                  2020365f    00000001     gpio_toggle_output.o (.data.gRxByte)
                  20203660    00000001     gpio_toggle_output.o (.data.sched_tick)
                  20203661    00000001     gpio_toggle_output.o (.data.speed_sample_ready)

.stack     0    20207e00    00000200     UNINITIALIZED
                  20207e00    00000004     libc.a : boot_cortex_m.c.obj (.stack)
                  20207e04    000001fc     --HOLE--

__llvm_prf_cnts 
*          0    20200000    00000000     UNINITIALIZED

__llvm_prf_bits 
*          0    20200000    00000000     UNINITIALIZED

MODULE SUMMARY

       Module                         code    ro data   rw data
       ------                         ----    -------   -------
    .\
       ti_msp_dl_config.o             1372    121       576    
       gpio_toggle_output.o           872     100       60     
       startup_mspm0g350x_ticlang.o   6       192       0      
    +--+------------------------------+-------+---------+---------+
       Total:                         2250    413       636    
                                                               
    .\hardware\
       road_test.o                    11196   1313      12686  
       oled_hardware_i2c.o            5236    2072      0      
       speed_control.o                3382    709       83     
       key.o                          780     0         24     
       vofa.o                         628     30        73     
       motor.o                        134     0         128    
       encoder.o                      208     0         50     
       clock.o                        116     0         8      
    +--+------------------------------+-------+---------+---------+
       Total:                         21680   4124      13052  
                                                               
    .\hardware\IMU660RB\
       imu660rb.o                     2320    0         228    
       lsm6dsr_reg.o                  2012    0         0      
    +--+------------------------------+-------+---------+---------+
       Total:                         4332    0         228    
                                                               
    .\hardware\IMU660RB\Fusion\
       FusionAhrs.o                   3348    24        0      
       FusionOffset.o                 272     0         0      
    +--+------------------------------+-------+---------+---------+
       Total:                         3620    24        0      
                                                               
    C:/ti/mspm0_sdk_2_09_00_01/source/ti/driverlib/lib/ticlang/m0p/mspm0g1x0x_g3x0x/driverlib.a
       dl_timer.o                     892     12        0      
       dl_uart.o                      138     0         0      
       dl_i2c.o                       132     0         0      
       dl_spi.o                       86      0         0      
       dl_common.o                    10      0         0      
    +--+------------------------------+-------+---------+---------+
       Total:                         1258    12        0      
                                                               
    C:\ti\ccs2041\ccs\tools\compiler\ti-cgt-armllvm_4.0.4.LTS\lib\armv6m-ti-none-eabi/c/libc.a
       _printfi.c.obj                 4510    34        0      
       k_rem_pio2.c.obj               1652    344       0      
       strtof.c.obj                   872     88        0      
       s_cosf.c.obj                   822     0         0      
       s_sinf.c.obj                   810     0         0      
       s_atanf.c.obj                  466     32        0      
       e_sqrt.c.obj                   368     0         0      
       e_asinf.c.obj                  358     0         0      
       s_floor.c.obj                  324     0         0      
       strtol.c.obj                   324     0         0      
       e_atan2f.c.obj                 280     0         0      
       aeabi_ctype.S.obj              0       257       0      
       s_scalbn.c.obj                 216     0         0      
       s_scalbnf.c.obj                176     0         0      
       memcpy16.S.obj                 154     0         0      
       snprintf.c.obj                 148     0         0      
       strcmp-armv6m.S.obj            136     0         0      
       copy_decompress_lzss.c.obj     124     0         0      
       memset16.S.obj                 98      0         0      
       s_frexp.c.obj                  92      0         0      
       sprintf.c.obj                  90      0         0      
       _ltoa.c.obj                    88      0         0      
       atoi.c.obj                     64      0         0      
       autoinit.c.obj                 60      0         0      
       boot_cortex_m.c.obj            40      0         0      
       memccpy.c.obj                  34      0         0      
       memcmp.c.obj                   32      0         0      
       copy_decompress_none.c.obj     18      0         0      
       copy_zero_init.c.obj           16      0         0      
       wcslen.c.obj                   16      0         0      
       aeabi_portable.c.obj           8       0         4      
       exit.c.obj                     6       0         0      
       pre_init.c.obj                 4       0         0      
    +--+------------------------------+-------+---------+---------+
       Total:                         12406   755       4      
                                                               
    C:\ti\ccs2041\ccs\tools\compiler\ti-cgt-armllvm_4.0.4.LTS\lib\armv6m-ti-none-eabi/c/libsysbm.a
       hostexit.c.obj                 4       0         0      
    +--+------------------------------+-------+---------+---------+
       Total:                         4       0         0      
                                                               
    C:\ti\ccs2041\ccs\tools\compiler\ti-cgt-armllvm_4.0.4.LTS\lib\armv6m-ti-none-eabi/libclang_rt.builtins.a
       adddf3.S.obj                   434     0         0      
       divdf3.S.obj                   268     0         0      
       muldf3.S.obj                   244     0         0      
       addsf3.S.obj                   232     0         0      
       comparedf2.c.obj               220     0         0      
       udivmoddi4.S.obj               162     0         0      
       mulsf3.S.obj                   156     0         0      
       divsf3.S.obj                   146     0         0      
       comparesf2.S.obj               118     0         0      
       truncdfsf2.S.obj               116     0         0      
       aeabi_dcmp.S.obj               98      0         0      
       aeabi_fcmp.S.obj               98      0         0      
       aeabi_idivmod.S.obj            86      0         0      
       extendsfdf2.S.obj              80      0         0      
       fixdfsi.S.obj                  74      0         0      
       aeabi_uidivmod.S.obj           64      0         0      
       floatsisf.S.obj                60      0         0      
       muldsi3.S.obj                  58      0         0      
       fixsfsi.S.obj                  56      0         0      
       fixunssfsi.S.obj               50      0         0      
       floatsidf.S.obj                44      0         0      
       floatunsisf.S.obj              40      0         0      
       muldi3.S.obj                   36      0         0      
       ashldi3.S.obj                  30      0         0      
       aeabi_memset.S.obj             26      0         0      
       aeabi_uldivmod.S.obj           20      0         0      
       aeabi_memcpy.S.obj             8       0         0      
       aeabi_div0.c.obj               4       0         0      
    +--+------------------------------+-------+---------+---------+
       Total:                         3028    0         0      
                                                               
       Stack:                         0       0         512    
       Linker Generated:              0       128       0      
    +--+------------------------------+-------+---------+---------+
       Grand Total:                   48578   5456      14432  


LINKER GENERATED COPY TABLES

__TI_cinit_table @ 0000d350 records: 2, size/record: 8, table size: 16
	.data: load addr=0000d2e0, load size=0000005c bytes, run addr=20203598, run size=000000ca bytes, compression=lzss
	.bss: load addr=0000d348, load size=00000008 bytes, run addr=20200000, run size=00003596 bytes, compression=zero_init


LINKER GENERATED HANDLER TABLE

__TI_handler_table @ 0000d33c records: 3, size/record: 4, table size: 12
	index: 0, handler: __TI_decompress_lzss
	index: 1, handler: __TI_decompress_none
	index: 2, handler: __TI_zero_init


FAR CALL TRAMPOLINES

callee name               trampoline name
   callee addr  tramp addr   call addr  call info
--------------  -----------  ---------  ----------------
__aeabi_dadd              $Tramp$TT$L$PI$$__aeabi_dadd
   0000772f     0000bc3c     0000bc38   libc.a : k_rem_pio2.c.obj (.text.OUTLINED_FUNCTION_0)
                             0000bdda          : k_rem_pio2.c.obj (.text.OUTLINED_FUNCTION_1)
                             0000bde4          : s_cosf.c.obj (.text.OUTLINED_FUNCTION_3)
                             0000bdee          : s_sinf.c.obj (.text.OUTLINED_FUNCTION_3)
__aeabi_dsub              $Tramp$TT$L$PI$$__aeabi_dsub
   00007725     0000bdb8     0000bdb6   libc.a : _printfi.c.obj (.text.OUTLINED_FUNCTION_0)
__aeabi_fmul              $Tramp$TT$L$PI$$__aeabi_fmul
   0000a361     0000be2c     0000be28   libc.a : e_asinf.c.obj (.text.OUTLINED_FUNCTION_0)
__aeabi_fdiv              $Tramp$TT$L$PI$$__aeabi_fdiv
   0000a479     0000be44     0000be40   libc.a : s_atanf.c.obj (.text.OUTLINED_FUNCTION_0)
__aeabi_dmul              $Tramp$TT$L$PI$$__aeabi_dmul
   00009491     0000be5c     0000be58   libc.a : s_cosf.c.obj (.text.OUTLINED_FUNCTION_0)
                             0000be70          : s_sinf.c.obj (.text.OUTLINED_FUNCTION_0)
                             0000be76          : s_cosf.c.obj (.text.OUTLINED_FUNCTION_1)
                             0000be7c          : s_sinf.c.obj (.text.OUTLINED_FUNCTION_1)
__aeabi_fadd              $Tramp$TT$L$PI$$__aeabi_fadd
   000099cf     0000be88     0000be86   libc.a : s_atanf.c.obj (.text.OUTLINED_FUNCTION_1)
__aeabi_f2d               $Tramp$TT$L$PI$$__aeabi_f2d
   0000b2e9     0000be9c     0000be9a   libc.a : s_cosf.c.obj (.text.OUTLINED_FUNCTION_2)
                             0000beae          : s_sinf.c.obj (.text.OUTLINED_FUNCTION_2)

[7 trampolines]
[14 trampoline calls]


GLOBAL SYMBOLS: SORTED ALPHABETICALLY BY Name 

address   name                            
-------   ----                            
00003477  ADC0_IRQHandler                 
00003477  ADC1_IRQHandler                 
00003477  AES_IRQHandler                  
0000a3ec  C$$EXIT                         
00003477  CANFD0_IRQHandler               
00003477  DAC0_IRQHandler                 
0000bda5  DL_Common_delayCycles           
0000ad3d  DL_I2C_fillControllerTXFIFO     
0000ba31  DL_I2C_setClockConfig           
0000b1e1  DL_SPI_init                     
0000bcc5  DL_SPI_setClockConfig           
00008899  DL_Timer_initCaptureMode        
00008cf1  DL_Timer_initFourCCPWMMode      
00008df5  DL_Timer_initTimerMode          
0000bb3d  DL_Timer_setCaptCompUpdateMethod
0000bbad  DL_Timer_setCaptureCompareOutCtl
0000bcfd  DL_Timer_setCaptureCompareValue 
0000bb59  DL_Timer_setClockConfig         
0000b199  DL_UART_init                    
0000bcd7  DL_UART_setClockConfig          
0000b845  DL_UART_transmitDataBlocking    
00003477  DMA_IRQHandler                  
00003477  Default_Handler                 
0000b935  Encoder_Start                   
0000bd0d  FusionAhrsGetQuaternion         
0000ae55  FusionAhrsInitialise            
00007589  FusionAhrsSetHeading            
00009575  FusionAhrsSetSettings           
00003479  FusionAhrsUpdate                
0000b269  FusionAhrsUpdateNoMagnetometer  
0000b875  FusionOffsetInitialise          
00009655  FusionOffsetUpdate              
00006291  FusionTasks                     
00003477  GROUP0_IRQHandler               
00003477  GROUP1_IRQHandler               
0000a3ed  HOSTexit                        
00003477  HardFault_Handler               
00003477  I2C0_IRQHandler                 
00003477  I2C1_IRQHandler                 
000066dd  IMU660RB_Init                   
0000bb75  Key_GetPressedTimeMs            
0000a1bd  Key_Init                        
0000baa1  Key_IsPressed                   
0000bdfb  Key_Update1ms                   
0000aa11  Motor_SetSpeed                  
0000bae1  Motor_Stop                      
00003477  NMI_Handler                     
00008135  OLED_Clear                      
00005595  OLED_Init                       
00009735  OLED_ShowChar                   
00004a19  OLED_ShowNum                    
00002b4d  OLED_ShowSignedNum              
0000a675  OLED_ShowString                 
00007fe9  OLED_WR_Byte                    
00003477  PendSV_Handler                  
00003477  RTC_IRQHandler                  
000073c9  Read_IMU660RB                   
0000beb1  Reset_Handler                   
00005869  RoadTest_DumpAllToVofa          
00005dc9  RoadTest_DumpToVofa             
00008ef1  RoadTest_Init                   
00004ea9  RoadTest_ProcessCommand         
000089b5  RoadTest_Record20ms             
000000c1  RoadTest_Update                 
0000bd2d  RoadTest_UsesOled               
00003477  SPI0_IRQHandler                 
00003477  SPI1_IRQHandler                 
00003477  SVC_Handler                     
0000b369  SYSCFG_DL_E1_B_init             
0000b3a5  SYSCFG_DL_E3_B_init             
000093a9  SYSCFG_DL_GPIO_init             
0000b00d  SYSCFG_DL_I2C_OLED_init         
0000a249  SYSCFG_DL_PWM_0_init            
0000a2d5  SYSCFG_DL_PWM_1_init            
0000b0b5  SYSCFG_DL_SPI_IMU660RB_init     
0000b8a5  SYSCFG_DL_SYSCTL_init           
0000b549  SYSCFG_DL_TIMER_0_init          
0000a855  SYSCFG_DL_UART_0_init           
0000a57d  SYSCFG_DL_UART_VOFA_init        
0000ad9d  SYSCFG_DL_init                  
0000a095  SYSCFG_DL_initPower             
0000a9a5  SpeedControl_GetStatus          
00009a9d  SpeedControl_Init               
00003d2d  SpeedControl_ProcessCommand     
00006e71  SpeedControl_Update20ms         
0000bd3d  SysTick_Handler                 
0000b9b9  SysTick_Init                    
0000a129  TIMA0_IRQHandler                
0000b741  TIMA1_IRQHandler                
0000b775  TIMG0_IRQHandler                
00003477  TIMG12_IRQHandler               
00003477  TIMG6_IRQHandler                
00003477  TIMG7_IRQHandler                
00003477  TIMG8_IRQHandler                
0000a8c5  UART0_IRQHandler                
0000b961  UART1_IRQHandler                
00003477  UART2_IRQHandler                
00003477  UART3_IRQHandler                
0000abb1  VOFA_Init                       
00009811  VOFA_ReadCommand                
0000b225  VOFA_SendMessage                
0000a4fd  VOFA_Update                     
20208000  __STACK_END                     
00000200  __STACK_SIZE                    
00000000  __TI_ATRegion0_region_sz        
00000000  __TI_ATRegion0_src_addr         
00000000  __TI_ATRegion0_trg_addr         
00000000  __TI_ATRegion1_region_sz        
00000000  __TI_ATRegion1_src_addr         
00000000  __TI_ATRegion1_trg_addr         
00000000  __TI_ATRegion2_region_sz        
00000000  __TI_ATRegion2_src_addr         
00000000  __TI_ATRegion2_trg_addr         
0000d350  __TI_CINIT_Base                 
0000d360  __TI_CINIT_Limit                
0000d360  __TI_CINIT_Warm                 
0000d33c  __TI_Handler_Table_Base         
0000d348  __TI_Handler_Table_Limit        
0000b495  __TI_auto_init_nobinit_nopinit  
0000a5f9  __TI_decompress_lzss            
0000bce9  __TI_decompress_none            
0000af05  __TI_ltoa                       
ffffffff  __TI_pprof_out_hndl             
0000217d  __TI_printfi                    
ffffffff  __TI_prof_data_size             
ffffffff  __TI_prof_data_start            
00000000  __TI_static_base__              
0000bd5d  __TI_zero_init                  
0000772f  __adddf3                        
000099cf  __addsf3                        
0000c7e0  __aeabi_ctype_table_            
0000c7e0  __aeabi_ctype_table_C           
0000a7e1  __aeabi_d2f                     
0000b14d  __aeabi_d2iz                    
0000772f  __aeabi_dadd                    
0000ac15  __aeabi_dcmpeq                  
0000ac51  __aeabi_dcmpge                  
0000ac65  __aeabi_dcmpgt                  
0000ac3d  __aeabi_dcmple                  
0000ac29  __aeabi_dcmplt                  
00008be5  __aeabi_ddiv                    
00009491  __aeabi_dmul                    
00007725  __aeabi_dsub                    
20203648  __aeabi_errno                   
0000be0d  __aeabi_errno_addr              
0000b2e9  __aeabi_f2d                     
0000b581  __aeabi_f2iz                    
0000b811  __aeabi_f2uiz                   
000099cf  __aeabi_fadd                    
0000ac79  __aeabi_fcmpeq                  
0000acb5  __aeabi_fcmpge                  
0000acc9  __aeabi_fcmpgt                  
0000aca1  __aeabi_fcmple                  
0000ac8d  __aeabi_fcmplt                  
0000a479  __aeabi_fdiv                    
0000a361  __aeabi_fmul                    
000099c5  __aeabi_fsub                    
0000b98d  __aeabi_i2d                     
0000b3e1  __aeabi_i2f                     
0000afb5  __aeabi_idiv                    
000078b7  __aeabi_idiv0                   
0000afb5  __aeabi_idivmod                 
00007fe7  __aeabi_ldiv0                   
0000bb01  __aeabi_llsl                    
0000ba59  __aeabi_lmul                    
0000bd99  __aeabi_memclr                  
0000bd99  __aeabi_memclr4                 
0000bd99  __aeabi_memclr8                 
0000be15  __aeabi_memcpy                  
0000be15  __aeabi_memcpy4                 
0000be15  __aeabi_memcpy8                 
0000bd6d  __aeabi_memset                  
0000bd6d  __aeabi_memset4                 
0000bd6d  __aeabi_memset8                 
0000b9e1  __aeabi_ui2f                    
0000b2a9  __aeabi_uidiv                   
0000b2a9  __aeabi_uidivmod                
0000bc4d  __aeabi_uldivmod                
0000bb01  __ashldi3                       
ffffffff  __binit__                       
0000aa79  __cmpdf2                        
0000b4d1  __cmpsf2                        
00008be5  __divdf3                        
0000a479  __divsf3                        
0000aa79  __eqdf2                         
0000b4d1  __eqsf2                         
0000b2e9  __extendsfdf2                   
0000b14d  __fixdfsi                       
0000b581  __fixsfsi                       
0000b811  __fixunssfsi                    
0000b98d  __floatsidf                     
0000b3e1  __floatsisf                     
0000b9e1  __floatunsisf                   
0000a769  __gedf2                         
0000b41d  __gesf2                         
0000a769  __gtdf2                         
0000b41d  __gtsf2                         
000043d5  __kernel_rem_pio2               
0000aa79  __ledf2                         
0000b4d1  __lesf2                         
0000aa79  __ltdf2                         
0000b4d1  __ltsf2                         
UNDEFED   __mpu_init                      
00009491  __muldf3                        
0000ba59  __muldi3                        
0000b50d  __muldsi3                       
0000a361  __mulsf3                        
0000aa79  __nedf2                         
0000b4d1  __nesf2                         
20207e00  __stack                         
20200000  __start___llvm_prf_bits         
20200000  __start___llvm_prf_cnts         
20200000  __stop___llvm_prf_bits          
20200000  __stop___llvm_prf_cnts          
00007725  __subdf3                        
000099c5  __subsf3                        
0000a7e1  __truncdfsf2                    
00009e1d  __udivmoddi4                    
0000ba09  _c_int00_noargs                 
UNDEFED   _system_post_cinit              
0000a7dd  _system_pre_init                
0000be7f  abort                           
202034fc  acceleration_mg                 
20203398  ahrs                            
20203508  angular_rate_mdps               
00007d31  asinf                           
00008acd  atan2f                          
00007039  atanf                           
0000b329  atoi                            
ffffffff  binit                           
00006acd  cosf                            
0000b459  encoder_task                    
20203514  euler                           
00008279  floor                           
00008279  floorl                          
0000adf9  frexp                           
0000adf9  frexpl                          
2020365e  gDataReceived                   
20203180  gE3_BBackup                     
20203618  gEncMotor1                      
20203630  gEncMotor3                      
20203598  gMotor                          
202032f8  gPWM_1Backup                    
2020365f  gRxByte                         
2020344c  gSPI_IMU660RBBackup             
2020323c  gTIMER_0Backup                  
2020364c  gTimerTest                      
00000000  interruptVectors                
000098ed  ldexp                           
00009b69  ldexpf                          
000098ed  ldexpl                          
0000b7a9  lsm6dsr_angular_rate_raw_get    
0000b5b9  lsm6dsr_block_data_update_set   
0000b709  lsm6dsr_data_ready_mode_set     
0000bd7b  lsm6dsr_device_id_get           
0000bc61  lsm6dsr_from_fs2000dps_to_mdps  
0000bc75  lsm6dsr_from_fs2g_to_mg         
0000a935  lsm6dsr_fsm_data_rate_get       
0000a6ef  lsm6dsr_fsm_enable_get          
000091c9  lsm6dsr_gy_data_rate_set        
0000b5f1  lsm6dsr_gy_filter_lp1_set       
0000bb91  lsm6dsr_gy_flag_data_ready_get  
0000b629  lsm6dsr_gy_full_scale_set       
0000aae1  lsm6dsr_i3c_disable_set         
0000bbf5  lsm6dsr_odr_cal_reg_get         
00009d71  lsm6dsr_pin_int1_route_get      
00006ca1  lsm6dsr_pin_int1_route_set      
0000bc89  lsm6dsr_read_reg                
0000bb1f  lsm6dsr_reset_get               
0000b661  lsm6dsr_reset_set               
0000bc9d  lsm6dsr_write_reg               
000092b9  lsm6dsr_xl_data_rate_set        
0000b699  lsm6dsr_xl_full_scale_set       
00005b31  main                            
0000ba7d  memccpy                         
0000bac1  memcmp                          
00009ff9  memcpy                          
0000acdb  memset                          
0000b7dd  mspm0_delay_ms                  
0000bc0d  mspm0_get_clock_ms              
000098ed  scalbn                          
00009b69  scalbnf                         
000098ed  scalbnl                         
00007201  sinf                            
0000b101  snprintf                        
0000b6d1  sprintf                         
00007bc1  sqrt                            
00007bc1  sqrtl                           
2020357c  start_time                      
0000a3f1  strcmp                          
00005235  strtof                          
000083bd  strtol                          
20203580  tick_ms                         
0000bd4d  wcslen                          


GLOBAL SYMBOLS: SORTED BY Symbol Address 

address   name                            
-------   ----                            
00000000  __TI_ATRegion0_region_sz        
00000000  __TI_ATRegion0_src_addr         
00000000  __TI_ATRegion0_trg_addr         
00000000  __TI_ATRegion1_region_sz        
00000000  __TI_ATRegion1_src_addr         
00000000  __TI_ATRegion1_trg_addr         
00000000  __TI_ATRegion2_region_sz        
00000000  __TI_ATRegion2_src_addr         
00000000  __TI_ATRegion2_trg_addr         
00000000  __TI_static_base__              
00000000  interruptVectors                
000000c1  RoadTest_Update                 
00000200  __STACK_SIZE                    
0000217d  __TI_printfi                    
00002b4d  OLED_ShowSignedNum              
00003477  ADC0_IRQHandler                 
00003477  ADC1_IRQHandler                 
00003477  AES_IRQHandler                  
00003477  CANFD0_IRQHandler               
00003477  DAC0_IRQHandler                 
00003477  DMA_IRQHandler                  
00003477  Default_Handler                 
00003477  GROUP0_IRQHandler               
00003477  GROUP1_IRQHandler               
00003477  HardFault_Handler               
00003477  I2C0_IRQHandler                 
00003477  I2C1_IRQHandler                 
00003477  NMI_Handler                     
00003477  PendSV_Handler                  
00003477  RTC_IRQHandler                  
00003477  SPI0_IRQHandler                 
00003477  SPI1_IRQHandler                 
00003477  SVC_Handler                     
00003477  TIMG12_IRQHandler               
00003477  TIMG6_IRQHandler                
00003477  TIMG7_IRQHandler                
00003477  TIMG8_IRQHandler                
00003477  UART2_IRQHandler                
00003477  UART3_IRQHandler                
00003479  FusionAhrsUpdate                
00003d2d  SpeedControl_ProcessCommand     
000043d5  __kernel_rem_pio2               
00004a19  OLED_ShowNum                    
00004ea9  RoadTest_ProcessCommand         
00005235  strtof                          
00005595  OLED_Init                       
00005869  RoadTest_DumpAllToVofa          
00005b31  main                            
00005dc9  RoadTest_DumpToVofa             
00006291  FusionTasks                     
000066dd  IMU660RB_Init                   
00006acd  cosf                            
00006ca1  lsm6dsr_pin_int1_route_set      
00006e71  SpeedControl_Update20ms         
00007039  atanf                           
00007201  sinf                            
000073c9  Read_IMU660RB                   
00007589  FusionAhrsSetHeading            
00007725  __aeabi_dsub                    
00007725  __subdf3                        
0000772f  __adddf3                        
0000772f  __aeabi_dadd                    
000078b7  __aeabi_idiv0                   
00007bc1  sqrt                            
00007bc1  sqrtl                           
00007d31  asinf                           
00007fe7  __aeabi_ldiv0                   
00007fe9  OLED_WR_Byte                    
00008135  OLED_Clear                      
00008279  floor                           
00008279  floorl                          
000083bd  strtol                          
00008899  DL_Timer_initCaptureMode        
000089b5  RoadTest_Record20ms             
00008acd  atan2f                          
00008be5  __aeabi_ddiv                    
00008be5  __divdf3                        
00008cf1  DL_Timer_initFourCCPWMMode      
00008df5  DL_Timer_initTimerMode          
00008ef1  RoadTest_Init                   
000091c9  lsm6dsr_gy_data_rate_set        
000092b9  lsm6dsr_xl_data_rate_set        
000093a9  SYSCFG_DL_GPIO_init             
00009491  __aeabi_dmul                    
00009491  __muldf3                        
00009575  FusionAhrsSetSettings           
00009655  FusionOffsetUpdate              
00009735  OLED_ShowChar                   
00009811  VOFA_ReadCommand                
000098ed  ldexp                           
000098ed  ldexpl                          
000098ed  scalbn                          
000098ed  scalbnl                         
000099c5  __aeabi_fsub                    
000099c5  __subsf3                        
000099cf  __addsf3                        
000099cf  __aeabi_fadd                    
00009a9d  SpeedControl_Init               
00009b69  ldexpf                          
00009b69  scalbnf                         
00009d71  lsm6dsr_pin_int1_route_get      
00009e1d  __udivmoddi4                    
00009ff9  memcpy                          
0000a095  SYSCFG_DL_initPower             
0000a129  TIMA0_IRQHandler                
0000a1bd  Key_Init                        
0000a249  SYSCFG_DL_PWM_0_init            
0000a2d5  SYSCFG_DL_PWM_1_init            
0000a361  __aeabi_fmul                    
0000a361  __mulsf3                        
0000a3ec  C$$EXIT                         
0000a3ed  HOSTexit                        
0000a3f1  strcmp                          
0000a479  __aeabi_fdiv                    
0000a479  __divsf3                        
0000a4fd  VOFA_Update                     
0000a57d  SYSCFG_DL_UART_VOFA_init        
0000a5f9  __TI_decompress_lzss            
0000a675  OLED_ShowString                 
0000a6ef  lsm6dsr_fsm_enable_get          
0000a769  __gedf2                         
0000a769  __gtdf2                         
0000a7dd  _system_pre_init                
0000a7e1  __aeabi_d2f                     
0000a7e1  __truncdfsf2                    
0000a855  SYSCFG_DL_UART_0_init           
0000a8c5  UART0_IRQHandler                
0000a935  lsm6dsr_fsm_data_rate_get       
0000a9a5  SpeedControl_GetStatus          
0000aa11  Motor_SetSpeed                  
0000aa79  __cmpdf2                        
0000aa79  __eqdf2                         
0000aa79  __ledf2                         
0000aa79  __ltdf2                         
0000aa79  __nedf2                         
0000aae1  lsm6dsr_i3c_disable_set         
0000abb1  VOFA_Init                       
0000ac15  __aeabi_dcmpeq                  
0000ac29  __aeabi_dcmplt                  
0000ac3d  __aeabi_dcmple                  
0000ac51  __aeabi_dcmpge                  
0000ac65  __aeabi_dcmpgt                  
0000ac79  __aeabi_fcmpeq                  
0000ac8d  __aeabi_fcmplt                  
0000aca1  __aeabi_fcmple                  
0000acb5  __aeabi_fcmpge                  
0000acc9  __aeabi_fcmpgt                  
0000acdb  memset                          
0000ad3d  DL_I2C_fillControllerTXFIFO     
0000ad9d  SYSCFG_DL_init                  
0000adf9  frexp                           
0000adf9  frexpl                          
0000ae55  FusionAhrsInitialise            
0000af05  __TI_ltoa                       
0000afb5  __aeabi_idiv                    
0000afb5  __aeabi_idivmod                 
0000b00d  SYSCFG_DL_I2C_OLED_init         
0000b0b5  SYSCFG_DL_SPI_IMU660RB_init     
0000b101  snprintf                        
0000b14d  __aeabi_d2iz                    
0000b14d  __fixdfsi                       
0000b199  DL_UART_init                    
0000b1e1  DL_SPI_init                     
0000b225  VOFA_SendMessage                
0000b269  FusionAhrsUpdateNoMagnetometer  
0000b2a9  __aeabi_uidiv                   
0000b2a9  __aeabi_uidivmod                
0000b2e9  __aeabi_f2d                     
0000b2e9  __extendsfdf2                   
0000b329  atoi                            
0000b369  SYSCFG_DL_E1_B_init             
0000b3a5  SYSCFG_DL_E3_B_init             
0000b3e1  __aeabi_i2f                     
0000b3e1  __floatsisf                     
0000b41d  __gesf2                         
0000b41d  __gtsf2                         
0000b459  encoder_task                    
0000b495  __TI_auto_init_nobinit_nopinit  
0000b4d1  __cmpsf2                        
0000b4d1  __eqsf2                         
0000b4d1  __lesf2                         
0000b4d1  __ltsf2                         
0000b4d1  __nesf2                         
0000b50d  __muldsi3                       
0000b549  SYSCFG_DL_TIMER_0_init          
0000b581  __aeabi_f2iz                    
0000b581  __fixsfsi                       
0000b5b9  lsm6dsr_block_data_update_set   
0000b5f1  lsm6dsr_gy_filter_lp1_set       
0000b629  lsm6dsr_gy_full_scale_set       
0000b661  lsm6dsr_reset_set               
0000b699  lsm6dsr_xl_full_scale_set       
0000b6d1  sprintf                         
0000b709  lsm6dsr_data_ready_mode_set     
0000b741  TIMA1_IRQHandler                
0000b775  TIMG0_IRQHandler                
0000b7a9  lsm6dsr_angular_rate_raw_get    
0000b7dd  mspm0_delay_ms                  
0000b811  __aeabi_f2uiz                   
0000b811  __fixunssfsi                    
0000b845  DL_UART_transmitDataBlocking    
0000b875  FusionOffsetInitialise          
0000b8a5  SYSCFG_DL_SYSCTL_init           
0000b935  Encoder_Start                   
0000b961  UART1_IRQHandler                
0000b98d  __aeabi_i2d                     
0000b98d  __floatsidf                     
0000b9b9  SysTick_Init                    
0000b9e1  __aeabi_ui2f                    
0000b9e1  __floatunsisf                   
0000ba09  _c_int00_noargs                 
0000ba31  DL_I2C_setClockConfig           
0000ba59  __aeabi_lmul                    
0000ba59  __muldi3                        
0000ba7d  memccpy                         
0000baa1  Key_IsPressed                   
0000bac1  memcmp                          
0000bae1  Motor_Stop                      
0000bb01  __aeabi_llsl                    
0000bb01  __ashldi3                       
0000bb1f  lsm6dsr_reset_get               
0000bb3d  DL_Timer_setCaptCompUpdateMethod
0000bb59  DL_Timer_setClockConfig         
0000bb75  Key_GetPressedTimeMs            
0000bb91  lsm6dsr_gy_flag_data_ready_get  
0000bbad  DL_Timer_setCaptureCompareOutCtl
0000bbf5  lsm6dsr_odr_cal_reg_get         
0000bc0d  mspm0_get_clock_ms              
0000bc4d  __aeabi_uldivmod                
0000bc61  lsm6dsr_from_fs2000dps_to_mdps  
0000bc75  lsm6dsr_from_fs2g_to_mg         
0000bc89  lsm6dsr_read_reg                
0000bc9d  lsm6dsr_write_reg               
0000bcc5  DL_SPI_setClockConfig           
0000bcd7  DL_UART_setClockConfig          
0000bce9  __TI_decompress_none            
0000bcfd  DL_Timer_setCaptureCompareValue 
0000bd0d  FusionAhrsGetQuaternion         
0000bd2d  RoadTest_UsesOled               
0000bd3d  SysTick_Handler                 
0000bd4d  wcslen                          
0000bd5d  __TI_zero_init                  
0000bd6d  __aeabi_memset                  
0000bd6d  __aeabi_memset4                 
0000bd6d  __aeabi_memset8                 
0000bd7b  lsm6dsr_device_id_get           
0000bd99  __aeabi_memclr                  
0000bd99  __aeabi_memclr4                 
0000bd99  __aeabi_memclr8                 
0000bda5  DL_Common_delayCycles           
0000bdfb  Key_Update1ms                   
0000be0d  __aeabi_errno_addr              
0000be15  __aeabi_memcpy                  
0000be15  __aeabi_memcpy4                 
0000be15  __aeabi_memcpy8                 
0000be7f  abort                           
0000beb1  Reset_Handler                   
0000c7e0  __aeabi_ctype_table_            
0000c7e0  __aeabi_ctype_table_C           
0000d33c  __TI_Handler_Table_Base         
0000d348  __TI_Handler_Table_Limit        
0000d350  __TI_CINIT_Base                 
0000d360  __TI_CINIT_Limit                
0000d360  __TI_CINIT_Warm                 
20200000  __start___llvm_prf_bits         
20200000  __start___llvm_prf_cnts         
20200000  __stop___llvm_prf_bits          
20200000  __stop___llvm_prf_cnts          
20203180  gE3_BBackup                     
2020323c  gTIMER_0Backup                  
202032f8  gPWM_1Backup                    
20203398  ahrs                            
2020344c  gSPI_IMU660RBBackup             
202034fc  acceleration_mg                 
20203508  angular_rate_mdps               
20203514  euler                           
2020357c  start_time                      
20203580  tick_ms                         
20203598  gMotor                          
20203618  gEncMotor1                      
20203630  gEncMotor3                      
20203648  __aeabi_errno                   
2020364c  gTimerTest                      
2020365e  gDataReceived                   
2020365f  gRxByte                         
20207e00  __stack                         
20208000  __STACK_END                     
ffffffff  __TI_pprof_out_hndl             
ffffffff  __TI_prof_data_size             
ffffffff  __TI_prof_data_start            
ffffffff  __binit__                       
ffffffff  binit                           
UNDEFED   __mpu_init                      
UNDEFED   _system_post_cinit              

[294 symbols]
