<?xml version="1.0" encoding="ISO-8859-1" ?>
<link_info>
   <banner>TI ARM Clang Linker PC v4.0.4.LTS</banner>
   <copyright>Copyright (c) 1996-2018 Texas Instruments Incorporated</copyright>
   <command_line>C:\ti\ccs2050\ccs\tools\compiler\ti-cgt-armllvm_4.0.4.LTS\bin\tiarmlnk -IC:\ti\ccs2050\ccs\tools\compiler\ti-cgt-armllvm_4.0.4.LTS\lib -o gpio_toggle_output_LP_MSPM0G3507_nortos_ticlang.out -mgpio_toggle_output_LP_MSPM0G3507_nortos_ticlang.map -iC:/ti/mspm0_sdk_2_10_00_04/source -iC:/Users/26447/workspace_ccstheia/gpio_toggle_output_LP_MSPM0G3507_nortos_ticlang -iC:/Users/26447/workspace_ccstheia/gpio_toggle_output_LP_MSPM0G3507_nortos_ticlang/Debug/syscfg -iC:/ti/ccs2050/ccs/tools/compiler/ti-cgt-armllvm_4.0.4.LTS/lib --diag_wrap=off --display_error_number --warn_sections --xml_link_info=gpio_toggle_output_LP_MSPM0G3507_nortos_ticlang_linkInfo.xml --rom_model ./gpio_toggle_output.o ./ti_msp_dl_config.o ./startup_mspm0g350x_ticlang.o ./hardware/IMU660RB/Fusion/FusionAhrs.o ./hardware/IMU660RB/Fusion/FusionCompass.o ./hardware/IMU660RB/Fusion/FusionOffset.o ./hardware/IMU660RB/imu660rb.o ./hardware/IMU660RB/lsm6dsr_reg.o ./hardware/clock.o ./hardware/delay.o ./hardware/encoder.o ./hardware/heading_control.o ./hardware/key.o ./hardware/menu.o ./hardware/motor.o ./hardware/oled_hardware_i2c.o ./hardware/speed_control.o ./hardware/ttop_funtion.o ./hardware/vehicle_yaw.o -l./device_linker.cmd -ldevice.cmd.genlibs -llibc.a --start-group -llibc++.a -llibc++abi.a -llibc.a -llibsys.a -llibsysbm.a -llibclang_rt.builtins.a -llibclang_rt.profile.a --end-group --cg_opt_level=2</command_line>
   <link_time>0x6a608bab</link_time>
   <link_errors>0x0</link_errors>
   <output_file>C:\Users\26447\workspace_ccstheia\gpio_toggle_output_LP_MSPM0G3507_nortos_ticlang\Debug\gpio_toggle_output_LP_MSPM0G3507_nortos_ticlang.out</output_file>
   <entry_point>
      <name>_c_int00_noargs</name>
      <address>0x7c3d</address>
   </entry_point>
   <input_file_list>
      <input_file id="fl-1">
         <path>C:\Users\26447\workspace_ccstheia\gpio_toggle_output_LP_MSPM0G3507_nortos_ticlang\Debug\.\</path>
         <kind>object</kind>
         <file>gpio_toggle_output.o</file>
         <name>gpio_toggle_output.o</name>
      </input_file>
      <input_file id="fl-2">
         <path>C:\Users\26447\workspace_ccstheia\gpio_toggle_output_LP_MSPM0G3507_nortos_ticlang\Debug\.\</path>
         <kind>object</kind>
         <file>ti_msp_dl_config.o</file>
         <name>ti_msp_dl_config.o</name>
      </input_file>
      <input_file id="fl-3">
         <path>C:\Users\26447\workspace_ccstheia\gpio_toggle_output_LP_MSPM0G3507_nortos_ticlang\Debug\.\</path>
         <kind>object</kind>
         <file>startup_mspm0g350x_ticlang.o</file>
         <name>startup_mspm0g350x_ticlang.o</name>
      </input_file>
      <input_file id="fl-4">
         <path>C:\Users\26447\workspace_ccstheia\gpio_toggle_output_LP_MSPM0G3507_nortos_ticlang\Debug\.\hardware\IMU660RB\Fusion\</path>
         <kind>object</kind>
         <file>FusionAhrs.o</file>
         <name>FusionAhrs.o</name>
      </input_file>
      <input_file id="fl-5">
         <path>C:\Users\26447\workspace_ccstheia\gpio_toggle_output_LP_MSPM0G3507_nortos_ticlang\Debug\.\hardware\IMU660RB\Fusion\</path>
         <kind>object</kind>
         <file>FusionCompass.o</file>
         <name>FusionCompass.o</name>
      </input_file>
      <input_file id="fl-6">
         <path>C:\Users\26447\workspace_ccstheia\gpio_toggle_output_LP_MSPM0G3507_nortos_ticlang\Debug\.\hardware\IMU660RB\Fusion\</path>
         <kind>object</kind>
         <file>FusionOffset.o</file>
         <name>FusionOffset.o</name>
      </input_file>
      <input_file id="fl-7">
         <path>C:\Users\26447\workspace_ccstheia\gpio_toggle_output_LP_MSPM0G3507_nortos_ticlang\Debug\.\hardware\IMU660RB\</path>
         <kind>object</kind>
         <file>imu660rb.o</file>
         <name>imu660rb.o</name>
      </input_file>
      <input_file id="fl-8">
         <path>C:\Users\26447\workspace_ccstheia\gpio_toggle_output_LP_MSPM0G3507_nortos_ticlang\Debug\.\hardware\IMU660RB\</path>
         <kind>object</kind>
         <file>lsm6dsr_reg.o</file>
         <name>lsm6dsr_reg.o</name>
      </input_file>
      <input_file id="fl-9">
         <path>C:\Users\26447\workspace_ccstheia\gpio_toggle_output_LP_MSPM0G3507_nortos_ticlang\Debug\.\hardware\</path>
         <kind>object</kind>
         <file>clock.o</file>
         <name>clock.o</name>
      </input_file>
      <input_file id="fl-a">
         <path>C:\Users\26447\workspace_ccstheia\gpio_toggle_output_LP_MSPM0G3507_nortos_ticlang\Debug\.\hardware\</path>
         <kind>object</kind>
         <file>delay.o</file>
         <name>delay.o</name>
      </input_file>
      <input_file id="fl-b">
         <path>C:\Users\26447\workspace_ccstheia\gpio_toggle_output_LP_MSPM0G3507_nortos_ticlang\Debug\.\hardware\</path>
         <kind>object</kind>
         <file>encoder.o</file>
         <name>encoder.o</name>
      </input_file>
      <input_file id="fl-c">
         <path>C:\Users\26447\workspace_ccstheia\gpio_toggle_output_LP_MSPM0G3507_nortos_ticlang\Debug\.\hardware\</path>
         <kind>object</kind>
         <file>heading_control.o</file>
         <name>heading_control.o</name>
      </input_file>
      <input_file id="fl-d">
         <path>C:\Users\26447\workspace_ccstheia\gpio_toggle_output_LP_MSPM0G3507_nortos_ticlang\Debug\.\hardware\</path>
         <kind>object</kind>
         <file>key.o</file>
         <name>key.o</name>
      </input_file>
      <input_file id="fl-e">
         <path>C:\Users\26447\workspace_ccstheia\gpio_toggle_output_LP_MSPM0G3507_nortos_ticlang\Debug\.\hardware\</path>
         <kind>object</kind>
         <file>menu.o</file>
         <name>menu.o</name>
      </input_file>
      <input_file id="fl-f">
         <path>C:\Users\26447\workspace_ccstheia\gpio_toggle_output_LP_MSPM0G3507_nortos_ticlang\Debug\.\hardware\</path>
         <kind>object</kind>
         <file>motor.o</file>
         <name>motor.o</name>
      </input_file>
      <input_file id="fl-10">
         <path>C:\Users\26447\workspace_ccstheia\gpio_toggle_output_LP_MSPM0G3507_nortos_ticlang\Debug\.\hardware\</path>
         <kind>object</kind>
         <file>oled_hardware_i2c.o</file>
         <name>oled_hardware_i2c.o</name>
      </input_file>
      <input_file id="fl-11">
         <path>C:\Users\26447\workspace_ccstheia\gpio_toggle_output_LP_MSPM0G3507_nortos_ticlang\Debug\.\hardware\</path>
         <kind>object</kind>
         <file>speed_control.o</file>
         <name>speed_control.o</name>
      </input_file>
      <input_file id="fl-12">
         <path>C:\Users\26447\workspace_ccstheia\gpio_toggle_output_LP_MSPM0G3507_nortos_ticlang\Debug\.\hardware\</path>
         <kind>object</kind>
         <file>ttop_funtion.o</file>
         <name>ttop_funtion.o</name>
      </input_file>
      <input_file id="fl-13">
         <path>C:\Users\26447\workspace_ccstheia\gpio_toggle_output_LP_MSPM0G3507_nortos_ticlang\Debug\.\hardware\</path>
         <kind>object</kind>
         <file>vehicle_yaw.o</file>
         <name>vehicle_yaw.o</name>
      </input_file>
      <input_file id="fl-20">
         <path>C:\Users\26447\workspace_ccstheia\gpio_toggle_output_LP_MSPM0G3507_nortos_ticlang\Debug\</path>
         <kind>object</kind>
         <file>&lt;internal&gt;</file>
         <name>&lt;internal&gt;</name>
      </input_file>
      <input_file id="fl-21">
         <path>C:\ti\mspm0_sdk_2_10_00_04\source\ti\driverlib\lib\ticlang\m0p\mspm0g1x0x_g3x0x\</path>
         <kind>archive</kind>
         <file>driverlib.a</file>
         <name>dl_common.o</name>
      </input_file>
      <input_file id="fl-22">
         <path>C:\ti\mspm0_sdk_2_10_00_04\source\ti\driverlib\lib\ticlang\m0p\mspm0g1x0x_g3x0x\</path>
         <kind>archive</kind>
         <file>driverlib.a</file>
         <name>dl_i2c.o</name>
      </input_file>
      <input_file id="fl-23">
         <path>C:\ti\mspm0_sdk_2_10_00_04\source\ti\driverlib\lib\ticlang\m0p\mspm0g1x0x_g3x0x\</path>
         <kind>archive</kind>
         <file>driverlib.a</file>
         <name>dl_spi.o</name>
      </input_file>
      <input_file id="fl-24">
         <path>C:\ti\mspm0_sdk_2_10_00_04\source\ti\driverlib\lib\ticlang\m0p\mspm0g1x0x_g3x0x\</path>
         <kind>archive</kind>
         <file>driverlib.a</file>
         <name>dl_timer.o</name>
      </input_file>
      <input_file id="fl-25">
         <path>C:\ti\mspm0_sdk_2_10_00_04\source\ti\driverlib\lib\ticlang\m0p\mspm0g1x0x_g3x0x\</path>
         <kind>archive</kind>
         <file>driverlib.a</file>
         <name>dl_uart.o</name>
      </input_file>
      <input_file id="fl-3c">
         <path>C:\ti\ccs2050\ccs\tools\compiler\ti-cgt-armllvm_4.0.4.LTS\lib\armv6m-ti-none-eabi\c\</path>
         <kind>archive</kind>
         <file>libc.a</file>
         <name>e_asinf.c.obj</name>
      </input_file>
      <input_file id="fl-3d">
         <path>C:\ti\ccs2050\ccs\tools\compiler\ti-cgt-armllvm_4.0.4.LTS\lib\armv6m-ti-none-eabi\c\</path>
         <kind>archive</kind>
         <file>libc.a</file>
         <name>e_atan2f.c.obj</name>
      </input_file>
      <input_file id="fl-3e">
         <path>C:\ti\ccs2050\ccs\tools\compiler\ti-cgt-armllvm_4.0.4.LTS\lib\armv6m-ti-none-eabi\c\</path>
         <kind>archive</kind>
         <file>libc.a</file>
         <name>e_sqrtf.c.obj</name>
      </input_file>
      <input_file id="fl-3f">
         <path>C:\ti\ccs2050\ccs\tools\compiler\ti-cgt-armllvm_4.0.4.LTS\lib\armv6m-ti-none-eabi\c\</path>
         <kind>archive</kind>
         <file>libc.a</file>
         <name>s_atanf.c.obj</name>
      </input_file>
      <input_file id="fl-40">
         <path>C:\ti\ccs2050\ccs\tools\compiler\ti-cgt-armllvm_4.0.4.LTS\lib\armv6m-ti-none-eabi\c\</path>
         <kind>archive</kind>
         <file>libc.a</file>
         <name>s_cosf.c.obj</name>
      </input_file>
      <input_file id="fl-41">
         <path>C:\ti\ccs2050\ccs\tools\compiler\ti-cgt-armllvm_4.0.4.LTS\lib\armv6m-ti-none-eabi\c\</path>
         <kind>archive</kind>
         <file>libc.a</file>
         <name>s_sinf.c.obj</name>
      </input_file>
      <input_file id="fl-42">
         <path>C:\ti\ccs2050\ccs\tools\compiler\ti-cgt-armllvm_4.0.4.LTS\lib\armv6m-ti-none-eabi\c\</path>
         <kind>archive</kind>
         <file>libc.a</file>
         <name>sprintf.c.obj</name>
      </input_file>
      <input_file id="fl-43">
         <path>C:\ti\ccs2050\ccs\tools\compiler\ti-cgt-armllvm_4.0.4.LTS\lib\armv6m-ti-none-eabi\c\</path>
         <kind>archive</kind>
         <file>libc.a</file>
         <name>aeabi_portable.c.obj</name>
      </input_file>
      <input_file id="fl-44">
         <path>C:\ti\ccs2050\ccs\tools\compiler\ti-cgt-armllvm_4.0.4.LTS\lib\armv6m-ti-none-eabi\c\</path>
         <kind>archive</kind>
         <file>libc.a</file>
         <name>k_rem_pio2.c.obj</name>
      </input_file>
      <input_file id="fl-45">
         <path>C:\ti\ccs2050\ccs\tools\compiler\ti-cgt-armllvm_4.0.4.LTS\lib\armv6m-ti-none-eabi\c\</path>
         <kind>archive</kind>
         <file>libc.a</file>
         <name>assert.c.obj</name>
      </input_file>
      <input_file id="fl-46">
         <path>C:\ti\ccs2050\ccs\tools\compiler\ti-cgt-armllvm_4.0.4.LTS\lib\armv6m-ti-none-eabi\c\</path>
         <kind>archive</kind>
         <file>libc.a</file>
         <name>defs.c.obj</name>
      </input_file>
      <input_file id="fl-47">
         <path>C:\ti\ccs2050\ccs\tools\compiler\ti-cgt-armllvm_4.0.4.LTS\lib\armv6m-ti-none-eabi\c\</path>
         <kind>archive</kind>
         <file>libc.a</file>
         <name>memory.c.obj</name>
      </input_file>
      <input_file id="fl-48">
         <path>C:\ti\ccs2050\ccs\tools\compiler\ti-cgt-armllvm_4.0.4.LTS\lib\armv6m-ti-none-eabi\c\</path>
         <kind>archive</kind>
         <file>libc.a</file>
         <name>boot_cortex_m.c.obj</name>
      </input_file>
      <input_file id="fl-49">
         <path>C:\ti\ccs2050\ccs\tools\compiler\ti-cgt-armllvm_4.0.4.LTS\lib\armv6m-ti-none-eabi\c\</path>
         <kind>archive</kind>
         <file>libc.a</file>
         <name>mathacl_init.c.obj</name>
      </input_file>
      <input_file id="fl-4a">
         <path>C:\ti\ccs2050\ccs\tools\compiler\ti-cgt-armllvm_4.0.4.LTS\lib\armv6m-ti-none-eabi\c\</path>
         <kind>archive</kind>
         <file>libc.a</file>
         <name>autoinit.c.obj</name>
      </input_file>
      <input_file id="fl-4b">
         <path>C:\ti\ccs2050\ccs\tools\compiler\ti-cgt-armllvm_4.0.4.LTS\lib\armv6m-ti-none-eabi\c\</path>
         <kind>archive</kind>
         <file>libc.a</file>
         <name>pre_init.c.obj</name>
      </input_file>
      <input_file id="fl-4c">
         <path>C:\ti\ccs2050\ccs\tools\compiler\ti-cgt-armllvm_4.0.4.LTS\lib\armv6m-ti-none-eabi\c\</path>
         <kind>archive</kind>
         <file>libc.a</file>
         <name>cpy_tbl.c.obj</name>
      </input_file>
      <input_file id="fl-4d">
         <path>C:\ti\ccs2050\ccs\tools\compiler\ti-cgt-armllvm_4.0.4.LTS\lib\armv6m-ti-none-eabi\c\</path>
         <kind>archive</kind>
         <file>libc.a</file>
         <name>copy_zero_init.c.obj</name>
      </input_file>
      <input_file id="fl-4e">
         <path>C:\ti\ccs2050\ccs\tools\compiler\ti-cgt-armllvm_4.0.4.LTS\lib\armv6m-ti-none-eabi\c\</path>
         <kind>archive</kind>
         <file>libc.a</file>
         <name>copy_decompress_none.c.obj</name>
      </input_file>
      <input_file id="fl-4f">
         <path>C:\ti\ccs2050\ccs\tools\compiler\ti-cgt-armllvm_4.0.4.LTS\lib\armv6m-ti-none-eabi\c\</path>
         <kind>archive</kind>
         <file>libc.a</file>
         <name>copy_decompress_lzss.c.obj</name>
      </input_file>
      <input_file id="fl-50">
         <path>C:\ti\ccs2050\ccs\tools\compiler\ti-cgt-armllvm_4.0.4.LTS\lib\armv6m-ti-none-eabi\c\</path>
         <kind>archive</kind>
         <file>libc.a</file>
         <name>e_sqrt.c.obj</name>
      </input_file>
      <input_file id="fl-51">
         <path>C:\ti\ccs2050\ccs\tools\compiler\ti-cgt-armllvm_4.0.4.LTS\lib\armv6m-ti-none-eabi\c\</path>
         <kind>archive</kind>
         <file>libc.a</file>
         <name>s_floor.c.obj</name>
      </input_file>
      <input_file id="fl-52">
         <path>C:\ti\ccs2050\ccs\tools\compiler\ti-cgt-armllvm_4.0.4.LTS\lib\armv6m-ti-none-eabi\c\</path>
         <kind>archive</kind>
         <file>libc.a</file>
         <name>s_scalbn.c.obj</name>
      </input_file>
      <input_file id="fl-53">
         <path>C:\ti\ccs2050\ccs\tools\compiler\ti-cgt-armllvm_4.0.4.LTS\lib\armv6m-ti-none-eabi\c\</path>
         <kind>archive</kind>
         <file>libc.a</file>
         <name>_printfi.c.obj</name>
      </input_file>
      <input_file id="fl-54">
         <path>C:\ti\ccs2050\ccs\tools\compiler\ti-cgt-armllvm_4.0.4.LTS\lib\armv6m-ti-none-eabi\c\</path>
         <kind>archive</kind>
         <file>libc.a</file>
         <name>fflush.c.obj</name>
      </input_file>
      <input_file id="fl-55">
         <path>C:\ti\ccs2050\ccs\tools\compiler\ti-cgt-armllvm_4.0.4.LTS\lib\armv6m-ti-none-eabi\c\</path>
         <kind>archive</kind>
         <file>libc.a</file>
         <name>fputs.c.obj</name>
      </input_file>
      <input_file id="fl-56">
         <path>C:\ti\ccs2050\ccs\tools\compiler\ti-cgt-armllvm_4.0.4.LTS\lib\armv6m-ti-none-eabi\c\</path>
         <kind>archive</kind>
         <file>libc.a</file>
         <name>_io_perm.c.obj</name>
      </input_file>
      <input_file id="fl-57">
         <path>C:\ti\ccs2050\ccs\tools\compiler\ti-cgt-armllvm_4.0.4.LTS\lib\armv6m-ti-none-eabi\c\</path>
         <kind>archive</kind>
         <file>libc.a</file>
         <name>setvbuf.c.obj</name>
      </input_file>
      <input_file id="fl-58">
         <path>C:\ti\ccs2050\ccs\tools\compiler\ti-cgt-armllvm_4.0.4.LTS\lib\armv6m-ti-none-eabi\c\</path>
         <kind>archive</kind>
         <file>libc.a</file>
         <name>exit.c.obj</name>
      </input_file>
      <input_file id="fl-59">
         <path>C:\ti\ccs2050\ccs\tools\compiler\ti-cgt-armllvm_4.0.4.LTS\lib\armv6m-ti-none-eabi\c\</path>
         <kind>archive</kind>
         <file>libc.a</file>
         <name>_lock.c.obj</name>
      </input_file>
      <input_file id="fl-5a">
         <path>C:\ti\ccs2050\ccs\tools\compiler\ti-cgt-armllvm_4.0.4.LTS\lib\armv6m-ti-none-eabi\c\</path>
         <kind>archive</kind>
         <file>libc.a</file>
         <name>_ltoa.c.obj</name>
      </input_file>
      <input_file id="fl-5b">
         <path>C:\ti\ccs2050\ccs\tools\compiler\ti-cgt-armllvm_4.0.4.LTS\lib\armv6m-ti-none-eabi\c\</path>
         <kind>archive</kind>
         <file>libc.a</file>
         <name>args_main.c.obj</name>
      </input_file>
      <input_file id="fl-5c">
         <path>C:\ti\ccs2050\ccs\tools\compiler\ti-cgt-armllvm_4.0.4.LTS\lib\armv6m-ti-none-eabi\c\</path>
         <kind>archive</kind>
         <file>libc.a</file>
         <name>atoi.c.obj</name>
      </input_file>
      <input_file id="fl-5d">
         <path>C:\ti\ccs2050\ccs\tools\compiler\ti-cgt-armllvm_4.0.4.LTS\lib\armv6m-ti-none-eabi\c\</path>
         <kind>archive</kind>
         <file>libc.a</file>
         <name>memccpy.c.obj</name>
      </input_file>
      <input_file id="fl-5e">
         <path>C:\ti\ccs2050\ccs\tools\compiler\ti-cgt-armllvm_4.0.4.LTS\lib\armv6m-ti-none-eabi\c\</path>
         <kind>archive</kind>
         <file>libc.a</file>
         <name>s_frexp.c.obj</name>
      </input_file>
      <input_file id="fl-5f">
         <path>C:\ti\ccs2050\ccs\tools\compiler\ti-cgt-armllvm_4.0.4.LTS\lib\armv6m-ti-none-eabi\c\</path>
         <kind>archive</kind>
         <file>libc.a</file>
         <name>wcslen.c.obj</name>
      </input_file>
      <input_file id="fl-60">
         <path>C:\ti\ccs2050\ccs\tools\compiler\ti-cgt-armllvm_4.0.4.LTS\lib\armv6m-ti-none-eabi\c\</path>
         <kind>archive</kind>
         <file>libc.a</file>
         <name>fopen.c.obj</name>
      </input_file>
      <input_file id="fl-61">
         <path>C:\ti\ccs2050\ccs\tools\compiler\ti-cgt-armllvm_4.0.4.LTS\lib\armv6m-ti-none-eabi\c\</path>
         <kind>archive</kind>
         <file>libc.a</file>
         <name>fseek.c.obj</name>
      </input_file>
      <input_file id="fl-62">
         <path>C:\ti\ccs2050\ccs\tools\compiler\ti-cgt-armllvm_4.0.4.LTS\lib\armv6m-ti-none-eabi\c\</path>
         <kind>archive</kind>
         <file>libc.a</file>
         <name>aeabi_ctype.S.obj</name>
      </input_file>
      <input_file id="fl-63">
         <path>C:\ti\ccs2050\ccs\tools\compiler\ti-cgt-armllvm_4.0.4.LTS\lib\armv6m-ti-none-eabi\c\</path>
         <kind>archive</kind>
         <file>libc.a</file>
         <name>fclose.c.obj</name>
      </input_file>
      <input_file id="fl-103">
         <path>C:\ti\ccs2050\ccs\tools\compiler\ti-cgt-armllvm_4.0.4.LTS\lib\armv6m-ti-none-eabi\c\</path>
         <kind>archive</kind>
         <file>libsysbm.a</file>
         <name>hostexit.c.obj</name>
      </input_file>
      <input_file id="fl-104">
         <path>C:\ti\ccs2050\ccs\tools\compiler\ti-cgt-armllvm_4.0.4.LTS\lib\armv6m-ti-none-eabi\c\</path>
         <kind>archive</kind>
         <file>libsysbm.a</file>
         <name>write.c.obj</name>
      </input_file>
      <input_file id="fl-105">
         <path>C:\ti\ccs2050\ccs\tools\compiler\ti-cgt-armllvm_4.0.4.LTS\lib\armv6m-ti-none-eabi\c\</path>
         <kind>archive</kind>
         <file>libsysbm.a</file>
         <name>host_device.c.obj</name>
      </input_file>
      <input_file id="fl-106">
         <path>C:\ti\ccs2050\ccs\tools\compiler\ti-cgt-armllvm_4.0.4.LTS\lib\armv6m-ti-none-eabi\c\</path>
         <kind>archive</kind>
         <file>libsysbm.a</file>
         <name>remove.c.obj</name>
      </input_file>
      <input_file id="fl-107">
         <path>C:\ti\ccs2050\ccs\tools\compiler\ti-cgt-armllvm_4.0.4.LTS\lib\armv6m-ti-none-eabi\c\</path>
         <kind>archive</kind>
         <file>libsysbm.a</file>
         <name>open.c.obj</name>
      </input_file>
      <input_file id="fl-108">
         <path>C:\ti\ccs2050\ccs\tools\compiler\ti-cgt-armllvm_4.0.4.LTS\lib\armv6m-ti-none-eabi\c\</path>
         <kind>archive</kind>
         <file>libsysbm.a</file>
         <name>lseek.c.obj</name>
      </input_file>
      <input_file id="fl-109">
         <path>C:\ti\ccs2050\ccs\tools\compiler\ti-cgt-armllvm_4.0.4.LTS\lib\armv6m-ti-none-eabi\c\</path>
         <kind>archive</kind>
         <file>libsysbm.a</file>
         <name>close.c.obj</name>
      </input_file>
      <input_file id="fl-10a">
         <path>C:\ti\ccs2050\ccs\tools\compiler\ti-cgt-armllvm_4.0.4.LTS\lib\armv6m-ti-none-eabi\c\</path>
         <kind>archive</kind>
         <file>libsysbm.a</file>
         <name>unlink.c.obj</name>
      </input_file>
      <input_file id="fl-10b">
         <path>C:\ti\ccs2050\ccs\tools\compiler\ti-cgt-armllvm_4.0.4.LTS\lib\armv6m-ti-none-eabi\c\</path>
         <kind>archive</kind>
         <file>libsysbm.a</file>
         <name>hostclose.c.obj</name>
      </input_file>
      <input_file id="fl-10c">
         <path>C:\ti\ccs2050\ccs\tools\compiler\ti-cgt-armllvm_4.0.4.LTS\lib\armv6m-ti-none-eabi\c\</path>
         <kind>archive</kind>
         <file>libsysbm.a</file>
         <name>hostlseek.c.obj</name>
      </input_file>
      <input_file id="fl-10d">
         <path>C:\ti\ccs2050\ccs\tools\compiler\ti-cgt-armllvm_4.0.4.LTS\lib\armv6m-ti-none-eabi\c\</path>
         <kind>archive</kind>
         <file>libsysbm.a</file>
         <name>hostopen.c.obj</name>
      </input_file>
      <input_file id="fl-10e">
         <path>C:\ti\ccs2050\ccs\tools\compiler\ti-cgt-armllvm_4.0.4.LTS\lib\armv6m-ti-none-eabi\c\</path>
         <kind>archive</kind>
         <file>libsysbm.a</file>
         <name>hostread.c.obj</name>
      </input_file>
      <input_file id="fl-10f">
         <path>C:\ti\ccs2050\ccs\tools\compiler\ti-cgt-armllvm_4.0.4.LTS\lib\armv6m-ti-none-eabi\c\</path>
         <kind>archive</kind>
         <file>libsysbm.a</file>
         <name>hostrename.c.obj</name>
      </input_file>
      <input_file id="fl-110">
         <path>C:\ti\ccs2050\ccs\tools\compiler\ti-cgt-armllvm_4.0.4.LTS\lib\armv6m-ti-none-eabi\c\</path>
         <kind>archive</kind>
         <file>libsysbm.a</file>
         <name>hostunlink.c.obj</name>
      </input_file>
      <input_file id="fl-111">
         <path>C:\ti\ccs2050\ccs\tools\compiler\ti-cgt-armllvm_4.0.4.LTS\lib\armv6m-ti-none-eabi\c\</path>
         <kind>archive</kind>
         <file>libsysbm.a</file>
         <name>hostwrite.c.obj</name>
      </input_file>
      <input_file id="fl-112">
         <path>C:\ti\ccs2050\ccs\tools\compiler\ti-cgt-armllvm_4.0.4.LTS\lib\armv6m-ti-none-eabi\c\</path>
         <kind>archive</kind>
         <file>libsysbm.a</file>
         <name>trgmsg.c.obj</name>
      </input_file>
      <input_file id="fl-113">
         <path>C:\ti\ccs2050\ccs\tools\compiler\ti-cgt-armllvm_4.0.4.LTS\lib\armv6m-ti-none-eabi\</path>
         <kind>archive</kind>
         <file>libclang_rt.builtins.a</file>
         <name>addsf3.S.obj</name>
      </input_file>
      <input_file id="fl-114">
         <path>C:\ti\ccs2050\ccs\tools\compiler\ti-cgt-armllvm_4.0.4.LTS\lib\armv6m-ti-none-eabi\</path>
         <kind>archive</kind>
         <file>libclang_rt.builtins.a</file>
         <name>adddf3.S.obj</name>
      </input_file>
      <input_file id="fl-115">
         <path>C:\ti\ccs2050\ccs\tools\compiler\ti-cgt-armllvm_4.0.4.LTS\lib\armv6m-ti-none-eabi\</path>
         <kind>archive</kind>
         <file>libclang_rt.builtins.a</file>
         <name>muldf3.S.obj</name>
      </input_file>
      <input_file id="fl-116">
         <path>C:\ti\ccs2050\ccs\tools\compiler\ti-cgt-armllvm_4.0.4.LTS\lib\armv6m-ti-none-eabi\</path>
         <kind>archive</kind>
         <file>libclang_rt.builtins.a</file>
         <name>muldsi3.S.obj</name>
      </input_file>
      <input_file id="fl-117">
         <path>C:\ti\ccs2050\ccs\tools\compiler\ti-cgt-armllvm_4.0.4.LTS\lib\armv6m-ti-none-eabi\</path>
         <kind>archive</kind>
         <file>libclang_rt.builtins.a</file>
         <name>mulsf3.S.obj</name>
      </input_file>
      <input_file id="fl-118">
         <path>C:\ti\ccs2050\ccs\tools\compiler\ti-cgt-armllvm_4.0.4.LTS\lib\armv6m-ti-none-eabi\</path>
         <kind>archive</kind>
         <file>libclang_rt.builtins.a</file>
         <name>divsf3.S.obj</name>
      </input_file>
      <input_file id="fl-119">
         <path>C:\ti\ccs2050\ccs\tools\compiler\ti-cgt-armllvm_4.0.4.LTS\lib\armv6m-ti-none-eabi\</path>
         <kind>archive</kind>
         <file>libclang_rt.builtins.a</file>
         <name>divdf3.S.obj</name>
      </input_file>
      <input_file id="fl-11a">
         <path>C:\ti\ccs2050\ccs\tools\compiler\ti-cgt-armllvm_4.0.4.LTS\lib\armv6m-ti-none-eabi\</path>
         <kind>archive</kind>
         <file>libclang_rt.builtins.a</file>
         <name>extendsfdf2.S.obj</name>
      </input_file>
      <input_file id="fl-11b">
         <path>C:\ti\ccs2050\ccs\tools\compiler\ti-cgt-armllvm_4.0.4.LTS\lib\armv6m-ti-none-eabi\</path>
         <kind>archive</kind>
         <file>libclang_rt.builtins.a</file>
         <name>fixdfsi.S.obj</name>
      </input_file>
      <input_file id="fl-11c">
         <path>C:\ti\ccs2050\ccs\tools\compiler\ti-cgt-armllvm_4.0.4.LTS\lib\armv6m-ti-none-eabi\</path>
         <kind>archive</kind>
         <file>libclang_rt.builtins.a</file>
         <name>fixsfsi.S.obj</name>
      </input_file>
      <input_file id="fl-11d">
         <path>C:\ti\ccs2050\ccs\tools\compiler\ti-cgt-armllvm_4.0.4.LTS\lib\armv6m-ti-none-eabi\</path>
         <kind>archive</kind>
         <file>libclang_rt.builtins.a</file>
         <name>fixunssfsi.S.obj</name>
      </input_file>
      <input_file id="fl-11e">
         <path>C:\ti\ccs2050\ccs\tools\compiler\ti-cgt-armllvm_4.0.4.LTS\lib\armv6m-ti-none-eabi\</path>
         <kind>archive</kind>
         <file>libclang_rt.builtins.a</file>
         <name>floatsidf.S.obj</name>
      </input_file>
      <input_file id="fl-11f">
         <path>C:\ti\ccs2050\ccs\tools\compiler\ti-cgt-armllvm_4.0.4.LTS\lib\armv6m-ti-none-eabi\</path>
         <kind>archive</kind>
         <file>libclang_rt.builtins.a</file>
         <name>floatsisf.S.obj</name>
      </input_file>
      <input_file id="fl-120">
         <path>C:\ti\ccs2050\ccs\tools\compiler\ti-cgt-armllvm_4.0.4.LTS\lib\armv6m-ti-none-eabi\</path>
         <kind>archive</kind>
         <file>libclang_rt.builtins.a</file>
         <name>floatunsisf.S.obj</name>
      </input_file>
      <input_file id="fl-121">
         <path>C:\ti\ccs2050\ccs\tools\compiler\ti-cgt-armllvm_4.0.4.LTS\lib\armv6m-ti-none-eabi\</path>
         <kind>archive</kind>
         <file>libclang_rt.builtins.a</file>
         <name>muldi3.S.obj</name>
      </input_file>
      <input_file id="fl-122">
         <path>C:\ti\ccs2050\ccs\tools\compiler\ti-cgt-armllvm_4.0.4.LTS\lib\armv6m-ti-none-eabi\</path>
         <kind>archive</kind>
         <file>libclang_rt.builtins.a</file>
         <name>truncdfsf2.S.obj</name>
      </input_file>
      <input_file id="fl-123">
         <path>C:\ti\ccs2050\ccs\tools\compiler\ti-cgt-armllvm_4.0.4.LTS\lib\armv6m-ti-none-eabi\</path>
         <kind>archive</kind>
         <file>libclang_rt.builtins.a</file>
         <name>aeabi_dcmp.S.obj</name>
      </input_file>
      <input_file id="fl-124">
         <path>C:\ti\ccs2050\ccs\tools\compiler\ti-cgt-armllvm_4.0.4.LTS\lib\armv6m-ti-none-eabi\</path>
         <kind>archive</kind>
         <file>libclang_rt.builtins.a</file>
         <name>aeabi_fcmp.S.obj</name>
      </input_file>
      <input_file id="fl-125">
         <path>C:\ti\ccs2050\ccs\tools\compiler\ti-cgt-armllvm_4.0.4.LTS\lib\armv6m-ti-none-eabi\</path>
         <kind>archive</kind>
         <file>libclang_rt.builtins.a</file>
         <name>aeabi_idivmod.S.obj</name>
      </input_file>
      <input_file id="fl-126">
         <path>C:\ti\ccs2050\ccs\tools\compiler\ti-cgt-armllvm_4.0.4.LTS\lib\armv6m-ti-none-eabi\</path>
         <kind>archive</kind>
         <file>libclang_rt.builtins.a</file>
         <name>aeabi_memcpy.S.obj</name>
      </input_file>
      <input_file id="fl-127">
         <path>C:\ti\ccs2050\ccs\tools\compiler\ti-cgt-armllvm_4.0.4.LTS\lib\armv6m-ti-none-eabi\</path>
         <kind>archive</kind>
         <file>libclang_rt.builtins.a</file>
         <name>aeabi_memset.S.obj</name>
      </input_file>
      <input_file id="fl-128">
         <path>C:\ti\ccs2050\ccs\tools\compiler\ti-cgt-armllvm_4.0.4.LTS\lib\armv6m-ti-none-eabi\</path>
         <kind>archive</kind>
         <file>libclang_rt.builtins.a</file>
         <name>aeabi_uidivmod.S.obj</name>
      </input_file>
      <input_file id="fl-129">
         <path>C:\ti\ccs2050\ccs\tools\compiler\ti-cgt-armllvm_4.0.4.LTS\lib\armv6m-ti-none-eabi\</path>
         <kind>archive</kind>
         <file>libclang_rt.builtins.a</file>
         <name>aeabi_uldivmod.S.obj</name>
      </input_file>
      <input_file id="fl-12a">
         <path>C:\ti\ccs2050\ccs\tools\compiler\ti-cgt-armllvm_4.0.4.LTS\lib\armv6m-ti-none-eabi\</path>
         <kind>archive</kind>
         <file>libclang_rt.builtins.a</file>
         <name>comparesf2.S.obj</name>
      </input_file>
      <input_file id="fl-12b">
         <path>C:\ti\ccs2050\ccs\tools\compiler\ti-cgt-armllvm_4.0.4.LTS\lib\armv6m-ti-none-eabi\</path>
         <kind>archive</kind>
         <file>libclang_rt.builtins.a</file>
         <name>udivmoddi4.S.obj</name>
      </input_file>
      <input_file id="fl-12c">
         <path>C:\ti\ccs2050\ccs\tools\compiler\ti-cgt-armllvm_4.0.4.LTS\lib\armv6m-ti-none-eabi\</path>
         <kind>archive</kind>
         <file>libclang_rt.builtins.a</file>
         <name>ashldi3.S.obj</name>
      </input_file>
      <input_file id="fl-12d">
         <path>C:\ti\ccs2050\ccs\tools\compiler\ti-cgt-armllvm_4.0.4.LTS\lib\armv6m-ti-none-eabi\</path>
         <kind>archive</kind>
         <file>libclang_rt.builtins.a</file>
         <name>comparedf2.c.obj</name>
      </input_file>
      <input_file id="fl-12e">
         <path>C:\ti\ccs2050\ccs\tools\compiler\ti-cgt-armllvm_4.0.4.LTS\lib\armv6m-ti-none-eabi\</path>
         <kind>archive</kind>
         <file>libclang_rt.builtins.a</file>
         <name>aeabi_div0.c.obj</name>
      </input_file>
      <input_file id="fl-12f">
         <path>C:\ti\ccs2050\ccs\tools\compiler\ti-cgt-armllvm_4.0.4.LTS\lib\armv6m-ti-none-eabi\c\</path>
         <kind>archive</kind>
         <file>libc.a</file>
         <name>getdevice.c.obj</name>
      </input_file>
      <input_file id="fl-130">
         <path>C:\ti\ccs2050\ccs\tools\compiler\ti-cgt-armllvm_4.0.4.LTS\lib\armv6m-ti-none-eabi\c\</path>
         <kind>archive</kind>
         <file>libc.a</file>
         <name>memcpy16.S.obj</name>
      </input_file>
      <input_file id="fl-131">
         <path>C:\ti\ccs2050\ccs\tools\compiler\ti-cgt-armllvm_4.0.4.LTS\lib\armv6m-ti-none-eabi\c\</path>
         <kind>archive</kind>
         <file>libc.a</file>
         <name>memset16.S.obj</name>
      </input_file>
      <input_file id="fl-132">
         <path>C:\ti\ccs2050\ccs\tools\compiler\ti-cgt-armllvm_4.0.4.LTS\lib\armv6m-ti-none-eabi\c\</path>
         <kind>archive</kind>
         <file>libc.a</file>
         <name>strcmp-armv6m.S.obj</name>
      </input_file>
   </input_file_list>
   <object_component_list>
      <object_component id="oc-18">
         <name>.intvecs</name>
         <load_address>0x0</load_address>
         <readonly>true</readonly>
         <run_address>0x0</run_address>
         <size>0xc0</size>
         <alignment>0x4</alignment>
         <input_file_ref idref="fl-3"/>
      </object_component>
      <object_component id="oc-2f8">
         <name>.text:__TI_printfi</name>
         <load_address>0xc0</load_address>
         <readonly>true</readonly>
         <executable>true</executable>
         <run_address>0xc0</run_address>
         <size>0x9d0</size>
         <alignment>0x4</alignment>
         <input_file_ref idref="fl-53"/>
      </object_component>
      <object_component id="oc-1c1">
         <name>.text.FusionAhrsUpdate</name>
         <load_address>0xa90</load_address>
         <readonly>true</readonly>
         <executable>true</executable>
         <run_address>0xa90</run_address>
         <size>0x8b4</size>
         <alignment>0x4</alignment>
         <input_file_ref idref="fl-4"/>
      </object_component>
      <object_component id="oc-2d8">
         <name>.text.__kernel_rem_pio2</name>
         <load_address>0x1344</load_address>
         <readonly>true</readonly>
         <executable>true</executable>
         <run_address>0x1344</run_address>
         <size>0x644</size>
         <alignment>0x4</alignment>
         <input_file_ref idref="fl-44"/>
      </object_component>
      <object_component id="oc-86">
         <name>.text.SpeedControl_Update20ms</name>
         <load_address>0x1988</load_address>
         <readonly>true</readonly>
         <executable>true</executable>
         <run_address>0x1988</run_address>
         <size>0x3e8</size>
         <alignment>0x4</alignment>
         <input_file_ref idref="fl-11"/>
      </object_component>
      <object_component id="oc-178">
         <name>.text.Menu_Draw</name>
         <load_address>0x1d70</load_address>
         <readonly>true</readonly>
         <executable>true</executable>
         <run_address>0x1d70</run_address>
         <size>0x374</size>
         <alignment>0x4</alignment>
         <input_file_ref idref="fl-e"/>
      </object_component>
      <object_component id="oc-169">
         <name>.text.OLED_Init</name>
         <load_address>0x20e4</load_address>
         <readonly>true</readonly>
         <executable>true</executable>
         <run_address>0x20e4</run_address>
         <size>0x2d4</size>
         <alignment>0x4</alignment>
         <input_file_ref idref="fl-10"/>
      </object_component>
      <object_component id="oc-80">
         <name>.text.HeadingControl_Update20ms</name>
         <load_address>0x23b8</load_address>
         <readonly>true</readonly>
         <executable>true</executable>
         <run_address>0x23b8</run_address>
         <size>0x290</size>
         <alignment>0x4</alignment>
         <input_file_ref idref="fl-c"/>
      </object_component>
      <object_component id="oc-6e">
         <name>.text.Key_Update1ms</name>
         <load_address>0x2648</load_address>
         <readonly>true</readonly>
         <executable>true</executable>
         <run_address>0x2648</run_address>
         <size>0x264</size>
         <alignment>0x4</alignment>
         <input_file_ref idref="fl-d"/>
      </object_component>
      <object_component id="oc-91">
         <name>.text.FusionTasks</name>
         <load_address>0x28ac</load_address>
         <readonly>true</readonly>
         <executable>true</executable>
         <run_address>0x28ac</run_address>
         <size>0x22c</size>
         <alignment>0x4</alignment>
         <input_file_ref idref="fl-7"/>
      </object_component>
      <object_component id="oc-334">
         <name>.text._pconv_a</name>
         <load_address>0x2ad8</load_address>
         <readonly>true</readonly>
         <executable>true</executable>
         <run_address>0x2ad8</run_address>
         <size>0x220</size>
         <alignment>0x4</alignment>
         <input_file_ref idref="fl-53"/>
      </object_component>
      <object_component id="oc-11b">
         <name>.text.SpeedPid_Update</name>
         <load_address>0x2cf8</load_address>
         <readonly>true</readonly>
         <executable>true</executable>
         <run_address>0x2cf8</run_address>
         <size>0x218</size>
         <alignment>0x4</alignment>
         <input_file_ref idref="fl-11"/>
      </object_component>
      <object_component id="oc-16f">
         <name>.text.IMU660RB_Init</name>
         <load_address>0x2f10</load_address>
         <readonly>true</readonly>
         <executable>true</executable>
         <run_address>0x2f10</run_address>
         <size>0x214</size>
         <alignment>0x4</alignment>
         <input_file_ref idref="fl-7"/>
      </object_component>
      <object_component id="oc-335">
         <name>.text._pconv_g</name>
         <load_address>0x3124</load_address>
         <readonly>true</readonly>
         <executable>true</executable>
         <run_address>0x3124</run_address>
         <size>0x1dc</size>
         <alignment>0x4</alignment>
         <input_file_ref idref="fl-53"/>
      </object_component>
      <object_component id="oc-26e">
         <name>.text.cosf</name>
         <load_address>0x3300</load_address>
         <readonly>true</readonly>
         <executable>true</executable>
         <run_address>0x3300</run_address>
         <size>0x1d4</size>
         <alignment>0x4</alignment>
         <input_file_ref idref="fl-40"/>
      </object_component>
      <object_component id="oc-212">
         <name>.text.lsm6dsr_pin_int1_route_set</name>
         <load_address>0x34d4</load_address>
         <readonly>true</readonly>
         <executable>true</executable>
         <run_address>0x34d4</run_address>
         <size>0x1d0</size>
         <alignment>0x2</alignment>
         <input_file_ref idref="fl-8"/>
      </object_component>
      <object_component id="oc-1c5">
         <name>.text.atanf</name>
         <load_address>0x36a4</load_address>
         <readonly>true</readonly>
         <executable>true</executable>
         <run_address>0x36a4</run_address>
         <size>0x1c8</size>
         <alignment>0x4</alignment>
         <input_file_ref idref="fl-3f"/>
      </object_component>
      <object_component id="oc-274">
         <name>.text.sinf</name>
         <load_address>0x386c</load_address>
         <readonly>true</readonly>
         <executable>true</executable>
         <run_address>0x386c</run_address>
         <size>0x1c8</size>
         <alignment>0x4</alignment>
         <input_file_ref idref="fl-41"/>
      </object_component>
      <object_component id="oc-74">
         <name>.text.Read_IMU660RB</name>
         <load_address>0x3a34</load_address>
         <readonly>true</readonly>
         <executable>true</executable>
         <run_address>0x3a34</run_address>
         <size>0x1c0</size>
         <alignment>0x4</alignment>
         <input_file_ref idref="fl-7"/>
      </object_component>
      <object_component id="oc-1c2">
         <name>.text.FusionAhrsSetHeading</name>
         <load_address>0x3bf4</load_address>
         <readonly>true</readonly>
         <executable>true</executable>
         <run_address>0x3bf4</run_address>
         <size>0x19c</size>
         <alignment>0x4</alignment>
         <input_file_ref idref="fl-4"/>
      </object_component>
      <object_component id="oc-1e4">
         <name>.text.adddf3_subdf3</name>
         <load_address>0x3d90</load_address>
         <readonly>true</readonly>
         <executable>true</executable>
         <run_address>0x3d90</run_address>
         <size>0x192</size>
         <alignment>0x4</alignment>
         <input_file_ref idref="fl-114"/>
      </object_component>
      <object_component id="oc-33">
         <name>.text.Default_Handler</name>
         <load_address>0x3f22</load_address>
         <readonly>true</readonly>
         <executable>true</executable>
         <run_address>0x3f22</run_address>
         <size>0x2</size>
         <alignment>0x2</alignment>
         <input_file_ref idref="fl-3"/>
      </object_component>
      <object_component id="oc-21f">
         <name>.text.platform_read</name>
         <load_address>0x3f24</load_address>
         <readonly>true</readonly>
         <executable>true</executable>
         <run_address>0x3f24</run_address>
         <size>0x188</size>
         <alignment>0x4</alignment>
         <input_file_ref idref="fl-7"/>
      </object_component>
      <object_component id="oc-176">
         <name>.text.Menu_HandleKeys</name>
         <load_address>0x40ac</load_address>
         <readonly>true</readonly>
         <executable>true</executable>
         <run_address>0x40ac</run_address>
         <size>0x184</size>
         <alignment>0x4</alignment>
         <input_file_ref idref="fl-e"/>
      </object_component>
      <object_component id="oc-21e">
         <name>.text.platform_write</name>
         <load_address>0x4230</load_address>
         <readonly>true</readonly>
         <executable>true</executable>
         <run_address>0x4230</run_address>
         <size>0x180</size>
         <alignment>0x4</alignment>
         <input_file_ref idref="fl-7"/>
      </object_component>
      <object_component id="oc-7a">
         <name>.text.VehicleYaw_Update5ms</name>
         <load_address>0x43b0</load_address>
         <readonly>true</readonly>
         <executable>true</executable>
         <run_address>0x43b0</run_address>
         <size>0x17c</size>
         <alignment>0x4</alignment>
         <input_file_ref idref="fl-13"/>
      </object_component>
      <object_component id="oc-1e0">
         <name>.text.sqrt</name>
         <load_address>0x452c</load_address>
         <readonly>true</readonly>
         <executable>true</executable>
         <run_address>0x452c</run_address>
         <size>0x170</size>
         <alignment>0x4</alignment>
         <input_file_ref idref="fl-50"/>
      </object_component>
      <object_component id="oc-148">
         <name>.text.asinf</name>
         <load_address>0x469c</load_address>
         <readonly>true</readonly>
         <executable>true</executable>
         <run_address>0x469c</run_address>
         <size>0x160</size>
         <alignment>0x4</alignment>
         <input_file_ref idref="fl-3c"/>
      </object_component>
      <object_component id="oc-204">
         <name>.text.OLED_WR_Byte</name>
         <load_address>0x47fc</load_address>
         <readonly>true</readonly>
         <executable>true</executable>
         <run_address>0x47fc</run_address>
         <size>0x14c</size>
         <alignment>0x4</alignment>
         <input_file_ref idref="fl-10"/>
      </object_component>
      <object_component id="oc-224">
         <name>.text.OLED_Clear</name>
         <load_address>0x4948</load_address>
         <readonly>true</readonly>
         <executable>true</executable>
         <run_address>0x4948</run_address>
         <size>0x144</size>
         <alignment>0x2</alignment>
         <input_file_ref idref="fl-10"/>
      </object_component>
      <object_component id="oc-309">
         <name>.text.floor</name>
         <load_address>0x4a8c</load_address>
         <readonly>true</readonly>
         <executable>true</executable>
         <run_address>0x4a8c</run_address>
         <size>0x144</size>
         <alignment>0x4</alignment>
         <input_file_ref idref="fl-51"/>
      </object_component>
      <object_component id="oc-26d">
         <name>.text.Feedback</name>
         <load_address>0x4bd0</load_address>
         <readonly>true</readonly>
         <executable>true</executable>
         <run_address>0x4bd0</run_address>
         <size>0x13c</size>
         <alignment>0x4</alignment>
         <input_file_ref idref="fl-4"/>
      </object_component>
      <object_component id="oc-369">
         <name>.text.fcvt</name>
         <load_address>0x4d0c</load_address>
         <readonly>true</readonly>
         <executable>true</executable>
         <run_address>0x4d0c</run_address>
         <size>0x13c</size>
         <alignment>0x4</alignment>
         <input_file_ref idref="fl-53"/>
      </object_component>
      <object_component id="oc-337">
         <name>.text._pconv_e</name>
         <load_address>0x4e48</load_address>
         <readonly>true</readonly>
         <executable>true</executable>
         <run_address>0x4e48</run_address>
         <size>0x120</size>
         <alignment>0x4</alignment>
         <input_file_ref idref="fl-53"/>
      </object_component>
      <object_component id="oc-297">
         <name>.text.DL_Timer_initCaptureMode</name>
         <load_address>0x4f68</load_address>
         <readonly>true</readonly>
         <executable>true</executable>
         <run_address>0x4f68</run_address>
         <size>0x11c</size>
         <alignment>0x4</alignment>
         <input_file_ref idref="fl-24"/>
      </object_component>
      <object_component id="oc-144">
         <name>.text.atan2f</name>
         <load_address>0x5084</load_address>
         <readonly>true</readonly>
         <executable>true</executable>
         <run_address>0x5084</run_address>
         <size>0x118</size>
         <alignment>0x4</alignment>
         <input_file_ref idref="fl-3d"/>
      </object_component>
      <object_component id="oc-365">
         <name>.text.__divdf3</name>
         <load_address>0x519c</load_address>
         <readonly>true</readonly>
         <executable>true</executable>
         <run_address>0x519c</run_address>
         <size>0x10c</size>
         <alignment>0x4</alignment>
         <input_file_ref idref="fl-119"/>
      </object_component>
      <object_component id="oc-290">
         <name>.text.DL_Timer_initFourCCPWMMode</name>
         <load_address>0x52a8</load_address>
         <readonly>true</readonly>
         <executable>true</executable>
         <run_address>0x52a8</run_address>
         <size>0x104</size>
         <alignment>0x4</alignment>
         <input_file_ref idref="fl-24"/>
      </object_component>
      <object_component id="oc-29c">
         <name>.text.DL_Timer_initTimerMode</name>
         <load_address>0x53ac</load_address>
         <readonly>true</readonly>
         <executable>true</executable>
         <run_address>0x53ac</run_address>
         <size>0xfc</size>
         <alignment>0x4</alignment>
         <input_file_ref idref="fl-24"/>
      </object_component>
      <object_component id="oc-20d">
         <name>.text.lsm6dsr_gy_data_rate_set</name>
         <load_address>0x54a8</load_address>
         <readonly>true</readonly>
         <executable>true</executable>
         <run_address>0x54a8</run_address>
         <size>0xf0</size>
         <alignment>0x4</alignment>
         <input_file_ref idref="fl-8"/>
      </object_component>
      <object_component id="oc-20c">
         <name>.text.lsm6dsr_xl_data_rate_set</name>
         <load_address>0x5598</load_address>
         <readonly>true</readonly>
         <executable>true</executable>
         <run_address>0x5598</run_address>
         <size>0xf0</size>
         <alignment>0x4</alignment>
         <input_file_ref idref="fl-8"/>
      </object_component>
      <object_component id="oc-1f3">
         <name>.text.SYSCFG_DL_GPIO_init</name>
         <load_address>0x5688</load_address>
         <readonly>true</readonly>
         <executable>true</executable>
         <run_address>0x5688</run_address>
         <size>0xe4</size>
         <alignment>0x4</alignment>
         <input_file_ref idref="fl-2"/>
      </object_component>
      <object_component id="oc-1d2">
         <name>.text.__muldf3</name>
         <load_address>0x576c</load_address>
         <readonly>true</readonly>
         <executable>true</executable>
         <run_address>0x576c</run_address>
         <size>0xe4</size>
         <alignment>0x4</alignment>
         <input_file_ref idref="fl-115"/>
      </object_component>
      <object_component id="oc-2ba">
         <name>.text.FusionAhrsSetSettings</name>
         <load_address>0x5850</load_address>
         <readonly>true</readonly>
         <executable>true</executable>
         <run_address>0x5850</run_address>
         <size>0xe0</size>
         <alignment>0x4</alignment>
         <input_file_ref idref="fl-4"/>
      </object_component>
      <object_component id="oc-137">
         <name>.text.FusionOffsetUpdate</name>
         <load_address>0x5930</load_address>
         <readonly>true</readonly>
         <executable>true</executable>
         <run_address>0x5930</run_address>
         <size>0xe0</size>
         <alignment>0x4</alignment>
         <input_file_ref idref="fl-6"/>
      </object_component>
      <object_component id="oc-2bd">
         <name>.text.OLED_ShowChar</name>
         <load_address>0x5a10</load_address>
         <readonly>true</readonly>
         <executable>true</executable>
         <run_address>0x5a10</run_address>
         <size>0xdc</size>
         <alignment>0x4</alignment>
         <input_file_ref idref="fl-10"/>
      </object_component>
      <object_component id="oc-305">
         <name>.text.scalbn</name>
         <load_address>0x5aec</load_address>
         <readonly>true</readonly>
         <executable>true</executable>
         <run_address>0x5aec</run_address>
         <size>0xd8</size>
         <alignment>0x4</alignment>
         <input_file_ref idref="fl-52"/>
      </object_component>
      <object_component id="oc-e2">
         <name>.text</name>
         <load_address>0x5bc4</load_address>
         <readonly>true</readonly>
         <executable>true</executable>
         <run_address>0x5bc4</run_address>
         <size>0xd8</size>
         <alignment>0x4</alignment>
         <input_file_ref idref="fl-113"/>
      </object_component>
      <object_component id="oc-167">
         <name>.text.Key_Init</name>
         <load_address>0x5c9c</load_address>
         <readonly>true</readonly>
         <executable>true</executable>
         <run_address>0x5c9c</run_address>
         <size>0xd4</size>
         <alignment>0x4</alignment>
         <input_file_ref idref="fl-d"/>
      </object_component>
      <object_component id="oc-2de">
         <name>.text.__kernel_sindf</name>
         <load_address>0x5d70</load_address>
         <readonly>true</readonly>
         <executable>true</executable>
         <run_address>0x5d70</run_address>
         <size>0xac</size>
         <alignment>0x4</alignment>
         <input_file_ref idref="fl-40"/>
      </object_component>
      <object_component id="oc-2e4">
         <name>.text.__kernel_sindf</name>
         <load_address>0x5e1c</load_address>
         <readonly>true</readonly>
         <executable>true</executable>
         <run_address>0x5e1c</run_address>
         <size>0xac</size>
         <alignment>0x4</alignment>
         <input_file_ref idref="fl-41"/>
      </object_component>
      <object_component id="oc-211">
         <name>.text.lsm6dsr_pin_int1_route_get</name>
         <load_address>0x5ec8</load_address>
         <readonly>true</readonly>
         <executable>true</executable>
         <run_address>0x5ec8</run_address>
         <size>0xaa</size>
         <alignment>0x2</alignment>
         <input_file_ref idref="fl-8"/>
      </object_component>
      <object_component id="oc-1b3">
         <name>.text.__aeabi_idiv0</name>
         <load_address>0x5f72</load_address>
         <readonly>true</readonly>
         <executable>true</executable>
         <run_address>0x5f72</run_address>
         <size>0x2</size>
         <alignment>0x2</alignment>
         <input_file_ref idref="fl-12e"/>
      </object_component>
      <object_component id="oc-353">
         <name>.text</name>
         <load_address>0x5f74</load_address>
         <readonly>true</readonly>
         <executable>true</executable>
         <run_address>0x5f74</run_address>
         <size>0xa2</size>
         <alignment>0x4</alignment>
         <input_file_ref idref="fl-12b"/>
      </object_component>
      <object_component id="oc-36d">
         <name>.text.__aeabi_ldiv0</name>
         <load_address>0x6016</load_address>
         <readonly>true</readonly>
         <executable>true</executable>
         <run_address>0x6016</run_address>
         <size>0x2</size>
         <alignment>0x2</alignment>
         <input_file_ref idref="fl-12e"/>
      </object_component>
      <object_component id="oc-2d2">
         <name>.text.__kernel_cosdf</name>
         <load_address>0x6018</load_address>
         <readonly>true</readonly>
         <executable>true</executable>
         <run_address>0x6018</run_address>
         <size>0x9c</size>
         <alignment>0x4</alignment>
         <input_file_ref idref="fl-40"/>
      </object_component>
      <object_component id="oc-2e3">
         <name>.text.__kernel_cosdf</name>
         <load_address>0x60b4</load_address>
         <readonly>true</readonly>
         <executable>true</executable>
         <run_address>0x60b4</run_address>
         <size>0x9c</size>
         <alignment>0x4</alignment>
         <input_file_ref idref="fl-41"/>
      </object_component>
      <object_component id="oc-15a">
         <name>.text:memcpy</name>
         <load_address>0x6150</load_address>
         <readonly>true</readonly>
         <executable>true</executable>
         <run_address>0x6150</run_address>
         <size>0x9a</size>
         <alignment>0x1</alignment>
         <input_file_ref idref="fl-130"/>
      </object_component>
      <object_component id="oc-3f">
         <name>.text.TIMA0_IRQHandler</name>
         <load_address>0x61ec</load_address>
         <readonly>true</readonly>
         <executable>true</executable>
         <run_address>0x61ec</run_address>
         <size>0x94</size>
         <alignment>0x4</alignment>
         <input_file_ref idref="fl-1"/>
      </object_component>
      <object_component id="oc-1f5">
         <name>.text.SYSCFG_DL_PWM_0_init</name>
         <load_address>0x6280</load_address>
         <readonly>true</readonly>
         <executable>true</executable>
         <run_address>0x6280</run_address>
         <size>0x8c</size>
         <alignment>0x4</alignment>
         <input_file_ref idref="fl-2"/>
      </object_component>
      <object_component id="oc-1f6">
         <name>.text.SYSCFG_DL_PWM_1_init</name>
         <load_address>0x630c</load_address>
         <readonly>true</readonly>
         <executable>true</executable>
         <run_address>0x630c</run_address>
         <size>0x8c</size>
         <alignment>0x4</alignment>
         <input_file_ref idref="fl-2"/>
      </object_component>
      <object_component id="oc-e6">
         <name>.text.__mulsf3</name>
         <load_address>0x6398</load_address>
         <readonly>true</readonly>
         <executable>true</executable>
         <run_address>0x6398</run_address>
         <size>0x8c</size>
         <alignment>0x4</alignment>
         <input_file_ref idref="fl-117"/>
      </object_component>
      <object_component id="oc-1f1">
         <name>.text.SYSCFG_DL_initPower</name>
         <load_address>0x6424</load_address>
         <readonly>true</readonly>
         <executable>true</executable>
         <run_address>0x6424</run_address>
         <size>0x88</size>
         <alignment>0x4</alignment>
         <input_file_ref idref="fl-2"/>
      </object_component>
      <object_component id="oc-73">
         <name>.text.encoder_task</name>
         <load_address>0x64ac</load_address>
         <readonly>true</readonly>
         <executable>true</executable>
         <run_address>0x64ac</run_address>
         <size>0x88</size>
         <alignment>0x4</alignment>
         <input_file_ref idref="fl-b"/>
      </object_component>
      <object_component id="oc-de">
         <name>.text.__divsf3</name>
         <load_address>0x6534</load_address>
         <readonly>true</readonly>
         <executable>true</executable>
         <run_address>0x6534</run_address>
         <size>0x82</size>
         <alignment>0x4</alignment>
         <input_file_ref idref="fl-118"/>
      </object_component>
      <object_component id="oc-1bb">
         <name>.text.SpeedControl_Start</name>
         <load_address>0x65b8</load_address>
         <readonly>true</readonly>
         <executable>true</executable>
         <run_address>0x65b8</run_address>
         <size>0x80</size>
         <alignment>0x4</alignment>
         <input_file_ref idref="fl-11"/>
      </object_component>
      <object_component id="oc-8c">
         <name>.text.ModeExecTask</name>
         <load_address>0x6638</load_address>
         <readonly>true</readonly>
         <executable>true</executable>
         <run_address>0x6638</run_address>
         <size>0x7c</size>
         <alignment>0x4</alignment>
         <input_file_ref idref="fl-12"/>
      </object_component>
      <object_component id="oc-1c">
         <name>.text:decompress:lzss</name>
         <load_address>0x66b4</load_address>
         <readonly>true</readonly>
         <executable>true</executable>
         <run_address>0x66b4</run_address>
         <size>0x7c</size>
         <alignment>0x4</alignment>
         <input_file_ref idref="fl-4f"/>
      </object_component>
      <object_component id="oc-22e">
         <name>.text.OLED_ShowString</name>
         <load_address>0x6730</load_address>
         <readonly>true</readonly>
         <executable>true</executable>
         <run_address>0x6730</run_address>
         <size>0x7a</size>
         <alignment>0x2</alignment>
         <input_file_ref idref="fl-10"/>
      </object_component>
      <object_component id="oc-2b8">
         <name>.text.lsm6dsr_fsm_enable_get</name>
         <load_address>0x67aa</load_address>
         <readonly>true</readonly>
         <executable>true</executable>
         <run_address>0x67aa</run_address>
         <size>0x7a</size>
         <alignment>0x2</alignment>
         <input_file_ref idref="fl-8"/>
      </object_component>
      <object_component id="oc-346">
         <name>.text.__gedf2</name>
         <load_address>0x6824</load_address>
         <readonly>true</readonly>
         <executable>true</executable>
         <run_address>0x6824</run_address>
         <size>0x74</size>
         <alignment>0x4</alignment>
         <input_file_ref idref="fl-12d"/>
      </object_component>
      <object_component id="oc-1da">
         <name>.text.__aeabi_errno_addr</name>
         <load_address>0x6898</load_address>
         <readonly>true</readonly>
         <executable>true</executable>
         <run_address>0x6898</run_address>
         <size>0x8</size>
         <alignment>0x4</alignment>
         <input_file_ref idref="fl-43"/>
      </object_component>
      <object_component id="oc-1d6">
         <name>.text.__truncdfsf2</name>
         <load_address>0x68a0</load_address>
         <readonly>true</readonly>
         <executable>true</executable>
         <run_address>0x68a0</run_address>
         <size>0x74</size>
         <alignment>0x10</alignment>
         <input_file_ref idref="fl-122"/>
      </object_component>
      <object_component id="oc-1bc">
         <name>.text.HeadingControl_Start</name>
         <load_address>0x6914</load_address>
         <readonly>true</readonly>
         <executable>true</executable>
         <run_address>0x6914</run_address>
         <size>0x70</size>
         <alignment>0x4</alignment>
         <input_file_ref idref="fl-c"/>
      </object_component>
      <object_component id="oc-1fb">
         <name>.text.SYSCFG_DL_UART_0_init</name>
         <load_address>0x6984</load_address>
         <readonly>true</readonly>
         <executable>true</executable>
         <run_address>0x6984</run_address>
         <size>0x70</size>
         <alignment>0x4</alignment>
         <input_file_ref idref="fl-2"/>
      </object_component>
      <object_component id="oc-166">
         <name>.text.SpeedControl_Init</name>
         <load_address>0x69f4</load_address>
         <readonly>true</readonly>
         <executable>true</executable>
         <run_address>0x69f4</run_address>
         <size>0x70</size>
         <alignment>0x4</alignment>
         <input_file_ref idref="fl-11"/>
      </object_component>
      <object_component id="oc-2b9">
         <name>.text.lsm6dsr_fsm_data_rate_get</name>
         <load_address>0x6a64</load_address>
         <readonly>true</readonly>
         <executable>true</executable>
         <run_address>0x6a64</run_address>
         <size>0x6e</size>
         <alignment>0x2</alignment>
         <input_file_ref idref="fl-8"/>
      </object_component>
      <object_component id="oc-120">
         <name>.text.Motor_SetSpeed</name>
         <load_address>0x6ad4</load_address>
         <readonly>true</readonly>
         <executable>true</executable>
         <run_address>0x6ad4</run_address>
         <size>0x68</size>
         <alignment>0x4</alignment>
         <input_file_ref idref="fl-f"/>
      </object_component>
      <object_component id="oc-340">
         <name>.text.__ledf2</name>
         <load_address>0x6b3c</load_address>
         <readonly>true</readonly>
         <executable>true</executable>
         <run_address>0x6b3c</run_address>
         <size>0x68</size>
         <alignment>0x4</alignment>
         <input_file_ref idref="fl-12d"/>
      </object_component>
      <object_component id="oc-20a">
         <name>.text.lsm6dsr_i3c_disable_set</name>
         <load_address>0x6ba4</load_address>
         <readonly>true</readonly>
         <executable>true</executable>
         <run_address>0x6ba4</run_address>
         <size>0x68</size>
         <alignment>0x2</alignment>
         <input_file_ref idref="fl-8"/>
      </object_component>
      <object_component id="oc-a3">
         <name>.text.main</name>
         <load_address>0x6c0c</load_address>
         <readonly>true</readonly>
         <executable>true</executable>
         <run_address>0x6c0c</run_address>
         <size>0x68</size>
         <alignment>0x4</alignment>
         <input_file_ref idref="fl-1"/>
      </object_component>
      <object_component id="oc-364">
         <name>.text._mcpy</name>
         <load_address>0x6c74</load_address>
         <readonly>true</readonly>
         <executable>true</executable>
         <run_address>0x6c74</run_address>
         <size>0x66</size>
         <alignment>0x2</alignment>
         <input_file_ref idref="fl-53"/>
      </object_component>
      <object_component id="oc-30d">
         <name>.text.__aeabi_dcmp</name>
         <load_address>0x6cdc</load_address>
         <readonly>true</readonly>
         <executable>true</executable>
         <run_address>0x6cdc</run_address>
         <size>0x62</size>
         <alignment>0x4</alignment>
         <input_file_ref idref="fl-123"/>
      </object_component>
      <object_component id="oc-ea">
         <name>.text.__aeabi_fcmp</name>
         <load_address>0x6d40</load_address>
         <readonly>true</readonly>
         <executable>true</executable>
         <run_address>0x6d40</run_address>
         <size>0x62</size>
         <alignment>0x4</alignment>
         <input_file_ref idref="fl-124"/>
      </object_component>
      <object_component id="oc-1f0">
         <name>.text:memset</name>
         <load_address>0x6da2</load_address>
         <readonly>true</readonly>
         <executable>true</executable>
         <run_address>0x6da2</run_address>
         <size>0x62</size>
         <alignment>0x1</alignment>
         <input_file_ref idref="fl-131"/>
      </object_component>
      <object_component id="oc-12d">
         <name>.text.SpeedControl_Stop</name>
         <load_address>0x6e04</load_address>
         <readonly>true</readonly>
         <executable>true</executable>
         <run_address>0x6e04</run_address>
         <size>0x60</size>
         <alignment>0x4</alignment>
         <input_file_ref idref="fl-11"/>
      </object_component>
      <object_component id="oc-2b5">
         <name>.text.DL_I2C_fillControllerTXFIFO</name>
         <load_address>0x6e64</load_address>
         <readonly>true</readonly>
         <executable>true</executable>
         <run_address>0x6e64</run_address>
         <size>0x5e</size>
         <alignment>0x2</alignment>
         <input_file_ref idref="fl-22"/>
      </object_component>
      <object_component id="oc-228">
         <name>.text.Main_OnConfirm</name>
         <load_address>0x6ec4</load_address>
         <readonly>true</readonly>
         <executable>true</executable>
         <run_address>0x6ec4</run_address>
         <size>0x5c</size>
         <alignment>0x4</alignment>
         <input_file_ref idref="fl-e"/>
      </object_component>
      <object_component id="oc-358">
         <name>.text.frexp</name>
         <load_address>0x6f20</load_address>
         <readonly>true</readonly>
         <executable>true</executable>
         <run_address>0x6f20</run_address>
         <size>0x5c</size>
         <alignment>0x4</alignment>
         <input_file_ref idref="fl-5e"/>
      </object_component>
      <object_component id="oc-215">
         <name>.text.FusionAhrsInitialise</name>
         <load_address>0x6f7c</load_address>
         <readonly>true</readonly>
         <executable>true</executable>
         <run_address>0x6f7c</run_address>
         <size>0x58</size>
         <alignment>0x4</alignment>
         <input_file_ref idref="fl-4"/>
      </object_component>
      <object_component id="oc-15f">
         <name>.text.SYSCFG_DL_init</name>
         <load_address>0x6fd4</load_address>
         <readonly>true</readonly>
         <executable>true</executable>
         <run_address>0x6fd4</run_address>
         <size>0x58</size>
         <alignment>0x4</alignment>
         <input_file_ref idref="fl-2"/>
      </object_component>
      <object_component id="oc-170">
         <name>.text.VehicleYaw_Init</name>
         <load_address>0x702c</load_address>
         <readonly>true</readonly>
         <executable>true</executable>
         <run_address>0x702c</run_address>
         <size>0x58</size>
         <alignment>0x4</alignment>
         <input_file_ref idref="fl-13"/>
      </object_component>
      <object_component id="oc-35c">
         <name>.text.__TI_ltoa</name>
         <load_address>0x7084</load_address>
         <readonly>true</readonly>
         <executable>true</executable>
         <run_address>0x7084</run_address>
         <size>0x58</size>
         <alignment>0x2</alignment>
         <input_file_ref idref="fl-5a"/>
      </object_component>
      <object_component id="oc-336">
         <name>.text._pconv_f</name>
         <load_address>0x70dc</load_address>
         <readonly>true</readonly>
         <executable>true</executable>
         <run_address>0x70dc</run_address>
         <size>0x58</size>
         <alignment>0x2</alignment>
         <input_file_ref idref="fl-53"/>
      </object_component>
      <object_component id="oc-2fc">
         <name>.text.__aeabi_idivmod</name>
         <load_address>0x7134</load_address>
         <readonly>true</readonly>
         <executable>true</executable>
         <run_address>0x7134</run_address>
         <size>0x56</size>
         <alignment>0x4</alignment>
         <input_file_ref idref="fl-125"/>
      </object_component>
      <object_component id="oc-1fa">
         <name>.text.SYSCFG_DL_I2C_OLED_init</name>
         <load_address>0x718c</load_address>
         <readonly>true</readonly>
         <executable>true</executable>
         <run_address>0x718c</run_address>
         <size>0x54</size>
         <alignment>0x4</alignment>
         <input_file_ref idref="fl-2"/>
      </object_component>
      <object_component id="oc-362">
         <name>.text._ecpy</name>
         <load_address>0x71e0</load_address>
         <readonly>true</readonly>
         <executable>true</executable>
         <run_address>0x71e0</run_address>
         <size>0x52</size>
         <alignment>0x2</alignment>
         <input_file_ref idref="fl-53"/>
      </object_component>
      <object_component id="oc-1fc">
         <name>.text.SYSCFG_DL_SPI_IMU660RB_init</name>
         <load_address>0x7234</load_address>
         <readonly>true</readonly>
         <executable>true</executable>
         <run_address>0x7234</run_address>
         <size>0x4c</size>
         <alignment>0x4</alignment>
         <input_file_ref idref="fl-2"/>
      </object_component>
      <object_component id="oc-2d3">
         <name>.text.__fixdfsi</name>
         <load_address>0x7280</load_address>
         <readonly>true</readonly>
         <executable>true</executable>
         <run_address>0x7280</run_address>
         <size>0x4a</size>
         <alignment>0x4</alignment>
         <input_file_ref idref="fl-11b"/>
      </object_component>
      <object_component id="oc-2a7">
         <name>.text.DL_UART_init</name>
         <load_address>0x72cc</load_address>
         <readonly>true</readonly>
         <executable>true</executable>
         <run_address>0x72cc</run_address>
         <size>0x48</size>
         <alignment>0x4</alignment>
         <input_file_ref idref="fl-25"/>
      </object_component>
      <object_component id="oc-2b0">
         <name>.text.DL_SPI_init</name>
         <load_address>0x7314</load_address>
         <readonly>true</readonly>
         <executable>true</executable>
         <run_address>0x7314</run_address>
         <size>0x44</size>
         <alignment>0x4</alignment>
         <input_file_ref idref="fl-23"/>
      </object_component>
      <object_component id="oc-171">
         <name>.text.HeadingControl_Init</name>
         <load_address>0x7358</load_address>
         <readonly>true</readonly>
         <executable>true</executable>
         <run_address>0x7358</run_address>
         <size>0x44</size>
         <alignment>0x4</alignment>
         <input_file_ref idref="fl-c"/>
      </object_component>
      <object_component id="oc-12e">
         <name>.text.Mode1_Task</name>
         <load_address>0x739c</load_address>
         <readonly>true</readonly>
         <executable>true</executable>
         <run_address>0x739c</run_address>
         <size>0x44</size>
         <alignment>0x2</alignment>
         <input_file_ref idref="fl-12"/>
      </object_component>
      <object_component id="oc-1ba">
         <name>.text.SpeedControl_SetTargets</name>
         <load_address>0x73e0</load_address>
         <readonly>true</readonly>
         <executable>true</executable>
         <run_address>0x73e0</run_address>
         <size>0x44</size>
         <alignment>0x4</alignment>
         <input_file_ref idref="fl-11"/>
      </object_component>
      <object_component id="oc-13d">
         <name>.text.FusionAhrsUpdateNoMagnetometer</name>
         <load_address>0x7424</load_address>
         <readonly>true</readonly>
         <executable>true</executable>
         <run_address>0x7424</run_address>
         <size>0x40</size>
         <alignment>0x2</alignment>
         <input_file_ref idref="fl-4"/>
      </object_component>
      <object_component id="oc-227">
         <name>.text.Key_Read</name>
         <load_address>0x7464</load_address>
         <readonly>true</readonly>
         <executable>true</executable>
         <run_address>0x7464</run_address>
         <size>0x40</size>
         <alignment>0x4</alignment>
         <input_file_ref idref="fl-d"/>
      </object_component>
      <object_component id="oc-11c">
         <name>.text.__aeabi_uidivmod</name>
         <load_address>0x74a4</load_address>
         <readonly>true</readonly>
         <executable>true</executable>
         <run_address>0x74a4</run_address>
         <size>0x40</size>
         <alignment>0x4</alignment>
         <input_file_ref idref="fl-128"/>
      </object_component>
      <object_component id="oc-1ce">
         <name>.text.__extendsfdf2</name>
         <load_address>0x74e4</load_address>
         <readonly>true</readonly>
         <executable>true</executable>
         <run_address>0x74e4</run_address>
         <size>0x40</size>
         <alignment>0x4</alignment>
         <input_file_ref idref="fl-11a"/>
      </object_component>
      <object_component id="oc-323">
         <name>.text.atoi</name>
         <load_address>0x7524</load_address>
         <readonly>true</readonly>
         <executable>true</executable>
         <run_address>0x7524</run_address>
         <size>0x40</size>
         <alignment>0x4</alignment>
         <input_file_ref idref="fl-5c"/>
      </object_component>
      <object_component id="oc-1f7">
         <name>.text.SYSCFG_DL_E1_B_init</name>
         <load_address>0x7564</load_address>
         <readonly>true</readonly>
         <executable>true</executable>
         <run_address>0x7564</run_address>
         <size>0x3c</size>
         <alignment>0x4</alignment>
         <input_file_ref idref="fl-2"/>
      </object_component>
      <object_component id="oc-1f8">
         <name>.text.SYSCFG_DL_E3_B_init</name>
         <load_address>0x75a0</load_address>
         <readonly>true</readonly>
         <executable>true</executable>
         <run_address>0x75a0</run_address>
         <size>0x3c</size>
         <alignment>0x4</alignment>
         <input_file_ref idref="fl-2"/>
      </object_component>
      <object_component id="oc-103">
         <name>.text.SpeedControl_SetDifferentialTargetOffsetFloat</name>
         <load_address>0x75dc</load_address>
         <readonly>true</readonly>
         <executable>true</executable>
         <run_address>0x75dc</run_address>
         <size>0x3c</size>
         <alignment>0x4</alignment>
         <input_file_ref idref="fl-11"/>
      </object_component>
      <object_component id="oc-1b9">
         <name>.text.VehicleYaw_GetStationaryReferenceDeg</name>
         <load_address>0x7618</load_address>
         <readonly>true</readonly>
         <executable>true</executable>
         <run_address>0x7618</run_address>
         <size>0x3c</size>
         <alignment>0x4</alignment>
         <input_file_ref idref="fl-13"/>
      </object_component>
      <object_component id="oc-10d">
         <name>.text.__floatsisf</name>
         <load_address>0x7654</load_address>
         <readonly>true</readonly>
         <executable>true</executable>
         <run_address>0x7654</run_address>
         <size>0x3c</size>
         <alignment>0x4</alignment>
         <input_file_ref idref="fl-11f"/>
      </object_component>
      <object_component id="oc-1a6">
         <name>.text.__gtsf2</name>
         <load_address>0x7690</load_address>
         <readonly>true</readonly>
         <executable>true</executable>
         <run_address>0x7690</run_address>
         <size>0x3c</size>
         <alignment>0x4</alignment>
         <input_file_ref idref="fl-12a"/>
      </object_component>
      <object_component id="oc-186">
         <name>.text:__TI_auto_init_nobinit_nopinit</name>
         <load_address>0x76cc</load_address>
         <readonly>true</readonly>
         <executable>true</executable>
         <run_address>0x76cc</run_address>
         <size>0x3c</size>
         <alignment>0x4</alignment>
         <input_file_ref idref="fl-4a"/>
      </object_component>
      <object_component id="oc-1a1">
         <name>.text.__eqsf2</name>
         <load_address>0x7708</load_address>
         <readonly>true</readonly>
         <executable>true</executable>
         <run_address>0x7708</run_address>
         <size>0x3a</size>
         <alignment>0x4</alignment>
         <input_file_ref idref="fl-12a"/>
      </object_component>
      <object_component id="oc-19c">
         <name>.text.__muldsi3</name>
         <load_address>0x7744</load_address>
         <readonly>true</readonly>
         <executable>true</executable>
         <run_address>0x7744</run_address>
         <size>0x3a</size>
         <alignment>0x4</alignment>
         <input_file_ref idref="fl-116"/>
      </object_component>
      <object_component id="oc-1f9">
         <name>.text.SYSCFG_DL_TIMER_0_init</name>
         <load_address>0x7780</load_address>
         <readonly>true</readonly>
         <executable>true</executable>
         <run_address>0x7780</run_address>
         <size>0x38</size>
         <alignment>0x4</alignment>
         <input_file_ref idref="fl-2"/>
      </object_component>
      <object_component id="oc-117">
         <name>.text.__fixsfsi</name>
         <load_address>0x77b8</load_address>
         <readonly>true</readonly>
         <executable>true</executable>
         <run_address>0x77b8</run_address>
         <size>0x38</size>
         <alignment>0x4</alignment>
         <input_file_ref idref="fl-11c"/>
      </object_component>
      <object_component id="oc-20b">
         <name>.text.lsm6dsr_block_data_update_set</name>
         <load_address>0x77f0</load_address>
         <readonly>true</readonly>
         <executable>true</executable>
         <run_address>0x77f0</run_address>
         <size>0x38</size>
         <alignment>0x2</alignment>
         <input_file_ref idref="fl-8"/>
      </object_component>
      <object_component id="oc-210">
         <name>.text.lsm6dsr_gy_filter_lp1_set</name>
         <load_address>0x7828</load_address>
         <readonly>true</readonly>
         <executable>true</executable>
         <run_address>0x7828</run_address>
         <size>0x38</size>
         <alignment>0x2</alignment>
         <input_file_ref idref="fl-8"/>
      </object_component>
      <object_component id="oc-20f">
         <name>.text.lsm6dsr_gy_full_scale_set</name>
         <load_address>0x7860</load_address>
         <readonly>true</readonly>
         <executable>true</executable>
         <run_address>0x7860</run_address>
         <size>0x38</size>
         <alignment>0x2</alignment>
         <input_file_ref idref="fl-8"/>
      </object_component>
      <object_component id="oc-208">
         <name>.text.lsm6dsr_reset_set</name>
         <load_address>0x7898</load_address>
         <readonly>true</readonly>
         <executable>true</executable>
         <run_address>0x7898</run_address>
         <size>0x38</size>
         <alignment>0x2</alignment>
         <input_file_ref idref="fl-8"/>
      </object_component>
      <object_component id="oc-20e">
         <name>.text.lsm6dsr_xl_full_scale_set</name>
         <load_address>0x78d0</load_address>
         <readonly>true</readonly>
         <executable>true</executable>
         <run_address>0x78d0</run_address>
         <size>0x38</size>
         <alignment>0x2</alignment>
         <input_file_ref idref="fl-8"/>
      </object_component>
      <object_component id="oc-22f">
         <name>.text.sprintf</name>
         <load_address>0x7908</load_address>
         <readonly>true</readonly>
         <executable>true</executable>
         <run_address>0x7908</run_address>
         <size>0x38</size>
         <alignment>0x4</alignment>
         <input_file_ref idref="fl-42"/>
      </object_component>
      <object_component id="oc-213">
         <name>.text.lsm6dsr_data_ready_mode_set</name>
         <load_address>0x7940</load_address>
         <readonly>true</readonly>
         <executable>true</executable>
         <run_address>0x7940</run_address>
         <size>0x36</size>
         <alignment>0x2</alignment>
         <input_file_ref idref="fl-8"/>
      </object_component>
      <object_component id="oc-12c">
         <name>.text.HeadingControl_Stop</name>
         <load_address>0x7978</load_address>
         <readonly>true</readonly>
         <executable>true</executable>
         <run_address>0x7978</run_address>
         <size>0x34</size>
         <alignment>0x4</alignment>
         <input_file_ref idref="fl-c"/>
      </object_component>
      <object_component id="oc-21c">
         <name>.text.lsm6dsr_angular_rate_raw_get</name>
         <load_address>0x79ac</load_address>
         <readonly>true</readonly>
         <executable>true</executable>
         <run_address>0x79ac</run_address>
         <size>0x34</size>
         <alignment>0x2</alignment>
         <input_file_ref idref="fl-8"/>
      </object_component>
      <object_component id="oc-203">
         <name>.text.mspm0_delay_ms</name>
         <load_address>0x79e0</load_address>
         <readonly>true</readonly>
         <executable>true</executable>
         <run_address>0x79e0</run_address>
         <size>0x34</size>
         <alignment>0x4</alignment>
         <input_file_ref idref="fl-9"/>
      </object_component>
      <object_component id="oc-216">
[...]
      </symbol>
      <symbol id="sm-375">
         <name>DL_Timer_initTimerMode</name>
         <value>0x53ad</value>
         <object_component_ref idref="oc-29c"/>
      </symbol>
      <symbol id="sm-376">
         <name>DL_Timer_setCaptureCompareValue</name>
         <value>0x7ed5</value>
         <object_component_ref idref="oc-1aa"/>
      </symbol>
      <symbol id="sm-377">
         <name>DL_Timer_initCaptureMode</name>
         <value>0x4f69</value>
         <object_component_ref idref="oc-297"/>
      </symbol>
      <symbol id="sm-378">
         <name>DL_Timer_setCaptCompUpdateMethod</name>
         <value>0x7d2d</value>
         <object_component_ref idref="oc-292"/>
      </symbol>
      <symbol id="sm-379">
         <name>DL_Timer_setCaptureCompareOutCtl</name>
         <value>0x7d9d</value>
         <object_component_ref idref="oc-291"/>
      </symbol>
      <symbol id="sm-37a">
         <name>DL_Timer_initFourCCPWMMode</name>
         <value>0x52a9</value>
         <object_component_ref idref="oc-290"/>
      </symbol>
      <symbol id="sm-38a">
         <name>DL_UART_init</name>
         <value>0x72cd</value>
         <object_component_ref idref="oc-2a7"/>
      </symbol>
      <symbol id="sm-38b">
         <name>DL_UART_setClockConfig</name>
         <value>0x7eaf</value>
         <object_component_ref idref="oc-2a6"/>
      </symbol>
      <symbol id="sm-38c">
         <name>DL_UART_transmitDataBlocking</name>
         <value>0x7a49</value>
         <object_component_ref idref="oc-179"/>
      </symbol>
      <symbol id="sm-39a">
         <name>asinf</name>
         <value>0x469d</value>
         <object_component_ref idref="oc-148"/>
      </symbol>
      <symbol id="sm-3a8">
         <name>atan2f</name>
         <value>0x5085</value>
         <object_component_ref idref="oc-144"/>
      </symbol>
      <symbol id="sm-3bd">
         <name>atanf</name>
         <value>0x36a5</value>
         <object_component_ref idref="oc-1c5"/>
      </symbol>
      <symbol id="sm-3dc">
         <name>cosf</name>
         <value>0x3301</value>
         <object_component_ref idref="oc-26e"/>
      </symbol>
      <symbol id="sm-3fb">
         <name>sinf</name>
         <value>0x386d</value>
         <object_component_ref idref="oc-274"/>
      </symbol>
      <symbol id="sm-40c">
         <name>sprintf</name>
         <value>0x7909</value>
         <object_component_ref idref="oc-22f"/>
      </symbol>
      <symbol id="sm-417">
         <name>__aeabi_errno_addr</name>
         <value>0x6899</value>
         <object_component_ref idref="oc-1da"/>
      </symbol>
      <symbol id="sm-418">
         <name>__aeabi_errno</name>
         <value>0x2020054c</value>
         <object_component_ref idref="oc-282"/>
      </symbol>
      <symbol id="sm-434">
         <name>__kernel_rem_pio2</name>
         <value>0x1345</value>
         <object_component_ref idref="oc-2d8"/>
      </symbol>
      <symbol id="sm-442">
         <name>_c_int00_noargs</name>
         <value>0x7c3d</value>
         <object_component_ref idref="oc-5d"/>
      </symbol>
      <symbol id="sm-443">
         <name>__stack</name>
         <value>0x20207e00</value>
         <object_component_ref idref="oc-1a"/>
      </symbol>
      <symbol id="sm-44f">
         <name>__TI_auto_init_nobinit_nopinit</name>
         <value>0x76cd</value>
         <object_component_ref idref="oc-186"/>
      </symbol>
      <symbol id="sm-457">
         <name>_system_pre_init</name>
         <value>0x8099</value>
         <object_component_ref idref="oc-9f"/>
      </symbol>
      <symbol id="sm-462">
         <name>__TI_zero_init</name>
         <value>0x7f25</value>
         <object_component_ref idref="oc-5a"/>
      </symbol>
      <symbol id="sm-46b">
         <name>__TI_decompress_none</name>
         <value>0x7ec1</value>
         <object_component_ref idref="oc-20"/>
      </symbol>
      <symbol id="sm-476">
         <name>__TI_decompress_lzss</name>
         <value>0x66b5</value>
         <object_component_ref idref="oc-1c"/>
      </symbol>
      <symbol id="sm-480">
         <name>sqrt</name>
         <value>0x452d</value>
         <object_component_ref idref="oc-1e0"/>
      </symbol>
      <symbol id="sm-481">
         <name>sqrtl</name>
         <value>0x452d</value>
         <object_component_ref idref="oc-1e0"/>
      </symbol>
      <symbol id="sm-48b">
         <name>floor</name>
         <value>0x4a8d</value>
         <object_component_ref idref="oc-309"/>
      </symbol>
      <symbol id="sm-48c">
         <name>floorl</name>
         <value>0x4a8d</value>
         <object_component_ref idref="oc-309"/>
      </symbol>
      <symbol id="sm-496">
         <name>scalbn</name>
         <value>0x5aed</value>
         <object_component_ref idref="oc-305"/>
      </symbol>
      <symbol id="sm-497">
         <name>ldexp</name>
         <value>0x5aed</value>
         <object_component_ref idref="oc-305"/>
      </symbol>
      <symbol id="sm-498">
         <name>scalbnl</name>
         <value>0x5aed</value>
         <object_component_ref idref="oc-305"/>
      </symbol>
      <symbol id="sm-499">
         <name>ldexpl</name>
         <value>0x5aed</value>
         <object_component_ref idref="oc-305"/>
      </symbol>
      <symbol id="sm-4e2">
         <name>__TI_printfi</name>
         <value>0xc1</value>
         <object_component_ref idref="oc-2f8"/>
      </symbol>
      <symbol id="sm-4f0">
         <name>abort</name>
         <value>0x805f</value>
         <object_component_ref idref="oc-17f"/>
      </symbol>
      <symbol id="sm-4fa">
         <name>__TI_ltoa</name>
         <value>0x7085</value>
         <object_component_ref idref="oc-35c"/>
      </symbol>
      <symbol id="sm-505">
         <name>atoi</name>
         <value>0x7525</value>
         <object_component_ref idref="oc-323"/>
      </symbol>
      <symbol id="sm-50e">
         <name>memccpy</name>
         <value>0x7cb1</value>
         <object_component_ref idref="oc-31c"/>
      </symbol>
      <symbol id="sm-518">
         <name>frexp</name>
         <value>0x6f21</value>
         <object_component_ref idref="oc-358"/>
      </symbol>
      <symbol id="sm-519">
         <name>frexpl</name>
         <value>0x6f21</value>
         <object_component_ref idref="oc-358"/>
      </symbol>
      <symbol id="sm-522">
         <name>wcslen</name>
         <value>0x7f15</value>
         <object_component_ref idref="oc-327"/>
      </symbol>
      <symbol id="sm-525">
         <name>__aeabi_ctype_table_</name>
         <value>0x89c0</value>
         <object_component_ref idref="oc-34b"/>
      </symbol>
      <symbol id="sm-526">
         <name>__aeabi_ctype_table_C</name>
         <value>0x89c0</value>
         <object_component_ref idref="oc-34b"/>
      </symbol>
      <symbol id="sm-52f">
         <name>HOSTexit</name>
         <value>0x8065</value>
         <object_component_ref idref="oc-256"/>
      </symbol>
      <symbol id="sm-530">
         <name>C$$EXIT</name>
         <value>0x8064</value>
         <object_component_ref idref="oc-256"/>
      </symbol>
      <symbol id="sm-545">
         <name>__aeabi_fadd</name>
         <value>0x5bcf</value>
         <object_component_ref idref="oc-e2"/>
      </symbol>
      <symbol id="sm-546">
         <name>__addsf3</name>
         <value>0x5bcf</value>
         <object_component_ref idref="oc-e2"/>
      </symbol>
      <symbol id="sm-547">
         <name>__aeabi_fsub</name>
         <value>0x5bc5</value>
         <object_component_ref idref="oc-e2"/>
      </symbol>
      <symbol id="sm-548">
         <name>__subsf3</name>
         <value>0x5bc5</value>
         <object_component_ref idref="oc-e2"/>
      </symbol>
      <symbol id="sm-551">
         <name>__aeabi_dadd</name>
         <value>0x3d9b</value>
         <object_component_ref idref="oc-1e4"/>
      </symbol>
      <symbol id="sm-552">
         <name>__adddf3</name>
         <value>0x3d9b</value>
         <object_component_ref idref="oc-1e4"/>
      </symbol>
      <symbol id="sm-553">
         <name>__aeabi_dsub</name>
         <value>0x3d91</value>
         <object_component_ref idref="oc-1e4"/>
      </symbol>
      <symbol id="sm-554">
         <name>__subdf3</name>
         <value>0x3d91</value>
         <object_component_ref idref="oc-1e4"/>
      </symbol>
      <symbol id="sm-560">
         <name>__aeabi_dmul</name>
         <value>0x576d</value>
         <object_component_ref idref="oc-1d2"/>
      </symbol>
      <symbol id="sm-561">
         <name>__muldf3</name>
         <value>0x576d</value>
         <object_component_ref idref="oc-1d2"/>
      </symbol>
      <symbol id="sm-56a">
         <name>__muldsi3</name>
         <value>0x7745</value>
         <object_component_ref idref="oc-19c"/>
      </symbol>
      <symbol id="sm-570">
         <name>__aeabi_fmul</name>
         <value>0x6399</value>
         <object_component_ref idref="oc-e6"/>
      </symbol>
      <symbol id="sm-571">
         <name>__mulsf3</name>
         <value>0x6399</value>
         <object_component_ref idref="oc-e6"/>
      </symbol>
      <symbol id="sm-57a">
         <name>__aeabi_fdiv</name>
         <value>0x6535</value>
         <object_component_ref idref="oc-de"/>
      </symbol>
      <symbol id="sm-57b">
         <name>__divsf3</name>
         <value>0x6535</value>
         <object_component_ref idref="oc-de"/>
      </symbol>
      <symbol id="sm-584">
         <name>__aeabi_ddiv</name>
         <value>0x519d</value>
         <object_component_ref idref="oc-365"/>
      </symbol>
      <symbol id="sm-585">
         <name>__divdf3</name>
         <value>0x519d</value>
         <object_component_ref idref="oc-365"/>
      </symbol>
      <symbol id="sm-58b">
         <name>__aeabi_f2d</name>
         <value>0x74e5</value>
         <object_component_ref idref="oc-1ce"/>
      </symbol>
      <symbol id="sm-58c">
         <name>__extendsfdf2</name>
         <value>0x74e5</value>
         <object_component_ref idref="oc-1ce"/>
      </symbol>
      <symbol id="sm-595">
         <name>__aeabi_d2iz</name>
         <value>0x7281</value>
         <object_component_ref idref="oc-2d3"/>
      </symbol>
      <symbol id="sm-596">
         <name>__fixdfsi</name>
         <value>0x7281</value>
         <object_component_ref idref="oc-2d3"/>
      </symbol>
      <symbol id="sm-59c">
         <name>__aeabi_f2iz</name>
         <value>0x77b9</value>
         <object_component_ref idref="oc-117"/>
      </symbol>
      <symbol id="sm-59d">
         <name>__fixsfsi</name>
         <value>0x77b9</value>
         <object_component_ref idref="oc-117"/>
      </symbol>
      <symbol id="sm-5a3">
         <name>__aeabi_f2uiz</name>
         <value>0x7a15</value>
         <object_component_ref idref="oc-216"/>
      </symbol>
      <symbol id="sm-5a4">
         <name>__fixunssfsi</name>
         <value>0x7a15</value>
         <object_component_ref idref="oc-216"/>
      </symbol>
      <symbol id="sm-5aa">
         <name>__aeabi_i2d</name>
         <value>0x7bc1</value>
         <object_component_ref idref="oc-300"/>
      </symbol>
      <symbol id="sm-5ab">
         <name>__floatsidf</name>
         <value>0x7bc1</value>
         <object_component_ref idref="oc-300"/>
      </symbol>
      <symbol id="sm-5b1">
         <name>__aeabi_i2f</name>
         <value>0x7655</value>
         <object_component_ref idref="oc-10d"/>
      </symbol>
      <symbol id="sm-5b2">
         <name>__floatsisf</name>
         <value>0x7655</value>
         <object_component_ref idref="oc-10d"/>
      </symbol>
      <symbol id="sm-5b8">
         <name>__aeabi_ui2f</name>
         <value>0x7c15</value>
         <object_component_ref idref="oc-ff"/>
      </symbol>
      <symbol id="sm-5b9">
         <name>__floatunsisf</name>
         <value>0x7c15</value>
         <object_component_ref idref="oc-ff"/>
      </symbol>
      <symbol id="sm-5bf">
         <name>__aeabi_lmul</name>
         <value>0x7c8d</value>
         <object_component_ref idref="oc-32b"/>
      </symbol>
      <symbol id="sm-5c0">
         <name>__muldi3</name>
         <value>0x7c8d</value>
         <object_component_ref idref="oc-32b"/>
      </symbol>
      <symbol id="sm-5c7">
         <name>__aeabi_d2f</name>
         <value>0x68a1</value>
         <object_component_ref idref="oc-1d6"/>
      </symbol>
      <symbol id="sm-5c8">
         <name>__truncdfsf2</name>
         <value>0x68a1</value>
         <object_component_ref idref="oc-1d6"/>
      </symbol>
      <symbol id="sm-5ce">
         <name>__aeabi_dcmpeq</name>
         <value>0x6cdd</value>
         <object_component_ref idref="oc-30d"/>
      </symbol>
      <symbol id="sm-5cf">
         <name>__aeabi_dcmplt</name>
         <value>0x6cf1</value>
         <object_component_ref idref="oc-30d"/>
      </symbol>
      <symbol id="sm-5d0">
         <name>__aeabi_dcmple</name>
         <value>0x6d05</value>
         <object_component_ref idref="oc-30d"/>
      </symbol>
      <symbol id="sm-5d1">
         <name>__aeabi_dcmpge</name>
         <value>0x6d19</value>
         <object_component_ref idref="oc-30d"/>
      </symbol>
      <symbol id="sm-5d2">
         <name>__aeabi_dcmpgt</name>
         <value>0x6d2d</value>
         <object_component_ref idref="oc-30d"/>
      </symbol>
      <symbol id="sm-5d8">
         <name>__aeabi_fcmpeq</name>
         <value>0x6d41</value>
         <object_component_ref idref="oc-ea"/>
      </symbol>
      <symbol id="sm-5d9">
         <name>__aeabi_fcmplt</name>
         <value>0x6d55</value>
         <object_component_ref idref="oc-ea"/>
      </symbol>
      <symbol id="sm-5da">
         <name>__aeabi_fcmple</name>
         <value>0x6d69</value>
         <object_component_ref idref="oc-ea"/>
      </symbol>
      <symbol id="sm-5db">
         <name>__aeabi_fcmpge</name>
         <value>0x6d7d</value>
         <object_component_ref idref="oc-ea"/>
      </symbol>
      <symbol id="sm-5dc">
         <name>__aeabi_fcmpgt</name>
         <value>0x6d91</value>
         <object_component_ref idref="oc-ea"/>
      </symbol>
      <symbol id="sm-5e2">
         <name>__aeabi_idiv</name>
         <value>0x7135</value>
         <object_component_ref idref="oc-2fc"/>
      </symbol>
      <symbol id="sm-5e3">
         <name>__aeabi_idivmod</name>
         <value>0x7135</value>
         <object_component_ref idref="oc-2fc"/>
      </symbol>
      <symbol id="sm-5e9">
         <name>__aeabi_memcpy</name>
         <value>0x7ff5</value>
         <object_component_ref idref="oc-4d"/>
      </symbol>
      <symbol id="sm-5ea">
         <name>__aeabi_memcpy4</name>
         <value>0x7ff5</value>
         <object_component_ref idref="oc-4d"/>
      </symbol>
      <symbol id="sm-5eb">
         <name>__aeabi_memcpy8</name>
         <value>0x7ff5</value>
         <object_component_ref idref="oc-4d"/>
      </symbol>
      <symbol id="sm-5f4">
         <name>__aeabi_memset</name>
         <value>0x7f35</value>
         <object_component_ref idref="oc-31b"/>
      </symbol>
      <symbol id="sm-5f5">
         <name>__aeabi_memset4</name>
         <value>0x7f35</value>
         <object_component_ref idref="oc-31b"/>
      </symbol>
      <symbol id="sm-5f6">
         <name>__aeabi_memset8</name>
         <value>0x7f35</value>
         <object_component_ref idref="oc-31b"/>
      </symbol>
      <symbol id="sm-5f7">
         <name>__aeabi_memclr</name>
         <value>0x7f91</value>
         <object_component_ref idref="oc-9a"/>
      </symbol>
      <symbol id="sm-5f8">
         <name>__aeabi_memclr4</name>
         <value>0x7f91</value>
         <object_component_ref idref="oc-9a"/>
      </symbol>
      <symbol id="sm-5f9">
         <name>__aeabi_memclr8</name>
         <value>0x7f91</value>
         <object_component_ref idref="oc-9a"/>
      </symbol>
      <symbol id="sm-5ff">
         <name>__aeabi_uidiv</name>
         <value>0x74a5</value>
         <object_component_ref idref="oc-11c"/>
      </symbol>
      <symbol id="sm-600">
         <name>__aeabi_uidivmod</name>
         <value>0x74a5</value>
         <object_component_ref idref="oc-11c"/>
      </symbol>
      <symbol id="sm-606">
         <name>__aeabi_uldivmod</name>
         <value>0x7e25</value>
         <object_component_ref idref="oc-330"/>
      </symbol>
      <symbol id="sm-60f">
         <name>__eqsf2</name>
         <value>0x7709</value>
         <object_component_ref idref="oc-1a1"/>
      </symbol>
      <symbol id="sm-610">
         <name>__lesf2</name>
         <value>0x7709</value>
         <object_component_ref idref="oc-1a1"/>
      </symbol>
      <symbol id="sm-611">
         <name>__ltsf2</name>
         <value>0x7709</value>
         <object_component_ref idref="oc-1a1"/>
      </symbol>
      <symbol id="sm-612">
         <name>__nesf2</name>
         <value>0x7709</value>
         <object_component_ref idref="oc-1a1"/>
      </symbol>
      <symbol id="sm-613">
         <name>__cmpsf2</name>
         <value>0x7709</value>
         <object_component_ref idref="oc-1a1"/>
      </symbol>
      <symbol id="sm-614">
         <name>__gtsf2</name>
         <value>0x7691</value>
         <object_component_ref idref="oc-1a6"/>
      </symbol>
      <symbol id="sm-615">
         <name>__gesf2</name>
         <value>0x7691</value>
         <object_component_ref idref="oc-1a6"/>
      </symbol>
      <symbol id="sm-61b">
         <name>__udivmoddi4</name>
         <value>0x5f75</value>
         <object_component_ref idref="oc-353"/>
      </symbol>
      <symbol id="sm-621">
         <name>__aeabi_llsl</name>
         <value>0x7cf1</value>
         <object_component_ref idref="oc-36e"/>
      </symbol>
      <symbol id="sm-622">
         <name>__ashldi3</name>
         <value>0x7cf1</value>
         <object_component_ref idref="oc-36e"/>
      </symbol>
      <symbol id="sm-630">
         <name>__ledf2</name>
         <value>0x6b3d</value>
         <object_component_ref idref="oc-340"/>
      </symbol>
      <symbol id="sm-631">
         <name>__gedf2</name>
         <value>0x6825</value>
         <object_component_ref idref="oc-346"/>
      </symbol>
      <symbol id="sm-632">
         <name>__cmpdf2</name>
         <value>0x6b3d</value>
         <object_component_ref idref="oc-340"/>
      </symbol>
      <symbol id="sm-633">
         <name>__eqdf2</name>
         <value>0x6b3d</value>
         <object_component_ref idref="oc-340"/>
      </symbol>
      <symbol id="sm-634">
         <name>__ltdf2</name>
         <value>0x6b3d</value>
         <object_component_ref idref="oc-340"/>
      </symbol>
      <symbol id="sm-635">
         <name>__nedf2</name>
         <value>0x6b3d</value>
         <object_component_ref idref="oc-340"/>
      </symbol>
      <symbol id="sm-636">
         <name>__gtdf2</name>
         <value>0x6825</value>
         <object_component_ref idref="oc-346"/>
      </symbol>
      <symbol id="sm-642">
         <name>__aeabi_idiv0</name>
         <value>0x5f73</value>
         <object_component_ref idref="oc-1b3"/>
      </symbol>
      <symbol id="sm-643">
         <name>__aeabi_ldiv0</name>
         <value>0x6017</value>
         <object_component_ref idref="oc-36d"/>
      </symbol>
      <symbol id="sm-65d">
         <name>memcpy</name>
         <value>0x6151</value>
         <object_component_ref idref="oc-15a"/>
      </symbol>
      <symbol id="sm-66c">
         <name>memset</name>
         <value>0x6da3</value>
         <object_component_ref idref="oc-1f0"/>
      </symbol>
      <symbol id="sm-66d">
         <name>__TI_static_base__</name>
         <value>0x0</value>
      </symbol>
      <symbol id="sm-671">
         <name>__mpu_init</name>
         <value>0x0</value>
      </symbol>
      <symbol id="sm-672">
         <name>_system_post_cinit</name>
         <value>0x0</value>
      </symbol>
   </symbol_table>
   <title>Link successful</title>
</link_info>
