******************************************************************************
            TI ARM Clang Linker PC v4.0.4                      
******************************************************************************
>> Linked Wed Jul 22 17:21:47 2026

OUTPUT FILE NAME:   <gpio_toggle_output_LP_MSPM0G3507_nortos_ticlang.out>
ENTRY POINT SYMBOL: "_c_int00_noargs"  address: 00007c3d


MEMORY CONFIGURATION

         name            origin    length      used     unused   attr    fill
----------------------  --------  ---------  --------  --------  ----  --------
  FLASH                 00000000   00020000  00008e10  000171f0  R  X
  SRAM                  20200000   00008000  00000785  0000787b  RW X
  BCR_CONFIG            41c00000   000000ff  00000000  000000ff  R   
  BSL_CONFIG            41c00100   00000080  00000000  00000080  R   


SEGMENT ALLOCATION MAP

run origin  load origin   length   init length attrs members
----------  ----------- ---------- ----------- ----- -------
00000000    00000000    00008e10   00008e10    r-x
  00000000    00000000    000000c0   000000c0    r-- .intvecs
  000000c0    000000c0    00007fe0   00007fe0    r-x .text
  000080a0    000080a0    00000ce0   00000ce0    r-- .rodata
  00008d80    00008d80    00000090   00000090    r-- .cinit
20200000    20200000    00000588   00000000    rw-
  20200000    20200000    00000481   00000000    rw- .bss
  20200484    20200484    00000104   00000000    rw- .data
20207e00    20207e00    00000200   00000000    rw-
  20207e00    20207e00    00000200   00000000    rw- .stack


SECTION ALLOCATION MAP

 output                                  attributes/
section   page    origin      length       input sections
--------  ----  ----------  ----------   ----------------
.intvecs   0    00000000    000000c0     
                  00000000    000000c0     startup_mspm0g350x_ticlang.o (.intvecs)

.text      0    000000c0    00007fe0     
                  000000c0    000009d0     libc.a : _printfi.c.obj (.text:__TI_printfi)
                  00000a90    000008b4     FusionAhrs.o (.text.FusionAhrsUpdate)
                  00001344    00000644     libc.a : k_rem_pio2.c.obj (.text.__kernel_rem_pio2)
                  00001988    000003e8     speed_control.o (.text.SpeedControl_Update20ms)
                  00001d70    00000374     menu.o (.text.Menu_Draw)
                  000020e4    000002d4     oled_hardware_i2c.o (.text.OLED_Init)
                  000023b8    00000290     heading_control.o (.text.HeadingControl_Update20ms)
                  00002648    00000264     key.o (.text.Key_Update1ms)
                  000028ac    0000022c     imu660rb.o (.text.FusionTasks)
                  00002ad8    00000220     libc.a : _printfi.c.obj (.text._pconv_a)
                  00002cf8    00000218     speed_control.o (.text.SpeedPid_Update)
                  00002f10    00000214     imu660rb.o (.text.IMU660RB_Init)
                  00003124    000001dc     libc.a : _printfi.c.obj (.text._pconv_g)
                  00003300    000001d4            : s_cosf.c.obj (.text.cosf)
                  000034d4    000001d0     lsm6dsr_reg.o (.text.lsm6dsr_pin_int1_route_set)
                  000036a4    000001c8     libc.a : s_atanf.c.obj (.text.atanf)
                  0000386c    000001c8            : s_sinf.c.obj (.text.sinf)
                  00003a34    000001c0     imu660rb.o (.text.Read_IMU660RB)
                  00003bf4    0000019c     FusionAhrs.o (.text.FusionAhrsSetHeading)
                  00003d90    00000192     libclang_rt.builtins.a : adddf3.S.obj (.text.adddf3_subdf3)
                  00003f22    00000002     startup_mspm0g350x_ticlang.o (.text.Default_Handler)
                  00003f24    00000188     imu660rb.o (.text.platform_read)
                  000040ac    00000184     menu.o (.text.Menu_HandleKeys)
                  00004230    00000180     imu660rb.o (.text.platform_write)
                  000043b0    0000017c     vehicle_yaw.o (.text.VehicleYaw_Update5ms)
                  0000452c    00000170     libc.a : e_sqrt.c.obj (.text.sqrt)
                  0000469c    00000160            : e_asinf.c.obj (.text.asinf)
                  000047fc    0000014c     oled_hardware_i2c.o (.text.OLED_WR_Byte)
                  00004948    00000144     oled_hardware_i2c.o (.text.OLED_Clear)
                  00004a8c    00000144     libc.a : s_floor.c.obj (.text.floor)
                  00004bd0    0000013c     FusionAhrs.o (.text.Feedback)
                  00004d0c    0000013c     libc.a : _printfi.c.obj (.text.fcvt)
                  00004e48    00000120            : _printfi.c.obj (.text._pconv_e)
                  00004f68    0000011c     driverlib.a : dl_timer.o (.text.DL_Timer_initCaptureMode)
                  00005084    00000118     libc.a : e_atan2f.c.obj (.text.atan2f)
                  0000519c    0000010c     libclang_rt.builtins.a : divdf3.S.obj (.text.__divdf3)
                  000052a8    00000104     driverlib.a : dl_timer.o (.text.DL_Timer_initFourCCPWMMode)
                  000053ac    000000fc                 : dl_timer.o (.text.DL_Timer_initTimerMode)
                  000054a8    000000f0     lsm6dsr_reg.o (.text.lsm6dsr_gy_data_rate_set)
                  00005598    000000f0     lsm6dsr_reg.o (.text.lsm6dsr_xl_data_rate_set)
                  00005688    000000e4     ti_msp_dl_config.o (.text.SYSCFG_DL_GPIO_init)
                  0000576c    000000e4     libclang_rt.builtins.a : muldf3.S.obj (.text.__muldf3)
                  00005850    000000e0     FusionAhrs.o (.text.FusionAhrsSetSettings)
                  00005930    000000e0     FusionOffset.o (.text.FusionOffsetUpdate)
                  00005a10    000000dc     oled_hardware_i2c.o (.text.OLED_ShowChar)
                  00005aec    000000d8     libc.a : s_scalbn.c.obj (.text.scalbn)
                  00005bc4    000000d8     libclang_rt.builtins.a : addsf3.S.obj (.text)
                  00005c9c    000000d4     key.o (.text.Key_Init)
                  00005d70    000000ac     libc.a : s_cosf.c.obj (.text.__kernel_sindf)
                  00005e1c    000000ac            : s_sinf.c.obj (.text.__kernel_sindf)
                  00005ec8    000000aa     lsm6dsr_reg.o (.text.lsm6dsr_pin_int1_route_get)
                  00005f72    00000002     libclang_rt.builtins.a : aeabi_div0.c.obj (.text.__aeabi_idiv0)
                  00005f74    000000a2                            : udivmoddi4.S.obj (.text)
                  00006016    00000002                            : aeabi_div0.c.obj (.text.__aeabi_ldiv0)
                  00006018    0000009c     libc.a : s_cosf.c.obj (.text.__kernel_cosdf)
                  000060b4    0000009c            : s_sinf.c.obj (.text.__kernel_cosdf)
                  00006150    0000009a            : memcpy16.S.obj (.text:memcpy)
                  000061ea    00000002     --HOLE-- [fill = 0]
                  000061ec    00000094     gpio_toggle_output.o (.text.TIMA0_IRQHandler)
                  00006280    0000008c     ti_msp_dl_config.o (.text.SYSCFG_DL_PWM_0_init)
                  0000630c    0000008c     ti_msp_dl_config.o (.text.SYSCFG_DL_PWM_1_init)
                  00006398    0000008c     libclang_rt.builtins.a : mulsf3.S.obj (.text.__mulsf3)
                  00006424    00000088     ti_msp_dl_config.o (.text.SYSCFG_DL_initPower)
                  000064ac    00000088     encoder.o (.text.encoder_task)
                  00006534    00000082     libclang_rt.builtins.a : divsf3.S.obj (.text.__divsf3)
                  000065b6    00000002     --HOLE-- [fill = 0]
                  000065b8    00000080     speed_control.o (.text.SpeedControl_Start)
                  00006638    0000007c     ttop_funtion.o (.text.ModeExecTask)
                  000066b4    0000007c     libc.a : copy_decompress_lzss.c.obj (.text:decompress:lzss)
                  00006730    0000007a     oled_hardware_i2c.o (.text.OLED_ShowString)
                  000067aa    0000007a     lsm6dsr_reg.o (.text.lsm6dsr_fsm_enable_get)
                  00006824    00000074     libclang_rt.builtins.a : comparedf2.c.obj (.text.__gedf2)
                  00006898    00000008     libc.a : aeabi_portable.c.obj (.text.__aeabi_errno_addr)
                  000068a0    00000074     libclang_rt.builtins.a : truncdfsf2.S.obj (.text.__truncdfsf2)
                  00006914    00000070     heading_control.o (.text.HeadingControl_Start)
                  00006984    00000070     ti_msp_dl_config.o (.text.SYSCFG_DL_UART_0_init)
                  000069f4    00000070     speed_control.o (.text.SpeedControl_Init)
                  00006a64    0000006e     lsm6dsr_reg.o (.text.lsm6dsr_fsm_data_rate_get)
                  00006ad2    00000002     --HOLE-- [fill = 0]
                  00006ad4    00000068     motor.o (.text.Motor_SetSpeed)
                  00006b3c    00000068     libclang_rt.builtins.a : comparedf2.c.obj (.text.__ledf2)
                  00006ba4    00000068     lsm6dsr_reg.o (.text.lsm6dsr_i3c_disable_set)
                  00006c0c    00000068     gpio_toggle_output.o (.text.main)
                  00006c74    00000066     libc.a : _printfi.c.obj (.text._mcpy)
                  00006cda    00000002     --HOLE-- [fill = 0]
                  00006cdc    00000062     libclang_rt.builtins.a : aeabi_dcmp.S.obj (.text.__aeabi_dcmp)
                  00006d3e    00000002     --HOLE-- [fill = 0]
                  00006d40    00000062                            : aeabi_fcmp.S.obj (.text.__aeabi_fcmp)
                  00006da2    00000062     libc.a : memset16.S.obj (.text:memset)
                  00006e04    00000060     speed_control.o (.text.SpeedControl_Stop)
                  00006e64    0000005e     driverlib.a : dl_i2c.o (.text.DL_I2C_fillControllerTXFIFO)
                  00006ec2    00000002     --HOLE-- [fill = 0]
                  00006ec4    0000005c     menu.o (.text.Main_OnConfirm)
                  00006f20    0000005c     libc.a : s_frexp.c.obj (.text.frexp)
                  00006f7c    00000058     FusionAhrs.o (.text.FusionAhrsInitialise)
                  00006fd4    00000058     ti_msp_dl_config.o (.text.SYSCFG_DL_init)
                  0000702c    00000058     vehicle_yaw.o (.text.VehicleYaw_Init)
                  00007084    00000058     libc.a : _ltoa.c.obj (.text.__TI_ltoa)
                  000070dc    00000058            : _printfi.c.obj (.text._pconv_f)
                  00007134    00000056     libclang_rt.builtins.a : aeabi_idivmod.S.obj (.text.__aeabi_idivmod)
                  0000718a    00000002     --HOLE-- [fill = 0]
                  0000718c    00000054     ti_msp_dl_config.o (.text.SYSCFG_DL_I2C_OLED_init)
                  000071e0    00000052     libc.a : _printfi.c.obj (.text._ecpy)
                  00007232    00000002     --HOLE-- [fill = 0]
                  00007234    0000004c     ti_msp_dl_config.o (.text.SYSCFG_DL_SPI_IMU660RB_init)
                  00007280    0000004a     libclang_rt.builtins.a : fixdfsi.S.obj (.text.__fixdfsi)
                  000072ca    00000002     --HOLE-- [fill = 0]
                  000072cc    00000048     driverlib.a : dl_uart.o (.text.DL_UART_init)
                  00007314    00000044                 : dl_spi.o (.text.DL_SPI_init)
                  00007358    00000044     heading_control.o (.text.HeadingControl_Init)
                  0000739c    00000044     ttop_funtion.o (.text.Mode1_Task)
                  000073e0    00000044     speed_control.o (.text.SpeedControl_SetTargets)
                  00007424    00000040     FusionAhrs.o (.text.FusionAhrsUpdateNoMagnetometer)
                  00007464    00000040     key.o (.text.Key_Read)
                  000074a4    00000040     libclang_rt.builtins.a : aeabi_uidivmod.S.obj (.text.__aeabi_uidivmod)
                  000074e4    00000040                            : extendsfdf2.S.obj (.text.__extendsfdf2)
                  00007524    00000040     libc.a : atoi.c.obj (.text.atoi)
                  00007564    0000003c     ti_msp_dl_config.o (.text.SYSCFG_DL_E1_B_init)
                  000075a0    0000003c     ti_msp_dl_config.o (.text.SYSCFG_DL_E3_B_init)
                  000075dc    0000003c     speed_control.o (.text.SpeedControl_SetDifferentialTargetOffsetFloat)
                  00007618    0000003c     vehicle_yaw.o (.text.VehicleYaw_GetStationaryReferenceDeg)
                  00007654    0000003c     libclang_rt.builtins.a : floatsisf.S.obj (.text.__floatsisf)
                  00007690    0000003c                            : comparesf2.S.obj (.text.__gtsf2)
                  000076cc    0000003c     libc.a : autoinit.c.obj (.text:__TI_auto_init_nobinit_nopinit)
                  00007708    0000003a     libclang_rt.builtins.a : comparesf2.S.obj (.text.__eqsf2)
                  00007742    00000002     --HOLE-- [fill = 0]
                  00007744    0000003a                            : muldsi3.S.obj (.text.__muldsi3)
                  0000777e    00000002     --HOLE-- [fill = 0]
                  00007780    00000038     ti_msp_dl_config.o (.text.SYSCFG_DL_TIMER_0_init)
                  000077b8    00000038     libclang_rt.builtins.a : fixsfsi.S.obj (.text.__fixsfsi)
                  000077f0    00000038     lsm6dsr_reg.o (.text.lsm6dsr_block_data_update_set)
                  00007828    00000038     lsm6dsr_reg.o (.text.lsm6dsr_gy_filter_lp1_set)
                  00007860    00000038     lsm6dsr_reg.o (.text.lsm6dsr_gy_full_scale_set)
                  00007898    00000038     lsm6dsr_reg.o (.text.lsm6dsr_reset_set)
                  000078d0    00000038     lsm6dsr_reg.o (.text.lsm6dsr_xl_full_scale_set)
                  00007908    00000038     libc.a : sprintf.c.obj (.text.sprintf)
                  00007940    00000036     lsm6dsr_reg.o (.text.lsm6dsr_data_ready_mode_set)
                  00007976    00000002     --HOLE-- [fill = 0]
                  00007978    00000034     heading_control.o (.text.HeadingControl_Stop)
                  000079ac    00000034     lsm6dsr_reg.o (.text.lsm6dsr_angular_rate_raw_get)
                  000079e0    00000034     clock.o (.text.mspm0_delay_ms)
                  00007a14    00000032     libclang_rt.builtins.a : fixunssfsi.S.obj (.text.__fixunssfsi)
                  00007a46    00000002     --HOLE-- [fill = 0]
                  00007a48    00000030     driverlib.a : dl_uart.o (.text.DL_UART_transmitDataBlocking)
                  00007a78    00000030     FusionOffset.o (.text.FusionOffsetInitialise)
                  00007aa8    00000030     ti_msp_dl_config.o (.text.SYSCFG_DL_SYSCTL_init)
                  00007ad8    00000030     encoder.o (.text.TIMA1_IRQHandler)
                  00007b08    00000030     encoder.o (.text.TIMG0_IRQHandler)
                  00007b38    00000030     libc.a : _printfi.c.obj (.text._fcpy)
                  00007b68    0000002c     encoder.o (.text.Encoder_Start)
                  00007b94    0000002c     gpio_toggle_output.o (.text.UART1_IRQHandler)
                  00007bc0    0000002c     libclang_rt.builtins.a : floatsidf.S.obj (.text.__floatsidf)
                  00007bec    00000028     clock.o (.text.SysTick_Init)
                  00007c14    00000028     libclang_rt.builtins.a : floatunsisf.S.obj (.text.__floatunsisf)
                  00007c3c    00000028     libc.a : boot_cortex_m.c.obj (.text:_c_int00_noargs)
                  00007c64    00000026     driverlib.a : dl_i2c.o (.text.DL_I2C_setClockConfig)
                  00007c8a    00000002     --HOLE-- [fill = 0]
                  00007c8c    00000024     libclang_rt.builtins.a : muldi3.S.obj (.text.__muldi3)
                  00007cb0    00000022     libc.a : memccpy.c.obj (.text.memccpy)
                  00007cd2    0000001e     motor.o (.text.Motor_Stop)
                  00007cf0    0000001e     libclang_rt.builtins.a : ashldi3.S.obj (.text.__ashldi3)
                  00007d0e    0000001e     lsm6dsr_reg.o (.text.lsm6dsr_reset_get)
                  00007d2c    0000001c     driverlib.a : dl_timer.o (.text.DL_Timer_setCaptCompUpdateMethod)
                  00007d48    0000001c                 : dl_timer.o (.text.DL_Timer_setClockConfig)
                  00007d64    0000001c     menu.o (.text.Menu_Init)
                  00007d80    0000001c     lsm6dsr_reg.o (.text.lsm6dsr_gy_flag_data_ready_get)
                  00007d9c    00000018     driverlib.a : dl_timer.o (.text.DL_Timer_setCaptureCompareOutCtl)
                  00007db4    00000018     libc.a : sprintf.c.obj (.text._outs)
                  00007dcc    00000018     lsm6dsr_reg.o (.text.lsm6dsr_odr_cal_reg_get)
                  00007de4    00000018     clock.o (.text.mspm0_get_clock_ms)
                  00007dfc    00000016     libc.a : k_rem_pio2.c.obj (.text.OUTLINED_FUNCTION_0)
                  00007e12    00000002     --HOLE-- [fill = 0]
                  00007e14    00000010     libclang_rt.builtins.a : adddf3.S.obj (.tramp.__aeabi_dadd.1)
                  00007e24    00000014                            : aeabi_uldivmod.S.obj (.text.__aeabi_uldivmod)
                  00007e38    00000014     lsm6dsr_reg.o (.text.lsm6dsr_from_fs2000dps_to_mdps)
                  00007e4c    00000014     lsm6dsr_reg.o (.text.lsm6dsr_from_fs2g_to_mg)
                  00007e60    00000014     lsm6dsr_reg.o (.text.lsm6dsr_read_reg)
                  00007e74    00000014     lsm6dsr_reg.o (.text.lsm6dsr_write_reg)
                  00007e88    00000014     libc.a : _printfi.c.obj (.text.strchr)
                  00007e9c    00000012     driverlib.a : dl_spi.o (.text.DL_SPI_setClockConfig)
                  00007eae    00000012                 : dl_uart.o (.text.DL_UART_setClockConfig)
                  00007ec0    00000012     libc.a : copy_decompress_none.c.obj (.text:decompress:none)
                  00007ed2    00000002     --HOLE-- [fill = 0]
                  00007ed4    00000010     driverlib.a : dl_timer.o (.text.DL_Timer_setCaptureCompareValue)
                  00007ee4    00000010     FusionAhrs.o (.text.FusionAhrsGetQuaternion)
                  00007ef4    00000010     libc.a : k_rem_pio2.c.obj (.text.OUTLINED_FUNCTION_2)
                  00007f04    00000010     gpio_toggle_output.o (.text.SysTick_Handler)
                  00007f14    00000010     libc.a : wcslen.c.obj (.text.wcslen)
                  00007f24    00000010            : copy_zero_init.c.obj (.text:decompress:ZI)
                  00007f34    0000000e     libclang_rt.builtins.a : aeabi_memset.S.obj (.text.__aeabi_memset)
                  00007f42    0000000e     lsm6dsr_reg.o (.text.lsm6dsr_device_id_get)
                  00007f50    0000000e     libc.a : _printfi.c.obj (.text.strlen)
                  00007f5e    00000002     --HOLE-- [fill = 0]
                  00007f60    0000000c     speed_control.o (.text.SpeedControl_IsRunning)
                  00007f6c    0000000c     vehicle_yaw.o (.text.VehicleYaw_GetHeadingDeg)
                  00007f78    0000000c     vehicle_yaw.o (.text.VehicleYaw_GetRateDps)
                  00007f84    0000000c     vehicle_yaw.o (.text.VehicleYaw_IsCalibrated)
                  00007f90    0000000c     libclang_rt.builtins.a : aeabi_memset.S.obj (.text.__aeabi_memclr)
                  00007f9c    0000000a     driverlib.a : dl_common.o (.text.DL_Common_delayCycles)
                  00007fa6    0000000a     libc.a : _printfi.c.obj (.text.OUTLINED_FUNCTION_0)
                  00007fb0    00000010     libclang_rt.builtins.a : adddf3.S.obj (.tramp.__aeabi_dsub.1)
                  00007fc0    0000000a     libc.a : _printfi.c.obj (.text.OUTLINED_FUNCTION_1)
                  00007fca    0000000a            : k_rem_pio2.c.obj (.text.OUTLINED_FUNCTION_1)
                  00007fd4    0000000a            : s_cosf.c.obj (.text.OUTLINED_FUNCTION_3)
                  00007fde    0000000a            : s_sinf.c.obj (.text.OUTLINED_FUNCTION_3)
                  00007fe8    0000000a            : sprintf.c.obj (.text._outc)
                  00007ff2    00000002     --HOLE-- [fill = 0]
                  00007ff4    00000008     libclang_rt.builtins.a : aeabi_memcpy.S.obj (.text.__aeabi_memcpy)
                  00007ffc    00000008     imu660rb.o (.text.platform_delay)
                  00008004    00000006     libc.a : e_asinf.c.obj (.text.OUTLINED_FUNCTION_0)
                  0000800a    00000002     --HOLE-- [fill = 0]
                  0000800c    00000010     libclang_rt.builtins.a : mulsf3.S.obj (.tramp.__aeabi_fmul.1)
                  0000801c    00000006     libc.a : s_atanf.c.obj (.text.OUTLINED_FUNCTION_0)
                  00008022    00000002     --HOLE-- [fill = 0]
                  00008024    00000010     libclang_rt.builtins.a : divsf3.S.obj (.tramp.__aeabi_fdiv.1)
                  00008034    00000006     libc.a : s_cosf.c.obj (.text.OUTLINED_FUNCTION_0)
                  0000803a    00000002     --HOLE-- [fill = 0]
                  0000803c    00000010     libclang_rt.builtins.a : muldf3.S.obj (.tramp.__aeabi_dmul.1)
                  0000804c    00000006     libc.a : s_sinf.c.obj (.text.OUTLINED_FUNCTION_0)
                  00008052    00000006            : s_cosf.c.obj (.text.OUTLINED_FUNCTION_1)
                  00008058    00000006            : s_sinf.c.obj (.text.OUTLINED_FUNCTION_1)
                  0000805e    00000006            : exit.c.obj (.text:abort)
                  00008064    00000004     libsysbm.a : hostexit.c.obj (.text.HOSTexit)
                  00008068    00000004     libc.a : s_atanf.c.obj (.text.OUTLINED_FUNCTION_1)
                  0000806c    00000010     libclang_rt.builtins.a : addsf3.S.obj (.tramp.__aeabi_fadd.1)
                  0000807c    00000004     libc.a : s_cosf.c.obj (.text.OUTLINED_FUNCTION_2)
                  00008080    00000010     libclang_rt.builtins.a : extendsfdf2.S.obj (.tramp.__aeabi_f2d.1)
                  00008090    00000004     libc.a : s_sinf.c.obj (.text.OUTLINED_FUNCTION_2)
                  00008094    00000004     startup_mspm0g350x_ticlang.o (.text.Reset_Handler)
                  00008098    00000004     libc.a : pre_init.c.obj (.text._system_pre_init)
                  0000809c    00000004     --HOLE-- [fill = 0]

.cinit     0    00008d80    00000090     
                  00008d80    00000067     (.cinit..data.load) [load image, compression = lzss]
                  00008de7    00000001     --HOLE-- [fill = 0]
                  00008de8    0000000c     (__TI_handler_table)
                  00008df4    00000008     (.cinit..bss.load) [load image, compression = zero_init]
                  00008dfc    00000010     (__TI_cinit_table)
                  00008e0c    00000004     --HOLE-- [fill = 0]

.rodata    0    000080a0    00000ce0     
                  000080a0    000005f0     oled_hardware_i2c.o (.rodata.asc2_1608)
                  00008690    00000228     oled_hardware_i2c.o (.rodata.asc2_0806)
                  000088b8    00000108     libc.a : k_rem_pio2.c.obj (.rodata.ipio2)
                  000089c0    00000101            : aeabi_ctype.S.obj (.rodata:__aeabi_ctype_table_)
                  00008ac1    00000007     menu.o (.rodata.str1.4862307748908978627.1)
                  00008ac8    00000040     libc.a : k_rem_pio2.c.obj (.rodata.PIo2)
                  00008b08    00000020            : s_atanf.c.obj (.rodata.cst16)
                  00008b28    00000018     FusionAhrs.o (.rodata..L__const.FusionAhrsInitialise.settings)
                  00008b40    00000016     menu.o (.rodata.str1.10328007740471583152.1)
                  00008b56    00000016     menu.o (.rodata.str1.12529745671640060480.1)
                  00008b6c    00000016     menu.o (.rodata.str1.13617062986815958976.1)
                  00008b82    00000016     menu.o (.rodata.str1.4646809750356241979.1)
                  00008b98    00000014     ti_msp_dl_config.o (.rodata.gTIMER_0TimerConfig)
                  00008bac    00000012     menu.o (.rodata.str1.16441631219694782258.1)
                  00008bbe    00000012     menu.o (.rodata.str1.7744728663709381313.1)
                  00008bd0    00000012     menu.o (.rodata.str1.9335743632997171283.1)
                  00008be2    00000011     libc.a : _printfi.c.obj (.rodata.str1.10348868589481759720.1)
                  00008bf3    00000011            : _printfi.c.obj (.rodata.str1.15363888844622738466.1)
                  00008c04    00000011     menu.o (.rodata.str1.6701487184897310674.1)
                  00008c15    00000003     ti_msp_dl_config.o (.rodata.gE1_BClockConfig)
                  00008c18    00000010     menu.o (.rodata..Lswitch.table.Menu_Draw)
                  00008c28    00000010     libc.a : k_rem_pio2.c.obj (.rodata.cst16)
                  00008c38    00000010     ti_msp_dl_config.o (.rodata.gE1_BCaptureConfig)
                  00008c48    00000010     ti_msp_dl_config.o (.rodata.gE3_BCaptureConfig)
                  00008c58    00000010     menu.o (.rodata.str1.11534523658231328620.1)
                  00008c68    00000010     menu.o (.rodata.str1.17237485157608160752.1)
                  00008c78    00000010     menu.o (.rodata.str1.7031123130867055512.1)
                  00008c88    00000010     menu.o (.rodata.str1.9546740394641817443.1)
                  00008c98    0000000e     menu.o (.rodata.str1.10151230154532456887.1)
                  00008ca6    0000000e     menu.o (.rodata.str1.13951259244972983076.1)
                  00008cb4    0000000d     menu.o (.rodata.str1.15382373691547772653.1)
                  00008cc1    00000003     ti_msp_dl_config.o (.rodata.gE3_BClockConfig)
                  00008cc4    0000000c     driverlib.a : dl_timer.o (.rodata..Lswitch.table.DL_Timer_initCompareMode)
                  00008cd0    0000000c     menu.o (.rodata..Lswitch.table.Menu_Draw.32)
                  00008cdc    0000000a     ti_msp_dl_config.o (.rodata.gSPI_IMU660RB_config)
                  00008ce6    0000000a     ti_msp_dl_config.o (.rodata.gUART_0Config)
                  00008cf0    0000000a     menu.o (.rodata.str1.12110183915172842339.1)
                  00008cfa    0000000a     menu.o (.rodata.str1.17041139162815566052.1)
                  00008d04    00000009     menu.o (.rodata.str1.1645282505431347711.1)
                  00008d0d    00000003     ti_msp_dl_config.o (.rodata.gPWM_0ClockConfig)
                  00008d10    00000008     ti_msp_dl_config.o (.rodata.gPWM_0Config)
                  00008d18    00000008     ti_msp_dl_config.o (.rodata.gPWM_1Config)
                  00008d20    00000006     menu.o (.rodata.str1.12621154128155039063.1)
                  00008d26    00000006     menu.o (.rodata.str1.13124720451672825294.1)
                  00008d2c    00000006     menu.o (.rodata.str1.13854193301767519817.1)
                  00008d32    00000006     menu.o (.rodata.str1.1883380180211252164.1)
                  00008d38    00000006     menu.o (.rodata.str1.1955320522770775823.1)
                  00008d3e    00000006     menu.o (.rodata.str1.5102509094067202407.1)
                  00008d44    00000006     menu.o (.rodata.str1.5155000645726596423.1)
                  00008d4a    00000006     menu.o (.rodata.str1.6617442809723977961.1)
                  00008d50    00000006     menu.o (.rodata.str1.6857549598058878762.1)
                  00008d56    00000006     menu.o (.rodata.str1.8935930992971773687.1)
                  00008d5c    00000006     menu.o (.rodata.str1.9260523083322641056.1)
                  00008d62    00000005     menu.o (.rodata.str1.16312125044762562515.1)
                  00008d67    00000003     ti_msp_dl_config.o (.rodata.gPWM_1ClockConfig)
                  00008d6a    00000003     ti_msp_dl_config.o (.rodata.gTIMER_0ClockConfig)
                  00008d6d    00000002     ti_msp_dl_config.o (.rodata.gI2C_OLEDClockConfig)
                  00008d6f    00000002     ti_msp_dl_config.o (.rodata.gSPI_IMU660RB_clockConfig)
                  00008d71    00000002     ti_msp_dl_config.o (.rodata.gUART_0ClockConfig)
                  00008d73    0000000d     --HOLE-- [fill = 0]

.init_array 
*          0    00000000    00000000     UNINITIALIZED

.binit     0    00000000    00000000     

.bss       0    20200000    00000481     UNINITIALIZED
                  20200000    000000f0     vehicle_yaw.o (.bss.s_referenceSamples)
                  202000f0    000000bc     (.common:gE3_BBackup)
                  202001ac    000000bc     (.common:gTIMER_0Backup)
                  20200268    000000a0     (.common:gPWM_1Backup)
                  20200308    00000074     (.common:ahrs)
                  2020037c    00000028     (.common:gSPI_IMU660RBBackup)
                  202003a4    00000018     imu660rb.o (.bss.offset)
                  202003bc    00000018     menu.o (.bss.s_buf)
                  202003d4    00000014     imu660rb.o (.bss.dev_ctx)
                  202003e8    0000000c     (.common:acceleration_mg)
                  202003f4    0000000c     (.common:angular_rate_mdps)
                  20200400    0000000c     (.common:euler)
                  2020040c    00000008     speed_control.o (.bss.s_leftPid)
                  20200414    00000008     speed_control.o (.bss.s_rightPid)
                  2020041c    00000006     imu660rb.o (.bss.data_raw_angular_rate)
                  20200422    00000002     imu660rb.o (.bss.data_raw_acceleration.1)
                  20200424    00000004     vehicle_yaw.o (.bss.s_biasDps)
                  20200428    00000004     vehicle_yaw.o (.bss.s_calibrationSumDps)
                  2020042c    00000004     speed_control.o (.bss.s_differentialTargetOffset)
                  20200430    00000004     heading_control.o (.bss.s_filteredErrorDeg)
                  20200434    00000004     heading_control.o (.bss.s_filteredYawRateDps)
                  20200438    00000004     heading_control.o (.bss.s_headingDeg)
                  2020043c    00000004     vehicle_yaw.o (.bss.s_headingDeg)
                  20200440    00000004     speed_control.o (.bss.s_leftControlTarget)
                  20200444    00000004     speed_control.o (.bss.s_leftTarget)
                  20200448    00000004     vehicle_yaw.o (.bss.s_rateDps)
                  2020044c    00000004     heading_control.o (.bss.s_referenceDeg)
                  20200450    00000004     vehicle_yaw.o (.bss.s_referenceSumDeg)
                  20200454    00000004     speed_control.o (.bss.s_rightControlTarget)
                  20200458    00000004     speed_control.o (.bss.s_rightTarget)
                  2020045c    00000004     heading_control.o (.bss.s_targetOffset)
                  20200460    00000004     imu660rb.o (.bss.samplePeriod)
                  20200464    00000004     imu660rb.o (.bss.sampleRate)
                  20200468    00000004     (.common:start_time)
                  2020046c    00000004     (.common:tick_ms)
                  20200470    00000002     imu660rb.o (.bss.data_raw_acceleration.2)
                  20200472    00000002     vehicle_yaw.o (.bss.s_calibrationSamples)
                  20200474    00000001     menu.o (.bss.Menu_HandleKeys.k1_last)
                  20200475    00000001     menu.o (.bss.Menu_HandleKeys.k2_last)
                  20200476    00000001     menu.o (.bss.Menu_HandleKeys.k3_last)
                  20200477    00000001     menu.o (.bss.Menu_HandleKeys.k4_last)
                  20200478    00000001     imu660rb.o (.bss.rst)
                  20200479    00000001     heading_control.o (.bss.s_active)
                  2020047a    00000001     vehicle_yaw.o (.bss.s_calibrated)
                  2020047b    00000001     heading_control.o (.bss.s_correctionZone)
                  2020047c    00000001     vehicle_yaw.o (.bss.s_enabled)
                  2020047d    00000001     vehicle_yaw.o (.bss.s_referenceIndex)
                  2020047e    00000001     vehicle_yaw.o (.bss.s_referenceSampleCount)
                  2020047f    00000001     speed_control.o (.bss.s_running)
                  20200480    00000001     imu660rb.o (.bss.whoamI)

.data      0    20200484    00000104     UNINITIALIZED
                  20200484    00000080     motor.o (.data.gMotor)
                  20200504    00000024     encoder.o (.data.gEncMotor1)
                  20200528    00000024     encoder.o (.data.gEncMotor3)
                  2020054c    00000004     libc.a : aeabi_portable.c.obj (.data.__aeabi_errno)
                  20200550    00000004     imu660rb.o (.data.gyroscopeOffset.0)
                  20200554    00000004     imu660rb.o (.data.gyroscopeOffset.1)
                  20200558    00000004     imu660rb.o (.data.gyroscopeOffset.2)
                  2020055c    00000002     encoder.o (.data.s_encTick)
                  2020055e    00000002     key.o (.data.s_k1_pressed_ms)
                  20200560    00000002     key.o (.data.s_k2_pressed_ms)
                  20200562    00000002     key.o (.data.s_k3_pressed_ms)
                  20200564    00000002     key.o (.data.s_k4_pressed_ms)
                  20200566    00000001     gpio_toggle_output.o (.data.gDataReceived)
                  20200567    00000001     gpio_toggle_output.o (.data.gRxByte)
                  20200568    00000001     menu.o (.data.g_menuMode)
                  20200569    00000001     menu.o (.data.g_menuResetFlag)
                  2020056a    00000001     menu.o (.data.g_menuStartFlag)
                  2020056b    00000001     menu.o (.data.s_cursor)
                  2020056c    00000001     key.o (.data.s_k1_cnt)
                  2020056d    00000001     key.o (.data.s_k1_down)
                  2020056e    00000001     key.o (.data.s_k1_hold_ticks)
                  2020056f    00000001     key.o (.data.s_k1_long_event)
                  20200570    00000001     key.o (.data.s_k1_long_latched)
                  20200571    00000001     key.o (.data.s_k2_cnt)
                  20200572    00000001     key.o (.data.s_k2_down)
                  20200573    00000001     key.o (.data.s_k2_hold_ticks)
                  20200574    00000001     key.o (.data.s_k2_long_event)
                  20200575    00000001     key.o (.data.s_k2_long_latched)
                  20200576    00000001     key.o (.data.s_k3_cnt)
                  20200577    00000001     key.o (.data.s_k3_down)
                  20200578    00000001     key.o (.data.s_k3_hold_ticks)
                  20200579    00000001     key.o (.data.s_k3_long_event)
                  2020057a    00000001     key.o (.data.s_k3_long_latched)
                  2020057b    00000001     key.o (.data.s_k4_cnt)
                  2020057c    00000001     key.o (.data.s_k4_down)
                  2020057d    00000001     key.o (.data.s_k4_hold_ticks)
                  2020057e    00000001     key.o (.data.s_k4_long_event)
                  2020057f    00000001     key.o (.data.s_k4_long_latched)
                  20200580    00000001     ttop_funtion.o (.data.s_lastStartFlag)
                  20200581    00000001     key.o (.data.s_ms_divider)
                  20200582    00000001     menu.o (.data.s_page)
                  20200583    00000001     menu.o (.data.s_pidTarget)
                  20200584    00000001     ttop_funtion.o (.data.s_running)
                  20200585    00000001     key.o (.data.s_sample_tick)
                  20200586    00000001     gpio_toggle_output.o (.data.sched_tick)
                  20200587    00000001     gpio_toggle_output.o (.data.speed_sample_ready)

.stack     0    20207e00    00000200     UNINITIALIZED
                  20207e00    00000004     libc.a : boot_cortex_m.c.obj (.stack)
                  20207e04    000001fc     --HOLE--

__llvm_prf_cnts 
*          0    20200000    00000000     UNINITIALIZED

__llvm_prf_bits 
*          0    20200000    00000000     UNINITIALIZED

MODULE SUMMARY

       Module                         code    ro data   rw data
       ------                         ----    -------   -------
    .\
       ti_msp_dl_config.o             1228    109       576    
       gpio_toggle_output.o           312     0         4      
       startup_mspm0g350x_ticlang.o   6       192       0      
    +--+------------------------------+-------+---------+---------+
       Total:                         1546    301       580    
                                                               
    .\hardware\
       oled_hardware_i2c.o            1722    2072      0      
       speed_control.o                2012    0         37     
       menu.o                         1392    399       34     
       key.o                          888     0         30     
       heading_control.o              888     0         22     
       vehicle_yaw.o                  564     0         266    
       encoder.o                      276     0         74     
       motor.o                        134     0         128    
       ttop_funtion.o                 192     0         2      
       clock.o                        116     0         8      
    +--+------------------------------+-------+---------+---------+
       Total:                         8184    2471      601    
                                                               
    .\hardware\IMU660RB\
       imu660rb.o                     2320    0         228    
       lsm6dsr_reg.o                  2012    0         0      
    +--+------------------------------+-------+---------+---------+
       Total:                         4332    0         228    
                                                               
    .\hardware\IMU660RB\Fusion\
       FusionAhrs.o                   3348    24        0      
       FusionOffset.o                 272     0         0      
    +--+------------------------------+-------+---------+---------+
       Total:                         3620    24        0      
                                                               
    C:/ti/mspm0_sdk_2_10_00_04/source/ti/driverlib/lib/ticlang/m0p/mspm0g1x0x_g3x0x/driverlib.a
       dl_timer.o                     892     12        0      
       dl_uart.o                      138     0         0      
       dl_i2c.o                       132     0         0      
       dl_spi.o                       86      0         0      
       dl_common.o                    10      0         0      
    +--+------------------------------+-------+---------+---------+
       Total:                         1258    12        0      
                                                               
    C:\ti\ccs2050\ccs\tools\compiler\ti-cgt-armllvm_4.0.4.LTS\lib\armv6m-ti-none-eabi/c/libc.a
       _printfi.c.obj                 4510    34        0      
       k_rem_pio2.c.obj               1652    344       0      
       s_cosf.c.obj                   822     0         0      
       s_sinf.c.obj                   810     0         0      
       s_atanf.c.obj                  466     32        0      
       e_sqrt.c.obj                   368     0         0      
       e_asinf.c.obj                  358     0         0      
       s_floor.c.obj                  324     0         0      
       e_atan2f.c.obj                 280     0         0      
       aeabi_ctype.S.obj              0       257       0      
       s_scalbn.c.obj                 216     0         0      
       memcpy16.S.obj                 154     0         0      
       copy_decompress_lzss.c.obj     124     0         0      
       memset16.S.obj                 98      0         0      
       s_frexp.c.obj                  92      0         0      
       sprintf.c.obj                  90      0         0      
       _ltoa.c.obj                    88      0         0      
       atoi.c.obj                     64      0         0      
       autoinit.c.obj                 60      0         0      
       boot_cortex_m.c.obj            40      0         0      
       memccpy.c.obj                  34      0         0      
       copy_decompress_none.c.obj     18      0         0      
       copy_zero_init.c.obj           16      0         0      
       wcslen.c.obj                   16      0         0      
       aeabi_portable.c.obj           8       0         4      
       exit.c.obj                     6       0         0      
       pre_init.c.obj                 4       0         0      
    +--+------------------------------+-------+---------+---------+
       Total:                         10718   667       4      
                                                               
    C:\ti\ccs2050\ccs\tools\compiler\ti-cgt-armllvm_4.0.4.LTS\lib\armv6m-ti-none-eabi/c/libsysbm.a
       hostexit.c.obj                 4       0         0      
    +--+------------------------------+-------+---------+---------+
       Total:                         4       0         0      
                                                               
    C:\ti\ccs2050\ccs\tools\compiler\ti-cgt-armllvm_4.0.4.LTS\lib\armv6m-ti-none-eabi/libclang_rt.builtins.a
       adddf3.S.obj                   434     0         0      
       divdf3.S.obj                   268     0         0      
       muldf3.S.obj                   244     0         0      
       addsf3.S.obj                   232     0         0      
       comparedf2.c.obj               220     0         0      
       udivmoddi4.S.obj               162     0         0      
       mulsf3.S.obj                   156     0         0      
       divsf3.S.obj                   146     0         0      
       comparesf2.S.obj               118     0         0      
       truncdfsf2.S.obj               116     0         0      
       aeabi_dcmp.S.obj               98      0         0      
       aeabi_fcmp.S.obj               98      0         0      
       aeabi_idivmod.S.obj            86      0         0      
       extendsfdf2.S.obj              80      0         0      
       fixdfsi.S.obj                  74      0         0      
       aeabi_uidivmod.S.obj           64      0         0      
       floatsisf.S.obj                60      0         0      
       muldsi3.S.obj                  58      0         0      
       fixsfsi.S.obj                  56      0         0      
       fixunssfsi.S.obj               50      0         0      
       floatsidf.S.obj                44      0         0      
       floatunsisf.S.obj              40      0         0      
       muldi3.S.obj                   36      0         0      
       ashldi3.S.obj                  30      0         0      
       aeabi_memset.S.obj             26      0         0      
       aeabi_uldivmod.S.obj           20      0         0      
       aeabi_memcpy.S.obj             8       0         0      
       aeabi_div0.c.obj               4       0         0      
    +--+------------------------------+-------+---------+---------+
       Total:                         3028    0         0      
                                                               
       Stack:                         0       0         512    
       Linker Generated:              0       139       0      
    +--+------------------------------+-------+---------+---------+
       Grand Total:                   32690   3614      1925   


LINKER GENERATED COPY TABLES

__TI_cinit_table @ 00008dfc records: 2, size/record: 8, table size: 16
	.data: load addr=00008d80, load size=00000067 bytes, run addr=20200484, run size=00000104 bytes, compression=lzss
	.bss: load addr=00008df4, load size=00000008 bytes, run addr=20200000, run size=00000481 bytes, compression=zero_init


LINKER GENERATED HANDLER TABLE

__TI_handler_table @ 00008de8 records: 3, size/record: 4, table size: 12
	index: 0, handler: __TI_decompress_lzss
	index: 1, handler: __TI_decompress_none
	index: 2, handler: __TI_zero_init


FAR CALL TRAMPOLINES

callee name               trampoline name
   callee addr  tramp addr   call addr  call info
--------------  -----------  ---------  ----------------
__aeabi_dadd              $Tramp$TT$L$PI$$__aeabi_dadd
   00003d9b     00007e14     00007e10   libc.a : k_rem_pio2.c.obj (.text.OUTLINED_FUNCTION_0)
                             00007fd2          : k_rem_pio2.c.obj (.text.OUTLINED_FUNCTION_1)
                             00007fdc          : s_cosf.c.obj (.text.OUTLINED_FUNCTION_3)
                             00007fe6          : s_sinf.c.obj (.text.OUTLINED_FUNCTION_3)
__aeabi_dsub              $Tramp$TT$L$PI$$__aeabi_dsub
   00003d91     00007fb0     00007fae   libc.a : _printfi.c.obj (.text.OUTLINED_FUNCTION_0)
__aeabi_fmul              $Tramp$TT$L$PI$$__aeabi_fmul
   00006399     0000800c     00008008   libc.a : e_asinf.c.obj (.text.OUTLINED_FUNCTION_0)
__aeabi_fdiv              $Tramp$TT$L$PI$$__aeabi_fdiv
   00006535     00008024     00008020   libc.a : s_atanf.c.obj (.text.OUTLINED_FUNCTION_0)
__aeabi_dmul              $Tramp$TT$L$PI$$__aeabi_dmul
   0000576d     0000803c     00008038   libc.a : s_cosf.c.obj (.text.OUTLINED_FUNCTION_0)
                             00008050          : s_sinf.c.obj (.text.OUTLINED_FUNCTION_0)
                             00008056          : s_cosf.c.obj (.text.OUTLINED_FUNCTION_1)
                             0000805c          : s_sinf.c.obj (.text.OUTLINED_FUNCTION_1)
__aeabi_fadd              $Tramp$TT$L$PI$$__aeabi_fadd
   00005bcf     0000806c     0000806a   libc.a : s_atanf.c.obj (.text.OUTLINED_FUNCTION_1)
__aeabi_f2d               $Tramp$TT$L$PI$$__aeabi_f2d
   000074e5     00008080     0000807e   libc.a : s_cosf.c.obj (.text.OUTLINED_FUNCTION_2)
                             00008092          : s_sinf.c.obj (.text.OUTLINED_FUNCTION_2)

[7 trampolines]
[14 trampoline calls]


GLOBAL SYMBOLS: SORTED ALPHABETICALLY BY Name 

address   name                                         
-------   ----                                         
00003f23  ADC0_IRQHandler                              
00003f23  ADC1_IRQHandler                              
00003f23  AES_IRQHandler                               
00008064  C$$EXIT                                      
00003f23  CANFD0_IRQHandler                            
00003f23  DAC0_IRQHandler                              
00007f9d  DL_Common_delayCycles                        
00006e65  DL_I2C_fillControllerTXFIFO                  
00007c65  DL_I2C_setClockConfig                        
00007315  DL_SPI_init                                  
00007e9d  DL_SPI_setClockConfig                        
00004f69  DL_Timer_initCaptureMode                     
000052a9  DL_Timer_initFourCCPWMMode                   
000053ad  DL_Timer_initTimerMode                       
00007d2d  DL_Timer_setCaptCompUpdateMethod             
00007d9d  DL_Timer_setCaptureCompareOutCtl             
00007ed5  DL_Timer_setCaptureCompareValue              
00007d49  DL_Timer_setClockConfig                      
000072cd  DL_UART_init                                 
00007eaf  DL_UART_setClockConfig                       
00007a49  DL_UART_transmitDataBlocking                 
00003f23  DMA_IRQHandler                               
00003f23  Default_Handler                              
00007b69  Encoder_Start                                
00007ee5  FusionAhrsGetQuaternion                      
00006f7d  FusionAhrsInitialise                         
00003bf5  FusionAhrsSetHeading                         
00005851  FusionAhrsSetSettings                        
00000a91  FusionAhrsUpdate                             
00007425  FusionAhrsUpdateNoMagnetometer               
00007a79  FusionOffsetInitialise                       
00005931  FusionOffsetUpdate                           
000028ad  FusionTasks                                  
00003f23  GROUP0_IRQHandler                            
00003f23  GROUP1_IRQHandler                            
00008065  HOSTexit                                     
00003f23  HardFault_Handler                            
00007359  HeadingControl_Init                          
00006915  HeadingControl_Start                         
00007979  HeadingControl_Stop                          
000023b9  HeadingControl_Update20ms                    
00003f23  I2C0_IRQHandler                              
00003f23  I2C1_IRQHandler                              
00002f11  IMU660RB_Init                                
00005c9d  Key_Init                                     
00007465  Key_Read                                     
00002649  Key_Update1ms                                
00001d71  Menu_Draw                                    
000040ad  Menu_HandleKeys                              
00007d65  Menu_Init                                    
0000739d  Mode1_Task                                   
00006639  ModeExecTask                                 
00006ad5  Motor_SetSpeed                               
00007cd3  Motor_Stop                                   
00003f23  NMI_Handler                                  
00004949  OLED_Clear                                   
000020e5  OLED_Init                                    
00005a11  OLED_ShowChar                                
00006731  OLED_ShowString                              
000047fd  OLED_WR_Byte                                 
00003f23  PendSV_Handler                               
00003f23  RTC_IRQHandler                               
00003a35  Read_IMU660RB                                
00008095  Reset_Handler                                
00003f23  SPI0_IRQHandler                              
00003f23  SPI1_IRQHandler                              
00003f23  SVC_Handler                                  
00007565  SYSCFG_DL_E1_B_init                          
000075a1  SYSCFG_DL_E3_B_init                          
00005689  SYSCFG_DL_GPIO_init                          
0000718d  SYSCFG_DL_I2C_OLED_init                      
00006281  SYSCFG_DL_PWM_0_init                         
0000630d  SYSCFG_DL_PWM_1_init                         
00007235  SYSCFG_DL_SPI_IMU660RB_init                  
00007aa9  SYSCFG_DL_SYSCTL_init                        
00007781  SYSCFG_DL_TIMER_0_init                       
00006985  SYSCFG_DL_UART_0_init                        
00006fd5  SYSCFG_DL_init                               
00006425  SYSCFG_DL_initPower                          
000069f5  SpeedControl_Init                            
00007f61  SpeedControl_IsRunning                       
000075dd  SpeedControl_SetDifferentialTargetOffsetFloat
000073e1  SpeedControl_SetTargets                      
000065b9  SpeedControl_Start                           
00006e05  SpeedControl_Stop                            
00001989  SpeedControl_Update20ms                      
00007f05  SysTick_Handler                              
00007bed  SysTick_Init                                 
000061ed  TIMA0_IRQHandler                             
00007ad9  TIMA1_IRQHandler                             
00007b09  TIMG0_IRQHandler                             
00003f23  TIMG12_IRQHandler                            
00003f23  TIMG6_IRQHandler                             
00003f23  TIMG7_IRQHandler                             
00003f23  TIMG8_IRQHandler                             
00003f23  UART0_IRQHandler                             
00007b95  UART1_IRQHandler                             
00003f23  UART2_IRQHandler                             
00003f23  UART3_IRQHandler                             
00007f6d  VehicleYaw_GetHeadingDeg                     
00007f79  VehicleYaw_GetRateDps                        
00007619  VehicleYaw_GetStationaryReferenceDeg         
0000702d  VehicleYaw_Init                              
00007f85  VehicleYaw_IsCalibrated                      
000043b1  VehicleYaw_Update5ms                         
20208000  __STACK_END                                  
00000200  __STACK_SIZE                                 
00000000  __TI_ATRegion0_region_sz                     
00000000  __TI_ATRegion0_src_addr                      
00000000  __TI_ATRegion0_trg_addr                      
00000000  __TI_ATRegion1_region_sz                     
00000000  __TI_ATRegion1_src_addr                      
00000000  __TI_ATRegion1_trg_addr                      
00000000  __TI_ATRegion2_region_sz                     
00000000  __TI_ATRegion2_src_addr                      
00000000  __TI_ATRegion2_trg_addr                      
00008dfc  __TI_CINIT_Base                              
00008e0c  __TI_CINIT_Limit                             
00008e0c  __TI_CINIT_Warm                              
00008de8  __TI_Handler_Table_Base                      
00008df4  __TI_Handler_Table_Limit                     
000076cd  __TI_auto_init_nobinit_nopinit               
000066b5  __TI_decompress_lzss                         
00007ec1  __TI_decompress_none                         
00007085  __TI_ltoa                                    
ffffffff  __TI_pprof_out_hndl                          
000000c1  __TI_printfi                                 
ffffffff  __TI_prof_data_size                          
ffffffff  __TI_prof_data_start                         
00000000  __TI_static_base__                           
00007f25  __TI_zero_init                               
00003d9b  __adddf3                                     
00005bcf  __addsf3                                     
000089c0  __aeabi_ctype_table_                         
000089c0  __aeabi_ctype_table_C                        
000068a1  __aeabi_d2f                                  
00007281  __aeabi_d2iz                                 
00003d9b  __aeabi_dadd                                 
00006cdd  __aeabi_dcmpeq                               
00006d19  __aeabi_dcmpge                               
00006d2d  __aeabi_dcmpgt                               
00006d05  __aeabi_dcmple                               
00006cf1  __aeabi_dcmplt                               
0000519d  __aeabi_ddiv                                 
0000576d  __aeabi_dmul                                 
00003d91  __aeabi_dsub                                 
2020054c  __aeabi_errno                                
00006899  __aeabi_errno_addr                           
000074e5  __aeabi_f2d                                  
000077b9  __aeabi_f2iz                                 
00007a15  __aeabi_f2uiz                                
00005bcf  __aeabi_fadd                                 
00006d41  __aeabi_fcmpeq                               
00006d7d  __aeabi_fcmpge                               
00006d91  __aeabi_fcmpgt                               
00006d69  __aeabi_fcmple                               
00006d55  __aeabi_fcmplt                               
00006535  __aeabi_fdiv                                 
00006399  __aeabi_fmul                                 
00005bc5  __aeabi_fsub                                 
00007bc1  __aeabi_i2d                                  
00007655  __aeabi_i2f                                  
00007135  __aeabi_idiv                                 
00005f73  __aeabi_idiv0                                
00007135  __aeabi_idivmod                              
00006017  __aeabi_ldiv0                                
00007cf1  __aeabi_llsl                                 
00007c8d  __aeabi_lmul                                 
00007f91  __aeabi_memclr                               
00007f91  __aeabi_memclr4                              
00007f91  __aeabi_memclr8                              
00007ff5  __aeabi_memcpy                               
00007ff5  __aeabi_memcpy4                              
00007ff5  __aeabi_memcpy8                              
00007f35  __aeabi_memset                               
00007f35  __aeabi_memset4                              
00007f35  __aeabi_memset8                              
00007c15  __aeabi_ui2f                                 
000074a5  __aeabi_uidiv                                
000074a5  __aeabi_uidivmod                             
00007e25  __aeabi_uldivmod                             
00007cf1  __ashldi3                                    
ffffffff  __binit__                                    
00006b3d  __cmpdf2                                     
00007709  __cmpsf2                                     
0000519d  __divdf3                                     
00006535  __divsf3                                     
00006b3d  __eqdf2                                      
00007709  __eqsf2                                      
000074e5  __extendsfdf2                                
00007281  __fixdfsi                                    
000077b9  __fixsfsi                                    
00007a15  __fixunssfsi                                 
00007bc1  __floatsidf                                  
00007655  __floatsisf                                  
00007c15  __floatunsisf                                
00006825  __gedf2                                      
00007691  __gesf2                                      
00006825  __gtdf2                                      
00007691  __gtsf2                                      
00001345  __kernel_rem_pio2                            
00006b3d  __ledf2                                      
00007709  __lesf2                                      
00006b3d  __ltdf2                                      
00007709  __ltsf2                                      
UNDEFED   __mpu_init                                   
0000576d  __muldf3                                     
00007c8d  __muldi3                                     
00007745  __muldsi3                                    
00006399  __mulsf3                                     
00006b3d  __nedf2                                      
00007709  __nesf2                                      
20207e00  __stack                                      
20200000  __start___llvm_prf_bits                      
20200000  __start___llvm_prf_cnts                      
20200000  __stop___llvm_prf_bits                       
20200000  __stop___llvm_prf_cnts                       
00003d91  __subdf3                                     
00005bc5  __subsf3                                     
000068a1  __truncdfsf2                                 
00005f75  __udivmoddi4                                 
00007c3d  _c_int00_noargs                              
UNDEFED   _system_post_cinit                           
00008099  _system_pre_init                             
0000805f  abort                                        
202003e8  acceleration_mg                              
20200308  ahrs                                         
202003f4  angular_rate_mdps                            
0000469d  asinf                                        
00005085  atan2f                                       
000036a5  atanf                                        
00007525  atoi                                         
ffffffff  binit                                        
00003301  cosf                                         
000064ad  encoder_task                                 
20200400  euler                                        
00004a8d  floor                                        
00004a8d  floorl                                       
00006f21  frexp                                        
00006f21  frexpl                                       
20200566  gDataReceived                                
202000f0  gE3_BBackup                                  
20200504  gEncMotor1                                   
20200528  gEncMotor3                                   
20200484  gMotor                                       
20200268  gPWM_1Backup                                 
20200567  gRxByte                                      
2020037c  gSPI_IMU660RBBackup                          
202001ac  gTIMER_0Backup                               
20200568  g_menuMode                                   
20200569  g_menuResetFlag                              
2020056a  g_menuStartFlag                              
00000000  interruptVectors                             
00005aed  ldexp                                        
00005aed  ldexpl                                       
000079ad  lsm6dsr_angular_rate_raw_get                 
000077f1  lsm6dsr_block_data_update_set                
00007941  lsm6dsr_data_ready_mode_set                  
00007f43  lsm6dsr_device_id_get                        
00007e39  lsm6dsr_from_fs2000dps_to_mdps               
00007e4d  lsm6dsr_from_fs2g_to_mg                      
00006a65  lsm6dsr_fsm_data_rate_get                    
000067ab  lsm6dsr_fsm_enable_get                       
000054a9  lsm6dsr_gy_data_rate_set                     
00007829  lsm6dsr_gy_filter_lp1_set                    
00007d81  lsm6dsr_gy_flag_data_ready_get               
00007861  lsm6dsr_gy_full_scale_set                    
00006ba5  lsm6dsr_i3c_disable_set                      
00007dcd  lsm6dsr_odr_cal_reg_get                      
00005ec9  lsm6dsr_pin_int1_route_get                   
000034d5  lsm6dsr_pin_int1_route_set                   
00007e61  lsm6dsr_read_reg                             
00007d0f  lsm6dsr_reset_get                            
00007899  lsm6dsr_reset_set                            
00007e75  lsm6dsr_write_reg                            
00005599  lsm6dsr_xl_data_rate_set                     
000078d1  lsm6dsr_xl_full_scale_set                    
00006c0d  main                                         
00007cb1  memccpy                                      
00006151  memcpy                                       
00006da3  memset                                       
000079e1  mspm0_delay_ms                               
00007de5  mspm0_get_clock_ms                           
00005aed  scalbn                                       
00005aed  scalbnl                                      
0000386d  sinf                                         
00007909  sprintf                                      
0000452d  sqrt                                         
0000452d  sqrtl                                        
20200468  start_time                                   
2020046c  tick_ms                                      
00007f15  wcslen                                       


GLOBAL SYMBOLS: SORTED BY Symbol Address 

address   name                                         
-------   ----                                         
00000000  __TI_ATRegion0_region_sz                     
00000000  __TI_ATRegion0_src_addr                      
00000000  __TI_ATRegion0_trg_addr                      
00000000  __TI_ATRegion1_region_sz                     
00000000  __TI_ATRegion1_src_addr                      
00000000  __TI_ATRegion1_trg_addr                      
00000000  __TI_ATRegion2_region_sz                     
00000000  __TI_ATRegion2_src_addr                      
00000000  __TI_ATRegion2_trg_addr                      
00000000  __TI_static_base__                           
00000000  interruptVectors                             
000000c1  __TI_printfi                                 
00000200  __STACK_SIZE                                 
00000a91  FusionAhrsUpdate                             
00001345  __kernel_rem_pio2                            
00001989  SpeedControl_Update20ms                      
00001d71  Menu_Draw                                    
000020e5  OLED_Init                                    
000023b9  HeadingControl_Update20ms                    
00002649  Key_Update1ms                                
000028ad  FusionTasks                                  
00002f11  IMU660RB_Init                                
00003301  cosf                                         
000034d5  lsm6dsr_pin_int1_route_set                   
000036a5  atanf                                        
0000386d  sinf                                         
00003a35  Read_IMU660RB                                
00003bf5  FusionAhrsSetHeading                         
00003d91  __aeabi_dsub                                 
00003d91  __subdf3                                     
00003d9b  __adddf3                                     
00003d9b  __aeabi_dadd                                 
00003f23  ADC0_IRQHandler                              
00003f23  ADC1_IRQHandler                              
00003f23  AES_IRQHandler                               
00003f23  CANFD0_IRQHandler                            
00003f23  DAC0_IRQHandler                              
00003f23  DMA_IRQHandler                               
00003f23  Default_Handler                              
00003f23  GROUP0_IRQHandler                            
00003f23  GROUP1_IRQHandler                            
00003f23  HardFault_Handler                            
00003f23  I2C0_IRQHandler                              
00003f23  I2C1_IRQHandler                              
00003f23  NMI_Handler                                  
00003f23  PendSV_Handler                               
00003f23  RTC_IRQHandler                               
00003f23  SPI0_IRQHandler                              
00003f23  SPI1_IRQHandler                              
00003f23  SVC_Handler                                  
00003f23  TIMG12_IRQHandler                            
00003f23  TIMG6_IRQHandler                             
00003f23  TIMG7_IRQHandler                             
00003f23  TIMG8_IRQHandler                             
00003f23  UART0_IRQHandler                             
00003f23  UART2_IRQHandler                             
00003f23  UART3_IRQHandler                             
000040ad  Menu_HandleKeys                              
000043b1  VehicleYaw_Update5ms                         
0000452d  sqrt                                         
0000452d  sqrtl                                        
0000469d  asinf                                        
000047fd  OLED_WR_Byte                                 
00004949  OLED_Clear                                   
00004a8d  floor                                        
00004a8d  floorl                                       
00004f69  DL_Timer_initCaptureMode                     
00005085  atan2f                                       
0000519d  __aeabi_ddiv                                 
0000519d  __divdf3                                     
000052a9  DL_Timer_initFourCCPWMMode                   
000053ad  DL_Timer_initTimerMode                       
000054a9  lsm6dsr_gy_data_rate_set                     
00005599  lsm6dsr_xl_data_rate_set                     
00005689  SYSCFG_DL_GPIO_init                          
0000576d  __aeabi_dmul                                 
0000576d  __muldf3                                     
00005851  FusionAhrsSetSettings                        
00005931  FusionOffsetUpdate                           
00005a11  OLED_ShowChar                                
00005aed  ldexp                                        
00005aed  ldexpl                                       
00005aed  scalbn                                       
00005aed  scalbnl                                      
00005bc5  __aeabi_fsub                                 
00005bc5  __subsf3                                     
00005bcf  __addsf3                                     
00005bcf  __aeabi_fadd                                 
00005c9d  Key_Init                                     
00005ec9  lsm6dsr_pin_int1_route_get                   
00005f73  __aeabi_idiv0                                
00005f75  __udivmoddi4                                 
00006017  __aeabi_ldiv0                                
00006151  memcpy                                       
000061ed  TIMA0_IRQHandler                             
00006281  SYSCFG_DL_PWM_0_init                         
0000630d  SYSCFG_DL_PWM_1_init                         
00006399  __aeabi_fmul                                 
00006399  __mulsf3                                     
00006425  SYSCFG_DL_initPower                          
000064ad  encoder_task                                 
00006535  __aeabi_fdiv                                 
00006535  __divsf3                                     
000065b9  SpeedControl_Start                           
00006639  ModeExecTask                                 
000066b5  __TI_decompress_lzss                         
00006731  OLED_ShowString                              
000067ab  lsm6dsr_fsm_enable_get                       
00006825  __gedf2                                      
00006825  __gtdf2                                      
00006899  __aeabi_errno_addr                           
000068a1  __aeabi_d2f                                  
000068a1  __truncdfsf2                                 
00006915  HeadingControl_Start                         
00006985  SYSCFG_DL_UART_0_init                        
000069f5  SpeedControl_Init                            
00006a65  lsm6dsr_fsm_data_rate_get                    
00006ad5  Motor_SetSpeed                               
00006b3d  __cmpdf2                                     
00006b3d  __eqdf2                                      
00006b3d  __ledf2                                      
00006b3d  __ltdf2                                      
00006b3d  __nedf2                                      
00006ba5  lsm6dsr_i3c_disable_set                      
00006c0d  main                                         
00006cdd  __aeabi_dcmpeq                               
00006cf1  __aeabi_dcmplt                               
00006d05  __aeabi_dcmple                               
00006d19  __aeabi_dcmpge                               
00006d2d  __aeabi_dcmpgt                               
00006d41  __aeabi_fcmpeq                               
00006d55  __aeabi_fcmplt                               
00006d69  __aeabi_fcmple                               
00006d7d  __aeabi_fcmpge                               
00006d91  __aeabi_fcmpgt                               
00006da3  memset                                       
00006e05  SpeedControl_Stop                            
00006e65  DL_I2C_fillControllerTXFIFO                  
00006f21  frexp                                        
00006f21  frexpl                                       
00006f7d  FusionAhrsInitialise                         
00006fd5  SYSCFG_DL_init                               
0000702d  VehicleYaw_Init                              
00007085  __TI_ltoa                                    
00007135  __aeabi_idiv                                 
00007135  __aeabi_idivmod                              
0000718d  SYSCFG_DL_I2C_OLED_init                      
00007235  SYSCFG_DL_SPI_IMU660RB_init                  
00007281  __aeabi_d2iz                                 
00007281  __fixdfsi                                    
000072cd  DL_UART_init                                 
00007315  DL_SPI_init                                  
00007359  HeadingControl_Init                          
0000739d  Mode1_Task                                   
000073e1  SpeedControl_SetTargets                      
00007425  FusionAhrsUpdateNoMagnetometer               
00007465  Key_Read                                     
000074a5  __aeabi_uidiv                                
000074a5  __aeabi_uidivmod                             
000074e5  __aeabi_f2d                                  
000074e5  __extendsfdf2                                
00007525  atoi                                         
00007565  SYSCFG_DL_E1_B_init                          
000075a1  SYSCFG_DL_E3_B_init                          
000075dd  SpeedControl_SetDifferentialTargetOffsetFloat
00007619  VehicleYaw_GetStationaryReferenceDeg         
00007655  __aeabi_i2f                                  
00007655  __floatsisf                                  
00007691  __gesf2                                      
00007691  __gtsf2                                      
000076cd  __TI_auto_init_nobinit_nopinit               
00007709  __cmpsf2                                     
00007709  __eqsf2                                      
00007709  __lesf2                                      
00007709  __ltsf2                                      
00007709  __nesf2                                      
00007745  __muldsi3                                    
00007781  SYSCFG_DL_TIMER_0_init                       
000077b9  __aeabi_f2iz                                 
000077b9  __fixsfsi                                    
000077f1  lsm6dsr_block_data_update_set                
00007829  lsm6dsr_gy_filter_lp1_set                    
00007861  lsm6dsr_gy_full_scale_set                    
00007899  lsm6dsr_reset_set                            
000078d1  lsm6dsr_xl_full_scale_set                    
00007909  sprintf                                      
00007941  lsm6dsr_data_ready_mode_set                  
00007979  HeadingControl_Stop                          
000079ad  lsm6dsr_angular_rate_raw_get                 
000079e1  mspm0_delay_ms                               
00007a15  __aeabi_f2uiz                                
00007a15  __fixunssfsi                                 
00007a49  DL_UART_transmitDataBlocking                 
00007a79  FusionOffsetInitialise                       
00007aa9  SYSCFG_DL_SYSCTL_init                        
00007ad9  TIMA1_IRQHandler                             
00007b09  TIMG0_IRQHandler                             
00007b69  Encoder_Start                                
00007b95  UART1_IRQHandler                             
00007bc1  __aeabi_i2d                                  
00007bc1  __floatsidf                                  
00007bed  SysTick_Init                                 
00007c15  __aeabi_ui2f                                 
00007c15  __floatunsisf                                
00007c3d  _c_int00_noargs                              
00007c65  DL_I2C_setClockConfig                        
00007c8d  __aeabi_lmul                                 
00007c8d  __muldi3                                     
00007cb1  memccpy                                      
00007cd3  Motor_Stop                                   
00007cf1  __aeabi_llsl                                 
00007cf1  __ashldi3                                    
00007d0f  lsm6dsr_reset_get                            
00007d2d  DL_Timer_setCaptCompUpdateMethod             
00007d49  DL_Timer_setClockConfig                      
00007d65  Menu_Init                                    
00007d81  lsm6dsr_gy_flag_data_ready_get               
00007d9d  DL_Timer_setCaptureCompareOutCtl             
00007dcd  lsm6dsr_odr_cal_reg_get                      
00007de5  mspm0_get_clock_ms                           
00007e25  __aeabi_uldivmod                             
00007e39  lsm6dsr_from_fs2000dps_to_mdps               
00007e4d  lsm6dsr_from_fs2g_to_mg                      
00007e61  lsm6dsr_read_reg                             
00007e75  lsm6dsr_write_reg                            
00007e9d  DL_SPI_setClockConfig                        
00007eaf  DL_UART_setClockConfig                       
00007ec1  __TI_decompress_none                         
00007ed5  DL_Timer_setCaptureCompareValue              
00007ee5  FusionAhrsGetQuaternion                      
00007f05  SysTick_Handler                              
00007f15  wcslen                                       
00007f25  __TI_zero_init                               
00007f35  __aeabi_memset                               
00007f35  __aeabi_memset4                              
00007f35  __aeabi_memset8                              
00007f43  lsm6dsr_device_id_get                        
00007f61  SpeedControl_IsRunning                       
00007f6d  VehicleYaw_GetHeadingDeg                     
00007f79  VehicleYaw_GetRateDps                        
00007f85  VehicleYaw_IsCalibrated                      
00007f91  __aeabi_memclr                               
00007f91  __aeabi_memclr4                              
00007f91  __aeabi_memclr8                              
00007f9d  DL_Common_delayCycles                        
00007ff5  __aeabi_memcpy                               
00007ff5  __aeabi_memcpy4                              
00007ff5  __aeabi_memcpy8                              
0000805f  abort                                        
00008064  C$$EXIT                                      
00008065  HOSTexit                                     
00008095  Reset_Handler                                
00008099  _system_pre_init                             
000089c0  __aeabi_ctype_table_                         
000089c0  __aeabi_ctype_table_C                        
00008de8  __TI_Handler_Table_Base                      
00008df4  __TI_Handler_Table_Limit                     
00008dfc  __TI_CINIT_Base                              
00008e0c  __TI_CINIT_Limit                             
00008e0c  __TI_CINIT_Warm                              
20200000  __start___llvm_prf_bits                      
20200000  __start___llvm_prf_cnts                      
20200000  __stop___llvm_prf_bits                       
20200000  __stop___llvm_prf_cnts                       
202000f0  gE3_BBackup                                  
202001ac  gTIMER_0Backup                               
20200268  gPWM_1Backup                                 
20200308  ahrs                                         
2020037c  gSPI_IMU660RBBackup                          
202003e8  acceleration_mg                              
202003f4  angular_rate_mdps                            
20200400  euler                                        
20200468  start_time                                   
2020046c  tick_ms                                      
20200484  gMotor                                       
20200504  gEncMotor1                                   
20200528  gEncMotor3                                   
2020054c  __aeabi_errno                                
20200566  gDataReceived                                
20200567  gRxByte                                      
20200568  g_menuMode                                   
20200569  g_menuResetFlag                              
2020056a  g_menuStartFlag                              
20207e00  __stack                                      
20208000  __STACK_END                                  
ffffffff  __TI_pprof_out_hndl                          
ffffffff  __TI_prof_data_size                          
ffffffff  __TI_prof_data_start                         
ffffffff  __binit__                                    
ffffffff  binit                                        
UNDEFED   __mpu_init                                   
UNDEFED   _system_post_cinit                           

[292 symbols]
