******************************************************************************
            TI ARM Clang Linker PC v4.0.4                      
******************************************************************************
>> Linked Wed Jul 22 01:53:54 2026

OUTPUT FILE NAME:   <gpio_toggle_output_LP_MSPM0G3507_nortos_ticlang.out>
ENTRY POINT SYMBOL: "_c_int00_noargs"  address: 00008415


MEMORY CONFIGURATION

         name            origin    length      used     unused   attr    fill
----------------------  --------  ---------  --------  --------  ----  --------
  FLASH                 00000000   00020000  000094d8  00016b28  R  X
  SRAM                  20200000   00008000  00000779  00007887  RW X
  BCR_CONFIG            41c00000   000000ff  00000000  000000ff  R   
  BSL_CONFIG            41c00100   00000080  00000000  00000080  R   


SEGMENT ALLOCATION MAP

run origin  load origin   length   init length attrs members
----------  ----------- ---------- ----------- ----- -------
00000000    00000000    000094d8   000094d8    r-x
  00000000    00000000    000000c0   000000c0    r-- .intvecs
  000000c0    000000c0    000087e0   000087e0    r-x .text
  000088a0    000088a0    00000bb0   00000bb0    r-- .rodata
  00009450    00009450    00000088   00000088    r-- .cinit
20200000    20200000    0000057c   00000000    rw-
  20200000    20200000    00000499   00000000    rw- .bss
  2020049c    2020049c    000000e0   00000000    rw- .data
20207e00    20207e00    00000200   00000000    rw-
  20207e00    20207e00    00000200   00000000    rw- .stack


SECTION ALLOCATION MAP

 output                                  attributes/
section   page    origin      length       input sections
--------  ----  ----------  ----------   ----------------
.intvecs   0    00000000    000000c0     
                  00000000    000000c0     startup_mspm0g350x_ticlang.o (.intvecs)

.text      0    000000c0    000087e0     
                  000000c0    000009d0     libc.a : _printfi.c.obj (.text:__TI_printfi)
                  00000a90    0000092a     oled_hardware_i2c.o (.text.OLED_ShowSignedNum)
                  000013ba    00000002     startup_mspm0g350x_ticlang.o (.text.Default_Handler)
                  000013bc    000008b4     FusionAhrs.o (.text.FusionAhrsUpdate)
                  00001c70    00000644     libc.a : k_rem_pio2.c.obj (.text.__kernel_rem_pio2)
                  000022b4    00000490     oled_hardware_i2c.o (.text.OLED_ShowNum)
                  00002744    000003e8     speed_control.o (.text.SpeedControl_Update20ms)
                  00002b2c    000002d4     oled_hardware_i2c.o (.text.OLED_Init)
                  00002e00    00000290     heading_control.o (.text.HeadingControl_Update20ms)
                  00003090    00000290     gpio_toggle_output.o (.text.main)
                  00003320    0000023c     key.o (.text.Key_Service)
                  0000355c    0000022c     imu660rb.o (.text.FusionTasks)
                  00003788    00000220     libc.a : _printfi.c.obj (.text._pconv_a)
                  000039a8    00000218     speed_control.o (.text.SpeedPid_Update)
                  00003bc0    00000214     imu660rb.o (.text.IMU660RB_Init)
                  00003dd4    000001dc     libc.a : _printfi.c.obj (.text._pconv_g)
                  00003fb0    000001d4            : s_cosf.c.obj (.text.cosf)
                  00004184    000001d0     lsm6dsr_reg.o (.text.lsm6dsr_pin_int1_route_set)
                  00004354    000001c8     libc.a : s_atanf.c.obj (.text.atanf)
                  0000451c    000001c8            : s_sinf.c.obj (.text.sinf)
                  000046e4    000001c0     imu660rb.o (.text.Read_IMU660RB)
                  000048a4    0000019c     FusionAhrs.o (.text.FusionAhrsSetHeading)
                  00004a40    00000192     libclang_rt.builtins.a : adddf3.S.obj (.text.adddf3_subdf3)
                  00004bd2    00000002                            : aeabi_div0.c.obj (.text.__aeabi_idiv0)
                  00004bd4    00000188     imu660rb.o (.text.platform_read)
                  00004d5c    00000180     imu660rb.o (.text.platform_write)
                  00004edc    0000017c     vehicle_yaw.o (.text.VehicleYaw_Update5ms)
                  00005058    00000170     libc.a : e_sqrt.c.obj (.text.sqrt)
                  000051c8    00000160            : e_asinf.c.obj (.text.asinf)
                  00005328    0000014c     oled_hardware_i2c.o (.text.OLED_WR_Byte)
                  00005474    00000144     libc.a : s_floor.c.obj (.text.floor)
                  000055b8    0000013c     FusionAhrs.o (.text.Feedback)
                  000056f4    0000013c     libc.a : _printfi.c.obj (.text.fcvt)
                  00005830    00000120            : _printfi.c.obj (.text._pconv_e)
                  00005950    0000011c     driverlib.a : dl_timer.o (.text.DL_Timer_initCaptureMode)
                  00005a6c    00000118     libc.a : e_atan2f.c.obj (.text.atan2f)
                  00005b84    0000010c     libclang_rt.builtins.a : divdf3.S.obj (.text.__divdf3)
                  00005c90    00000104     driverlib.a : dl_timer.o (.text.DL_Timer_initFourCCPWMMode)
                  00005d94    000000fc                 : dl_timer.o (.text.DL_Timer_initTimerMode)
                  00005e90    000000f0     lsm6dsr_reg.o (.text.lsm6dsr_gy_data_rate_set)
                  00005f80    000000f0     lsm6dsr_reg.o (.text.lsm6dsr_xl_data_rate_set)
                  00006070    000000e4     ti_msp_dl_config.o (.text.SYSCFG_DL_GPIO_init)
                  00006154    000000e4     libclang_rt.builtins.a : muldf3.S.obj (.text.__muldf3)
                  00006238    000000e0     FusionAhrs.o (.text.FusionAhrsSetSettings)
                  00006318    000000e0     FusionOffset.o (.text.FusionOffsetUpdate)
                  000063f8    000000dc     oled_hardware_i2c.o (.text.OLED_ShowChar)
                  000064d4    000000d8     libc.a : s_scalbn.c.obj (.text.scalbn)
                  000065ac    000000d8     libclang_rt.builtins.a : addsf3.S.obj (.text)
                  00006684    000000ac     libc.a : s_cosf.c.obj (.text.__kernel_sindf)
                  00006730    000000ac            : s_sinf.c.obj (.text.__kernel_sindf)
                  000067dc    000000aa     lsm6dsr_reg.o (.text.lsm6dsr_pin_int1_route_get)
                  00006886    00000002     libclang_rt.builtins.a : aeabi_div0.c.obj (.text.__aeabi_ldiv0)
                  00006888    000000a2                            : udivmoddi4.S.obj (.text)
                  0000692a    00000002     --HOLE-- [fill = 0]
                  0000692c    0000009c     libc.a : s_cosf.c.obj (.text.__kernel_cosdf)
                  000069c8    0000009c            : s_sinf.c.obj (.text.__kernel_cosdf)
                  00006a64    0000009a            : memcpy16.S.obj (.text:memcpy)
                  00006afe    00000002     --HOLE-- [fill = 0]
                  00006b00    0000008c     key.o (.text.Key_Init)
                  00006b8c    0000008c     ti_msp_dl_config.o (.text.SYSCFG_DL_PWM_0_init)
                  00006c18    0000008c     ti_msp_dl_config.o (.text.SYSCFG_DL_PWM_1_init)
                  00006ca4    0000008c     gpio_toggle_output.o (.text.TIMA0_IRQHandler)
                  00006d30    0000008c     libclang_rt.builtins.a : mulsf3.S.obj (.text.__mulsf3)
                  00006dbc    00000088     ti_msp_dl_config.o (.text.SYSCFG_DL_initPower)
                  00006e44    00000088     encoder.o (.text.encoder_task)
                  00006ecc    00000082     libclang_rt.builtins.a : divsf3.S.obj (.text.__divsf3)
                  00006f4e    00000002     --HOLE-- [fill = 0]
                  00006f50    00000080     speed_control.o (.text.SpeedControl_Start)
                  00006fd0    0000007c     libc.a : copy_decompress_lzss.c.obj (.text:decompress:lzss)
                  0000704c    0000007a     oled_hardware_i2c.o (.text.OLED_ShowString)
                  000070c6    0000007a     lsm6dsr_reg.o (.text.lsm6dsr_fsm_enable_get)
                  00007140    00000074     libclang_rt.builtins.a : comparedf2.c.obj (.text.__gedf2)
                  000071b4    0000000c     speed_control.o (.text.SpeedControl_IsRunning)
                  000071c0    00000074     libclang_rt.builtins.a : truncdfsf2.S.obj (.text.__truncdfsf2)
                  00007234    00000070     heading_control.o (.text.HeadingControl_Start)
                  000072a4    00000070     ti_msp_dl_config.o (.text.SYSCFG_DL_UART_0_init)
                  00007314    00000070     speed_control.o (.text.SpeedControl_Init)
                  00007384    0000006e     lsm6dsr_reg.o (.text.lsm6dsr_fsm_data_rate_get)
                  000073f2    00000002     --HOLE-- [fill = 0]
                  000073f4    00000068     motor.o (.text.Motor_SetSpeed)
                  0000745c    00000068     libclang_rt.builtins.a : comparedf2.c.obj (.text.__ledf2)
                  000074c4    00000068     lsm6dsr_reg.o (.text.lsm6dsr_i3c_disable_set)
                  0000752c    00000066     libc.a : _printfi.c.obj (.text._mcpy)
                  00007592    00000002     --HOLE-- [fill = 0]
                  00007594    00000062     libclang_rt.builtins.a : aeabi_dcmp.S.obj (.text.__aeabi_dcmp)
                  000075f6    00000002     --HOLE-- [fill = 0]
                  000075f8    00000062                            : aeabi_fcmp.S.obj (.text.__aeabi_fcmp)
                  0000765a    00000062     libc.a : memset16.S.obj (.text:memset)
                  000076bc    00000060     speed_control.o (.text.SpeedControl_Stop)
                  0000771c    0000005e     driverlib.a : dl_i2c.o (.text.DL_I2C_fillControllerTXFIFO)
                  0000777a    00000002     --HOLE-- [fill = 0]
                  0000777c    0000005c     libc.a : s_frexp.c.obj (.text.frexp)
                  000077d8    00000058     FusionAhrs.o (.text.FusionAhrsInitialise)
                  00007830    00000058     ti_msp_dl_config.o (.text.SYSCFG_DL_init)
                  00007888    00000058     vehicle_yaw.o (.text.VehicleYaw_Init)
                  000078e0    00000058     libc.a : _ltoa.c.obj (.text.__TI_ltoa)
                  00007938    00000058            : _printfi.c.obj (.text._pconv_f)
                  00007990    00000056     libclang_rt.builtins.a : aeabi_idivmod.S.obj (.text.__aeabi_idivmod)
                  000079e6    00000002     --HOLE-- [fill = 0]
                  000079e8    00000054     ti_msp_dl_config.o (.text.SYSCFG_DL_I2C_OLED_init)
                  00007a3c    00000052     libc.a : _printfi.c.obj (.text._ecpy)
                  00007a8e    00000002     --HOLE-- [fill = 0]
                  00007a90    0000004c     ti_msp_dl_config.o (.text.SYSCFG_DL_SPI_IMU660RB_init)
                  00007adc    0000004a     libclang_rt.builtins.a : fixdfsi.S.obj (.text.__fixdfsi)
                  00007b26    00000002     --HOLE-- [fill = 0]
                  00007b28    00000048     driverlib.a : dl_uart.o (.text.DL_UART_init)
                  00007b70    00000044                 : dl_spi.o (.text.DL_SPI_init)
                  00007bb4    00000044     heading_control.o (.text.HeadingControl_Init)
                  00007bf8    00000044     speed_control.o (.text.SpeedControl_SetTargets)
                  00007c3c    00000040     FusionAhrs.o (.text.FusionAhrsUpdateNoMagnetometer)
                  00007c7c    00000040     libclang_rt.builtins.a : aeabi_uidivmod.S.obj (.text.__aeabi_uidivmod)
                  00007cbc    00000040                            : extendsfdf2.S.obj (.text.__extendsfdf2)
                  00007cfc    00000040     libc.a : atoi.c.obj (.text.atoi)
                  00007d3c    0000003c     ti_msp_dl_config.o (.text.SYSCFG_DL_E1_B_init)
                  00007d78    0000003c     ti_msp_dl_config.o (.text.SYSCFG_DL_E3_B_init)
                  00007db4    0000003c     speed_control.o (.text.SpeedControl_SetDifferentialTargetOffsetFloat)
                  00007df0    0000003c     vehicle_yaw.o (.text.VehicleYaw_GetStationaryReferenceDeg)
                  00007e2c    0000003c     libclang_rt.builtins.a : floatsisf.S.obj (.text.__floatsisf)
                  00007e68    0000003c                            : comparesf2.S.obj (.text.__gtsf2)
                  00007ea4    0000003c     libc.a : autoinit.c.obj (.text:__TI_auto_init_nobinit_nopinit)
                  00007ee0    0000003a     libclang_rt.builtins.a : comparesf2.S.obj (.text.__eqsf2)
                  00007f1a    00000002     --HOLE-- [fill = 0]
                  00007f1c    0000003a                            : muldsi3.S.obj (.text.__muldsi3)
                  00007f56    00000002     --HOLE-- [fill = 0]
                  00007f58    00000038     ti_msp_dl_config.o (.text.SYSCFG_DL_TIMER_0_init)
                  00007f90    00000038     libclang_rt.builtins.a : fixsfsi.S.obj (.text.__fixsfsi)
                  00007fc8    00000038     lsm6dsr_reg.o (.text.lsm6dsr_block_data_update_set)
                  00008000    00000038     lsm6dsr_reg.o (.text.lsm6dsr_gy_filter_lp1_set)
                  00008038    00000038     lsm6dsr_reg.o (.text.lsm6dsr_gy_full_scale_set)
                  00008070    00000038     lsm6dsr_reg.o (.text.lsm6dsr_reset_set)
                  000080a8    00000038     lsm6dsr_reg.o (.text.lsm6dsr_xl_full_scale_set)
                  000080e0    00000038     libc.a : sprintf.c.obj (.text.sprintf)
                  00008118    00000036     lsm6dsr_reg.o (.text.lsm6dsr_data_ready_mode_set)
                  0000814e    00000002     --HOLE-- [fill = 0]
                  00008150    00000034     heading_control.o (.text.HeadingControl_Stop)
                  00008184    00000034     lsm6dsr_reg.o (.text.lsm6dsr_angular_rate_raw_get)
                  000081b8    00000034     clock.o (.text.mspm0_delay_ms)
                  000081ec    00000032     libclang_rt.builtins.a : fixunssfsi.S.obj (.text.__fixunssfsi)
                  0000821e    00000002     --HOLE-- [fill = 0]
                  00008220    00000030     driverlib.a : dl_uart.o (.text.DL_UART_transmitDataBlocking)
                  00008250    00000030     FusionOffset.o (.text.FusionOffsetInitialise)
                  00008280    00000030     ti_msp_dl_config.o (.text.SYSCFG_DL_SYSCTL_init)
                  000082b0    00000030     encoder.o (.text.TIMA1_IRQHandler)
                  000082e0    00000030     encoder.o (.text.TIMG0_IRQHandler)
                  00008310    00000030     libc.a : _printfi.c.obj (.text._fcpy)
                  00008340    0000002c     encoder.o (.text.Encoder_Start)
                  0000836c    0000002c     gpio_toggle_output.o (.text.UART1_IRQHandler)
                  00008398    0000002c     libclang_rt.builtins.a : floatsidf.S.obj (.text.__floatsidf)
                  000083c4    00000028     clock.o (.text.SysTick_Init)
                  000083ec    00000028     libclang_rt.builtins.a : floatunsisf.S.obj (.text.__floatunsisf)
                  00008414    00000028     libc.a : boot_cortex_m.c.obj (.text:_c_int00_noargs)
                  0000843c    00000026     driverlib.a : dl_i2c.o (.text.DL_I2C_setClockConfig)
                  00008462    00000002     --HOLE-- [fill = 0]
                  00008464    00000024     libclang_rt.builtins.a : muldi3.S.obj (.text.__muldi3)
                  00008488    00000022     libc.a : memccpy.c.obj (.text.memccpy)
                  000084aa    00000002     --HOLE-- [fill = 0]
                  000084ac    00000020     key.o (.text.Key_IsPressed)
                  000084cc    0000001e     motor.o (.text.Motor_Stop)
                  000084ea    00000002     --HOLE-- [fill = 0]
                  000084ec    0000001e     libclang_rt.builtins.a : ashldi3.S.obj (.text.__ashldi3)
                  0000850a    0000001e     lsm6dsr_reg.o (.text.lsm6dsr_reset_get)
                  00008528    0000001c     driverlib.a : dl_timer.o (.text.DL_Timer_setCaptCompUpdateMethod)
                  00008544    0000001c                 : dl_timer.o (.text.DL_Timer_setClockConfig)
                  00008560    0000001c     key.o (.text.Key_GetPressedTimeMs)
                  0000857c    0000001c     lsm6dsr_reg.o (.text.lsm6dsr_gy_flag_data_ready_get)
                  00008598    00000018     driverlib.a : dl_timer.o (.text.DL_Timer_setCaptureCompareOutCtl)
                  000085b0    00000018     libc.a : sprintf.c.obj (.text._outs)
                  000085c8    00000018     lsm6dsr_reg.o (.text.lsm6dsr_odr_cal_reg_get)
                  000085e0    00000018     clock.o (.text.mspm0_get_clock_ms)
                  000085f8    00000016     libc.a : k_rem_pio2.c.obj (.text.OUTLINED_FUNCTION_0)
                  0000860e    00000002     --HOLE-- [fill = 0]
                  00008610    00000010     libclang_rt.builtins.a : adddf3.S.obj (.tramp.__aeabi_dadd.1)
                  00008620    00000014                            : aeabi_uldivmod.S.obj (.text.__aeabi_uldivmod)
                  00008634    00000014     lsm6dsr_reg.o (.text.lsm6dsr_from_fs2000dps_to_mdps)
                  00008648    00000014     lsm6dsr_reg.o (.text.lsm6dsr_from_fs2g_to_mg)
                  0000865c    00000014     lsm6dsr_reg.o (.text.lsm6dsr_read_reg)
                  00008670    00000014     lsm6dsr_reg.o (.text.lsm6dsr_write_reg)
                  00008684    00000014     libc.a : _printfi.c.obj (.text.strchr)
                  00008698    00000012     driverlib.a : dl_spi.o (.text.DL_SPI_setClockConfig)
                  000086aa    00000012                 : dl_uart.o (.text.DL_UART_setClockConfig)
                  000086bc    00000012     libc.a : copy_decompress_none.c.obj (.text:decompress:none)
                  000086ce    00000002     --HOLE-- [fill = 0]
                  000086d0    00000010     driverlib.a : dl_timer.o (.text.DL_Timer_setCaptureCompareValue)
                  000086e0    00000010     FusionAhrs.o (.text.FusionAhrsGetQuaternion)
                  000086f0    00000010     libc.a : k_rem_pio2.c.obj (.text.OUTLINED_FUNCTION_2)
                  00008700    00000010     gpio_toggle_output.o (.text.SysTick_Handler)
                  00008710    00000010     libc.a : wcslen.c.obj (.text.wcslen)
                  00008720    00000010            : copy_zero_init.c.obj (.text:decompress:ZI)
                  00008730    0000000e     libclang_rt.builtins.a : aeabi_memset.S.obj (.text.__aeabi_memset)
                  0000873e    0000000e     lsm6dsr_reg.o (.text.lsm6dsr_device_id_get)
                  0000874c    0000000e     libc.a : _printfi.c.obj (.text.strlen)
                  0000875a    00000002     --HOLE-- [fill = 0]
                  0000875c    0000000c     vehicle_yaw.o (.text.VehicleYaw_GetHeadingDeg)
                  00008768    0000000c     vehicle_yaw.o (.text.VehicleYaw_GetRateDps)
                  00008774    0000000c     vehicle_yaw.o (.text.VehicleYaw_IsCalibrated)
                  00008780    0000000c     libclang_rt.builtins.a : aeabi_memset.S.obj (.text.__aeabi_memclr)
                  0000878c    0000000a     driverlib.a : dl_common.o (.text.DL_Common_delayCycles)
                  00008796    0000000a     libc.a : _printfi.c.obj (.text.OUTLINED_FUNCTION_0)
                  000087a0    00000010     libclang_rt.builtins.a : adddf3.S.obj (.tramp.__aeabi_dsub.1)
                  000087b0    0000000a     libc.a : _printfi.c.obj (.text.OUTLINED_FUNCTION_1)
                  000087ba    0000000a            : k_rem_pio2.c.obj (.text.OUTLINED_FUNCTION_1)
                  000087c4    0000000a            : s_cosf.c.obj (.text.OUTLINED_FUNCTION_3)
                  000087ce    0000000a            : s_sinf.c.obj (.text.OUTLINED_FUNCTION_3)
                  000087d8    0000000a            : sprintf.c.obj (.text._outc)
                  000087e2    00000008     key.o (.text.Key_Update1ms)
                  000087ea    00000002     --HOLE-- [fill = 0]
                  000087ec    00000008     libc.a : aeabi_portable.c.obj (.text.__aeabi_errno_addr)
                  000087f4    00000008     libclang_rt.builtins.a : aeabi_memcpy.S.obj (.text.__aeabi_memcpy)
                  000087fc    00000008     imu660rb.o (.text.platform_delay)
                  00008804    00000006     libc.a : e_asinf.c.obj (.text.OUTLINED_FUNCTION_0)
                  0000880a    00000002     --HOLE-- [fill = 0]
                  0000880c    00000010     libclang_rt.builtins.a : mulsf3.S.obj (.tramp.__aeabi_fmul.1)
                  0000881c    00000006     libc.a : s_atanf.c.obj (.text.OUTLINED_FUNCTION_0)
                  00008822    00000002     --HOLE-- [fill = 0]
                  00008824    00000010     libclang_rt.builtins.a : divsf3.S.obj (.tramp.__aeabi_fdiv.1)
                  00008834    00000006     libc.a : s_cosf.c.obj (.text.OUTLINED_FUNCTION_0)
                  0000883a    00000002     --HOLE-- [fill = 0]
                  0000883c    00000010     libclang_rt.builtins.a : muldf3.S.obj (.tramp.__aeabi_dmul.1)
                  0000884c    00000006     libc.a : s_sinf.c.obj (.text.OUTLINED_FUNCTION_0)
                  00008852    00000006            : s_cosf.c.obj (.text.OUTLINED_FUNCTION_1)
                  00008858    00000006            : s_sinf.c.obj (.text.OUTLINED_FUNCTION_1)
                  0000885e    00000006            : exit.c.obj (.text:abort)
                  00008864    00000004     libsysbm.a : hostexit.c.obj (.text.HOSTexit)
                  00008868    00000004     libc.a : s_atanf.c.obj (.text.OUTLINED_FUNCTION_1)
                  0000886c    00000010     libclang_rt.builtins.a : addsf3.S.obj (.tramp.__aeabi_fadd.1)
                  0000887c    00000004     libc.a : s_cosf.c.obj (.text.OUTLINED_FUNCTION_2)
                  00008880    00000010     libclang_rt.builtins.a : extendsfdf2.S.obj (.tramp.__aeabi_f2d.1)
                  00008890    00000004     libc.a : s_sinf.c.obj (.text.OUTLINED_FUNCTION_2)
                  00008894    00000004     startup_mspm0g350x_ticlang.o (.text.Reset_Handler)
                  00008898    00000004     libc.a : pre_init.c.obj (.text._system_pre_init)
                  0000889c    00000004     --HOLE-- [fill = 0]

.cinit     0    00009450    00000088     
                  00009450    0000005d     (.cinit..data.load) [load image, compression = lzss]
                  000094ad    00000003     --HOLE-- [fill = 0]
                  000094b0    0000000c     (__TI_handler_table)
                  000094bc    00000008     (.cinit..bss.load) [load image, compression = zero_init]
                  000094c4    00000010     (__TI_cinit_table)
                  000094d4    00000004     --HOLE-- [fill = 0]

.rodata    0    000088a0    00000bb0     
                  000088a0    000005f0     oled_hardware_i2c.o (.rodata.asc2_1608)
                  00008e90    00000228     oled_hardware_i2c.o (.rodata.asc2_0806)
                  000090b8    00000108     libc.a : k_rem_pio2.c.obj (.rodata.ipio2)
                  000091c0    00000101            : aeabi_ctype.S.obj (.rodata:__aeabi_ctype_table_)
                  000092c1    00000007     gpio_toggle_output.o (.rodata.str1.15113692215023319882.1)
                  000092c8    00000040     libc.a : k_rem_pio2.c.obj (.rodata.PIo2)
                  00009308    00000020            : s_atanf.c.obj (.rodata.cst16)
                  00009328    00000018     FusionAhrs.o (.rodata..L__const.FusionAhrsInitialise.settings)
                  00009340    00000014     ti_msp_dl_config.o (.rodata.gTIMER_0TimerConfig)
                  00009354    00000011     libc.a : _printfi.c.obj (.rodata.str1.10348868589481759720.1)
                  00009365    00000011            : _printfi.c.obj (.rodata.str1.15363888844622738466.1)
                  00009376    00000002     ti_msp_dl_config.o (.rodata.gI2C_OLEDClockConfig)
                  00009378    00000010     libc.a : k_rem_pio2.c.obj (.rodata.cst16)
                  00009388    00000010     ti_msp_dl_config.o (.rodata.gE1_BCaptureConfig)
                  00009398    00000010     ti_msp_dl_config.o (.rodata.gE3_BCaptureConfig)
                  000093a8    00000010     gpio_toggle_output.o (.rodata.str1.7928674137164971080.1)
                  000093b8    0000000e     gpio_toggle_output.o (.rodata.str1.16559069285837280738.1)
                  000093c6    00000002     ti_msp_dl_config.o (.rodata.gSPI_IMU660RB_clockConfig)
                  000093c8    0000000c     driverlib.a : dl_timer.o (.rodata..Lswitch.table.DL_Timer_initCompareMode)
                  000093d4    0000000c     gpio_toggle_output.o (.rodata.str1.10910899861604263444.1)
                  000093e0    0000000c     gpio_toggle_output.o (.rodata.str1.13732985183997240173.1)
                  000093ec    0000000c     gpio_toggle_output.o (.rodata.str1.16718355729119112538.1)
                  000093f8    0000000a     ti_msp_dl_config.o (.rodata.gSPI_IMU660RB_config)
                  00009402    0000000a     ti_msp_dl_config.o (.rodata.gUART_0Config)
                  0000940c    00000008     ti_msp_dl_config.o (.rodata.gPWM_0Config)
                  00009414    00000008     ti_msp_dl_config.o (.rodata.gPWM_1Config)
                  0000941c    00000006     gpio_toggle_output.o (.rodata.str1.5807257539606399117.1)
                  00009422    00000006     gpio_toggle_output.o (.rodata.str1.6926779734840550670.1)
                  00009428    00000005     gpio_toggle_output.o (.rodata.str1.2745267647703410976.1)
                  0000942d    00000005     gpio_toggle_output.o (.rodata.str1.48456419029742142.1)
                  00009432    00000005     gpio_toggle_output.o (.rodata.str1.7293075287338320947.1)
                  00009437    00000003     ti_msp_dl_config.o (.rodata.gE1_BClockConfig)
                  0000943a    00000003     ti_msp_dl_config.o (.rodata.gE3_BClockConfig)
                  0000943d    00000003     ti_msp_dl_config.o (.rodata.gPWM_0ClockConfig)
                  00009440    00000003     ti_msp_dl_config.o (.rodata.gPWM_1ClockConfig)
                  00009443    00000003     ti_msp_dl_config.o (.rodata.gTIMER_0ClockConfig)
                  00009446    00000002     ti_msp_dl_config.o (.rodata.gUART_0ClockConfig)
                  00009448    00000008     --HOLE-- [fill = 0]

.init_array 
*          0    00000000    00000000     UNINITIALIZED

.binit     0    00000000    00000000     

.bss       0    20200000    00000499     UNINITIALIZED
                  20200000    000000f0     vehicle_yaw.o (.bss.s_referenceSamples)
                  202000f0    000000bc     (.common:gE3_BBackup)
                  202001ac    000000bc     (.common:gTIMER_0Backup)
                  20200268    000000a0     (.common:gPWM_1Backup)
                  20200308    00000074     (.common:ahrs)
                  2020037c    00000028     (.common:gSPI_IMU660RBBackup)
                  202003a4    00000018     imu660rb.o (.bss.offset)
                  202003bc    00000018     gpio_toggle_output.o (.bss.oled_buf)
                  202003d4    00000014     imu660rb.o (.bss.dev_ctx)
                  202003e8    0000000c     (.common:acceleration_mg)
                  202003f4    0000000c     (.common:angular_rate_mdps)
                  20200400    0000000c     (.common:euler)
                  2020040c    00000008     key.o (.bss.s_debounceMs)
                  20200414    00000008     speed_control.o (.bss.s_leftPid)
                  2020041c    00000008     key.o (.bss.s_pressedTimeMs)
                  20200424    00000008     speed_control.o (.bss.s_rightPid)
                  2020042c    00000006     imu660rb.o (.bss.data_raw_angular_rate)
                  20200432    00000002     imu660rb.o (.bss.data_raw_acceleration.1)
                  20200434    00000004     vehicle_yaw.o (.bss.s_biasDps)
                  20200438    00000004     vehicle_yaw.o (.bss.s_calibrationSumDps)
                  2020043c    00000004     speed_control.o (.bss.s_differentialTargetOffset)
                  20200440    00000004     heading_control.o (.bss.s_filteredErrorDeg)
                  20200444    00000004     heading_control.o (.bss.s_filteredYawRateDps)
                  20200448    00000004     heading_control.o (.bss.s_headingDeg)
                  2020044c    00000004     vehicle_yaw.o (.bss.s_headingDeg)
                  20200450    00000004     gpio_toggle_output.o (.bss.s_key1StartRequestMs)
                  20200454    00000004     key.o (.bss.s_lastUpdateMs)
                  20200458    00000004     speed_control.o (.bss.s_leftControlTarget)
                  2020045c    00000004     speed_control.o (.bss.s_leftTarget)
                  20200460    00000004     vehicle_yaw.o (.bss.s_rateDps)
                  20200464    00000004     heading_control.o (.bss.s_referenceDeg)
                  20200468    00000004     vehicle_yaw.o (.bss.s_referenceSumDeg)
                  2020046c    00000004     speed_control.o (.bss.s_rightControlTarget)
                  20200470    00000004     speed_control.o (.bss.s_rightTarget)
                  20200474    00000004     heading_control.o (.bss.s_targetOffset)
                  20200478    00000004     imu660rb.o (.bss.samplePeriod)
                  2020047c    00000004     imu660rb.o (.bss.sampleRate)
                  20200480    00000004     (.common:start_time)
                  20200484    00000004     (.common:tick_ms)
                  20200488    00000002     imu660rb.o (.bss.data_raw_acceleration.2)
                  2020048a    00000002     vehicle_yaw.o (.bss.s_calibrationSamples)
                  2020048c    00000001     imu660rb.o (.bss.rst)
                  2020048d    00000001     heading_control.o (.bss.s_active)
                  2020048e    00000001     vehicle_yaw.o (.bss.s_calibrated)
                  2020048f    00000001     key.o (.bss.s_candidateMask)
                  20200490    00000001     heading_control.o (.bss.s_correctionZone)
                  20200491    00000001     vehicle_yaw.o (.bss.s_enabled)
                  20200492    00000001     key.o (.bss.s_pressedMask)
                  20200493    00000001     key.o (.bss.s_rawMask)
                  20200494    00000001     vehicle_yaw.o (.bss.s_referenceIndex)
                  20200495    00000001     vehicle_yaw.o (.bss.s_referenceSampleCount)
                  20200496    00000001     speed_control.o (.bss.s_running)
                  20200497    00000001     key.o (.bss.s_updating)
                  20200498    00000001     imu660rb.o (.bss.whoamI)

.data      0    2020049c    000000e0     UNINITIALIZED
                  2020049c    00000080     motor.o (.data.gMotor)
                  2020051c    00000024     encoder.o (.data.gEncMotor1)
                  20200540    00000024     encoder.o (.data.gEncMotor3)
                  20200564    00000004     libc.a : aeabi_portable.c.obj (.data.__aeabi_errno)
                  20200568    00000004     imu660rb.o (.data.gyroscopeOffset.0)
                  2020056c    00000004     imu660rb.o (.data.gyroscopeOffset.1)
                  20200570    00000004     imu660rb.o (.data.gyroscopeOffset.2)
                  20200574    00000002     encoder.o (.data.s_encTick)
                  20200576    00000001     gpio_toggle_output.o (.data.gDataReceived)
                  20200577    00000001     gpio_toggle_output.o (.data.gRxByte)
                  20200578    00000001     gpio_toggle_output.o (.data.s_key1StartPending)
                  20200579    00000001     gpio_toggle_output.o (.data.s_lastKey1Pressed)
                  2020057a    00000001     gpio_toggle_output.o (.data.sched_tick)
                  2020057b    00000001     gpio_toggle_output.o (.data.speed_sample_ready)

.stack     0    20207e00    00000200     UNINITIALIZED
                  20207e00    00000004     libc.a : boot_cortex_m.c.obj (.stack)
                  20207e04    000001fc     --HOLE--

__llvm_prf_cnts 
*          0    20200000    00000000     UNINITIALIZED

__llvm_prf_bits 
*          0    20200000    00000000     UNINITIALIZED

MODULE SUMMARY

       Module                         code    ro data   rw data
       ------                         ----    -------   -------
    .\
       ti_msp_dl_config.o             1228    109       576    
       gpio_toggle_output.o           856     100       34     
       startup_mspm0g350x_ticlang.o   6       192       0      
    +--+------------------------------+-------+---------+---------+
       Total:                         2090    401       610    
                                                               
    .\hardware\
       oled_hardware_i2c.o            4912    2072      0      
       speed_control.o                2012    0         37     
       heading_control.o              888     0         22     
       vehicle_yaw.o                  564     0         266    
       key.o                          780     0         24     
       encoder.o                      276     0         74     
       motor.o                        134     0         128    
       clock.o                        116     0         8      
    +--+------------------------------+-------+---------+---------+
       Total:                         9682    2072      559    
                                                               
    .\hardware\IMU660RB\
       imu660rb.o                     2320    0         228    
       lsm6dsr_reg.o                  2012    0         0      
    +--+------------------------------+-------+---------+---------+
       Total:                         4332    0         228    
                                                               
    .\hardware\IMU660RB\Fusion\
       FusionAhrs.o                   3348    24        0      
       FusionOffset.o                 272     0         0      
    +--+------------------------------+-------+---------+---------+
       Total:                         3620    24        0      
                                                               
    C:/ti/mspm0_sdk_2_09_00_01/source/ti/driverlib/lib/ticlang/m0p/mspm0g1x0x_g3x0x/driverlib.a
       dl_timer.o                     892     12        0      
       dl_uart.o                      138     0         0      
       dl_i2c.o                       132     0         0      
       dl_spi.o                       86      0         0      
       dl_common.o                    10      0         0      
    +--+------------------------------+-------+---------+---------+
       Total:                         1258    12        0      
                                                               
    C:\ti\ccs2041\ccs\tools\compiler\ti-cgt-armllvm_4.0.4.LTS\lib\armv6m-ti-none-eabi/c/libc.a
       _printfi.c.obj                 4510    34        0      
       k_rem_pio2.c.obj               1652    344       0      
       s_cosf.c.obj                   822     0         0      
       s_sinf.c.obj                   810     0         0      
       s_atanf.c.obj                  466     32        0      
       e_sqrt.c.obj                   368     0         0      
       e_asinf.c.obj                  358     0         0      
       s_floor.c.obj                  324     0         0      
       e_atan2f.c.obj                 280     0         0      
       aeabi_ctype.S.obj              0       257       0      
       s_scalbn.c.obj                 216     0         0      
       memcpy16.S.obj                 154     0         0      
       copy_decompress_lzss.c.obj     124     0         0      
       memset16.S.obj                 98      0         0      
       s_frexp.c.obj                  92      0         0      
       sprintf.c.obj                  90      0         0      
       _ltoa.c.obj                    88      0         0      
       atoi.c.obj                     64      0         0      
       autoinit.c.obj                 60      0         0      
       boot_cortex_m.c.obj            40      0         0      
       memccpy.c.obj                  34      0         0      
       copy_decompress_none.c.obj     18      0         0      
       copy_zero_init.c.obj           16      0         0      
       wcslen.c.obj                   16      0         0      
       aeabi_portable.c.obj           8       0         4      
       exit.c.obj                     6       0         0      
       pre_init.c.obj                 4       0         0      
    +--+------------------------------+-------+---------+---------+
       Total:                         10718   667       4      
                                                               
    C:\ti\ccs2041\ccs\tools\compiler\ti-cgt-armllvm_4.0.4.LTS\lib\armv6m-ti-none-eabi/c/libsysbm.a
       hostexit.c.obj                 4       0         0      
    +--+------------------------------+-------+---------+---------+
       Total:                         4       0         0      
                                                               
    C:\ti\ccs2041\ccs\tools\compiler\ti-cgt-armllvm_4.0.4.LTS\lib\armv6m-ti-none-eabi/libclang_rt.builtins.a
       adddf3.S.obj                   434     0         0      
       divdf3.S.obj                   268     0         0      
       muldf3.S.obj                   244     0         0      
       addsf3.S.obj                   232     0         0      
       comparedf2.c.obj               220     0         0      
       udivmoddi4.S.obj               162     0         0      
       mulsf3.S.obj                   156     0         0      
       divsf3.S.obj                   146     0         0      
       comparesf2.S.obj               118     0         0      
       truncdfsf2.S.obj               116     0         0      
       aeabi_dcmp.S.obj               98      0         0      
       aeabi_fcmp.S.obj               98      0         0      
       aeabi_idivmod.S.obj            86      0         0      
       extendsfdf2.S.obj              80      0         0      
       fixdfsi.S.obj                  74      0         0      
       aeabi_uidivmod.S.obj           64      0         0      
       floatsisf.S.obj                60      0         0      
       muldsi3.S.obj                  58      0         0      
       fixsfsi.S.obj                  56      0         0      
       fixunssfsi.S.obj               50      0         0      
       floatsidf.S.obj                44      0         0      
       floatunsisf.S.obj              40      0         0      
       muldi3.S.obj                   36      0         0      
       ashldi3.S.obj                  30      0         0      
       aeabi_memset.S.obj             26      0         0      
       aeabi_uldivmod.S.obj           20      0         0      
       aeabi_memcpy.S.obj             8       0         0      
       aeabi_div0.c.obj               4       0         0      
    +--+------------------------------+-------+---------+---------+
       Total:                         3028    0         0      
                                                               
       Stack:                         0       0         512    
       Linker Generated:              0       129       0      
    +--+------------------------------+-------+---------+---------+
       Grand Total:                   34732   3305      1913   


LINKER GENERATED COPY TABLES

__TI_cinit_table @ 000094c4 records: 2, size/record: 8, table size: 16
	.data: load addr=00009450, load size=0000005d bytes, run addr=2020049c, run size=000000e0 bytes, compression=lzss
	.bss: load addr=000094bc, load size=00000008 bytes, run addr=20200000, run size=00000499 bytes, compression=zero_init


LINKER GENERATED HANDLER TABLE

__TI_handler_table @ 000094b0 records: 3, size/record: 4, table size: 12
	index: 0, handler: __TI_decompress_lzss
	index: 1, handler: __TI_decompress_none
	index: 2, handler: __TI_zero_init


FAR CALL TRAMPOLINES

callee name               trampoline name
   callee addr  tramp addr   call addr  call info
--------------  -----------  ---------  ----------------
__aeabi_dadd              $Tramp$TT$L$PI$$__aeabi_dadd
   00004a4b     00008610     0000860c   libc.a : k_rem_pio2.c.obj (.text.OUTLINED_FUNCTION_0)
                             000087c2          : k_rem_pio2.c.obj (.text.OUTLINED_FUNCTION_1)
                             000087cc          : s_cosf.c.obj (.text.OUTLINED_FUNCTION_3)
                             000087d6          : s_sinf.c.obj (.text.OUTLINED_FUNCTION_3)
__aeabi_dsub              $Tramp$TT$L$PI$$__aeabi_dsub
   00004a41     000087a0     0000879e   libc.a : _printfi.c.obj (.text.OUTLINED_FUNCTION_0)
__aeabi_fmul              $Tramp$TT$L$PI$$__aeabi_fmul
   00006d31     0000880c     00008808   libc.a : e_asinf.c.obj (.text.OUTLINED_FUNCTION_0)
__aeabi_fdiv              $Tramp$TT$L$PI$$__aeabi_fdiv
   00006ecd     00008824     00008820   libc.a : s_atanf.c.obj (.text.OUTLINED_FUNCTION_0)
__aeabi_dmul              $Tramp$TT$L$PI$$__aeabi_dmul
   00006155     0000883c     00008838   libc.a : s_cosf.c.obj (.text.OUTLINED_FUNCTION_0)
                             00008850          : s_sinf.c.obj (.text.OUTLINED_FUNCTION_0)
                             00008856          : s_cosf.c.obj (.text.OUTLINED_FUNCTION_1)
                             0000885c          : s_sinf.c.obj (.text.OUTLINED_FUNCTION_1)
__aeabi_fadd              $Tramp$TT$L$PI$$__aeabi_fadd
   000065b7     0000886c     0000886a   libc.a : s_atanf.c.obj (.text.OUTLINED_FUNCTION_1)
__aeabi_f2d               $Tramp$TT$L$PI$$__aeabi_f2d
   00007cbd     00008880     0000887e   libc.a : s_cosf.c.obj (.text.OUTLINED_FUNCTION_2)
                             00008892          : s_sinf.c.obj (.text.OUTLINED_FUNCTION_2)

[7 trampolines]
[14 trampoline calls]


GLOBAL SYMBOLS: SORTED ALPHABETICALLY BY Name 

address   name                                         
-------   ----                                         
000013bb  ADC0_IRQHandler                              
000013bb  ADC1_IRQHandler                              
000013bb  AES_IRQHandler                               
00008864  C$$EXIT                                      
000013bb  CANFD0_IRQHandler                            
000013bb  DAC0_IRQHandler                              
0000878d  DL_Common_delayCycles                        
0000771d  DL_I2C_fillControllerTXFIFO                  
0000843d  DL_I2C_setClockConfig                        
00007b71  DL_SPI_init                                  
00008699  DL_SPI_setClockConfig                        
00005951  DL_Timer_initCaptureMode                     
00005c91  DL_Timer_initFourCCPWMMode                   
00005d95  DL_Timer_initTimerMode                       
00008529  DL_Timer_setCaptCompUpdateMethod             
00008599  DL_Timer_setCaptureCompareOutCtl             
000086d1  DL_Timer_setCaptureCompareValue              
00008545  DL_Timer_setClockConfig                      
00007b29  DL_UART_init                                 
000086ab  DL_UART_setClockConfig                       
00008221  DL_UART_transmitDataBlocking                 
000013bb  DMA_IRQHandler                               
000013bb  Default_Handler                              
00008341  Encoder_Start                                
000086e1  FusionAhrsGetQuaternion                      
000077d9  FusionAhrsInitialise                         
000048a5  FusionAhrsSetHeading                         
00006239  FusionAhrsSetSettings                        
000013bd  FusionAhrsUpdate                             
00007c3d  FusionAhrsUpdateNoMagnetometer               
00008251  FusionOffsetInitialise                       
00006319  FusionOffsetUpdate                           
0000355d  FusionTasks                                  
000013bb  GROUP0_IRQHandler                            
000013bb  GROUP1_IRQHandler                            
00008865  HOSTexit                                     
000013bb  HardFault_Handler                            
00007bb5  HeadingControl_Init                          
00007235  HeadingControl_Start                         
00008151  HeadingControl_Stop                          
00002e01  HeadingControl_Update20ms                    
000013bb  I2C0_IRQHandler                              
000013bb  I2C1_IRQHandler                              
00003bc1  IMU660RB_Init                                
00008561  Key_GetPressedTimeMs                         
00006b01  Key_Init                                     
000084ad  Key_IsPressed                                
000087e3  Key_Update1ms                                
000073f5  Motor_SetSpeed                               
000084cd  Motor_Stop                                   
000013bb  NMI_Handler                                  
00002b2d  OLED_Init                                    
000063f9  OLED_ShowChar                                
000022b5  OLED_ShowNum                                 
00000a91  OLED_ShowSignedNum                           
0000704d  OLED_ShowString                              
00005329  OLED_WR_Byte                                 
000013bb  PendSV_Handler                               
000013bb  RTC_IRQHandler                               
000046e5  Read_IMU660RB                                
00008895  Reset_Handler                                
000013bb  SPI0_IRQHandler                              
000013bb  SPI1_IRQHandler                              
000013bb  SVC_Handler                                  
00007d3d  SYSCFG_DL_E1_B_init                          
00007d79  SYSCFG_DL_E3_B_init                          
00006071  SYSCFG_DL_GPIO_init                          
000079e9  SYSCFG_DL_I2C_OLED_init                      
00006b8d  SYSCFG_DL_PWM_0_init                         
00006c19  SYSCFG_DL_PWM_1_init                         
00007a91  SYSCFG_DL_SPI_IMU660RB_init                  
00008281  SYSCFG_DL_SYSCTL_init                        
00007f59  SYSCFG_DL_TIMER_0_init                       
000072a5  SYSCFG_DL_UART_0_init                        
00007831  SYSCFG_DL_init                               
00006dbd  SYSCFG_DL_initPower                          
00007315  SpeedControl_Init                            
000071b5  SpeedControl_IsRunning                       
00007db5  SpeedControl_SetDifferentialTargetOffsetFloat
00007bf9  SpeedControl_SetTargets                      
00006f51  SpeedControl_Start                           
000076bd  SpeedControl_Stop                            
00002745  SpeedControl_Update20ms                      
00008701  SysTick_Handler                              
000083c5  SysTick_Init                                 
00006ca5  TIMA0_IRQHandler                             
000082b1  TIMA1_IRQHandler                             
000082e1  TIMG0_IRQHandler                             
000013bb  TIMG12_IRQHandler                            
000013bb  TIMG6_IRQHandler                             
000013bb  TIMG7_IRQHandler                             
000013bb  TIMG8_IRQHandler                             
000013bb  UART0_IRQHandler                             
0000836d  UART1_IRQHandler                             
000013bb  UART2_IRQHandler                             
000013bb  UART3_IRQHandler                             
0000875d  VehicleYaw_GetHeadingDeg                     
00008769  VehicleYaw_GetRateDps                        
00007df1  VehicleYaw_GetStationaryReferenceDeg         
00007889  VehicleYaw_Init                              
00008775  VehicleYaw_IsCalibrated                      
00004edd  VehicleYaw_Update5ms                         
20208000  __STACK_END                                  
00000200  __STACK_SIZE                                 
00000000  __TI_ATRegion0_region_sz                     
00000000  __TI_ATRegion0_src_addr                      
00000000  __TI_ATRegion0_trg_addr                      
00000000  __TI_ATRegion1_region_sz                     
00000000  __TI_ATRegion1_src_addr                      
00000000  __TI_ATRegion1_trg_addr                      
00000000  __TI_ATRegion2_region_sz                     
00000000  __TI_ATRegion2_src_addr                      
00000000  __TI_ATRegion2_trg_addr                      
000094c4  __TI_CINIT_Base                              
000094d4  __TI_CINIT_Limit                             
000094d4  __TI_CINIT_Warm                              
000094b0  __TI_Handler_Table_Base                      
000094bc  __TI_Handler_Table_Limit                     
00007ea5  __TI_auto_init_nobinit_nopinit               
00006fd1  __TI_decompress_lzss                         
000086bd  __TI_decompress_none                         
000078e1  __TI_ltoa                                    
ffffffff  __TI_pprof_out_hndl                          
000000c1  __TI_printfi                                 
ffffffff  __TI_prof_data_size                          
ffffffff  __TI_prof_data_start                         
00000000  __TI_static_base__                           
00008721  __TI_zero_init                               
00004a4b  __adddf3                                     
000065b7  __addsf3                                     
000091c0  __aeabi_ctype_table_                         
000091c0  __aeabi_ctype_table_C                        
000071c1  __aeabi_d2f                                  
00007add  __aeabi_d2iz                                 
00004a4b  __aeabi_dadd                                 
00007595  __aeabi_dcmpeq                               
000075d1  __aeabi_dcmpge                               
000075e5  __aeabi_dcmpgt                               
000075bd  __aeabi_dcmple                               
000075a9  __aeabi_dcmplt                               
00005b85  __aeabi_ddiv                                 
00006155  __aeabi_dmul                                 
00004a41  __aeabi_dsub                                 
20200564  __aeabi_errno                                
000087ed  __aeabi_errno_addr                           
00007cbd  __aeabi_f2d                                  
00007f91  __aeabi_f2iz                                 
000081ed  __aeabi_f2uiz                                
000065b7  __aeabi_fadd                                 
000075f9  __aeabi_fcmpeq                               
00007635  __aeabi_fcmpge                               
00007649  __aeabi_fcmpgt                               
00007621  __aeabi_fcmple                               
0000760d  __aeabi_fcmplt                               
00006ecd  __aeabi_fdiv                                 
00006d31  __aeabi_fmul                                 
000065ad  __aeabi_fsub                                 
00008399  __aeabi_i2d                                  
00007e2d  __aeabi_i2f                                  
00007991  __aeabi_idiv                                 
00004bd3  __aeabi_idiv0                                
00007991  __aeabi_idivmod                              
00006887  __aeabi_ldiv0                                
000084ed  __aeabi_llsl                                 
00008465  __aeabi_lmul                                 
00008781  __aeabi_memclr                               
00008781  __aeabi_memclr4                              
00008781  __aeabi_memclr8                              
000087f5  __aeabi_memcpy                               
000087f5  __aeabi_memcpy4                              
000087f5  __aeabi_memcpy8                              
00008731  __aeabi_memset                               
00008731  __aeabi_memset4                              
00008731  __aeabi_memset8                              
000083ed  __aeabi_ui2f                                 
00007c7d  __aeabi_uidiv                                
00007c7d  __aeabi_uidivmod                             
00008621  __aeabi_uldivmod                             
000084ed  __ashldi3                                    
ffffffff  __binit__                                    
0000745d  __cmpdf2                                     
00007ee1  __cmpsf2                                     
00005b85  __divdf3                                     
00006ecd  __divsf3                                     
0000745d  __eqdf2                                      
00007ee1  __eqsf2                                      
00007cbd  __extendsfdf2                                
00007add  __fixdfsi                                    
00007f91  __fixsfsi                                    
000081ed  __fixunssfsi                                 
00008399  __floatsidf                                  
00007e2d  __floatsisf                                  
000083ed  __floatunsisf                                
00007141  __gedf2                                      
00007e69  __gesf2                                      
00007141  __gtdf2                                      
00007e69  __gtsf2                                      
00001c71  __kernel_rem_pio2                            
0000745d  __ledf2                                      
00007ee1  __lesf2                                      
0000745d  __ltdf2                                      
00007ee1  __ltsf2                                      
UNDEFED   __mpu_init                                   
00006155  __muldf3                                     
00008465  __muldi3                                     
00007f1d  __muldsi3                                    
00006d31  __mulsf3                                     
0000745d  __nedf2                                      
00007ee1  __nesf2                                      
20207e00  __stack                                      
20200000  __start___llvm_prf_bits                      
20200000  __start___llvm_prf_cnts                      
20200000  __stop___llvm_prf_bits                       
20200000  __stop___llvm_prf_cnts                       
00004a41  __subdf3                                     
000065ad  __subsf3                                     
000071c1  __truncdfsf2                                 
00006889  __udivmoddi4                                 
00008415  _c_int00_noargs                              
UNDEFED   _system_post_cinit                           
00008899  _system_pre_init                             
0000885f  abort                                        
202003e8  acceleration_mg                              
20200308  ahrs                                         
202003f4  angular_rate_mdps                            
000051c9  asinf                                        
00005a6d  atan2f                                       
00004355  atanf                                        
00007cfd  atoi                                         
ffffffff  binit                                        
00003fb1  cosf                                         
00006e45  encoder_task                                 
20200400  euler                                        
00005475  floor                                        
00005475  floorl                                       
0000777d  frexp                                        
0000777d  frexpl                                       
20200576  gDataReceived                                
202000f0  gE3_BBackup                                  
2020051c  gEncMotor1                                   
20200540  gEncMotor3                                   
2020049c  gMotor                                       
20200268  gPWM_1Backup                                 
20200577  gRxByte                                      
2020037c  gSPI_IMU660RBBackup                          
202001ac  gTIMER_0Backup                               
00000000  interruptVectors                             
000064d5  ldexp                                        
000064d5  ldexpl                                       
00008185  lsm6dsr_angular_rate_raw_get                 
00007fc9  lsm6dsr_block_data_update_set                
00008119  lsm6dsr_data_ready_mode_set                  
0000873f  lsm6dsr_device_id_get                        
00008635  lsm6dsr_from_fs2000dps_to_mdps               
00008649  lsm6dsr_from_fs2g_to_mg                      
00007385  lsm6dsr_fsm_data_rate_get                    
000070c7  lsm6dsr_fsm_enable_get                       
00005e91  lsm6dsr_gy_data_rate_set                     
00008001  lsm6dsr_gy_filter_lp1_set                    
0000857d  lsm6dsr_gy_flag_data_ready_get               
00008039  lsm6dsr_gy_full_scale_set                    
000074c5  lsm6dsr_i3c_disable_set                      
000085c9  lsm6dsr_odr_cal_reg_get                      
000067dd  lsm6dsr_pin_int1_route_get                   
00004185  lsm6dsr_pin_int1_route_set                   
0000865d  lsm6dsr_read_reg                             
0000850b  lsm6dsr_reset_get                            
00008071  lsm6dsr_reset_set                            
00008671  lsm6dsr_write_reg                            
00005f81  lsm6dsr_xl_data_rate_set                     
000080a9  lsm6dsr_xl_full_scale_set                    
00003091  main                                         
00008489  memccpy                                      
00006a65  memcpy                                       
0000765b  memset                                       
000081b9  mspm0_delay_ms                               
000085e1  mspm0_get_clock_ms                           
000064d5  scalbn                                       
000064d5  scalbnl                                      
0000451d  sinf                                         
000080e1  sprintf                                      
00005059  sqrt                                         
00005059  sqrtl                                        
20200480  start_time                                   
20200484  tick_ms                                      
00008711  wcslen                                       


GLOBAL SYMBOLS: SORTED BY Symbol Address 

address   name                                         
-------   ----                                         
00000000  __TI_ATRegion0_region_sz                     
00000000  __TI_ATRegion0_src_addr                      
00000000  __TI_ATRegion0_trg_addr                      
00000000  __TI_ATRegion1_region_sz                     
00000000  __TI_ATRegion1_src_addr                      
00000000  __TI_ATRegion1_trg_addr                      
00000000  __TI_ATRegion2_region_sz                     
00000000  __TI_ATRegion2_src_addr                      
00000000  __TI_ATRegion2_trg_addr                      
00000000  __TI_static_base__                           
00000000  interruptVectors                             
000000c1  __TI_printfi                                 
00000200  __STACK_SIZE                                 
00000a91  OLED_ShowSignedNum                           
000013bb  ADC0_IRQHandler                              
000013bb  ADC1_IRQHandler                              
000013bb  AES_IRQHandler                               
000013bb  CANFD0_IRQHandler                            
000013bb  DAC0_IRQHandler                              
000013bb  DMA_IRQHandler                               
000013bb  Default_Handler                              
000013bb  GROUP0_IRQHandler                            
000013bb  GROUP1_IRQHandler                            
000013bb  HardFault_Handler                            
000013bb  I2C0_IRQHandler                              
000013bb  I2C1_IRQHandler                              
000013bb  NMI_Handler                                  
000013bb  PendSV_Handler                               
000013bb  RTC_IRQHandler                               
000013bb  SPI0_IRQHandler                              
000013bb  SPI1_IRQHandler                              
000013bb  SVC_Handler                                  
000013bb  TIMG12_IRQHandler                            
000013bb  TIMG6_IRQHandler                             
000013bb  TIMG7_IRQHandler                             
000013bb  TIMG8_IRQHandler                             
000013bb  UART0_IRQHandler                             
000013bb  UART2_IRQHandler                             
000013bb  UART3_IRQHandler                             
000013bd  FusionAhrsUpdate                             
00001c71  __kernel_rem_pio2                            
000022b5  OLED_ShowNum                                 
00002745  SpeedControl_Update20ms                      
00002b2d  OLED_Init                                    
00002e01  HeadingControl_Update20ms                    
00003091  main                                         
0000355d  FusionTasks                                  
00003bc1  IMU660RB_Init                                
00003fb1  cosf                                         
00004185  lsm6dsr_pin_int1_route_set                   
00004355  atanf                                        
0000451d  sinf                                         
000046e5  Read_IMU660RB                                
000048a5  FusionAhrsSetHeading                         
00004a41  __aeabi_dsub                                 
00004a41  __subdf3                                     
00004a4b  __adddf3                                     
00004a4b  __aeabi_dadd                                 
00004bd3  __aeabi_idiv0                                
00004edd  VehicleYaw_Update5ms                         
00005059  sqrt                                         
00005059  sqrtl                                        
000051c9  asinf                                        
00005329  OLED_WR_Byte                                 
00005475  floor                                        
00005475  floorl                                       
00005951  DL_Timer_initCaptureMode                     
00005a6d  atan2f                                       
00005b85  __aeabi_ddiv                                 
00005b85  __divdf3                                     
00005c91  DL_Timer_initFourCCPWMMode                   
00005d95  DL_Timer_initTimerMode                       
00005e91  lsm6dsr_gy_data_rate_set                     
00005f81  lsm6dsr_xl_data_rate_set                     
00006071  SYSCFG_DL_GPIO_init                          
00006155  __aeabi_dmul                                 
00006155  __muldf3                                     
00006239  FusionAhrsSetSettings                        
00006319  FusionOffsetUpdate                           
000063f9  OLED_ShowChar                                
000064d5  ldexp                                        
000064d5  ldexpl                                       
000064d5  scalbn                                       
000064d5  scalbnl                                      
000065ad  __aeabi_fsub                                 
000065ad  __subsf3                                     
000065b7  __addsf3                                     
000065b7  __aeabi_fadd                                 
000067dd  lsm6dsr_pin_int1_route_get                   
00006887  __aeabi_ldiv0                                
00006889  __udivmoddi4                                 
00006a65  memcpy                                       
00006b01  Key_Init                                     
00006b8d  SYSCFG_DL_PWM_0_init                         
00006c19  SYSCFG_DL_PWM_1_init                         
00006ca5  TIMA0_IRQHandler                             
00006d31  __aeabi_fmul                                 
00006d31  __mulsf3                                     
00006dbd  SYSCFG_DL_initPower                          
00006e45  encoder_task                                 
00006ecd  __aeabi_fdiv                                 
00006ecd  __divsf3                                     
00006f51  SpeedControl_Start                           
00006fd1  __TI_decompress_lzss                         
0000704d  OLED_ShowString                              
000070c7  lsm6dsr_fsm_enable_get                       
00007141  __gedf2                                      
00007141  __gtdf2                                      
000071b5  SpeedControl_IsRunning                       
000071c1  __aeabi_d2f                                  
000071c1  __truncdfsf2                                 
00007235  HeadingControl_Start                         
000072a5  SYSCFG_DL_UART_0_init                        
00007315  SpeedControl_Init                            
00007385  lsm6dsr_fsm_data_rate_get                    
000073f5  Motor_SetSpeed                               
0000745d  __cmpdf2                                     
0000745d  __eqdf2                                      
0000745d  __ledf2                                      
0000745d  __ltdf2                                      
0000745d  __nedf2                                      
000074c5  lsm6dsr_i3c_disable_set                      
00007595  __aeabi_dcmpeq                               
000075a9  __aeabi_dcmplt                               
000075bd  __aeabi_dcmple                               
000075d1  __aeabi_dcmpge                               
000075e5  __aeabi_dcmpgt                               
000075f9  __aeabi_fcmpeq                               
0000760d  __aeabi_fcmplt                               
00007621  __aeabi_fcmple                               
00007635  __aeabi_fcmpge                               
00007649  __aeabi_fcmpgt                               
0000765b  memset                                       
000076bd  SpeedControl_Stop                            
0000771d  DL_I2C_fillControllerTXFIFO                  
0000777d  frexp                                        
0000777d  frexpl                                       
000077d9  FusionAhrsInitialise                         
00007831  SYSCFG_DL_init                               
00007889  VehicleYaw_Init                              
000078e1  __TI_ltoa                                    
00007991  __aeabi_idiv                                 
00007991  __aeabi_idivmod                              
000079e9  SYSCFG_DL_I2C_OLED_init                      
00007a91  SYSCFG_DL_SPI_IMU660RB_init                  
00007add  __aeabi_d2iz                                 
00007add  __fixdfsi                                    
00007b29  DL_UART_init                                 
00007b71  DL_SPI_init                                  
00007bb5  HeadingControl_Init                          
00007bf9  SpeedControl_SetTargets                      
00007c3d  FusionAhrsUpdateNoMagnetometer               
00007c7d  __aeabi_uidiv                                
00007c7d  __aeabi_uidivmod                             
00007cbd  __aeabi_f2d                                  
00007cbd  __extendsfdf2                                
00007cfd  atoi                                         
00007d3d  SYSCFG_DL_E1_B_init                          
00007d79  SYSCFG_DL_E3_B_init                          
00007db5  SpeedControl_SetDifferentialTargetOffsetFloat
00007df1  VehicleYaw_GetStationaryReferenceDeg         
00007e2d  __aeabi_i2f                                  
00007e2d  __floatsisf                                  
00007e69  __gesf2                                      
00007e69  __gtsf2                                      
00007ea5  __TI_auto_init_nobinit_nopinit               
00007ee1  __cmpsf2                                     
00007ee1  __eqsf2                                      
00007ee1  __lesf2                                      
00007ee1  __ltsf2                                      
00007ee1  __nesf2                                      
00007f1d  __muldsi3                                    
00007f59  SYSCFG_DL_TIMER_0_init                       
00007f91  __aeabi_f2iz                                 
00007f91  __fixsfsi                                    
00007fc9  lsm6dsr_block_data_update_set                
00008001  lsm6dsr_gy_filter_lp1_set                    
00008039  lsm6dsr_gy_full_scale_set                    
00008071  lsm6dsr_reset_set                            
000080a9  lsm6dsr_xl_full_scale_set                    
000080e1  sprintf                                      
00008119  lsm6dsr_data_ready_mode_set                  
00008151  HeadingControl_Stop                          
00008185  lsm6dsr_angular_rate_raw_get                 
000081b9  mspm0_delay_ms                               
000081ed  __aeabi_f2uiz                                
000081ed  __fixunssfsi                                 
00008221  DL_UART_transmitDataBlocking                 
00008251  FusionOffsetInitialise                       
00008281  SYSCFG_DL_SYSCTL_init                        
000082b1  TIMA1_IRQHandler                             
000082e1  TIMG0_IRQHandler                             
00008341  Encoder_Start                                
0000836d  UART1_IRQHandler                             
00008399  __aeabi_i2d                                  
00008399  __floatsidf                                  
000083c5  SysTick_Init                                 
000083ed  __aeabi_ui2f                                 
000083ed  __floatunsisf                                
00008415  _c_int00_noargs                              
0000843d  DL_I2C_setClockConfig                        
00008465  __aeabi_lmul                                 
00008465  __muldi3                                     
00008489  memccpy                                      
000084ad  Key_IsPressed                                
000084cd  Motor_Stop                                   
000084ed  __aeabi_llsl                                 
000084ed  __ashldi3                                    
0000850b  lsm6dsr_reset_get                            
00008529  DL_Timer_setCaptCompUpdateMethod             
00008545  DL_Timer_setClockConfig                      
00008561  Key_GetPressedTimeMs                         
0000857d  lsm6dsr_gy_flag_data_ready_get               
00008599  DL_Timer_setCaptureCompareOutCtl             
000085c9  lsm6dsr_odr_cal_reg_get                      
000085e1  mspm0_get_clock_ms                           
00008621  __aeabi_uldivmod                             
00008635  lsm6dsr_from_fs2000dps_to_mdps               
00008649  lsm6dsr_from_fs2g_to_mg                      
0000865d  lsm6dsr_read_reg                             
00008671  lsm6dsr_write_reg                            
00008699  DL_SPI_setClockConfig                        
000086ab  DL_UART_setClockConfig                       
000086bd  __TI_decompress_none                         
000086d1  DL_Timer_setCaptureCompareValue              
000086e1  FusionAhrsGetQuaternion                      
00008701  SysTick_Handler                              
00008711  wcslen                                       
00008721  __TI_zero_init                               
00008731  __aeabi_memset                               
00008731  __aeabi_memset4                              
00008731  __aeabi_memset8                              
0000873f  lsm6dsr_device_id_get                        
0000875d  VehicleYaw_GetHeadingDeg                     
00008769  VehicleYaw_GetRateDps                        
00008775  VehicleYaw_IsCalibrated                      
00008781  __aeabi_memclr                               
00008781  __aeabi_memclr4                              
00008781  __aeabi_memclr8                              
0000878d  DL_Common_delayCycles                        
000087e3  Key_Update1ms                                
000087ed  __aeabi_errno_addr                           
000087f5  __aeabi_memcpy                               
000087f5  __aeabi_memcpy4                              
000087f5  __aeabi_memcpy8                              
0000885f  abort                                        
00008864  C$$EXIT                                      
00008865  HOSTexit                                     
00008895  Reset_Handler                                
00008899  _system_pre_init                             
000091c0  __aeabi_ctype_table_                         
000091c0  __aeabi_ctype_table_C                        
000094b0  __TI_Handler_Table_Base                      
000094bc  __TI_Handler_Table_Limit                     
000094c4  __TI_CINIT_Base                              
000094d4  __TI_CINIT_Limit                             
000094d4  __TI_CINIT_Warm                              
20200000  __start___llvm_prf_bits                      
20200000  __start___llvm_prf_cnts                      
20200000  __stop___llvm_prf_bits                       
20200000  __stop___llvm_prf_cnts                       
202000f0  gE3_BBackup                                  
202001ac  gTIMER_0Backup                               
20200268  gPWM_1Backup                                 
20200308  ahrs                                         
2020037c  gSPI_IMU660RBBackup                          
202003e8  acceleration_mg                              
202003f4  angular_rate_mdps                            
20200400  euler                                        
20200480  start_time                                   
20200484  tick_ms                                      
2020049c  gMotor                                       
2020051c  gEncMotor1                                   
20200540  gEncMotor3                                   
20200564  __aeabi_errno                                
20200576  gDataReceived                                
20200577  gRxByte                                      
20207e00  __stack                                      
20208000  __STACK_END                                  
ffffffff  __TI_pprof_out_hndl                          
ffffffff  __TI_prof_data_size                          
ffffffff  __TI_prof_data_start                         
ffffffff  __binit__                                    
ffffffff  binit                                        
UNDEFED   __mpu_init                                   
UNDEFED   _system_post_cinit                           

[286 symbols]
