******************************************************************************
            TI ARM Clang Linker PC v4.0.4                      
******************************************************************************
>> Linked Fri Jul 17 18:37:46 2026

OUTPUT FILE NAME:   <gpio_toggle_output_LP_MSPM0G3507_nortos_ticlang.out>
ENTRY POINT SYMBOL: "_c_int00_noargs"  address: 0000bdad


MEMORY CONFIGURATION

         name            origin    length      used     unused   attr    fill
----------------------  --------  ---------  --------  --------  ----  --------
  FLASH                 00000000   00020000  0000d870  00012790  R  X
  SRAM                  20200000   00008000  00003898  00004768  RW X
  BCR_CONFIG            41c00000   000000ff  00000000  000000ff  R   
  BSL_CONFIG            41c00100   00000080  00000000  00000080  R   


SEGMENT ALLOCATION MAP

run origin  load origin   length   init length attrs members
----------  ----------- ---------- ----------- ----- -------
00000000    00000000    0000d870   0000d870    r-x
  00000000    00000000    000000c0   000000c0    r-- .intvecs
  000000c0    000000c0    0000c190   0000c190    r-x .text
  0000c250    0000c250    000015a0   000015a0    r-- .rodata
  0000d7f0    0000d7f0    00000080   00000080    r-- .cinit
20200000    20200000    0000369a   00000000    rw-
  20200000    20200000    000035ce   00000000    rw- .bss
  202035d0    202035d0    000000ca   00000000    rw- .data
20207e00    20207e00    00000200   00000000    rw-
  20207e00    20207e00    00000200   00000000    rw- .stack


SECTION ALLOCATION MAP

 output                                  attributes/
section   page    origin      length       input sections
--------  ----  ----------  ----------   ----------------
.intvecs   0    00000000    000000c0     
                  00000000    000000c0     startup_mspm0g350x_ticlang.o (.intvecs)

.text      0    000000c0    0000c190     
                  000000c0    000020fc     road_test.o (.text.RoadTest_Update)
                  000021bc    000009d0     libc.a : _printfi.c.obj (.text:__TI_printfi)
                  00002b8c    0000092a     oled_hardware_i2c.o (.text.OLED_ShowSignedNum)
                  000034b6    00000002     startup_mspm0g350x_ticlang.o (.text.Default_Handler)
                  000034b8    000008b4     FusionAhrs.o (.text.FusionAhrsUpdate)
                  00003d6c    00000834     speed_control.o (.text.SpeedControl_ProcessCommand)
                  000045a0    00000644     libc.a : k_rem_pio2.c.obj (.text.__kernel_rem_pio2)
                  00004be4    00000490     oled_hardware_i2c.o (.text.OLED_ShowNum)
                  00005074    000003c4     road_test.o (.text.RoadTest_ProcessCommand)
                  00005438    00000360     libc.a : strtof.c.obj (.text.strtof)
                  00005798    000002d8     road_test.o (.text.RoadTest_DumpAllToVofa)
                  00005a70    000002d4     oled_hardware_i2c.o (.text.OLED_Init)
                  00005d44    000002bc     speed_control.o (.text.SpeedControl_Update20ms)
                  00006000    00000298     gpio_toggle_output.o (.text.main)
                  00006298    00000294     road_test.o (.text.RoadTest_DumpToVofa)
                  0000652c    0000023c     key.o (.text.Key_Service)
                  00006768    0000022c     imu660rb.o (.text.FusionTasks)
                  00006994    00000220     libc.a : _printfi.c.obj (.text._pconv_a)
                  00006bb4    00000214     imu660rb.o (.text.IMU660RB_Init)
                  00006dc8    000001dc     libc.a : _printfi.c.obj (.text._pconv_g)
                  00006fa4    000001d4            : s_cosf.c.obj (.text.cosf)
                  00007178    000001d0     lsm6dsr_reg.o (.text.lsm6dsr_pin_int1_route_set)
                  00007348    000001c8     libc.a : s_atanf.c.obj (.text.atanf)
                  00007510    000001c8            : s_sinf.c.obj (.text.sinf)
                  000076d8    000001c0     imu660rb.o (.text.Read_IMU660RB)
                  00007898    0000019c     FusionAhrs.o (.text.FusionAhrsSetHeading)
                  00007a34    00000192     libclang_rt.builtins.a : adddf3.S.obj (.text.adddf3_subdf3)
                  00007bc6    00000002                            : aeabi_div0.c.obj (.text.__aeabi_idiv0)
                  00007bc8    00000188     imu660rb.o (.text.platform_read)
                  00007d50    00000180     imu660rb.o (.text.platform_write)
                  00007ed0    00000170     libc.a : e_sqrt.c.obj (.text.sqrt)
                  00008040    00000160            : e_asinf.c.obj (.text.asinf)
                  000081a0    00000156     speed_control.o (.text.SpeedPid_Update)
                  000082f6    00000002     libclang_rt.builtins.a : aeabi_div0.c.obj (.text.__aeabi_ldiv0)
                  000082f8    0000014c     oled_hardware_i2c.o (.text.OLED_WR_Byte)
                  00008444    00000144     oled_hardware_i2c.o (.text.OLED_Clear)
                  00008588    00000144     libc.a : s_floor.c.obj (.text.floor)
                  000086cc    00000144            : strtol.c.obj (.text.strtol)
                  00008810    0000013c     FusionAhrs.o (.text.Feedback)
                  0000894c    0000013c     libc.a : _printfi.c.obj (.text.fcvt)
                  00008a88    00000120     road_test.o (.text.RoadTest_Init)
                  00008ba8    00000120     libc.a : _printfi.c.obj (.text._pconv_e)
                  00008cc8    0000011c     driverlib.a : dl_timer.o (.text.DL_Timer_initCaptureMode)
                  00008de4    0000011c     road_test.o (.text.RoadTest_Record20ms)
                  00008f00    00000118     libc.a : e_atan2f.c.obj (.text.atan2f)
                  00009018    0000010c     libclang_rt.builtins.a : divdf3.S.obj (.text.__divdf3)
                  00009124    00000104     driverlib.a : dl_timer.o (.text.DL_Timer_initFourCCPWMMode)
                  00009228    000000fc                 : dl_timer.o (.text.DL_Timer_initTimerMode)
                  00009324    000000f4     speed_control.o (.text.SpeedControl_Init)
                  00009418    000000f0     speed_control.o (.text.SpeedControl_ParseFloat)
                  00009508    000000f0     speed_control.o (.text.SpeedControl_ParseLong)
                  000095f8    000000f0     lsm6dsr_reg.o (.text.lsm6dsr_gy_data_rate_set)
                  000096e8    000000f0     lsm6dsr_reg.o (.text.lsm6dsr_xl_data_rate_set)
                  000097d8    000000e8     ti_msp_dl_config.o (.text.SYSCFG_DL_GPIO_init)
                  000098c0    000000e4     libclang_rt.builtins.a : muldf3.S.obj (.text.__muldf3)
                  000099a4    000000e0     FusionAhrs.o (.text.FusionAhrsSetSettings)
                  00009a84    000000e0     FusionOffset.o (.text.FusionOffsetUpdate)
                  00009b64    000000dc     oled_hardware_i2c.o (.text.OLED_ShowChar)
                  00009c40    000000dc     vofa.o (.text.VOFA_ReadCommand)
                  00009d1c    000000d8     libc.a : s_scalbn.c.obj (.text.scalbn)
                  00009df4    000000d8     libclang_rt.builtins.a : addsf3.S.obj (.text)
                  00009ecc    000000b0     libc.a : s_scalbnf.c.obj (.text.scalbnf)
                  00009f7c    000000ac            : s_cosf.c.obj (.text.__kernel_sindf)
                  0000a028    000000ac            : s_sinf.c.obj (.text.__kernel_sindf)
                  0000a0d4    000000aa     lsm6dsr_reg.o (.text.lsm6dsr_pin_int1_route_get)
                  0000a17e    00000002     --HOLE-- [fill = 0]
                  0000a180    000000a2     libclang_rt.builtins.a : udivmoddi4.S.obj (.text)
                  0000a222    00000002     --HOLE-- [fill = 0]
                  0000a224    0000009c     libc.a : s_cosf.c.obj (.text.__kernel_cosdf)
                  0000a2c0    0000009c            : s_sinf.c.obj (.text.__kernel_cosdf)
                  0000a35c    0000009a            : memcpy16.S.obj (.text:memcpy)
                  0000a3f6    00000002     --HOLE-- [fill = 0]
                  0000a3f8    00000094     ti_msp_dl_config.o (.text.SYSCFG_DL_initPower)
                  0000a48c    00000094     speed_control.o (.text.SpeedControl_GetStatus)
                  0000a520    00000094     gpio_toggle_output.o (.text.TIMA0_IRQHandler)
                  0000a5b4    0000008c     key.o (.text.Key_Init)
                  0000a640    0000008c     ti_msp_dl_config.o (.text.SYSCFG_DL_PWM_0_init)
                  0000a6cc    0000008c     ti_msp_dl_config.o (.text.SYSCFG_DL_PWM_1_init)
                  0000a758    0000008c     libclang_rt.builtins.a : mulsf3.S.obj (.text.__mulsf3)
                  0000a7e4    0000000c                            : aeabi_memset.S.obj (.text.__aeabi_memclr)
                  0000a7f0    00000088     libc.a : strcmp-armv6m.S.obj (.text:strcmp)
                  0000a878    00000082     libclang_rt.builtins.a : divsf3.S.obj (.text.__divsf3)
                  0000a8fa    00000002     --HOLE-- [fill = 0]
                  0000a8fc    00000080     vofa.o (.text.VOFA_Update)
                  0000a97c    0000007c     ti_msp_dl_config.o (.text.SYSCFG_DL_UART_VOFA_init)
                  0000a9f8    0000007c     libc.a : copy_decompress_lzss.c.obj (.text:decompress:lzss)
                  0000aa74    0000007a     oled_hardware_i2c.o (.text.OLED_ShowString)
                  0000aaee    0000007a     lsm6dsr_reg.o (.text.lsm6dsr_fsm_enable_get)
                  0000ab68    00000074     libclang_rt.builtins.a : comparedf2.c.obj (.text.__gedf2)
                  0000abdc    00000004     libsysbm.a : hostexit.c.obj (.text.HOSTexit)
                  0000abe0    00000074     libclang_rt.builtins.a : truncdfsf2.S.obj (.text.__truncdfsf2)
                  0000ac54    00000070     ti_msp_dl_config.o (.text.SYSCFG_DL_UART_0_init)
                  0000acc4    00000070     vofa.o (.text.UART0_IRQHandler)
                  0000ad34    0000006e     lsm6dsr_reg.o (.text.lsm6dsr_fsm_data_rate_get)
                  0000ada2    00000002     --HOLE-- [fill = 0]
                  0000ada4    00000068     motor.o (.text.Motor_SetSpeed)
                  0000ae0c    00000068     speed_control.o (.text.SpeedControl_StopOutputs)
                  0000ae74    00000068     libclang_rt.builtins.a : comparedf2.c.obj (.text.__ledf2)
                  0000aedc    00000068     lsm6dsr_reg.o (.text.lsm6dsr_i3c_disable_set)
                  0000af44    00000066     libc.a : _printfi.c.obj (.text._mcpy)
                  0000afaa    00000002     --HOLE-- [fill = 0]
                  0000afac    00000064     vofa.o (.text.VOFA_Init)
                  0000b010    00000062     libclang_rt.builtins.a : aeabi_dcmp.S.obj (.text.__aeabi_dcmp)
                  0000b072    00000002     --HOLE-- [fill = 0]
                  0000b074    00000062                            : aeabi_fcmp.S.obj (.text.__aeabi_fcmp)
                  0000b0d6    00000062     libc.a : memset16.S.obj (.text:memset)
                  0000b138    0000005e     driverlib.a : dl_i2c.o (.text.DL_I2C_fillControllerTXFIFO)
                  0000b196    00000002     --HOLE-- [fill = 0]
                  0000b198    0000005c     ti_msp_dl_config.o (.text.SYSCFG_DL_init)
                  0000b1f4    0000005c     libc.a : s_frexp.c.obj (.text.frexp)
                  0000b250    00000058     FusionAhrs.o (.text.FusionAhrsInitialise)
                  0000b2a8    00000058     libc.a : _ltoa.c.obj (.text.__TI_ltoa)
                  0000b300    00000058            : _printfi.c.obj (.text._pconv_f)
                  0000b358    00000056     libclang_rt.builtins.a : aeabi_idivmod.S.obj (.text.__aeabi_idivmod)
                  0000b3ae    00000002     --HOLE-- [fill = 0]
                  0000b3b0    00000054     ti_msp_dl_config.o (.text.SYSCFG_DL_I2C_OLED_init)
                  0000b404    00000052     libc.a : _printfi.c.obj (.text._ecpy)
                  0000b456    00000002     --HOLE-- [fill = 0]
                  0000b458    0000004c     ti_msp_dl_config.o (.text.SYSCFG_DL_SPI_IMU660RB_init)
                  0000b4a4    0000004c     libc.a : snprintf.c.obj (.text.snprintf)
                  0000b4f0    0000004a     libclang_rt.builtins.a : fixdfsi.S.obj (.text.__fixdfsi)
                  0000b53a    00000002     --HOLE-- [fill = 0]
                  0000b53c    00000048     driverlib.a : dl_uart.o (.text.DL_UART_init)
                  0000b584    00000044                 : dl_spi.o (.text.DL_SPI_init)
                  0000b5c8    00000044     vofa.o (.text.VOFA_SendMessage)
                  0000b60c    00000040     FusionAhrs.o (.text.FusionAhrsUpdateNoMagnetometer)
                  0000b64c    00000040     libclang_rt.builtins.a : aeabi_uidivmod.S.obj (.text.__aeabi_uidivmod)
                  0000b68c    00000040                            : extendsfdf2.S.obj (.text.__extendsfdf2)
                  0000b6cc    00000040     libc.a : atoi.c.obj (.text.atoi)
                  0000b70c    0000003c     ti_msp_dl_config.o (.text.SYSCFG_DL_E1_B_init)
                  0000b748    0000003c     ti_msp_dl_config.o (.text.SYSCFG_DL_E3_B_init)
                  0000b784    0000003c     libclang_rt.builtins.a : floatsisf.S.obj (.text.__floatsisf)
                  0000b7c0    0000003c                            : comparesf2.S.obj (.text.__gtsf2)
                  0000b7fc    0000003c     encoder.o (.text.encoder_task)
                  0000b838    0000003c     libc.a : autoinit.c.obj (.text:__TI_auto_init_nobinit_nopinit)
                  0000b874    0000003a     libclang_rt.builtins.a : comparesf2.S.obj (.text.__eqsf2)
                  0000b8ae    00000002     --HOLE-- [fill = 0]
                  0000b8b0    0000003a                            : muldsi3.S.obj (.text.__muldsi3)
                  0000b8ea    00000002     --HOLE-- [fill = 0]
                  0000b8ec    00000038     ti_msp_dl_config.o (.text.SYSCFG_DL_TIMER_0_init)
                  0000b924    00000038     libclang_rt.builtins.a : fixsfsi.S.obj (.text.__fixsfsi)
                  0000b95c    00000038     lsm6dsr_reg.o (.text.lsm6dsr_block_data_update_set)
                  0000b994    00000038     lsm6dsr_reg.o (.text.lsm6dsr_gy_filter_lp1_set)
                  0000b9cc    00000038     lsm6dsr_reg.o (.text.lsm6dsr_gy_full_scale_set)
                  0000ba04    00000038     lsm6dsr_reg.o (.text.lsm6dsr_reset_set)
                  0000ba3c    00000038     lsm6dsr_reg.o (.text.lsm6dsr_xl_full_scale_set)
                  0000ba74    00000038     libc.a : sprintf.c.obj (.text.sprintf)
                  0000baac    00000036     lsm6dsr_reg.o (.text.lsm6dsr_data_ready_mode_set)
                  0000bae2    00000002     --HOLE-- [fill = 0]
                  0000bae4    00000034     encoder.o (.text.TIMA1_IRQHandler)
                  0000bb18    00000034     encoder.o (.text.TIMG0_IRQHandler)
                  0000bb4c    00000034     lsm6dsr_reg.o (.text.lsm6dsr_angular_rate_raw_get)
                  0000bb80    00000034     clock.o (.text.mspm0_delay_ms)
                  0000bbb4    00000032     libclang_rt.builtins.a : fixunssfsi.S.obj (.text.__fixunssfsi)
                  0000bbe6    00000002     --HOLE-- [fill = 0]
                  0000bbe8    00000030     driverlib.a : dl_uart.o (.text.DL_UART_transmitDataBlocking)
                  0000bc18    00000030     FusionOffset.o (.text.FusionOffsetInitialise)
                  0000bc48    00000030     ti_msp_dl_config.o (.text.SYSCFG_DL_SYSCTL_init)
                  0000bc78    00000030     libc.a : _printfi.c.obj (.text._fcpy)
                  0000bca8    00000030            : snprintf.c.obj (.text._outs)
                  0000bcd8    0000002c     encoder.o (.text.Encoder_Start)
                  0000bd04    0000002c     gpio_toggle_output.o (.text.UART1_IRQHandler)
                  0000bd30    0000002c     libclang_rt.builtins.a : floatsidf.S.obj (.text.__floatsidf)
                  0000bd5c    00000028     clock.o (.text.SysTick_Init)
                  0000bd84    00000028     libclang_rt.builtins.a : floatunsisf.S.obj (.text.__floatunsisf)
                  0000bdac    00000028     libc.a : boot_cortex_m.c.obj (.text:_c_int00_noargs)
                  0000bdd4    00000026     driverlib.a : dl_i2c.o (.text.DL_I2C_setClockConfig)
                  0000bdfa    00000002     --HOLE-- [fill = 0]
                  0000bdfc    00000024     libclang_rt.builtins.a : muldi3.S.obj (.text.__muldi3)
                  0000be20    00000022     libc.a : memccpy.c.obj (.text.memccpy)
                  0000be42    00000002     --HOLE-- [fill = 0]
                  0000be44    00000020     key.o (.text.Key_IsPressed)
                  0000be64    00000020     libc.a : memcmp.c.obj (.text.memcmp)
                  0000be84    0000001e     motor.o (.text.Motor_Stop)
                  0000bea2    00000002     --HOLE-- [fill = 0]
                  0000bea4    0000001e     libclang_rt.builtins.a : ashldi3.S.obj (.text.__ashldi3)
                  0000bec2    0000001e     lsm6dsr_reg.o (.text.lsm6dsr_reset_get)
                  0000bee0    0000001c     driverlib.a : dl_timer.o (.text.DL_Timer_setCaptCompUpdateMethod)
                  0000befc    0000001c                 : dl_timer.o (.text.DL_Timer_setClockConfig)
                  0000bf18    0000001c     key.o (.text.Key_GetPressedTimeMs)
                  0000bf34    0000001c     lsm6dsr_reg.o (.text.lsm6dsr_gy_flag_data_ready_get)
                  0000bf50    00000018     driverlib.a : dl_timer.o (.text.DL_Timer_setCaptureCompareOutCtl)
                  0000bf68    00000018     libc.a : snprintf.c.obj (.text._outc)
                  0000bf80    00000018            : sprintf.c.obj (.text._outs)
                  0000bf98    00000018     lsm6dsr_reg.o (.text.lsm6dsr_odr_cal_reg_get)
                  0000bfb0    00000018     clock.o (.text.mspm0_get_clock_ms)
                  0000bfc8    00000016     libc.a : k_rem_pio2.c.obj (.text.OUTLINED_FUNCTION_0)
                  0000bfde    00000002     --HOLE-- [fill = 0]
                  0000bfe0    00000010     libclang_rt.builtins.a : adddf3.S.obj (.tramp.__aeabi_dadd.1)
                  0000bff0    00000014                            : aeabi_uldivmod.S.obj (.text.__aeabi_uldivmod)
                  0000c004    00000014     lsm6dsr_reg.o (.text.lsm6dsr_from_fs2000dps_to_mdps)
                  0000c018    00000014     lsm6dsr_reg.o (.text.lsm6dsr_from_fs2g_to_mg)
                  0000c02c    00000014     lsm6dsr_reg.o (.text.lsm6dsr_read_reg)
                  0000c040    00000014     lsm6dsr_reg.o (.text.lsm6dsr_write_reg)
                  0000c054    00000014     libc.a : _printfi.c.obj (.text.strchr)
                  0000c068    00000012     driverlib.a : dl_spi.o (.text.DL_SPI_setClockConfig)
                  0000c07a    00000012                 : dl_uart.o (.text.DL_UART_setClockConfig)
                  0000c08c    00000012     libc.a : copy_decompress_none.c.obj (.text:decompress:none)
                  0000c09e    00000002     --HOLE-- [fill = 0]
                  0000c0a0    00000010     driverlib.a : dl_timer.o (.text.DL_Timer_setCaptureCompareValue)
                  0000c0b0    00000010     FusionAhrs.o (.text.FusionAhrsGetQuaternion)
                  0000c0c0    00000010     libc.a : k_rem_pio2.c.obj (.text.OUTLINED_FUNCTION_2)
                  0000c0d0    00000010     road_test.o (.text.RoadTest_UsesOled)
                  0000c0e0    00000010     gpio_toggle_output.o (.text.SysTick_Handler)
                  0000c0f0    00000010     libc.a : wcslen.c.obj (.text.wcslen)
                  0000c100    00000010            : copy_zero_init.c.obj (.text:decompress:ZI)
                  0000c110    0000000e     libclang_rt.builtins.a : aeabi_memset.S.obj (.text.__aeabi_memset)
                  0000c11e    0000000e     lsm6dsr_reg.o (.text.lsm6dsr_device_id_get)
                  0000c12c    0000000e     libc.a : _printfi.c.obj (.text.strlen)
                  0000c13a    0000000a     driverlib.a : dl_common.o (.text.DL_Common_delayCycles)
                  0000c144    0000000a     libc.a : _printfi.c.obj (.text.OUTLINED_FUNCTION_0)
                  0000c14e    00000002     --HOLE-- [fill = 0]
                  0000c150    00000010     libclang_rt.builtins.a : adddf3.S.obj (.tramp.__aeabi_dsub.1)
                  0000c160    0000000a     libc.a : _printfi.c.obj (.text.OUTLINED_FUNCTION_1)
                  0000c16a    0000000a            : k_rem_pio2.c.obj (.text.OUTLINED_FUNCTION_1)
                  0000c174    0000000a            : s_cosf.c.obj (.text.OUTLINED_FUNCTION_3)
                  0000c17e    0000000a            : s_sinf.c.obj (.text.OUTLINED_FUNCTION_3)
                  0000c188    0000000a            : sprintf.c.obj (.text._outc)
                  0000c192    00000008     key.o (.text.Key_Update1ms)
                  0000c19a    00000008     libc.a : strtof.c.obj (.text.OUTLINED_FUNCTION_0)
                  0000c1a2    00000002     --HOLE-- [fill = 0]
                  0000c1a4    00000008            : aeabi_portable.c.obj (.text.__aeabi_errno_addr)
                  0000c1ac    00000008     libclang_rt.builtins.a : aeabi_memcpy.S.obj (.text.__aeabi_memcpy)
                  0000c1b4    00000008     imu660rb.o (.text.platform_delay)
                  0000c1bc    00000006     libc.a : e_asinf.c.obj (.text.OUTLINED_FUNCTION_0)
                  0000c1c2    00000002     --HOLE-- [fill = 0]
                  0000c1c4    00000010     libclang_rt.builtins.a : mulsf3.S.obj (.tramp.__aeabi_fmul.1)
                  0000c1d4    00000006     libc.a : s_atanf.c.obj (.text.OUTLINED_FUNCTION_0)
                  0000c1da    00000002     --HOLE-- [fill = 0]
                  0000c1dc    00000010     libclang_rt.builtins.a : divsf3.S.obj (.tramp.__aeabi_fdiv.1)
                  0000c1ec    00000006     libc.a : s_cosf.c.obj (.text.OUTLINED_FUNCTION_0)
                  0000c1f2    00000002     --HOLE-- [fill = 0]
                  0000c1f4    00000010     libclang_rt.builtins.a : muldf3.S.obj (.tramp.__aeabi_dmul.1)
                  0000c204    00000006     libc.a : s_sinf.c.obj (.text.OUTLINED_FUNCTION_0)
                  0000c20a    00000006            : s_cosf.c.obj (.text.OUTLINED_FUNCTION_1)
                  0000c210    00000006            : s_sinf.c.obj (.text.OUTLINED_FUNCTION_1)
                  0000c216    00000006            : exit.c.obj (.text:abort)
                  0000c21c    00000004            : s_atanf.c.obj (.text.OUTLINED_FUNCTION_1)
                  0000c220    00000010     libclang_rt.builtins.a : addsf3.S.obj (.tramp.__aeabi_fadd.1)
                  0000c230    00000004     libc.a : s_cosf.c.obj (.text.OUTLINED_FUNCTION_2)
                  0000c234    00000010     libclang_rt.builtins.a : extendsfdf2.S.obj (.tramp.__aeabi_f2d.1)
                  0000c244    00000004     libc.a : s_sinf.c.obj (.text.OUTLINED_FUNCTION_2)
                  0000c248    00000004     startup_mspm0g350x_ticlang.o (.text.Reset_Handler)
                  0000c24c    00000004     libc.a : pre_init.c.obj (.text._system_pre_init)

.cinit     0    0000d7f0    00000080     
                  0000d7f0    0000005c     (.cinit..data.load) [load image, compression = lzss]
                  0000d84c    0000000c     (__TI_handler_table)
                  0000d858    00000008     (.cinit..bss.load) [load image, compression = zero_init]
                  0000d860    00000010     (__TI_cinit_table)

.rodata    0    0000c250    000015a0     
                  0000c250    000005f0     oled_hardware_i2c.o (.rodata.asc2_1608)
                  0000c840    00000228     oled_hardware_i2c.o (.rodata.asc2_0806)
                  0000ca68    00000108     libc.a : k_rem_pio2.c.obj (.rodata.ipio2)
                  0000cb70    00000101            : aeabi_ctype.S.obj (.rodata:__aeabi_ctype_table_)
                  0000cc71    00000095     speed_control.o (.rodata.str1.17732539126439131682.1)
                  0000cd06    00000071     speed_control.o (.rodata.str1.14706624642400068386.1)
                  0000cd77    00000061     speed_control.o (.rodata.str1.211519452835695116.1)
                  0000cdd8    0000005c     road_test.o (.rodata.str1.13428199119518746714.1)
                  0000ce34    0000004f     road_test.o (.rodata.str1.13596133497753879827.1)
                  0000ce83    0000004b     road_test.o (.rodata.str1.14172003878770153340.1)
                  0000cece    00000002     ti_msp_dl_config.o (.rodata.gI2C_OLEDClockConfig)
                  0000ced0    00000040     libc.a : k_rem_pio2.c.obj (.rodata.PIo2)
                  0000cf10    00000040            : strtof.c.obj (.rodata.digits)
                  0000cf50    0000003e     road_test.o (.rodata.str1.15958033849920293327.1)
                  0000cf8e    0000003b     road_test.o (.rodata.str1.12521593022028111712.1)
                  0000cfc9    00000033     road_test.o (.rodata.str1.7293514000599815715.1)
                  0000cffc    00000033     road_test.o (.rodata.str1.8634895958968989169.1)
                  0000d02f    00000032     road_test.o (.rodata.str1.10132973821083072637.1)
                  0000d061    00000031     road_test.o (.rodata.str1.18111462104480922923.1)
                  0000d092    00000031     speed_control.o (.rodata.str1.2460042231388657623.1)
                  0000d0c3    00000030     road_test.o (.rodata.str1.17541680400037353235.1)
                  0000d0f3    0000002b     speed_control.o (.rodata.str1.3456492466988614487.1)
                  0000d11e    0000002a     speed_control.o (.rodata.str1.11250545846333204047.1)
                  0000d148    00000028     road_test.o (.rodata.str1.11982508440533459467.1)
                  0000d170    00000027     speed_control.o (.rodata.str1.8006736084623631825.1)
                  0000d197    00000026     speed_control.o (.rodata.str1.1811524898172795847.1)
                  0000d1bd    00000025     road_test.o (.rodata.str1.2148486997329350993.1)
                  0000d1e2    00000024     speed_control.o (.rodata.str1.13765000796998514547.1)
                  0000d206    00000024     speed_control.o (.rodata.str1.1807643411616452634.1)
                  0000d22a    00000024     road_test.o (.rodata.str1.3760376893857790387.1)
                  0000d24e    00000023     road_test.o (.rodata.str1.34626326995868208.1)
                  0000d271    00000023     speed_control.o (.rodata.str1.882219236629276955.1)
                  0000d294    00000022     road_test.o (.rodata.str1.1667293515124630886.1)
                  0000d2b6    00000002     ti_msp_dl_config.o (.rodata.gSPI_IMU660RB_clockConfig)
                  0000d2b8    00000020     libc.a : s_atanf.c.obj (.rodata.cst16)
                  0000d2d8    0000001f     speed_control.o (.rodata.str1.5067816898160249587.1)
                  0000d2f7    0000001e     vofa.o (.rodata.str1.15592850640436249970.1)
                  0000d315    0000001e     road_test.o (.rodata.str1.7338057428763850804.1)
                  0000d333    0000001c     speed_control.o (.rodata.str1.3245608251918206818.1)
                  0000d34f    0000001c     road_test.o (.rodata.str1.5769326548759584178.1)
                  0000d36b    0000001c     speed_control.o (.rodata.str1.6983313824812850148.1)
                  0000d387    0000001a     speed_control.o (.rodata.str1.11935626047561011845.1)
                  0000d3a1    0000001a     road_test.o (.rodata.str1.2026454474464060702.1)
                  0000d3bb    00000019     road_test.o (.rodata.str1.10585604639956306978.1)
                  0000d3d4    00000019     speed_control.o (.rodata.str1.15735647651265398266.1)
                  0000d3ed    00000003     ti_msp_dl_config.o (.rodata.gE1_BClockConfig)
                  0000d3f0    00000018     FusionAhrs.o (.rodata..L__const.FusionAhrsInitialise.settings)
                  0000d408    00000018     libc.a : strtof.c.obj (.rodata.powerof10)
                  0000d420    00000018     road_test.o (.rodata.str1.2417905470762545395.1)
                  0000d438    00000017     speed_control.o (.rodata.str1.2033466000042398445.1)
                  0000d44f    00000001     --HOLE-- [fill = 0]
                  0000d450    00000014     ti_msp_dl_config.o (.rodata.gTIMER_0TimerConfig)
                  0000d464    00000013     speed_control.o (.rodata.str1.8057713725946704052.1)
                  0000d477    00000013     speed_control.o (.rodata.str1.8920910648903796389.1)
                  0000d48a    00000012     road_test.o (.rodata.str1.10558569341621706591.1)
                  0000d49c    00000011     libc.a : _printfi.c.obj (.rodata.str1.10348868589481759720.1)
                  0000d4ad    00000011            : _printfi.c.obj (.rodata.str1.15363888844622738466.1)
                  0000d4be    00000011     speed_control.o (.rodata.str1.4521357460824390753.1)
                  0000d4cf    00000011     road_test.o (.rodata.str1.5347845603747570075.1)
                  0000d4e0    00000010     libc.a : k_rem_pio2.c.obj (.rodata.cst16)
                  0000d4f0    00000010     ti_msp_dl_config.o (.rodata.gE1_BCaptureConfig)
                  0000d500    00000010     ti_msp_dl_config.o (.rodata.gE3_BCaptureConfig)
                  0000d510    00000010     gpio_toggle_output.o (.rodata.str1.10910899861604263444.1)
                  0000d520    00000010     road_test.o (.rodata.str1.12498368073199732920.4)
                  0000d530    00000010     gpio_toggle_output.o (.rodata.str1.16559069285837280738.1)
                  0000d540    00000010     road_test.o (.rodata.str1.5727519952109052050.1)
                  0000d550    0000000f     road_test.o (.rodata.str1.14732323034741431622.1)
                  0000d55f    0000000f     road_test.o (.rodata.str1.8820741913259217115.1)
                  0000d56e    0000000f     road_test.o (.rodata.str1.8830601459989132679.1)
                  0000d57d    0000000e     road_test.o (.rodata.str1.11313499162010821110.1)
                  0000d58b    0000000e     road_test.o (.rodata.str1.12266663484419824128.1)
                  0000d599    0000000e     road_test.o (.rodata.str1.13569518918217488640.1)
                  0000d5a7    0000000e     road_test.o (.rodata.str1.16109185612488241134.1)
                  0000d5b5    0000000e     road_test.o (.rodata.str1.16673353727813071999.1)
                  0000d5c3    0000000e     road_test.o (.rodata.str1.16821564161465962818.1)
                  0000d5d1    0000000d     road_test.o (.rodata.str1.15398460664928362200.1)
                  0000d5de    00000002     ti_msp_dl_config.o (.rodata.gUART_0ClockConfig)
                  0000d5e0    0000000c     driverlib.a : dl_timer.o (.rodata..Lswitch.table.DL_Timer_initCompareMode)
                  0000d5ec    0000000c     gpio_toggle_output.o (.rodata.str1.13732985183997240173.1)
                  0000d5f8    0000000c     road_test.o (.rodata.str1.15596358016965810863.1)
                  0000d604    0000000c     gpio_toggle_output.o (.rodata.str1.16718355729119112538.1)
                  0000d610    0000000c     gpio_toggle_output.o (.rodata.str1.5807257539606399117.1)
                  0000d61c    0000000b     road_test.o (.rodata.str1.12122456004100100336.1)
                  0000d627    0000000b     road_test.o (.rodata.str1.13613476829420129065.1)
                  0000d632    0000000b     speed_control.o (.rodata.str1.15494409968463026438.1)
                  0000d63d    0000000b     road_test.o (.rodata.str1.16877113010838829769.1)
                  0000d648    0000000a     ti_msp_dl_config.o (.rodata.gSPI_IMU660RB_config)
                  0000d652    0000000a     ti_msp_dl_config.o (.rodata.gUART_0Config)
                  0000d65c    0000000a     ti_msp_dl_config.o (.rodata.gUART_VOFAConfig)
                  0000d666    0000000a     road_test.o (.rodata.str1.1226576581397910574.1)
                  0000d670    0000000a     road_test.o (.rodata.str1.15852278487157550190.1)
                  0000d67a    0000000a     road_test.o (.rodata.str1.15866812228467618133.1)
                  0000d684    0000000a     road_test.o (.rodata.str1.1635187238593780215.1)
                  0000d68e    0000000a     road_test.o (.rodata.str1.17438411239194012809.1)
                  0000d698    0000000a     road_test.o (.rodata.str1.18407874750228845728.1)
                  0000d6a2    0000000a     road_test.o (.rodata.str1.7002288968355408002.1)
                  0000d6ac    00000009     road_test.o (.rodata.str1.13285967381996371881.1)
                  0000d6b5    00000009     road_test.o (.rodata.str1.16380460450412656663.1)
                  0000d6be    00000009     road_test.o (.rodata.str1.3709947251480312382.1)
                  0000d6c7    00000009     road_test.o (.rodata.str1.5255968394441033598.1)
                  0000d6d0    00000008     ti_msp_dl_config.o (.rodata.gPWM_0Config)
                  0000d6d8    00000008     ti_msp_dl_config.o (.rodata.gPWM_1Config)
                  0000d6e0    00000008     road_test.o (.rodata.str1.16802266705625760252.1)
                  0000d6e8    00000008     gpio_toggle_output.o (.rodata.str1.6926779734840550670.1)
                  0000d6f0    00000008     road_test.o (.rodata.str1.9442382937721433805.1)
                  0000d6f8    00000007     road_test.o (.rodata.str1.1401870133776224018.1)
                  0000d6ff    00000007     speed_control.o (.rodata.str1.14456446095324431695.1)
                  0000d706    00000007     speed_control.o (.rodata.str1.1650181141826100245.1)
                  0000d70d    00000007     road_test.o (.rodata.str1.16765935738828189287.1)
                  0000d714    00000007     road_test.o (.rodata.str1.17298667193367403942.1)
                  0000d71b    00000007     speed_control.o (.rodata.str1.17438042864784128136.1)
                  0000d722    00000007     road_test.o (.rodata.str1.18280835503244857091.1)
                  0000d729    00000007     gpio_toggle_output.o (.rodata.str1.2745267647703410976.1)
                  0000d730    00000007     speed_control.o (.rodata.str1.5313645090331180483.1)
                  0000d737    00000007     road_test.o (.rodata.str1.6793500544787977713.1)
                  0000d73e    00000007     speed_control.o (.rodata.str1.693774575704749858.1)
                  0000d745    00000007     road_test.o (.rodata.str1.9031655347075984146.1)
                  0000d74c    00000007     speed_control.o (.rodata.str1.9413908918704436222.1)
                  0000d753    00000007     speed_control.o (.rodata.str1.9588354654044076066.1)
                  0000d75a    00000006     speed_control.o (.rodata.str1.13636644305372656400.1)
                  0000d760    00000006     speed_control.o (.rodata.str1.190440315093047069.1)
                  0000d766    00000006     speed_control.o (.rodata.str1.2236458585226935249.1)
                  0000d76c    00000006     gpio_toggle_output.o (.rodata.str1.48456419029742142.1)
                  0000d772    00000006     gpio_toggle_output.o (.rodata.str1.7293075287338320947.1)
                  0000d778    00000005     road_test.o (.rodata.str1.10287519954042460324.1)
                  0000d77d    00000005     road_test.o (.rodata.str1.12918229774928701152.1)
                  0000d782    00000005     road_test.o (.rodata.str1.14453062705028587941.1)
                  0000d787    00000005     gpio_toggle_output.o (.rodata.str1.15113692215023319882.1)
                  0000d78c    00000005     speed_control.o (.rodata.str1.15839901581566842560.1)
                  0000d791    00000005     speed_control.o (.rodata.str1.18182772914009926197.1)
                  0000d796    00000005     speed_control.o (.rodata.str1.6651398816457274277.1)
                  0000d79b    00000005     road_test.o (.rodata.str1.8023595957821456787.1)
                  0000d7a0    00000005     speed_control.o (.rodata.str1.9589594595829164803.1)
                  0000d7a5    00000004     road_test.o (.rodata.str1.15946453344359981112.1)
                  0000d7a9    00000004     speed_control.o (.rodata.str1.17584091066804833737.1)
                  0000d7ad    00000004     speed_control.o (.rodata.str1.3367999350025289521.1)
                  0000d7b1    00000004     speed_control.o (.rodata.str1.6483365723950137385.1)
                  0000d7b5    00000004     speed_control.o (.rodata.str1.711575221241232672.1)
                  0000d7b9    00000004     speed_control.o (.rodata.str1.8662948472521892618.1)
                  0000d7bd    00000004     speed_control.o (.rodata.str1.9162681207476615548.1)
                  0000d7c1    00000004     speed_control.o (.rodata.str1.9410101952797611086.1)
                  0000d7c5    00000004     speed_control.o (.rodata.str1.9794104034140389718.1)
                  0000d7c9    00000003     ti_msp_dl_config.o (.rodata.gE3_BClockConfig)
                  0000d7cc    00000003     ti_msp_dl_config.o (.rodata.gPWM_0ClockConfig)
                  0000d7cf    00000003     ti_msp_dl_config.o (.rodata.gPWM_1ClockConfig)
                  0000d7d2    00000003     ti_msp_dl_config.o (.rodata.gTIMER_0ClockConfig)
                  0000d7d5    00000003     speed_control.o (.rodata.str1.1284239051114863888.1)
                  0000d7d8    00000003     speed_control.o (.rodata.str1.14526841949023043975.1)
                  0000d7db    00000003     speed_control.o (.rodata.str1.14844869592127008563.1)
                  0000d7de    00000003     speed_control.o (.rodata.str1.15559080295520129254.1)
                  0000d7e1    00000003     speed_control.o (.rodata.str1.3608343179429301713.1)
                  0000d7e4    00000002     ti_msp_dl_config.o (.rodata.gUART_VOFAClockConfig)
                  0000d7e6    0000000a     --HOLE-- [fill = 0]

.init_array 
*          0    00000000    00000000     UNINITIALIZED

.binit     0    00000000    00000000     

.bss       0    20200000    000035ce     UNINITIALIZED
                  20200000    00003198     road_test.o (.bss.s_runLogs)
                  20203198    000000bc     (.common:gE3_BBackup)
                  20203254    000000bc     (.common:gTIMER_0Backup)
                  20203310    000000a0     (.common:gPWM_1Backup)
                  202033b0    00000074     (.common:ahrs)
                  20203424    00000040     vofa.o (.bss.s_rxCommand)
                  20203464    0000002c     gpio_toggle_output.o (.bss.speed_sample_status)
                  20203490    00000028     (.common:gSPI_IMU660RBBackup)
                  202034b8    00000018     imu660rb.o (.bss.offset)
                  202034d0    00000018     gpio_toggle_output.o (.bss.oled_buf)
                  202034e8    00000014     imu660rb.o (.bss.dev_ctx)
                  202034fc    00000014     speed_control.o (.bss.s_leftPid)
                  20203510    00000014     speed_control.o (.bss.s_rightPid)
                  20203524    0000000c     (.common:acceleration_mg)
                  20203530    0000000c     (.common:angular_rate_mdps)
                  2020353c    0000000c     (.common:euler)
                  20203548    00000008     key.o (.bss.s_debounceMs)
                  20203550    00000008     key.o (.bss.s_pressedTimeMs)
                  20203558    00000006     imu660rb.o (.bss.data_raw_angular_rate)
                  2020355e    00000002     imu660rb.o (.bss.data_raw_acceleration.1)
                  20203560    00000004     road_test.o (.bss.s_lastOledMs)
                  20203564    00000004     vofa.o (.bss.s_lastSendMs)
                  20203568    00000004     key.o (.bss.s_lastUpdateMs)
                  2020356c    00000004     speed_control.o (.bss.s_leftActual)
                  20203570    00000004     speed_control.o (.bss.s_leftFollowerOutput)
                  20203574    00000004     speed_control.o (.bss.s_leftFollowerTrimPermille)
                  20203578    00000004     speed_control.o (.bss.s_leftOutput)
                  2020357c    00000004     speed_control.o (.bss.s_leftTarget)
                  20203580    00000004     speed_control.o (.bss.s_outputLimit)
                  20203584    00000004     speed_control.o (.bss.s_rightActual)
                  20203588    00000004     speed_control.o (.bss.s_rightFollowerOutput)
                  2020358c    00000004     speed_control.o (.bss.s_rightFollowerTrimPermille)
                  20203590    00000004     speed_control.o (.bss.s_rightOutput)
                  20203594    00000004     speed_control.o (.bss.s_rightTarget)
                  20203598    00000004     speed_control.o (.bss.s_runDurationMs)
                  2020359c    00000004     speed_control.o (.bss.s_runStartMs)
                  202035a0    00000004     vofa.o (.bss.s_rxLength)
                  202035a4    00000004     road_test.o (.bss.s_stateStartMs)
                  202035a8    00000004     speed_control.o (.bss.s_testDuty)
                  202035ac    00000004     imu660rb.o (.bss.samplePeriod)
                  202035b0    00000004     imu660rb.o (.bss.sampleRate)
                  202035b4    00000004     (.common:start_time)
                  202035b8    00000004     (.common:tick_ms)
                  202035bc    00000002     imu660rb.o (.bss.data_raw_acceleration.2)
                  202035be    00000001     imu660rb.o (.bss.rst)
                  202035bf    00000001     road_test.o (.bss.s_activeRunIndex)
                  202035c0    00000001     key.o (.bss.s_candidateMask)
                  202035c1    00000001     road_test.o (.bss.s_completedRunCount)
                  202035c2    00000001     road_test.o (.bss.s_key1WasPressed)
                  202035c3    00000001     speed_control.o (.bss.s_mode)
                  202035c4    00000001     road_test.o (.bss.s_oledNeedsClear)
                  202035c5    00000001     speed_control.o (.bss.s_openLoopTest)
                  202035c6    00000001     key.o (.bss.s_pressedMask)
                  202035c7    00000001     key.o (.bss.s_rawMask)
                  202035c8    00000001     speed_control.o (.bss.s_running)
                  202035c9    00000001     vofa.o (.bss.s_rxReady)
                  202035ca    00000001     road_test.o (.bss.s_state)
                  202035cb    00000001     road_test.o (.bss.s_testAborted)
                  202035cc    00000001     key.o (.bss.s_updating)
                  202035cd    00000001     imu660rb.o (.bss.whoamI)

.data      0    202035d0    000000ca     UNINITIALIZED
                  202035d0    00000080     motor.o (.data.gMotor)
                  20203650    00000018     encoder.o (.data.gEncMotor1)
                  20203668    00000018     encoder.o (.data.gEncMotor3)
                  20203680    00000004     libc.a : aeabi_portable.c.obj (.data.__aeabi_errno)
                  20203684    00000004     gpio_toggle_output.o (.data.gTimerTest)
                  20203688    00000004     imu660rb.o (.data.gyroscopeOffset.0)
                  2020368c    00000004     imu660rb.o (.data.gyroscopeOffset.1)
                  20203690    00000004     imu660rb.o (.data.gyroscopeOffset.2)
                  20203694    00000002     encoder.o (.data.s_encTick)
                  20203696    00000001     gpio_toggle_output.o (.data.gDataReceived)
                  20203697    00000001     gpio_toggle_output.o (.data.gRxByte)
                  20203698    00000001     gpio_toggle_output.o (.data.sched_tick)
                  20203699    00000001     gpio_toggle_output.o (.data.speed_sample_ready)

.stack     0    20207e00    00000200     UNINITIALIZED
                  20207e00    00000004     libc.a : boot_cortex_m.c.obj (.stack)
                  20207e04    000001fc     --HOLE--

__llvm_prf_cnts 
*          0    20200000    00000000     UNINITIALIZED

__llvm_prf_bits 
*          0    20200000    00000000     UNINITIALIZED

MODULE SUMMARY

       Module                         code    ro data   rw data
       ------                         ----    -------   -------
    .\
       ti_msp_dl_config.o             1372    121       576    
       gpio_toggle_output.o           872     100       76     
       startup_mspm0g350x_ticlang.o   6       192       0      
    +--+------------------------------+-------+---------+---------+
       Total:                         2250    413       652    
                                                               
    .\hardware\
       road_test.o                    11384   1373      12710  
       oled_hardware_i2c.o            5236    2072      0      
       speed_control.o                4118    1038      99     
       key.o                          780     0         24     
       vofa.o                         628     30        73     
       motor.o                        134     0         128    
       encoder.o                      208     0         50     
       clock.o                        116     0         8      
    +--+------------------------------+-------+---------+---------+
       Total:                         22604   4513      13092  
                                                               
    .\hardware\IMU660RB\
       imu660rb.o                     2320    0         228    
       lsm6dsr_reg.o                  2012    0         0      
    +--+------------------------------+-------+---------+---------+
       Total:                         4332    0         228    
                                                               
    .\hardware\IMU660RB\Fusion\
       FusionAhrs.o                   3348    24        0      
       FusionOffset.o                 272     0         0      
    +--+------------------------------+-------+---------+---------+
       Total:                         3620    24        0      
                                                               
    C:/ti/mspm0_sdk_2_09_00_01/source/ti/driverlib/lib/ticlang/m0p/mspm0g1x0x_g3x0x/driverlib.a
       dl_timer.o                     892     12        0      
       dl_uart.o                      138     0         0      
       dl_i2c.o                       132     0         0      
       dl_spi.o                       86      0         0      
       dl_common.o                    10      0         0      
    +--+------------------------------+-------+---------+---------+
       Total:                         1258    12        0      
                                                               
    C:\ti\ccs2041\ccs\tools\compiler\ti-cgt-armllvm_4.0.4.LTS\lib\armv6m-ti-none-eabi/c/libc.a
       _printfi.c.obj                 4510    34        0      
       k_rem_pio2.c.obj               1652    344       0      
       strtof.c.obj                   872     88        0      
       s_cosf.c.obj                   822     0         0      
       s_sinf.c.obj                   810     0         0      
       s_atanf.c.obj                  466     32        0      
       e_sqrt.c.obj                   368     0         0      
       e_asinf.c.obj                  358     0         0      
       s_floor.c.obj                  324     0         0      
       strtol.c.obj                   324     0         0      
       e_atan2f.c.obj                 280     0         0      
       aeabi_ctype.S.obj              0       257       0      
       s_scalbn.c.obj                 216     0         0      
       s_scalbnf.c.obj                176     0         0      
       memcpy16.S.obj                 154     0         0      
       snprintf.c.obj                 148     0         0      
       strcmp-armv6m.S.obj            136     0         0      
       copy_decompress_lzss.c.obj     124     0         0      
       memset16.S.obj                 98      0         0      
       s_frexp.c.obj                  92      0         0      
       sprintf.c.obj                  90      0         0      
       _ltoa.c.obj                    88      0         0      
       atoi.c.obj                     64      0         0      
       autoinit.c.obj                 60      0         0      
       boot_cortex_m.c.obj            40      0         0      
       memccpy.c.obj                  34      0         0      
       memcmp.c.obj                   32      0         0      
       copy_decompress_none.c.obj     18      0         0      
       copy_zero_init.c.obj           16      0         0      
       wcslen.c.obj                   16      0         0      
       aeabi_portable.c.obj           8       0         4      
       exit.c.obj                     6       0         0      
       pre_init.c.obj                 4       0         0      
    +--+------------------------------+-------+---------+---------+
       Total:                         12406   755       4      
                                                               
    C:\ti\ccs2041\ccs\tools\compiler\ti-cgt-armllvm_4.0.4.LTS\lib\armv6m-ti-none-eabi/c/libsysbm.a
       hostexit.c.obj                 4       0         0      
    +--+------------------------------+-------+---------+---------+
       Total:                         4       0         0      
                                                               
    C:\ti\ccs2041\ccs\tools\compiler\ti-cgt-armllvm_4.0.4.LTS\lib\armv6m-ti-none-eabi/libclang_rt.builtins.a
       adddf3.S.obj                   434     0         0      
       divdf3.S.obj                   268     0         0      
       muldf3.S.obj                   244     0         0      
       addsf3.S.obj                   232     0         0      
       comparedf2.c.obj               220     0         0      
       udivmoddi4.S.obj               162     0         0      
       mulsf3.S.obj                   156     0         0      
       divsf3.S.obj                   146     0         0      
       comparesf2.S.obj               118     0         0      
       truncdfsf2.S.obj               116     0         0      
       aeabi_dcmp.S.obj               98      0         0      
       aeabi_fcmp.S.obj               98      0         0      
       aeabi_idivmod.S.obj            86      0         0      
       extendsfdf2.S.obj              80      0         0      
       fixdfsi.S.obj                  74      0         0      
       aeabi_uidivmod.S.obj           64      0         0      
       floatsisf.S.obj                60      0         0      
       muldsi3.S.obj                  58      0         0      
       fixsfsi.S.obj                  56      0         0      
       fixunssfsi.S.obj               50      0         0      
       floatsidf.S.obj                44      0         0      
       floatunsisf.S.obj              40      0         0      
       muldi3.S.obj                   36      0         0      
       ashldi3.S.obj                  30      0         0      
       aeabi_memset.S.obj             26      0         0      
       aeabi_uldivmod.S.obj           20      0         0      
       aeabi_memcpy.S.obj             8       0         0      
       aeabi_div0.c.obj               4       0         0      
    +--+------------------------------+-------+---------+---------+
       Total:                         3028    0         0      
                                                               
       Stack:                         0       0         512    
       Linker Generated:              0       128       0      
    +--+------------------------------+-------+---------+---------+
       Grand Total:                   49502   5845      14488  


LINKER GENERATED COPY TABLES

__TI_cinit_table @ 0000d860 records: 2, size/record: 8, table size: 16
	.data: load addr=0000d7f0, load size=0000005c bytes, run addr=202035d0, run size=000000ca bytes, compression=lzss
	.bss: load addr=0000d858, load size=00000008 bytes, run addr=20200000, run size=000035ce bytes, compression=zero_init


LINKER GENERATED HANDLER TABLE

__TI_handler_table @ 0000d84c records: 3, size/record: 4, table size: 12
	index: 0, handler: __TI_decompress_lzss
	index: 1, handler: __TI_decompress_none
	index: 2, handler: __TI_zero_init


FAR CALL TRAMPOLINES

callee name               trampoline name
   callee addr  tramp addr   call addr  call info
--------------  -----------  ---------  ----------------
__aeabi_dadd              $Tramp$TT$L$PI$$__aeabi_dadd
   00007a3f     0000bfe0     0000bfdc   libc.a : k_rem_pio2.c.obj (.text.OUTLINED_FUNCTION_0)
                             0000c172          : k_rem_pio2.c.obj (.text.OUTLINED_FUNCTION_1)
                             0000c17c          : s_cosf.c.obj (.text.OUTLINED_FUNCTION_3)
                             0000c186          : s_sinf.c.obj (.text.OUTLINED_FUNCTION_3)
__aeabi_dsub              $Tramp$TT$L$PI$$__aeabi_dsub
   00007a35     0000c150     0000c14c   libc.a : _printfi.c.obj (.text.OUTLINED_FUNCTION_0)
__aeabi_fmul              $Tramp$TT$L$PI$$__aeabi_fmul
   0000a759     0000c1c4     0000c1c0   libc.a : e_asinf.c.obj (.text.OUTLINED_FUNCTION_0)
__aeabi_fdiv              $Tramp$TT$L$PI$$__aeabi_fdiv
   0000a879     0000c1dc     0000c1d8   libc.a : s_atanf.c.obj (.text.OUTLINED_FUNCTION_0)
__aeabi_dmul              $Tramp$TT$L$PI$$__aeabi_dmul
   000098c1     0000c1f4     0000c1f0   libc.a : s_cosf.c.obj (.text.OUTLINED_FUNCTION_0)
                             0000c208          : s_sinf.c.obj (.text.OUTLINED_FUNCTION_0)
                             0000c20e          : s_cosf.c.obj (.text.OUTLINED_FUNCTION_1)
                             0000c214          : s_sinf.c.obj (.text.OUTLINED_FUNCTION_1)
__aeabi_fadd              $Tramp$TT$L$PI$$__aeabi_fadd
   00009dff     0000c220     0000c21e   libc.a : s_atanf.c.obj (.text.OUTLINED_FUNCTION_1)
__aeabi_f2d               $Tramp$TT$L$PI$$__aeabi_f2d
   0000b68d     0000c234     0000c232   libc.a : s_cosf.c.obj (.text.OUTLINED_FUNCTION_2)
                             0000c246          : s_sinf.c.obj (.text.OUTLINED_FUNCTION_2)

[7 trampolines]
[14 trampoline calls]


GLOBAL SYMBOLS: SORTED ALPHABETICALLY BY Name 

address   name                            
-------   ----                            
000034b7  ADC0_IRQHandler                 
000034b7  ADC1_IRQHandler                 
000034b7  AES_IRQHandler                  
0000abdc  C$$EXIT                         
000034b7  CANFD0_IRQHandler               
000034b7  DAC0_IRQHandler                 
0000c13b  DL_Common_delayCycles           
0000b139  DL_I2C_fillControllerTXFIFO     
0000bdd5  DL_I2C_setClockConfig           
0000b585  DL_SPI_init                     
0000c069  DL_SPI_setClockConfig           
00008cc9  DL_Timer_initCaptureMode        
00009125  DL_Timer_initFourCCPWMMode      
00009229  DL_Timer_initTimerMode          
0000bee1  DL_Timer_setCaptCompUpdateMethod
0000bf51  DL_Timer_setCaptureCompareOutCtl
0000c0a1  DL_Timer_setCaptureCompareValue 
0000befd  DL_Timer_setClockConfig         
0000b53d  DL_UART_init                    
0000c07b  DL_UART_setClockConfig          
0000bbe9  DL_UART_transmitDataBlocking    
000034b7  DMA_IRQHandler                  
000034b7  Default_Handler                 
0000bcd9  Encoder_Start                   
0000c0b1  FusionAhrsGetQuaternion         
0000b251  FusionAhrsInitialise            
00007899  FusionAhrsSetHeading            
000099a5  FusionAhrsSetSettings           
000034b9  FusionAhrsUpdate                
0000b60d  FusionAhrsUpdateNoMagnetometer  
0000bc19  FusionOffsetInitialise          
00009a85  FusionOffsetUpdate              
00006769  FusionTasks                     
000034b7  GROUP0_IRQHandler               
000034b7  GROUP1_IRQHandler               
0000abdd  HOSTexit                        
000034b7  HardFault_Handler               
000034b7  I2C0_IRQHandler                 
000034b7  I2C1_IRQHandler                 
00006bb5  IMU660RB_Init                   
0000bf19  Key_GetPressedTimeMs            
0000a5b5  Key_Init                        
0000be45  Key_IsPressed                   
0000c193  Key_Update1ms                   
0000ada5  Motor_SetSpeed                  
0000be85  Motor_Stop                      
000034b7  NMI_Handler                     
00008445  OLED_Clear                      
00005a71  OLED_Init                       
00009b65  OLED_ShowChar                   
00004be5  OLED_ShowNum                    
00002b8d  OLED_ShowSignedNum              
0000aa75  OLED_ShowString                 
000082f9  OLED_WR_Byte                    
000034b7  PendSV_Handler                  
000034b7  RTC_IRQHandler                  
000076d9  Read_IMU660RB                   
0000c249  Reset_Handler                   
00005799  RoadTest_DumpAllToVofa          
00006299  RoadTest_DumpToVofa             
00008a89  RoadTest_Init                   
00005075  RoadTest_ProcessCommand         
00008de5  RoadTest_Record20ms             
000000c1  RoadTest_Update                 
0000c0d1  RoadTest_UsesOled               
000034b7  SPI0_IRQHandler                 
000034b7  SPI1_IRQHandler                 
000034b7  SVC_Handler                     
0000b70d  SYSCFG_DL_E1_B_init             
0000b749  SYSCFG_DL_E3_B_init             
000097d9  SYSCFG_DL_GPIO_init             
0000b3b1  SYSCFG_DL_I2C_OLED_init         
0000a641  SYSCFG_DL_PWM_0_init            
0000a6cd  SYSCFG_DL_PWM_1_init            
0000b459  SYSCFG_DL_SPI_IMU660RB_init     
0000bc49  SYSCFG_DL_SYSCTL_init           
0000b8ed  SYSCFG_DL_TIMER_0_init          
0000ac55  SYSCFG_DL_UART_0_init           
0000a97d  SYSCFG_DL_UART_VOFA_init        
0000b199  SYSCFG_DL_init                  
0000a3f9  SYSCFG_DL_initPower             
0000a48d  SpeedControl_GetStatus          
00009325  SpeedControl_Init               
00003d6d  SpeedControl_ProcessCommand     
00005d45  SpeedControl_Update20ms         
0000c0e1  SysTick_Handler                 
0000bd5d  SysTick_Init                    
0000a521  TIMA0_IRQHandler                
0000bae5  TIMA1_IRQHandler                
0000bb19  TIMG0_IRQHandler                
000034b7  TIMG12_IRQHandler               
000034b7  TIMG6_IRQHandler                
000034b7  TIMG7_IRQHandler                
000034b7  TIMG8_IRQHandler                
0000acc5  UART0_IRQHandler                
0000bd05  UART1_IRQHandler                
000034b7  UART2_IRQHandler                
000034b7  UART3_IRQHandler                
0000afad  VOFA_Init                       
00009c41  VOFA_ReadCommand                
0000b5c9  VOFA_SendMessage                
0000a8fd  VOFA_Update                     
20208000  __STACK_END                     
00000200  __STACK_SIZE                    
00000000  __TI_ATRegion0_region_sz        
00000000  __TI_ATRegion0_src_addr         
00000000  __TI_ATRegion0_trg_addr         
00000000  __TI_ATRegion1_region_sz        
00000000  __TI_ATRegion1_src_addr         
00000000  __TI_ATRegion1_trg_addr         
00000000  __TI_ATRegion2_region_sz        
00000000  __TI_ATRegion2_src_addr         
00000000  __TI_ATRegion2_trg_addr         
0000d860  __TI_CINIT_Base                 
0000d870  __TI_CINIT_Limit                
0000d870  __TI_CINIT_Warm                 
0000d84c  __TI_Handler_Table_Base         
0000d858  __TI_Handler_Table_Limit        
0000b839  __TI_auto_init_nobinit_nopinit  
0000a9f9  __TI_decompress_lzss            
0000c08d  __TI_decompress_none            
0000b2a9  __TI_ltoa                       
ffffffff  __TI_pprof_out_hndl             
000021bd  __TI_printfi                    
ffffffff  __TI_prof_data_size             
ffffffff  __TI_prof_data_start            
00000000  __TI_static_base__              
0000c101  __TI_zero_init                  
00007a3f  __adddf3                        
00009dff  __addsf3                        
0000cb70  __aeabi_ctype_table_            
0000cb70  __aeabi_ctype_table_C           
0000abe1  __aeabi_d2f                     
0000b4f1  __aeabi_d2iz                    
00007a3f  __aeabi_dadd                    
0000b011  __aeabi_dcmpeq                  
0000b04d  __aeabi_dcmpge                  
0000b061  __aeabi_dcmpgt                  
0000b039  __aeabi_dcmple                  
0000b025  __aeabi_dcmplt                  
00009019  __aeabi_ddiv                    
000098c1  __aeabi_dmul                    
00007a35  __aeabi_dsub                    
20203680  __aeabi_errno                   
0000c1a5  __aeabi_errno_addr              
0000b68d  __aeabi_f2d                     
0000b925  __aeabi_f2iz                    
0000bbb5  __aeabi_f2uiz                   
00009dff  __aeabi_fadd                    
0000b075  __aeabi_fcmpeq                  
0000b0b1  __aeabi_fcmpge                  
0000b0c5  __aeabi_fcmpgt                  
0000b09d  __aeabi_fcmple                  
0000b089  __aeabi_fcmplt                  
0000a879  __aeabi_fdiv                    
0000a759  __aeabi_fmul                    
00009df5  __aeabi_fsub                    
0000bd31  __aeabi_i2d                     
0000b785  __aeabi_i2f                     
0000b359  __aeabi_idiv                    
00007bc7  __aeabi_idiv0                   
0000b359  __aeabi_idivmod                 
000082f7  __aeabi_ldiv0                   
0000bea5  __aeabi_llsl                    
0000bdfd  __aeabi_lmul                    
0000a7e5  __aeabi_memclr                  
0000a7e5  __aeabi_memclr4                 
0000a7e5  __aeabi_memclr8                 
0000c1ad  __aeabi_memcpy                  
0000c1ad  __aeabi_memcpy4                 
0000c1ad  __aeabi_memcpy8                 
0000c111  __aeabi_memset                  
0000c111  __aeabi_memset4                 
0000c111  __aeabi_memset8                 
0000bd85  __aeabi_ui2f                    
0000b64d  __aeabi_uidiv                   
0000b64d  __aeabi_uidivmod                
0000bff1  __aeabi_uldivmod                
0000bea5  __ashldi3                       
ffffffff  __binit__                       
0000ae75  __cmpdf2                        
0000b875  __cmpsf2                        
00009019  __divdf3                        
0000a879  __divsf3                        
0000ae75  __eqdf2                         
0000b875  __eqsf2                         
0000b68d  __extendsfdf2                   
0000b4f1  __fixdfsi                       
0000b925  __fixsfsi                       
0000bbb5  __fixunssfsi                    
0000bd31  __floatsidf                     
0000b785  __floatsisf                     
0000bd85  __floatunsisf                   
0000ab69  __gedf2                         
0000b7c1  __gesf2                         
0000ab69  __gtdf2                         
0000b7c1  __gtsf2                         
000045a1  __kernel_rem_pio2               
0000ae75  __ledf2                         
0000b875  __lesf2                         
0000ae75  __ltdf2                         
0000b875  __ltsf2                         
UNDEFED   __mpu_init                      
000098c1  __muldf3                        
0000bdfd  __muldi3                        
0000b8b1  __muldsi3                       
0000a759  __mulsf3                        
0000ae75  __nedf2                         
0000b875  __nesf2                         
20207e00  __stack                         
20200000  __start___llvm_prf_bits         
20200000  __start___llvm_prf_cnts         
20200000  __stop___llvm_prf_bits          
20200000  __stop___llvm_prf_cnts          
00007a35  __subdf3                        
00009df5  __subsf3                        
0000abe1  __truncdfsf2                    
0000a181  __udivmoddi4                    
0000bdad  _c_int00_noargs                 
UNDEFED   _system_post_cinit              
0000c24d  _system_pre_init                
0000c217  abort                           
20203524  acceleration_mg                 
202033b0  ahrs                            
20203530  angular_rate_mdps               
00008041  asinf                           
00008f01  atan2f                          
00007349  atanf                           
0000b6cd  atoi                            
ffffffff  binit                           
00006fa5  cosf                            
0000b7fd  encoder_task                    
2020353c  euler                           
00008589  floor                           
00008589  floorl                          
0000b1f5  frexp                           
0000b1f5  frexpl                          
20203696  gDataReceived                   
20203198  gE3_BBackup                     
20203650  gEncMotor1                      
20203668  gEncMotor3                      
202035d0  gMotor                          
20203310  gPWM_1Backup                    
20203697  gRxByte                         
20203490  gSPI_IMU660RBBackup             
20203254  gTIMER_0Backup                  
20203684  gTimerTest                      
00000000  interruptVectors                
00009d1d  ldexp                           
00009ecd  ldexpf                          
00009d1d  ldexpl                          
0000bb4d  lsm6dsr_angular_rate_raw_get    
0000b95d  lsm6dsr_block_data_update_set   
0000baad  lsm6dsr_data_ready_mode_set     
0000c11f  lsm6dsr_device_id_get           
0000c005  lsm6dsr_from_fs2000dps_to_mdps  
0000c019  lsm6dsr_from_fs2g_to_mg         
0000ad35  lsm6dsr_fsm_data_rate_get       
0000aaef  lsm6dsr_fsm_enable_get          
000095f9  lsm6dsr_gy_data_rate_set        
0000b995  lsm6dsr_gy_filter_lp1_set       
0000bf35  lsm6dsr_gy_flag_data_ready_get  
0000b9cd  lsm6dsr_gy_full_scale_set       
0000aedd  lsm6dsr_i3c_disable_set         
0000bf99  lsm6dsr_odr_cal_reg_get         
0000a0d5  lsm6dsr_pin_int1_route_get      
00007179  lsm6dsr_pin_int1_route_set      
0000c02d  lsm6dsr_read_reg                
0000bec3  lsm6dsr_reset_get               
0000ba05  lsm6dsr_reset_set               
0000c041  lsm6dsr_write_reg               
000096e9  lsm6dsr_xl_data_rate_set        
0000ba3d  lsm6dsr_xl_full_scale_set       
00006001  main                            
0000be21  memccpy                         
0000be65  memcmp                          
0000a35d  memcpy                          
0000b0d7  memset                          
0000bb81  mspm0_delay_ms                  
0000bfb1  mspm0_get_clock_ms              
00009d1d  scalbn                          
00009ecd  scalbnf                         
00009d1d  scalbnl                         
00007511  sinf                            
0000b4a5  snprintf                        
0000ba75  sprintf                         
00007ed1  sqrt                            
00007ed1  sqrtl                           
202035b4  start_time                      
0000a7f1  strcmp                          
00005439  strtof                          
000086cd  strtol                          
202035b8  tick_ms                         
0000c0f1  wcslen                          


GLOBAL SYMBOLS: SORTED BY Symbol Address 

address   name                            
-------   ----                            
00000000  __TI_ATRegion0_region_sz        
00000000  __TI_ATRegion0_src_addr         
00000000  __TI_ATRegion0_trg_addr         
00000000  __TI_ATRegion1_region_sz        
00000000  __TI_ATRegion1_src_addr         
00000000  __TI_ATRegion1_trg_addr         
00000000  __TI_ATRegion2_region_sz        
00000000  __TI_ATRegion2_src_addr         
00000000  __TI_ATRegion2_trg_addr         
00000000  __TI_static_base__              
00000000  interruptVectors                
000000c1  RoadTest_Update                 
00000200  __STACK_SIZE                    
000021bd  __TI_printfi                    
00002b8d  OLED_ShowSignedNum              
000034b7  ADC0_IRQHandler                 
000034b7  ADC1_IRQHandler                 
000034b7  AES_IRQHandler                  
000034b7  CANFD0_IRQHandler               
000034b7  DAC0_IRQHandler                 
000034b7  DMA_IRQHandler                  
000034b7  Default_Handler                 
000034b7  GROUP0_IRQHandler               
000034b7  GROUP1_IRQHandler               
000034b7  HardFault_Handler               
000034b7  I2C0_IRQHandler                 
000034b7  I2C1_IRQHandler                 
000034b7  NMI_Handler                     
000034b7  PendSV_Handler                  
000034b7  RTC_IRQHandler                  
000034b7  SPI0_IRQHandler                 
000034b7  SPI1_IRQHandler                 
000034b7  SVC_Handler                     
000034b7  TIMG12_IRQHandler               
000034b7  TIMG6_IRQHandler                
000034b7  TIMG7_IRQHandler                
000034b7  TIMG8_IRQHandler                
000034b7  UART2_IRQHandler                
000034b7  UART3_IRQHandler                
000034b9  FusionAhrsUpdate                
00003d6d  SpeedControl_ProcessCommand     
000045a1  __kernel_rem_pio2               
00004be5  OLED_ShowNum                    
00005075  RoadTest_ProcessCommand         
00005439  strtof                          
00005799  RoadTest_DumpAllToVofa          
00005a71  OLED_Init                       
00005d45  SpeedControl_Update20ms         
00006001  main                            
00006299  RoadTest_DumpToVofa             
00006769  FusionTasks                     
00006bb5  IMU660RB_Init                   
00006fa5  cosf                            
00007179  lsm6dsr_pin_int1_route_set      
00007349  atanf                           
00007511  sinf                            
000076d9  Read_IMU660RB                   
00007899  FusionAhrsSetHeading            
00007a35  __aeabi_dsub                    
00007a35  __subdf3                        
00007a3f  __adddf3                        
00007a3f  __aeabi_dadd                    
00007bc7  __aeabi_idiv0                   
00007ed1  sqrt                            
00007ed1  sqrtl                           
00008041  asinf                           
000082f7  __aeabi_ldiv0                   
000082f9  OLED_WR_Byte                    
00008445  OLED_Clear                      
00008589  floor                           
00008589  floorl                          
000086cd  strtol                          
00008a89  RoadTest_Init                   
00008cc9  DL_Timer_initCaptureMode        
00008de5  RoadTest_Record20ms             
00008f01  atan2f                          
00009019  __aeabi_ddiv                    
00009019  __divdf3                        
00009125  DL_Timer_initFourCCPWMMode      
00009229  DL_Timer_initTimerMode          
00009325  SpeedControl_Init               
000095f9  lsm6dsr_gy_data_rate_set        
000096e9  lsm6dsr_xl_data_rate_set        
000097d9  SYSCFG_DL_GPIO_init             
000098c1  __aeabi_dmul                    
000098c1  __muldf3                        
000099a5  FusionAhrsSetSettings           
00009a85  FusionOffsetUpdate              
00009b65  OLED_ShowChar                   
00009c41  VOFA_ReadCommand                
00009d1d  ldexp                           
00009d1d  ldexpl                          
00009d1d  scalbn                          
00009d1d  scalbnl                         
00009df5  __aeabi_fsub                    
00009df5  __subsf3                        
00009dff  __addsf3                        
00009dff  __aeabi_fadd                    
00009ecd  ldexpf                          
00009ecd  scalbnf                         
0000a0d5  lsm6dsr_pin_int1_route_get      
0000a181  __udivmoddi4                    
0000a35d  memcpy                          
0000a3f9  SYSCFG_DL_initPower             
0000a48d  SpeedControl_GetStatus          
0000a521  TIMA0_IRQHandler                
0000a5b5  Key_Init                        
0000a641  SYSCFG_DL_PWM_0_init            
0000a6cd  SYSCFG_DL_PWM_1_init            
0000a759  __aeabi_fmul                    
0000a759  __mulsf3                        
0000a7e5  __aeabi_memclr                  
0000a7e5  __aeabi_memclr4                 
0000a7e5  __aeabi_memclr8                 
0000a7f1  strcmp                          
0000a879  __aeabi_fdiv                    
0000a879  __divsf3                        
0000a8fd  VOFA_Update                     
0000a97d  SYSCFG_DL_UART_VOFA_init        
0000a9f9  __TI_decompress_lzss            
0000aa75  OLED_ShowString                 
0000aaef  lsm6dsr_fsm_enable_get          
0000ab69  __gedf2                         
0000ab69  __gtdf2                         
0000abdc  C$$EXIT                         
0000abdd  HOSTexit                        
0000abe1  __aeabi_d2f                     
0000abe1  __truncdfsf2                    
0000ac55  SYSCFG_DL_UART_0_init           
0000acc5  UART0_IRQHandler                
0000ad35  lsm6dsr_fsm_data_rate_get       
0000ada5  Motor_SetSpeed                  
0000ae75  __cmpdf2                        
0000ae75  __eqdf2                         
0000ae75  __ledf2                         
0000ae75  __ltdf2                         
0000ae75  __nedf2                         
0000aedd  lsm6dsr_i3c_disable_set         
0000afad  VOFA_Init                       
0000b011  __aeabi_dcmpeq                  
0000b025  __aeabi_dcmplt                  
0000b039  __aeabi_dcmple                  
0000b04d  __aeabi_dcmpge                  
0000b061  __aeabi_dcmpgt                  
0000b075  __aeabi_fcmpeq                  
0000b089  __aeabi_fcmplt                  
0000b09d  __aeabi_fcmple                  
0000b0b1  __aeabi_fcmpge                  
0000b0c5  __aeabi_fcmpgt                  
0000b0d7  memset                          
0000b139  DL_I2C_fillControllerTXFIFO     
0000b199  SYSCFG_DL_init                  
0000b1f5  frexp                           
0000b1f5  frexpl                          
0000b251  FusionAhrsInitialise            
0000b2a9  __TI_ltoa                       
0000b359  __aeabi_idiv                    
0000b359  __aeabi_idivmod                 
0000b3b1  SYSCFG_DL_I2C_OLED_init         
0000b459  SYSCFG_DL_SPI_IMU660RB_init     
0000b4a5  snprintf                        
0000b4f1  __aeabi_d2iz                    
0000b4f1  __fixdfsi                       
0000b53d  DL_UART_init                    
0000b585  DL_SPI_init                     
0000b5c9  VOFA_SendMessage                
0000b60d  FusionAhrsUpdateNoMagnetometer  
0000b64d  __aeabi_uidiv                   
0000b64d  __aeabi_uidivmod                
0000b68d  __aeabi_f2d                     
0000b68d  __extendsfdf2                   
0000b6cd  atoi                            
0000b70d  SYSCFG_DL_E1_B_init             
0000b749  SYSCFG_DL_E3_B_init             
0000b785  __aeabi_i2f                     
0000b785  __floatsisf                     
0000b7c1  __gesf2                         
0000b7c1  __gtsf2                         
0000b7fd  encoder_task                    
0000b839  __TI_auto_init_nobinit_nopinit  
0000b875  __cmpsf2                        
0000b875  __eqsf2                         
0000b875  __lesf2                         
0000b875  __ltsf2                         
0000b875  __nesf2                         
0000b8b1  __muldsi3                       
0000b8ed  SYSCFG_DL_TIMER_0_init          
0000b925  __aeabi_f2iz                    
0000b925  __fixsfsi                       
0000b95d  lsm6dsr_block_data_update_set   
0000b995  lsm6dsr_gy_filter_lp1_set       
0000b9cd  lsm6dsr_gy_full_scale_set       
0000ba05  lsm6dsr_reset_set               
0000ba3d  lsm6dsr_xl_full_scale_set       
0000ba75  sprintf                         
0000baad  lsm6dsr_data_ready_mode_set     
0000bae5  TIMA1_IRQHandler                
0000bb19  TIMG0_IRQHandler                
0000bb4d  lsm6dsr_angular_rate_raw_get    
0000bb81  mspm0_delay_ms                  
0000bbb5  __aeabi_f2uiz                   
0000bbb5  __fixunssfsi                    
0000bbe9  DL_UART_transmitDataBlocking    
0000bc19  FusionOffsetInitialise          
0000bc49  SYSCFG_DL_SYSCTL_init           
0000bcd9  Encoder_Start                   
0000bd05  UART1_IRQHandler                
0000bd31  __aeabi_i2d                     
0000bd31  __floatsidf                     
0000bd5d  SysTick_Init                    
0000bd85  __aeabi_ui2f                    
0000bd85  __floatunsisf                   
0000bdad  _c_int00_noargs                 
0000bdd5  DL_I2C_setClockConfig           
0000bdfd  __aeabi_lmul                    
0000bdfd  __muldi3                        
0000be21  memccpy                         
0000be45  Key_IsPressed                   
0000be65  memcmp                          
0000be85  Motor_Stop                      
0000bea5  __aeabi_llsl                    
0000bea5  __ashldi3                       
0000bec3  lsm6dsr_reset_get               
0000bee1  DL_Timer_setCaptCompUpdateMethod
0000befd  DL_Timer_setClockConfig         
0000bf19  Key_GetPressedTimeMs            
0000bf35  lsm6dsr_gy_flag_data_ready_get  
0000bf51  DL_Timer_setCaptureCompareOutCtl
0000bf99  lsm6dsr_odr_cal_reg_get         
0000bfb1  mspm0_get_clock_ms              
0000bff1  __aeabi_uldivmod                
0000c005  lsm6dsr_from_fs2000dps_to_mdps  
0000c019  lsm6dsr_from_fs2g_to_mg         
0000c02d  lsm6dsr_read_reg                
0000c041  lsm6dsr_write_reg               
0000c069  DL_SPI_setClockConfig           
0000c07b  DL_UART_setClockConfig          
0000c08d  __TI_decompress_none            
0000c0a1  DL_Timer_setCaptureCompareValue 
0000c0b1  FusionAhrsGetQuaternion         
0000c0d1  RoadTest_UsesOled               
0000c0e1  SysTick_Handler                 
0000c0f1  wcslen                          
0000c101  __TI_zero_init                  
0000c111  __aeabi_memset                  
0000c111  __aeabi_memset4                 
0000c111  __aeabi_memset8                 
0000c11f  lsm6dsr_device_id_get           
0000c13b  DL_Common_delayCycles           
0000c193  Key_Update1ms                   
0000c1a5  __aeabi_errno_addr              
0000c1ad  __aeabi_memcpy                  
0000c1ad  __aeabi_memcpy4                 
0000c1ad  __aeabi_memcpy8                 
0000c217  abort                           
0000c249  Reset_Handler                   
0000c24d  _system_pre_init                
0000cb70  __aeabi_ctype_table_            
0000cb70  __aeabi_ctype_table_C           
0000d84c  __TI_Handler_Table_Base         
0000d858  __TI_Handler_Table_Limit        
0000d860  __TI_CINIT_Base                 
0000d870  __TI_CINIT_Limit                
0000d870  __TI_CINIT_Warm                 
20200000  __start___llvm_prf_bits         
20200000  __start___llvm_prf_cnts         
20200000  __stop___llvm_prf_bits          
20200000  __stop___llvm_prf_cnts          
20203198  gE3_BBackup                     
20203254  gTIMER_0Backup                  
20203310  gPWM_1Backup                    
202033b0  ahrs                            
20203490  gSPI_IMU660RBBackup             
20203524  acceleration_mg                 
20203530  angular_rate_mdps               
2020353c  euler                           
202035b4  start_time                      
202035b8  tick_ms                         
202035d0  gMotor                          
20203650  gEncMotor1                      
20203668  gEncMotor3                      
20203680  __aeabi_errno                   
20203684  gTimerTest                      
20203696  gDataReceived                   
20203697  gRxByte                         
20207e00  __stack                         
20208000  __STACK_END                     
ffffffff  __TI_pprof_out_hndl             
ffffffff  __TI_prof_data_size             
ffffffff  __TI_prof_data_start            
ffffffff  __binit__                       
ffffffff  binit                           
UNDEFED   __mpu_init                      
UNDEFED   _system_post_cinit              

[294 symbols]
