******************************************************************************
            TI ARM Clang Linker PC v4.0.4                      
******************************************************************************
>> Linked Sat Jul 18 18:07:44 2026

OUTPUT FILE NAME:   <gpio_toggle_output_LP_MSPM0G3507_nortos_ticlang.out>
ENTRY POINT SYMBOL: "_c_int00_noargs"  address: 0000c2e5


MEMORY CONFIGURATION

         name            origin    length      used     unused   attr    fill
----------------------  --------  ---------  --------  --------  ----  --------
  FLASH                 00000000   00020000  0000def0  00012110  R  X
  SRAM                  20200000   00008000  00003ae5  0000451b  RW X
  BCR_CONFIG            41c00000   000000ff  00000000  000000ff  R   
  BSL_CONFIG            41c00100   00000080  00000000  00000080  R   


SEGMENT ALLOCATION MAP

run origin  load origin   length   init length attrs members
----------  ----------- ---------- ----------- ----- -------
00000000    00000000    0000def0   0000def0    r-x
  00000000    00000000    000000c0   000000c0    r-- .intvecs
  000000c0    000000c0    0000c6d0   0000c6d0    r-x .text
  0000c790    0000c790    000016e0   000016e0    r-- .rodata
  0000de70    0000de70    00000080   00000080    r-- .cinit
20200000    20200000    000038e6   00000000    rw-
  20200000    20200000    0000381b   00000000    rw- .bss
  2020381c    2020381c    000000ca   00000000    rw- .data
20207e00    20207e00    00000200   00000000    rw-
  20207e00    20207e00    00000200   00000000    rw- .stack


SECTION ALLOCATION MAP

 output                                  attributes/
section   page    origin      length       input sections
--------  ----  ----------  ----------   ----------------
.intvecs   0    00000000    000000c0     
                  00000000    000000c0     startup_mspm0g350x_ticlang.o (.intvecs)

.text      0    000000c0    0000c6d0     
                  000000c0    0000203c     road_test.o (.text.RoadTest_Update)
                  000020fc    000009d0     libc.a : _printfi.c.obj (.text:__TI_printfi)
                  00002acc    00000970     speed_control.o (.text.SpeedControl_ProcessCommand)
                  0000343c    0000092a     oled_hardware_i2c.o (.text.OLED_ShowSignedNum)
                  00003d66    00000002     startup_mspm0g350x_ticlang.o (.text.Default_Handler)
                  00003d68    000008b4     FusionAhrs.o (.text.FusionAhrsUpdate)
                  0000461c    00000644     libc.a : k_rem_pio2.c.obj (.text.__kernel_rem_pio2)
                  00004c60    00000490     oled_hardware_i2c.o (.text.OLED_ShowNum)
                  000050f0    00000474     speed_control.o (.text.SpeedControl_Update20ms)
                  00005564    00000360     libc.a : strtof.c.obj (.text.strtof)
                  000058c4    0000035c     road_test.o (.text.RoadTest_ProcessCommand)
                  00005c20    000002e8     road_test.o (.text.RoadTest_DumpAllToVofa)
                  00005f08    000002d4     oled_hardware_i2c.o (.text.OLED_Init)
                  000061dc    000002b4     gpio_toggle_output.o (.text.main)
                  00006490    00000294     road_test.o (.text.RoadTest_DumpToVofa)
                  00006724    0000023c     key.o (.text.Key_Service)
                  00006960    0000023c     speed_control.o (.text.SpeedPid_Update)
                  00006b9c    0000022c     imu660rb.o (.text.FusionTasks)
                  00006dc8    00000220     libc.a : _printfi.c.obj (.text._pconv_a)
                  00006fe8    00000214     imu660rb.o (.text.IMU660RB_Init)
                  000071fc    000001dc     libc.a : _printfi.c.obj (.text._pconv_g)
                  000073d8    000001d4            : s_cosf.c.obj (.text.cosf)
                  000075ac    000001d0     lsm6dsr_reg.o (.text.lsm6dsr_pin_int1_route_set)
                  0000777c    000001c8     libc.a : s_atanf.c.obj (.text.atanf)
                  00007944    000001c8            : s_sinf.c.obj (.text.sinf)
                  00007b0c    000001c0     imu660rb.o (.text.Read_IMU660RB)
                  00007ccc    0000019c     FusionAhrs.o (.text.FusionAhrsSetHeading)
                  00007e68    00000192     libclang_rt.builtins.a : adddf3.S.obj (.text.adddf3_subdf3)
                  00007ffa    00000002                            : aeabi_div0.c.obj (.text.__aeabi_idiv0)
                  00007ffc    00000188     imu660rb.o (.text.platform_read)
                  00008184    00000180     imu660rb.o (.text.platform_write)
                  00008304    00000170     libc.a : e_sqrt.c.obj (.text.sqrt)
                  00008474    00000164     speed_control.o (.text.SpeedControl_Init)
                  000085d8    00000160     libc.a : e_asinf.c.obj (.text.asinf)
                  00008738    0000014c     oled_hardware_i2c.o (.text.OLED_WR_Byte)
                  00008884    00000144     oled_hardware_i2c.o (.text.OLED_Clear)
                  000089c8    00000144     libc.a : s_floor.c.obj (.text.floor)
                  00008b0c    00000144            : strtol.c.obj (.text.strtol)
                  00008c50    0000013c     FusionAhrs.o (.text.Feedback)
                  00008d8c    0000013c     libc.a : _printfi.c.obj (.text.fcvt)
                  00008ec8    00000128     road_test.o (.text.RoadTest_Init)
                  00008ff0    00000120     libc.a : _printfi.c.obj (.text._pconv_e)
                  00009110    0000011c     driverlib.a : dl_timer.o (.text.DL_Timer_initCaptureMode)
                  0000922c    0000011c     road_test.o (.text.RoadTest_Record20ms)
                  00009348    00000118     libc.a : e_atan2f.c.obj (.text.atan2f)
                  00009460    0000010c     libclang_rt.builtins.a : divdf3.S.obj (.text.__divdf3)
                  0000956c    00000104     driverlib.a : dl_timer.o (.text.DL_Timer_initFourCCPWMMode)
                  00009670    000000fc                 : dl_timer.o (.text.DL_Timer_initTimerMode)
                  0000976c    000000f8     speed_control.o (.text.SpeedControl_GetStatus)
                  00009864    000000f0     speed_control.o (.text.SpeedControl_ParseFloat)
                  00009954    000000f0     speed_control.o (.text.SpeedControl_ParseLong)
                  00009a44    000000f0     lsm6dsr_reg.o (.text.lsm6dsr_gy_data_rate_set)
                  00009b34    000000f0     lsm6dsr_reg.o (.text.lsm6dsr_xl_data_rate_set)
                  00009c24    000000e8     ti_msp_dl_config.o (.text.SYSCFG_DL_GPIO_init)
                  00009d0c    000000e4     libclang_rt.builtins.a : muldf3.S.obj (.text.__muldf3)
                  00009df0    000000e0     FusionAhrs.o (.text.FusionAhrsSetSettings)
                  00009ed0    000000e0     FusionOffset.o (.text.FusionOffsetUpdate)
                  00009fb0    000000dc     oled_hardware_i2c.o (.text.OLED_ShowChar)
                  0000a08c    000000dc     vofa.o (.text.VOFA_ReadCommand)
                  0000a168    000000d8     libc.a : s_scalbn.c.obj (.text.scalbn)
                  0000a240    000000d8     libclang_rt.builtins.a : addsf3.S.obj (.text)
                  0000a318    000000b0     speed_control.o (.text.SpeedControl_CalculateFeedforward)
                  0000a3c8    000000b0     libc.a : s_scalbnf.c.obj (.text.scalbnf)
                  0000a478    000000ac            : s_cosf.c.obj (.text.__kernel_sindf)
                  0000a524    000000ac            : s_sinf.c.obj (.text.__kernel_sindf)
                  0000a5d0    000000aa     lsm6dsr_reg.o (.text.lsm6dsr_pin_int1_route_get)
                  0000a67a    00000002     libclang_rt.builtins.a : aeabi_div0.c.obj (.text.__aeabi_ldiv0)
                  0000a67c    000000a2                            : udivmoddi4.S.obj (.text)
                  0000a71e    00000002     --HOLE-- [fill = 0]
                  0000a720    0000009c     libc.a : s_cosf.c.obj (.text.__kernel_cosdf)
                  0000a7bc    0000009c            : s_sinf.c.obj (.text.__kernel_cosdf)
                  0000a858    0000009a            : memcpy16.S.obj (.text:memcpy)
                  0000a8f2    00000002     --HOLE-- [fill = 0]
                  0000a8f4    00000098     road_test.o (.text.RoadTest_BeginCountdown)
                  0000a98c    00000098     vofa.o (.text.VOFA_Update)
                  0000aa24    00000094     ti_msp_dl_config.o (.text.SYSCFG_DL_initPower)
                  0000aab8    00000094     gpio_toggle_output.o (.text.TIMA0_IRQHandler)
                  0000ab4c    0000008c     key.o (.text.Key_Init)
                  0000abd8    0000008c     ti_msp_dl_config.o (.text.SYSCFG_DL_PWM_0_init)
                  0000ac64    0000008c     ti_msp_dl_config.o (.text.SYSCFG_DL_PWM_1_init)
                  0000acf0    0000008c     libclang_rt.builtins.a : mulsf3.S.obj (.text.__mulsf3)
                  0000ad7c    00000088     speed_control.o (.text.SpeedControl_StopOutputs)
                  0000ae04    0000000c     libclang_rt.builtins.a : aeabi_memset.S.obj (.text.__aeabi_memclr)
                  0000ae10    00000088     libc.a : strcmp-armv6m.S.obj (.text:strcmp)
                  0000ae98    00000082     libclang_rt.builtins.a : divsf3.S.obj (.text.__divsf3)
                  0000af1a    00000002     --HOLE-- [fill = 0]
                  0000af1c    0000007c     ti_msp_dl_config.o (.text.SYSCFG_DL_UART_VOFA_init)
                  0000af98    0000007c     libc.a : copy_decompress_lzss.c.obj (.text:decompress:lzss)
                  0000b014    0000007a     oled_hardware_i2c.o (.text.OLED_ShowString)
                  0000b08e    0000007a     lsm6dsr_reg.o (.text.lsm6dsr_fsm_enable_get)
                  0000b108    00000074     libclang_rt.builtins.a : comparedf2.c.obj (.text.__gedf2)
                  0000b17c    00000004     libsysbm.a : hostexit.c.obj (.text.HOSTexit)
                  0000b180    00000074     libclang_rt.builtins.a : truncdfsf2.S.obj (.text.__truncdfsf2)
                  0000b1f4    00000070     ti_msp_dl_config.o (.text.SYSCFG_DL_UART_0_init)
                  0000b264    00000070     vofa.o (.text.UART0_IRQHandler)
                  0000b2d4    0000006e     lsm6dsr_reg.o (.text.lsm6dsr_fsm_data_rate_get)
                  0000b342    00000002     --HOLE-- [fill = 0]
                  0000b344    00000068     motor.o (.text.Motor_SetSpeed)
                  0000b3ac    00000068     libclang_rt.builtins.a : comparedf2.c.obj (.text.__ledf2)
                  0000b414    00000068     lsm6dsr_reg.o (.text.lsm6dsr_i3c_disable_set)
                  0000b47c    00000066     libc.a : _printfi.c.obj (.text._mcpy)
                  0000b4e2    00000002     --HOLE-- [fill = 0]
                  0000b4e4    00000064     vofa.o (.text.VOFA_Init)
                  0000b548    00000062     libclang_rt.builtins.a : aeabi_dcmp.S.obj (.text.__aeabi_dcmp)
                  0000b5aa    00000002     --HOLE-- [fill = 0]
                  0000b5ac    00000062                            : aeabi_fcmp.S.obj (.text.__aeabi_fcmp)
                  0000b60e    00000062     libc.a : memset16.S.obj (.text:memset)
                  0000b670    0000005e     driverlib.a : dl_i2c.o (.text.DL_I2C_fillControllerTXFIFO)
                  0000b6ce    00000002     --HOLE-- [fill = 0]
                  0000b6d0    0000005c     ti_msp_dl_config.o (.text.SYSCFG_DL_init)
                  0000b72c    0000005c     libc.a : s_frexp.c.obj (.text.frexp)
                  0000b788    00000058     FusionAhrs.o (.text.FusionAhrsInitialise)
                  0000b7e0    00000058     libc.a : _ltoa.c.obj (.text.__TI_ltoa)
                  0000b838    00000058            : _printfi.c.obj (.text._pconv_f)
                  0000b890    00000056     libclang_rt.builtins.a : aeabi_idivmod.S.obj (.text.__aeabi_idivmod)
                  0000b8e6    00000002     --HOLE-- [fill = 0]
                  0000b8e8    00000054     ti_msp_dl_config.o (.text.SYSCFG_DL_I2C_OLED_init)
                  0000b93c    00000052     libc.a : _printfi.c.obj (.text._ecpy)
                  0000b98e    00000002     --HOLE-- [fill = 0]
                  0000b990    0000004c     ti_msp_dl_config.o (.text.SYSCFG_DL_SPI_IMU660RB_init)
                  0000b9dc    0000004c     libc.a : snprintf.c.obj (.text.snprintf)
                  0000ba28    0000004a     libclang_rt.builtins.a : fixdfsi.S.obj (.text.__fixdfsi)
                  0000ba72    00000002     --HOLE-- [fill = 0]
                  0000ba74    00000048     driverlib.a : dl_uart.o (.text.DL_UART_init)
                  0000babc    00000044                 : dl_spi.o (.text.DL_SPI_init)
                  0000bb00    00000044     vofa.o (.text.VOFA_SendMessage)
                  0000bb44    00000040     FusionAhrs.o (.text.FusionAhrsUpdateNoMagnetometer)
                  0000bb84    00000040     libclang_rt.builtins.a : aeabi_uidivmod.S.obj (.text.__aeabi_uidivmod)
                  0000bbc4    00000040                            : extendsfdf2.S.obj (.text.__extendsfdf2)
                  0000bc04    00000040     libc.a : atoi.c.obj (.text.atoi)
                  0000bc44    0000003c     ti_msp_dl_config.o (.text.SYSCFG_DL_E1_B_init)
                  0000bc80    0000003c     ti_msp_dl_config.o (.text.SYSCFG_DL_E3_B_init)
                  0000bcbc    0000003c     libclang_rt.builtins.a : floatsisf.S.obj (.text.__floatsisf)
                  0000bcf8    0000003c                            : comparesf2.S.obj (.text.__gtsf2)
                  0000bd34    0000003c     encoder.o (.text.encoder_task)
                  0000bd70    0000003c     libc.a : autoinit.c.obj (.text:__TI_auto_init_nobinit_nopinit)
                  0000bdac    0000003a     libclang_rt.builtins.a : comparesf2.S.obj (.text.__eqsf2)
                  0000bde6    00000002     --HOLE-- [fill = 0]
                  0000bde8    0000003a                            : muldsi3.S.obj (.text.__muldsi3)
                  0000be22    00000002     --HOLE-- [fill = 0]
                  0000be24    00000038     ti_msp_dl_config.o (.text.SYSCFG_DL_TIMER_0_init)
                  0000be5c    00000038     libclang_rt.builtins.a : fixsfsi.S.obj (.text.__fixsfsi)
                  0000be94    00000038     lsm6dsr_reg.o (.text.lsm6dsr_block_data_update_set)
                  0000becc    00000038     lsm6dsr_reg.o (.text.lsm6dsr_gy_filter_lp1_set)
                  0000bf04    00000038     lsm6dsr_reg.o (.text.lsm6dsr_gy_full_scale_set)
                  0000bf3c    00000038     lsm6dsr_reg.o (.text.lsm6dsr_reset_set)
                  0000bf74    00000038     lsm6dsr_reg.o (.text.lsm6dsr_xl_full_scale_set)
                  0000bfac    00000038     libc.a : sprintf.c.obj (.text.sprintf)
                  0000bfe4    00000036     lsm6dsr_reg.o (.text.lsm6dsr_data_ready_mode_set)
                  0000c01a    00000002     --HOLE-- [fill = 0]
                  0000c01c    00000034     encoder.o (.text.TIMA1_IRQHandler)
                  0000c050    00000034     encoder.o (.text.TIMG0_IRQHandler)
                  0000c084    00000034     lsm6dsr_reg.o (.text.lsm6dsr_angular_rate_raw_get)
                  0000c0b8    00000034     clock.o (.text.mspm0_delay_ms)
                  0000c0ec    00000032     libclang_rt.builtins.a : fixunssfsi.S.obj (.text.__fixunssfsi)
                  0000c11e    00000002     --HOLE-- [fill = 0]
                  0000c120    00000030     driverlib.a : dl_uart.o (.text.DL_UART_transmitDataBlocking)
                  0000c150    00000030     FusionOffset.o (.text.FusionOffsetInitialise)
                  0000c180    00000030     ti_msp_dl_config.o (.text.SYSCFG_DL_SYSCTL_init)
                  0000c1b0    00000030     libc.a : _printfi.c.obj (.text._fcpy)
                  0000c1e0    00000030            : snprintf.c.obj (.text._outs)
                  0000c210    0000002c     encoder.o (.text.Encoder_Start)
                  0000c23c    0000002c     gpio_toggle_output.o (.text.UART1_IRQHandler)
                  0000c268    0000002c     libclang_rt.builtins.a : floatsidf.S.obj (.text.__floatsidf)
                  0000c294    00000028     clock.o (.text.SysTick_Init)
                  0000c2bc    00000028     libclang_rt.builtins.a : floatunsisf.S.obj (.text.__floatunsisf)
                  0000c2e4    00000028     libc.a : boot_cortex_m.c.obj (.text:_c_int00_noargs)
                  0000c30c    00000026     driverlib.a : dl_i2c.o (.text.DL_I2C_setClockConfig)
                  0000c332    00000002     --HOLE-- [fill = 0]
                  0000c334    00000024     libclang_rt.builtins.a : muldi3.S.obj (.text.__muldi3)
                  0000c358    00000022     libc.a : memccpy.c.obj (.text.memccpy)
                  0000c37a    00000002     --HOLE-- [fill = 0]
                  0000c37c    00000020     key.o (.text.Key_IsPressed)
                  0000c39c    00000020     libc.a : memcmp.c.obj (.text.memcmp)
                  0000c3bc    0000001e     motor.o (.text.Motor_Stop)
                  0000c3da    00000002     --HOLE-- [fill = 0]
                  0000c3dc    0000001e     libclang_rt.builtins.a : ashldi3.S.obj (.text.__ashldi3)
                  0000c3fa    0000001e     lsm6dsr_reg.o (.text.lsm6dsr_reset_get)
                  0000c418    0000001c     driverlib.a : dl_timer.o (.text.DL_Timer_setCaptCompUpdateMethod)
                  0000c434    0000001c                 : dl_timer.o (.text.DL_Timer_setClockConfig)
                  0000c450    0000001c     key.o (.text.Key_GetPressedTimeMs)
                  0000c46c    0000001c     lsm6dsr_reg.o (.text.lsm6dsr_gy_flag_data_ready_get)
                  0000c488    00000018     driverlib.a : dl_timer.o (.text.DL_Timer_setCaptureCompareOutCtl)
                  0000c4a0    00000018     libc.a : snprintf.c.obj (.text._outc)
                  0000c4b8    00000018            : sprintf.c.obj (.text._outs)
                  0000c4d0    00000018     lsm6dsr_reg.o (.text.lsm6dsr_odr_cal_reg_get)
                  0000c4e8    00000018     clock.o (.text.mspm0_get_clock_ms)
                  0000c500    00000016     libc.a : k_rem_pio2.c.obj (.text.OUTLINED_FUNCTION_0)
                  0000c516    00000002     --HOLE-- [fill = 0]
                  0000c518    00000010     libclang_rt.builtins.a : adddf3.S.obj (.tramp.__aeabi_dadd.1)
                  0000c528    00000014                            : aeabi_uldivmod.S.obj (.text.__aeabi_uldivmod)
                  0000c53c    00000014     lsm6dsr_reg.o (.text.lsm6dsr_from_fs2000dps_to_mdps)
                  0000c550    00000014     lsm6dsr_reg.o (.text.lsm6dsr_from_fs2g_to_mg)
                  0000c564    00000014     lsm6dsr_reg.o (.text.lsm6dsr_read_reg)
                  0000c578    00000014     lsm6dsr_reg.o (.text.lsm6dsr_write_reg)
                  0000c58c    00000014     libc.a : _printfi.c.obj (.text.strchr)
                  0000c5a0    00000012     driverlib.a : dl_spi.o (.text.DL_SPI_setClockConfig)
                  0000c5b2    00000012                 : dl_uart.o (.text.DL_UART_setClockConfig)
                  0000c5c4    00000012     libc.a : copy_decompress_none.c.obj (.text:decompress:none)
                  0000c5d6    00000002     --HOLE-- [fill = 0]
                  0000c5d8    00000010     driverlib.a : dl_timer.o (.text.DL_Timer_setCaptureCompareValue)
                  0000c5e8    00000010     FusionAhrs.o (.text.FusionAhrsGetQuaternion)
                  0000c5f8    00000010     libc.a : k_rem_pio2.c.obj (.text.OUTLINED_FUNCTION_2)
                  0000c608    00000010     road_test.o (.text.RoadTest_UsesOled)
                  0000c618    00000010     gpio_toggle_output.o (.text.SysTick_Handler)
                  0000c628    00000010     libc.a : wcslen.c.obj (.text.wcslen)
                  0000c638    00000010            : copy_zero_init.c.obj (.text:decompress:ZI)
                  0000c648    0000000e     libclang_rt.builtins.a : aeabi_memset.S.obj (.text.__aeabi_memset)
                  0000c656    0000000e     lsm6dsr_reg.o (.text.lsm6dsr_device_id_get)
                  0000c664    0000000e     libc.a : _printfi.c.obj (.text.strlen)
                  0000c672    0000000a     driverlib.a : dl_common.o (.text.DL_Common_delayCycles)
                  0000c67c    0000000a     libc.a : _printfi.c.obj (.text.OUTLINED_FUNCTION_0)
                  0000c686    00000002     --HOLE-- [fill = 0]
                  0000c688    00000010     libclang_rt.builtins.a : adddf3.S.obj (.tramp.__aeabi_dsub.1)
                  0000c698    0000000a     libc.a : _printfi.c.obj (.text.OUTLINED_FUNCTION_1)
                  0000c6a2    0000000a            : k_rem_pio2.c.obj (.text.OUTLINED_FUNCTION_1)
                  0000c6ac    0000000a            : s_cosf.c.obj (.text.OUTLINED_FUNCTION_3)
                  0000c6b6    0000000a            : s_sinf.c.obj (.text.OUTLINED_FUNCTION_3)
                  0000c6c0    0000000a            : sprintf.c.obj (.text._outc)
                  0000c6ca    00000008     key.o (.text.Key_Update1ms)
                  0000c6d2    00000008     libc.a : strtof.c.obj (.text.OUTLINED_FUNCTION_0)
                  0000c6da    00000002     --HOLE-- [fill = 0]
                  0000c6dc    00000008            : aeabi_portable.c.obj (.text.__aeabi_errno_addr)
                  0000c6e4    00000008     libclang_rt.builtins.a : aeabi_memcpy.S.obj (.text.__aeabi_memcpy)
                  0000c6ec    00000008     imu660rb.o (.text.platform_delay)
                  0000c6f4    00000006     libc.a : e_asinf.c.obj (.text.OUTLINED_FUNCTION_0)
                  0000c6fa    00000002     --HOLE-- [fill = 0]
                  0000c6fc    00000010     libclang_rt.builtins.a : mulsf3.S.obj (.tramp.__aeabi_fmul.1)
                  0000c70c    00000006     libc.a : s_atanf.c.obj (.text.OUTLINED_FUNCTION_0)
                  0000c712    00000002     --HOLE-- [fill = 0]
                  0000c714    00000010     libclang_rt.builtins.a : divsf3.S.obj (.tramp.__aeabi_fdiv.1)
                  0000c724    00000006     libc.a : s_cosf.c.obj (.text.OUTLINED_FUNCTION_0)
                  0000c72a    00000002     --HOLE-- [fill = 0]
                  0000c72c    00000010     libclang_rt.builtins.a : muldf3.S.obj (.tramp.__aeabi_dmul.1)
                  0000c73c    00000006     libc.a : s_sinf.c.obj (.text.OUTLINED_FUNCTION_0)
                  0000c742    00000006            : s_cosf.c.obj (.text.OUTLINED_FUNCTION_1)
                  0000c748    00000006            : s_sinf.c.obj (.text.OUTLINED_FUNCTION_1)
                  0000c74e    00000006            : exit.c.obj (.text:abort)
                  0000c754    00000004            : s_atanf.c.obj (.text.OUTLINED_FUNCTION_1)
                  0000c758    00000010     libclang_rt.builtins.a : addsf3.S.obj (.tramp.__aeabi_fadd.1)
                  0000c768    00000004     libc.a : s_cosf.c.obj (.text.OUTLINED_FUNCTION_2)
                  0000c76c    00000010     libclang_rt.builtins.a : extendsfdf2.S.obj (.tramp.__aeabi_f2d.1)
                  0000c77c    00000004     libc.a : s_sinf.c.obj (.text.OUTLINED_FUNCTION_2)
                  0000c780    00000004     startup_mspm0g350x_ticlang.o (.text.Reset_Handler)
                  0000c784    00000004     libc.a : pre_init.c.obj (.text._system_pre_init)
                  0000c788    00000008     --HOLE-- [fill = 0]

.cinit     0    0000de70    00000080     
                  0000de70    0000005c     (.cinit..data.load) [load image, compression = lzss]
                  0000decc    0000000c     (__TI_handler_table)
                  0000ded8    00000008     (.cinit..bss.load) [load image, compression = zero_init]
                  0000dee0    00000010     (__TI_cinit_table)

.rodata    0    0000c790    000016e0     
                  0000c790    000005f0     oled_hardware_i2c.o (.rodata.asc2_1608)
                  0000cd80    00000228     oled_hardware_i2c.o (.rodata.asc2_0806)
                  0000cfa8    00000108     libc.a : k_rem_pio2.c.obj (.rodata.ipio2)
                  0000d0b0    00000101            : aeabi_ctype.S.obj (.rodata:__aeabi_ctype_table_)
                  0000d1b1    000000bd     speed_control.o (.rodata.str1.1650181141826100245.1)
                  0000d26e    0000008b     speed_control.o (.rodata.str1.3456492466988614487.1)
                  0000d2f9    00000061     speed_control.o (.rodata.str1.13837475767866256623.1)
                  0000d35a    0000005c     road_test.o (.rodata.str1.12521593022028111712.1)
                  0000d3b6    00000053     road_test.o (.rodata.str1.14172003878770153340.1)
                  0000d409    0000004f     road_test.o (.rodata.str1.13596133497753879827.1)
                  0000d458    00000040     libc.a : k_rem_pio2.c.obj (.rodata.PIo2)
                  0000d498    00000040            : strtof.c.obj (.rodata.digits)
                  0000d4d8    0000003f     speed_control.o (.rodata.str1.14706624642400068386.1)
                  0000d517    0000003e     road_test.o (.rodata.str1.15958033849920293327.1)
                  0000d555    0000003b     road_test.o (.rodata.str1.17438411239194012809.1)
                  0000d590    00000033     road_test.o (.rodata.str1.16380460450412656663.1)
                  0000d5c3    00000033     road_test.o (.rodata.str1.17541680400037353235.1)
                  0000d5f6    00000032     road_test.o (.rodata.str1.1226576581397910574.1)
                  0000d628    00000032     road_test.o (.rodata.str1.13428199119518746714.1)
                  0000d65a    00000031     speed_control.o (.rodata.str1.13760056895369093578.1)
                  0000d68b    00000030     road_test.o (.rodata.str1.7338057428763850804.1)
                  0000d6bb    0000002e     vofa.o (.rodata.str1.15592850640436249970.1)
                  0000d6e9    0000002c     speed_control.o (.rodata.str1.1807643411616452634.1)
                  0000d715    0000002b     speed_control.o (.rodata.str1.2033466000042398445.1)
                  0000d740    0000002a     speed_control.o (.rodata.str1.6983313824812850148.1)
                  0000d76a    00000028     road_test.o (.rodata.str1.11982508440533459467.1)
                  0000d792    00000027     speed_control.o (.rodata.str1.17584091066804833737.1)
                  0000d7b9    00000027     speed_control.o (.rodata.str1.3608343179429301713.1)
                  0000d7e0    00000026     speed_control.o (.rodata.str1.2236458585226935249.1)
                  0000d806    00000025     road_test.o (.rodata.str1.2148486997329350993.1)
                  0000d82b    00000024     speed_control.o (.rodata.str1.14844869592127008563.1)
                  0000d84f    00000024     road_test.o (.rodata.str1.15866812228467618133.1)
                  0000d873    00000024     speed_control.o (.rodata.str1.6651398816457274277.1)
                  0000d897    00000023     road_test.o (.rodata.str1.8634895958968989169.1)
                  0000d8ba    00000023     speed_control.o (.rodata.str1.882219236629276955.1)
                  0000d8dd    00000022     road_test.o (.rodata.str1.1667293515124630886.1)
                  0000d8ff    00000001     --HOLE-- [fill = 0]
                  0000d900    00000020     libc.a : s_atanf.c.obj (.rodata.cst16)
                  0000d920    0000001f     speed_control.o (.rodata.str1.15559080295520129254.1)
                  0000d93f    0000001e     road_test.o (.rodata.str1.18111462104480922923.1)
                  0000d95d    0000001c     speed_control.o (.rodata.str1.3367999350025289521.1)
                  0000d979    0000001c     road_test.o (.rodata.str1.5769326548759584178.1)
                  0000d995    0000001c     speed_control.o (.rodata.str1.8920910648903796389.1)
                  0000d9b1    0000001a     road_test.o (.rodata.str1.34626326995868208.1)
                  0000d9cb    0000001a     speed_control.o (.rodata.str1.4831876095346599033.1)
                  0000d9e5    00000019     speed_control.o (.rodata.str1.15735647651265398266.1)
                  0000d9fe    00000019     road_test.o (.rodata.str1.2026454474464060702.1)
                  0000da17    00000001     --HOLE-- [fill = 0]
                  0000da18    00000018     FusionAhrs.o (.rodata..L__const.FusionAhrsInitialise.settings)
                  0000da30    00000018     libc.a : strtof.c.obj (.rodata.powerof10)
                  0000da48    00000018     road_test.o (.rodata.str1.2417905470762545395.1)
                  0000da60    00000017     speed_control.o (.rodata.str1.711575221241232672.1)
                  0000da77    00000001     --HOLE-- [fill = 0]
                  0000da78    00000014     ti_msp_dl_config.o (.rodata.gTIMER_0TimerConfig)
                  0000da8c    00000013     speed_control.o (.rodata.str1.12154222807209287241.1)
                  0000da9f    00000013     speed_control.o (.rodata.str1.9162681207476615548.1)
                  0000dab2    00000012     road_test.o (.rodata.str1.16673353727813071999.1)
                  0000dac4    00000012     speed_control.o (.rodata.str1.9589594595829164803.1)
                  0000dad6    00000011     libc.a : _printfi.c.obj (.rodata.str1.10348868589481759720.1)
                  0000dae7    00000011            : _printfi.c.obj (.rodata.str1.15363888844622738466.1)
                  0000daf8    00000011     speed_control.o (.rodata.str1.4521357460824390753.1)
                  0000db09    00000011     road_test.o (.rodata.str1.8830601459989132679.1)
                  0000db1a    00000002     ti_msp_dl_config.o (.rodata.gI2C_OLEDClockConfig)
                  0000db1c    00000010     libc.a : k_rem_pio2.c.obj (.rodata.cst16)
                  0000db2c    00000010     ti_msp_dl_config.o (.rodata.gE1_BCaptureConfig)
                  0000db3c    00000010     ti_msp_dl_config.o (.rodata.gE3_BCaptureConfig)
                  0000db4c    00000010     road_test.o (.rodata.str1.10287519954042460324.1)
                  0000db5c    00000010     gpio_toggle_output.o (.rodata.str1.10910899861604263444.1)
                  0000db6c    00000010     road_test.o (.rodata.str1.15398460664928362200.4)
                  0000db7c    00000010     gpio_toggle_output.o (.rodata.str1.16559069285837280738.1)
                  0000db8c    0000000f     road_test.o (.rodata.str1.11313499162010821110.1)
                  0000db9b    0000000f     road_test.o (.rodata.str1.14732323034741431622.1)
                  0000dbaa    0000000f     road_test.o (.rodata.str1.7002288968355408002.1)
                  0000dbb9    0000000e     road_test.o (.rodata.str1.12498368073199732920.1)
                  0000dbc7    0000000e     road_test.o (.rodata.str1.13569518918217488640.1)
                  0000dbd5    0000000e     road_test.o (.rodata.str1.13703539216967535869.1)
                  0000dbe3    0000000e     road_test.o (.rodata.str1.15596358016965810863.1)
                  0000dbf1    0000000e     road_test.o (.rodata.str1.15852278487157550190.1)
                  0000dbff    0000000e     road_test.o (.rodata.str1.18407874750228845728.1)
                  0000dc0d    0000000d     road_test.o (.rodata.str1.16821564161465962818.1)
                  0000dc1a    00000002     ti_msp_dl_config.o (.rodata.gSPI_IMU660RB_clockConfig)
                  0000dc1c    0000000c     driverlib.a : dl_timer.o (.rodata..Lswitch.table.DL_Timer_initCompareMode)
                  0000dc28    0000000c     gpio_toggle_output.o (.rodata.str1.13732985183997240173.1)
                  0000dc34    0000000c     gpio_toggle_output.o (.rodata.str1.16718355729119112538.1)
                  0000dc40    0000000c     road_test.o (.rodata.str1.2518714477776153392.1)
                  0000dc4c    0000000c     gpio_toggle_output.o (.rodata.str1.5807257539606399117.1)
                  0000dc58    0000000c     speed_control.o (.rodata.str1.9588354654044076066.1)
                  0000dc64    0000000b     road_test.o (.rodata.str1.1635187238593780215.1)
                  0000dc6f    0000000b     speed_control.o (.rodata.str1.18182772914009926197.1)
                  0000dc7a    0000000b     road_test.o (.rodata.str1.3709947251480312382.1)
                  0000dc85    0000000b     road_test.o (.rodata.str1.5727519952109052050.1)
                  0000dc90    0000000b     speed_control.o (.rodata.str1.8635241730965827714.1)
                  0000dc9b    00000001     --HOLE-- [fill = 0]
                  0000dc9c    0000000a     ti_msp_dl_config.o (.rodata.gSPI_IMU660RB_config)
                  0000dca6    0000000a     ti_msp_dl_config.o (.rodata.gUART_0Config)
                  0000dcb0    0000000a     ti_msp_dl_config.o (.rodata.gUART_VOFAConfig)
                  0000dcba    0000000a     road_test.o (.rodata.str1.12122456004100100336.1)
                  0000dcc4    0000000a     road_test.o (.rodata.str1.13613476829420129065.1)
                  0000dcce    0000000a     road_test.o (.rodata.str1.15946453344359981112.1)
                  0000dcd8    0000000a     road_test.o (.rodata.str1.5255968394441033598.1)
                  0000dce2    0000000a     road_test.o (.rodata.str1.5599361494336064338.1)
                  0000dcec    0000000a     road_test.o (.rodata.str1.7293514000599815715.1)
                  0000dcf6    0000000a     road_test.o (.rodata.str1.9442382937721433805.1)
                  0000dd00    00000009     road_test.o (.rodata.str1.10132973821083072637.1)
                  0000dd09    00000009     road_test.o (.rodata.str1.5347845603747570075.1)
                  0000dd12    00000009     road_test.o (.rodata.str1.6793500544787977713.1)
                  0000dd1b    00000009     road_test.o (.rodata.str1.8023595957821456787.1)
                  0000dd24    00000008     ti_msp_dl_config.o (.rodata.gPWM_0Config)
                  0000dd2c    00000008     ti_msp_dl_config.o (.rodata.gPWM_1Config)
                  0000dd34    00000008     road_test.o (.rodata.str1.1185504643214150780.1)
                  0000dd3c    00000008     speed_control.o (.rodata.str1.17732539126439131682.1)
                  0000dd44    00000008     gpio_toggle_output.o (.rodata.str1.6926779734840550670.1)
                  0000dd4c    00000008     road_test.o (.rodata.str1.9031655347075984146.1)
                  0000dd54    00000007     speed_control.o (.rodata.str1.11250545846333204047.1)
                  0000dd5b    00000007     road_test.o (.rodata.str1.12266663484419824128.1)
                  0000dd62    00000007     road_test.o (.rodata.str1.13285967381996371881.1)
                  0000dd69    00000007     speed_control.o (.rodata.str1.14456446095324431695.1)
                  0000dd70    00000007     speed_control.o (.rodata.str1.14855765346884770007.1)
                  0000dd77    00000007     road_test.o (.rodata.str1.16765935738828189287.1)
                  0000dd7e    00000007     road_test.o (.rodata.str1.16802266705625760252.1)
                  0000dd85    00000007     road_test.o (.rodata.str1.17298667193367403942.1)
                  0000dd8c    00000007     speed_control.o (.rodata.str1.17438042864784128136.1)
                  0000dd93    00000007     gpio_toggle_output.o (.rodata.str1.2745267647703410976.1)
                  0000dd9a    00000007     road_test.o (.rodata.str1.3760376893857790387.1)
                  0000dda1    00000007     road_test.o (.rodata.str1.5188542527581677246.1)
                  0000dda8    00000007     speed_control.o (.rodata.str1.5313645090331180483.1)
                  0000ddaf    00000007     speed_control.o (.rodata.str1.693774575704749858.1)
                  0000ddb6    00000007     speed_control.o (.rodata.str1.8057713725946704052.1)
                  0000ddbd    00000007     speed_control.o (.rodata.str1.9413908918704436222.1)
                  0000ddc4    00000006     speed_control.o (.rodata.str1.13636644305372656400.1)
                  0000ddca    00000006     speed_control.o (.rodata.str1.190440315093047069.1)
                  0000ddd0    00000006     gpio_toggle_output.o (.rodata.str1.48456419029742142.1)
                  0000ddd6    00000006     speed_control.o (.rodata.str1.6483365723950137385.1)
                  0000dddc    00000006     gpio_toggle_output.o (.rodata.str1.7293075287338320947.1)
                  0000dde2    00000005     road_test.o (.rodata.str1.11268217748467811468.1)
                  0000dde7    00000005     road_test.o (.rodata.str1.11675977020119803155.1)
                  0000ddec    00000005     speed_control.o (.rodata.str1.13765000796998514547.1)
                  0000ddf1    00000005     road_test.o (.rodata.str1.14453062705028587941.1)
                  0000ddf6    00000005     gpio_toggle_output.o (.rodata.str1.15113692215023319882.1)
                  0000ddfb    00000005     speed_control.o (.rodata.str1.15839901581566842560.1)
                  0000de00    00000005     speed_control.o (.rodata.str1.1811524898172795847.1)
                  0000de05    00000005     speed_control.o (.rodata.str1.2460042231388657623.1)
                  0000de0a    00000005     road_test.o (.rodata.str1.3583007877053623169.1)
                  0000de0f    00000004     speed_control.o (.rodata.str1.10847168186100398868.1)
                  0000de13    00000004     road_test.o (.rodata.str1.16109185612488241134.1)
                  0000de17    00000004     speed_control.o (.rodata.str1.1875305119438880310.1)
                  0000de1b    00000004     speed_control.o (.rodata.str1.211519452835695116.1)
                  0000de1f    00000004     speed_control.o (.rodata.str1.2633524333097594021.1)
                  0000de23    00000004     speed_control.o (.rodata.str1.2902338717112433784.1)
                  0000de27    00000004     speed_control.o (.rodata.str1.8006736084623631825.1)
                  0000de2b    00000004     speed_control.o (.rodata.str1.8704117349088926018.1)
                  0000de2f    00000004     speed_control.o (.rodata.str1.9601731893468690922.1)
                  0000de33    00000004     speed_control.o (.rodata.str1.9794104034140389718.1)
                  0000de37    00000003     ti_msp_dl_config.o (.rodata.gE1_BClockConfig)
                  0000de3a    00000003     ti_msp_dl_config.o (.rodata.gE3_BClockConfig)
                  0000de3d    00000003     ti_msp_dl_config.o (.rodata.gPWM_0ClockConfig)
                  0000de40    00000003     ti_msp_dl_config.o (.rodata.gPWM_1ClockConfig)
                  0000de43    00000003     ti_msp_dl_config.o (.rodata.gTIMER_0ClockConfig)
                  0000de46    00000003     road_test.o (.rodata.str1.10585604639956306978.1)
                  0000de49    00000003     speed_control.o (.rodata.str1.1284239051114863888.1)
                  0000de4c    00000003     speed_control.o (.rodata.str1.14526841949023043975.1)
                  0000de4f    00000003     speed_control.o (.rodata.str1.15494409968463026438.1)
                  0000de52    00000003     speed_control.o (.rodata.str1.2910297774279925795.1)
                  0000de55    00000003     speed_control.o (.rodata.str1.3245608251918206818.1)
                  0000de58    00000003     speed_control.o (.rodata.str1.6536362221047336386.1)
                  0000de5b    00000003     speed_control.o (.rodata.str1.8279187632287342190.1)
                  0000de5e    00000002     ti_msp_dl_config.o (.rodata.gUART_0ClockConfig)
                  0000de60    00000002     ti_msp_dl_config.o (.rodata.gUART_VOFAClockConfig)
                  0000de62    0000000e     --HOLE-- [fill = 0]

.init_array 
*          0    00000000    00000000     UNINITIALIZED

.binit     0    00000000    00000000     

.bss       0    20200000    0000381b     UNINITIALIZED
                  20200000    00003198     road_test.o (.bss.s_runLogs)
                  20203198    00000140     gpio_toggle_output.o (.bss.main.vofaReply)
                  202032d8    000000bc     (.common:gE3_BBackup)
                  20203394    000000bc     (.common:gTIMER_0Backup)
                  20203450    000000a0     (.common:gPWM_1Backup)
                  202034f0    00000074     (.common:ahrs)
                  20203564    00000044     gpio_toggle_output.o (.bss.main.speedStatus)
                  202035a8    00000044     gpio_toggle_output.o (.bss.speed_sample_status)
                  202035ec    00000040     gpio_toggle_output.o (.bss.main.vofaCommand)
                  2020362c    00000040     vofa.o (.bss.s_rxCommand)
                  2020366c    00000028     gpio_toggle_output.o (.bss.main.vofaSpeedData)
                  20203694    00000028     (.common:gSPI_IMU660RBBackup)
                  202036bc    00000018     imu660rb.o (.bss.offset)
                  202036d4    00000018     gpio_toggle_output.o (.bss.oled_buf)
                  202036ec    00000018     speed_control.o (.bss.s_leftActualFilter)
                  20203704    00000018     speed_control.o (.bss.s_rightActualFilter)
                  2020371c    00000014     imu660rb.o (.bss.dev_ctx)
                  20203730    00000014     speed_control.o (.bss.s_leftPid)
                  20203744    00000014     speed_control.o (.bss.s_rightPid)
                  20203758    0000000c     (.common:acceleration_mg)
                  20203764    0000000c     (.common:angular_rate_mdps)
                  20203770    0000000c     (.common:euler)
                  2020377c    00000008     key.o (.bss.s_debounceMs)
                  20203784    00000008     key.o (.bss.s_pressedTimeMs)
                  2020378c    00000006     imu660rb.o (.bss.data_raw_angular_rate)
                  20203792    00000002     imu660rb.o (.bss.data_raw_acceleration.1)
                  20203794    00000004     road_test.o (.bss.s_lastOledMs)
                  20203798    00000004     vofa.o (.bss.s_lastSendMs)
                  2020379c    00000004     key.o (.bss.s_lastUpdateMs)
                  202037a0    00000004     speed_control.o (.bss.s_leftActual)
                  202037a4    00000004     speed_control.o (.bss.s_leftControlTarget)
                  202037a8    00000004     speed_control.o (.bss.s_leftFeedforward)
                  202037ac    00000004     speed_control.o (.bss.s_leftFilteredActual)
                  202037b0    00000004     speed_control.o (.bss.s_leftFollowerOutput)
                  202037b4    00000004     speed_control.o (.bss.s_leftFollowerTrimPermille)
                  202037b8    00000004     speed_control.o (.bss.s_leftOutput)
                  202037bc    00000004     speed_control.o (.bss.s_leftTarget)
                  202037c0    00000004     speed_control.o (.bss.s_outputLimit)
                  202037c4    00000004     speed_control.o (.bss.s_rightActual)
                  202037c8    00000004     speed_control.o (.bss.s_rightControlTarget)
                  202037cc    00000004     speed_control.o (.bss.s_rightFeedforward)
                  202037d0    00000004     speed_control.o (.bss.s_rightFilteredActual)
                  202037d4    00000004     speed_control.o (.bss.s_rightFollowerOutput)
                  202037d8    00000004     speed_control.o (.bss.s_rightFollowerTrimPermille)
                  202037dc    00000004     speed_control.o (.bss.s_rightOutput)
                  202037e0    00000004     speed_control.o (.bss.s_rightTarget)
                  202037e4    00000004     speed_control.o (.bss.s_runDurationMs)
                  202037e8    00000004     speed_control.o (.bss.s_runStartMs)
                  202037ec    00000004     vofa.o (.bss.s_rxLength)
                  202037f0    00000004     road_test.o (.bss.s_stateStartMs)
                  202037f4    00000004     speed_control.o (.bss.s_testDuty)
                  202037f8    00000004     imu660rb.o (.bss.samplePeriod)
                  202037fc    00000004     imu660rb.o (.bss.sampleRate)
                  20203800    00000004     (.common:start_time)
                  20203804    00000004     (.common:tick_ms)
                  20203808    00000002     imu660rb.o (.bss.data_raw_acceleration.2)
                  2020380a    00000001     imu660rb.o (.bss.rst)
                  2020380b    00000001     road_test.o (.bss.s_activeRunIndex)
                  2020380c    00000001     speed_control.o (.bss.s_algorithm)
                  2020380d    00000001     key.o (.bss.s_candidateMask)
                  2020380e    00000001     road_test.o (.bss.s_completedRunCount)
                  2020380f    00000001     road_test.o (.bss.s_key1WasPressed)
                  20203810    00000001     speed_control.o (.bss.s_mode)
                  20203811    00000001     road_test.o (.bss.s_oledNeedsClear)
                  20203812    00000001     speed_control.o (.bss.s_openLoopTest)
                  20203813    00000001     key.o (.bss.s_pressedMask)
                  20203814    00000001     key.o (.bss.s_rawMask)
                  20203815    00000001     speed_control.o (.bss.s_running)
                  20203816    00000001     vofa.o (.bss.s_rxReady)
                  20203817    00000001     road_test.o (.bss.s_state)
                  20203818    00000001     road_test.o (.bss.s_testAborted)
                  20203819    00000001     key.o (.bss.s_updating)
                  2020381a    00000001     imu660rb.o (.bss.whoamI)

.data      0    2020381c    000000ca     UNINITIALIZED
                  2020381c    00000080     motor.o (.data.gMotor)
                  2020389c    00000018     encoder.o (.data.gEncMotor1)
                  202038b4    00000018     encoder.o (.data.gEncMotor3)
                  202038cc    00000004     libc.a : aeabi_portable.c.obj (.data.__aeabi_errno)
                  202038d0    00000004     gpio_toggle_output.o (.data.gTimerTest)
                  202038d4    00000004     imu660rb.o (.data.gyroscopeOffset.0)
                  202038d8    00000004     imu660rb.o (.data.gyroscopeOffset.1)
                  202038dc    00000004     imu660rb.o (.data.gyroscopeOffset.2)
                  202038e0    00000002     encoder.o (.data.s_encTick)
                  202038e2    00000001     gpio_toggle_output.o (.data.gDataReceived)
                  202038e3    00000001     gpio_toggle_output.o (.data.gRxByte)
                  202038e4    00000001     gpio_toggle_output.o (.data.sched_tick)
                  202038e5    00000001     gpio_toggle_output.o (.data.speed_sample_ready)

.stack     0    20207e00    00000200     UNINITIALIZED
                  20207e00    00000004     libc.a : boot_cortex_m.c.obj (.stack)
                  20207e04    000001fc     --HOLE--

__llvm_prf_cnts 
*          0    20200000    00000000     UNINITIALIZED

__llvm_prf_bits 
*          0    20200000    00000000     UNINITIALIZED

MODULE SUMMARY

       Module                         code    ro data   rw data
       ------                         ----    -------   -------
    .\
       ti_msp_dl_config.o             1372    121       576    
       gpio_toggle_output.o           900     100       592    
       startup_mspm0g350x_ticlang.o   6       192       0      
    +--+------------------------------+-------+---------+---------+
       Total:                         2278    413       1168   
                                                               
    .\hardware\
       road_test.o                    11264   1392      12710  
       oled_hardware_i2c.o            5236    2072      0      
       speed_control.o                5524    1316      172    
       key.o                          780     0         24     
       vofa.o                         652     46        73     
       motor.o                        134     0         128    
       encoder.o                      208     0         50     
       clock.o                        116     0         8      
    +--+------------------------------+-------+---------+---------+
       Total:                         23914   4826      13165  
                                                               
    .\hardware\IMU660RB\
       imu660rb.o                     2320    0         228    
       lsm6dsr_reg.o                  2012    0         0      
    +--+------------------------------+-------+---------+---------+
       Total:                         4332    0         228    
                                                               
    .\hardware\IMU660RB\Fusion\
       FusionAhrs.o                   3348    24        0      
       FusionOffset.o                 272     0         0      
    +--+------------------------------+-------+---------+---------+
       Total:                         3620    24        0      
                                                               
    C:/ti/mspm0_sdk_2_09_00_01/source/ti/driverlib/lib/ticlang/m0p/mspm0g1x0x_g3x0x/driverlib.a
       dl_timer.o                     892     12        0      
       dl_uart.o                      138     0         0      
       dl_i2c.o                       132     0         0      
       dl_spi.o                       86      0         0      
       dl_common.o                    10      0         0      
    +--+------------------------------+-------+---------+---------+
       Total:                         1258    12        0      
                                                               
    C:\ti\ccs2041\ccs\tools\compiler\ti-cgt-armllvm_4.0.4.LTS\lib\armv6m-ti-none-eabi/c/libc.a
       _printfi.c.obj                 4510    34        0      
       k_rem_pio2.c.obj               1652    344       0      
       strtof.c.obj                   872     88        0      
       s_cosf.c.obj                   822     0         0      
       s_sinf.c.obj                   810     0         0      
       s_atanf.c.obj                  466     32        0      
       e_sqrt.c.obj                   368     0         0      
       e_asinf.c.obj                  358     0         0      
       s_floor.c.obj                  324     0         0      
       strtol.c.obj                   324     0         0      
       e_atan2f.c.obj                 280     0         0      
       aeabi_ctype.S.obj              0       257       0      
       s_scalbn.c.obj                 216     0         0      
       s_scalbnf.c.obj                176     0         0      
       memcpy16.S.obj                 154     0         0      
       snprintf.c.obj                 148     0         0      
       strcmp-armv6m.S.obj            136     0         0      
       copy_decompress_lzss.c.obj     124     0         0      
       memset16.S.obj                 98      0         0      
       s_frexp.c.obj                  92      0         0      
       sprintf.c.obj                  90      0         0      
       _ltoa.c.obj                    88      0         0      
       atoi.c.obj                     64      0         0      
       autoinit.c.obj                 60      0         0      
       boot_cortex_m.c.obj            40      0         0      
       memccpy.c.obj                  34      0         0      
       memcmp.c.obj                   32      0         0      
       copy_decompress_none.c.obj     18      0         0      
       copy_zero_init.c.obj           16      0         0      
       wcslen.c.obj                   16      0         0      
       aeabi_portable.c.obj           8       0         4      
       exit.c.obj                     6       0         0      
       pre_init.c.obj                 4       0         0      
    +--+------------------------------+-------+---------+---------+
       Total:                         12406   755       4      
                                                               
    C:\ti\ccs2041\ccs\tools\compiler\ti-cgt-armllvm_4.0.4.LTS\lib\armv6m-ti-none-eabi/c/libsysbm.a
       hostexit.c.obj                 4       0         0      
    +--+------------------------------+-------+---------+---------+
       Total:                         4       0         0      
                                                               
    C:\ti\ccs2041\ccs\tools\compiler\ti-cgt-armllvm_4.0.4.LTS\lib\armv6m-ti-none-eabi/libclang_rt.builtins.a
       adddf3.S.obj                   434     0         0      
       divdf3.S.obj                   268     0         0      
       muldf3.S.obj                   244     0         0      
       addsf3.S.obj                   232     0         0      
       comparedf2.c.obj               220     0         0      
       udivmoddi4.S.obj               162     0         0      
       mulsf3.S.obj                   156     0         0      
       divsf3.S.obj                   146     0         0      
       comparesf2.S.obj               118     0         0      
       truncdfsf2.S.obj               116     0         0      
       aeabi_dcmp.S.obj               98      0         0      
       aeabi_fcmp.S.obj               98      0         0      
       aeabi_idivmod.S.obj            86      0         0      
       extendsfdf2.S.obj              80      0         0      
       fixdfsi.S.obj                  74      0         0      
       aeabi_uidivmod.S.obj           64      0         0      
       floatsisf.S.obj                60      0         0      
       muldsi3.S.obj                  58      0         0      
       fixsfsi.S.obj                  56      0         0      
       fixunssfsi.S.obj               50      0         0      
       floatsidf.S.obj                44      0         0      
       floatunsisf.S.obj              40      0         0      
       muldi3.S.obj                   36      0         0      
       ashldi3.S.obj                  30      0         0      
       aeabi_memset.S.obj             26      0         0      
       aeabi_uldivmod.S.obj           20      0         0      
       aeabi_memcpy.S.obj             8       0         0      
       aeabi_div0.c.obj               4       0         0      
    +--+------------------------------+-------+---------+---------+
       Total:                         3028    0         0      
                                                               
       Stack:                         0       0         512    
       Linker Generated:              0       128       0      
    +--+------------------------------+-------+---------+---------+
       Grand Total:                   50840   6158      15077  


LINKER GENERATED COPY TABLES

__TI_cinit_table @ 0000dee0 records: 2, size/record: 8, table size: 16
	.data: load addr=0000de70, load size=0000005c bytes, run addr=2020381c, run size=000000ca bytes, compression=lzss
	.bss: load addr=0000ded8, load size=00000008 bytes, run addr=20200000, run size=0000381b bytes, compression=zero_init


LINKER GENERATED HANDLER TABLE

__TI_handler_table @ 0000decc records: 3, size/record: 4, table size: 12
	index: 0, handler: __TI_decompress_lzss
	index: 1, handler: __TI_decompress_none
	index: 2, handler: __TI_zero_init


FAR CALL TRAMPOLINES

callee name               trampoline name
   callee addr  tramp addr   call addr  call info
--------------  -----------  ---------  ----------------
__aeabi_dadd              $Tramp$TT$L$PI$$__aeabi_dadd
   00007e73     0000c518     0000c514   libc.a : k_rem_pio2.c.obj (.text.OUTLINED_FUNCTION_0)
                             0000c6aa          : k_rem_pio2.c.obj (.text.OUTLINED_FUNCTION_1)
                             0000c6b4          : s_cosf.c.obj (.text.OUTLINED_FUNCTION_3)
                             0000c6be          : s_sinf.c.obj (.text.OUTLINED_FUNCTION_3)
__aeabi_dsub              $Tramp$TT$L$PI$$__aeabi_dsub
   00007e69     0000c688     0000c684   libc.a : _printfi.c.obj (.text.OUTLINED_FUNCTION_0)
__aeabi_fmul              $Tramp$TT$L$PI$$__aeabi_fmul
   0000acf1     0000c6fc     0000c6f8   libc.a : e_asinf.c.obj (.text.OUTLINED_FUNCTION_0)
__aeabi_fdiv              $Tramp$TT$L$PI$$__aeabi_fdiv
   0000ae99     0000c714     0000c710   libc.a : s_atanf.c.obj (.text.OUTLINED_FUNCTION_0)
__aeabi_dmul              $Tramp$TT$L$PI$$__aeabi_dmul
   00009d0d     0000c72c     0000c728   libc.a : s_cosf.c.obj (.text.OUTLINED_FUNCTION_0)
                             0000c740          : s_sinf.c.obj (.text.OUTLINED_FUNCTION_0)
                             0000c746          : s_cosf.c.obj (.text.OUTLINED_FUNCTION_1)
                             0000c74c          : s_sinf.c.obj (.text.OUTLINED_FUNCTION_1)
__aeabi_fadd              $Tramp$TT$L$PI$$__aeabi_fadd
   0000a24b     0000c758     0000c756   libc.a : s_atanf.c.obj (.text.OUTLINED_FUNCTION_1)
__aeabi_f2d               $Tramp$TT$L$PI$$__aeabi_f2d
   0000bbc5     0000c76c     0000c76a   libc.a : s_cosf.c.obj (.text.OUTLINED_FUNCTION_2)
                             0000c77e          : s_sinf.c.obj (.text.OUTLINED_FUNCTION_2)

[7 trampolines]
[14 trampoline calls]


GLOBAL SYMBOLS: SORTED ALPHABETICALLY BY Name 

address   name                            
-------   ----                            
00003d67  ADC0_IRQHandler                 
00003d67  ADC1_IRQHandler                 
00003d67  AES_IRQHandler                  
0000b17c  C$$EXIT                         
00003d67  CANFD0_IRQHandler               
00003d67  DAC0_IRQHandler                 
0000c673  DL_Common_delayCycles           
0000b671  DL_I2C_fillControllerTXFIFO     
0000c30d  DL_I2C_setClockConfig           
0000babd  DL_SPI_init                     
0000c5a1  DL_SPI_setClockConfig           
00009111  DL_Timer_initCaptureMode        
0000956d  DL_Timer_initFourCCPWMMode      
00009671  DL_Timer_initTimerMode          
0000c419  DL_Timer_setCaptCompUpdateMethod
0000c489  DL_Timer_setCaptureCompareOutCtl
0000c5d9  DL_Timer_setCaptureCompareValue 
0000c435  DL_Timer_setClockConfig         
0000ba75  DL_UART_init                    
0000c5b3  DL_UART_setClockConfig          
0000c121  DL_UART_transmitDataBlocking    
00003d67  DMA_IRQHandler                  
00003d67  Default_Handler                 
0000c211  Encoder_Start                   
0000c5e9  FusionAhrsGetQuaternion         
0000b789  FusionAhrsInitialise            
00007ccd  FusionAhrsSetHeading            
00009df1  FusionAhrsSetSettings           
00003d69  FusionAhrsUpdate                
0000bb45  FusionAhrsUpdateNoMagnetometer  
0000c151  FusionOffsetInitialise          
00009ed1  FusionOffsetUpdate              
00006b9d  FusionTasks                     
00003d67  GROUP0_IRQHandler               
00003d67  GROUP1_IRQHandler               
0000b17d  HOSTexit                        
00003d67  HardFault_Handler               
00003d67  I2C0_IRQHandler                 
00003d67  I2C1_IRQHandler                 
00006fe9  IMU660RB_Init                   
0000c451  Key_GetPressedTimeMs            
0000ab4d  Key_Init                        
0000c37d  Key_IsPressed                   
0000c6cb  Key_Update1ms                   
0000b345  Motor_SetSpeed                  
0000c3bd  Motor_Stop                      
00003d67  NMI_Handler                     
00008885  OLED_Clear                      
00005f09  OLED_Init                       
00009fb1  OLED_ShowChar                   
00004c61  OLED_ShowNum                    
0000343d  OLED_ShowSignedNum              
0000b015  OLED_ShowString                 
00008739  OLED_WR_Byte                    
00003d67  PendSV_Handler                  
00003d67  RTC_IRQHandler                  
00007b0d  Read_IMU660RB                   
0000c781  Reset_Handler                   
00005c21  RoadTest_DumpAllToVofa          
00006491  RoadTest_DumpToVofa             
00008ec9  RoadTest_Init                   
000058c5  RoadTest_ProcessCommand         
0000922d  RoadTest_Record20ms             
000000c1  RoadTest_Update                 
0000c609  RoadTest_UsesOled               
00003d67  SPI0_IRQHandler                 
00003d67  SPI1_IRQHandler                 
00003d67  SVC_Handler                     
0000bc45  SYSCFG_DL_E1_B_init             
0000bc81  SYSCFG_DL_E3_B_init             
00009c25  SYSCFG_DL_GPIO_init             
0000b8e9  SYSCFG_DL_I2C_OLED_init         
0000abd9  SYSCFG_DL_PWM_0_init            
0000ac65  SYSCFG_DL_PWM_1_init            
0000b991  SYSCFG_DL_SPI_IMU660RB_init     
0000c181  SYSCFG_DL_SYSCTL_init           
0000be25  SYSCFG_DL_TIMER_0_init          
0000b1f5  SYSCFG_DL_UART_0_init           
0000af1d  SYSCFG_DL_UART_VOFA_init        
0000b6d1  SYSCFG_DL_init                  
0000aa25  SYSCFG_DL_initPower             
0000976d  SpeedControl_GetStatus          
00008475  SpeedControl_Init               
00002acd  SpeedControl_ProcessCommand     
000050f1  SpeedControl_Update20ms         
0000c619  SysTick_Handler                 
0000c295  SysTick_Init                    
0000aab9  TIMA0_IRQHandler                
0000c01d  TIMA1_IRQHandler                
0000c051  TIMG0_IRQHandler                
00003d67  TIMG12_IRQHandler               
00003d67  TIMG6_IRQHandler                
00003d67  TIMG7_IRQHandler                
00003d67  TIMG8_IRQHandler                
0000b265  UART0_IRQHandler                
0000c23d  UART1_IRQHandler                
00003d67  UART2_IRQHandler                
00003d67  UART3_IRQHandler                
0000b4e5  VOFA_Init                       
0000a08d  VOFA_ReadCommand                
0000bb01  VOFA_SendMessage                
0000a98d  VOFA_Update                     
20208000  __STACK_END                     
00000200  __STACK_SIZE                    
00000000  __TI_ATRegion0_region_sz        
00000000  __TI_ATRegion0_src_addr         
00000000  __TI_ATRegion0_trg_addr         
00000000  __TI_ATRegion1_region_sz        
00000000  __TI_ATRegion1_src_addr         
00000000  __TI_ATRegion1_trg_addr         
00000000  __TI_ATRegion2_region_sz        
00000000  __TI_ATRegion2_src_addr         
00000000  __TI_ATRegion2_trg_addr         
0000dee0  __TI_CINIT_Base                 
0000def0  __TI_CINIT_Limit                
0000def0  __TI_CINIT_Warm                 
0000decc  __TI_Handler_Table_Base         
0000ded8  __TI_Handler_Table_Limit        
0000bd71  __TI_auto_init_nobinit_nopinit  
0000af99  __TI_decompress_lzss            
0000c5c5  __TI_decompress_none            
0000b7e1  __TI_ltoa                       
ffffffff  __TI_pprof_out_hndl             
000020fd  __TI_printfi                    
ffffffff  __TI_prof_data_size             
ffffffff  __TI_prof_data_start            
00000000  __TI_static_base__              
0000c639  __TI_zero_init                  
00007e73  __adddf3                        
0000a24b  __addsf3                        
0000d0b0  __aeabi_ctype_table_            
0000d0b0  __aeabi_ctype_table_C           
0000b181  __aeabi_d2f                     
0000ba29  __aeabi_d2iz                    
00007e73  __aeabi_dadd                    
0000b549  __aeabi_dcmpeq                  
0000b585  __aeabi_dcmpge                  
0000b599  __aeabi_dcmpgt                  
0000b571  __aeabi_dcmple                  
0000b55d  __aeabi_dcmplt                  
00009461  __aeabi_ddiv                    
00009d0d  __aeabi_dmul                    
00007e69  __aeabi_dsub                    
202038cc  __aeabi_errno                   
0000c6dd  __aeabi_errno_addr              
0000bbc5  __aeabi_f2d                     
0000be5d  __aeabi_f2iz                    
0000c0ed  __aeabi_f2uiz                   
0000a24b  __aeabi_fadd                    
0000b5ad  __aeabi_fcmpeq                  
0000b5e9  __aeabi_fcmpge                  
0000b5fd  __aeabi_fcmpgt                  
0000b5d5  __aeabi_fcmple                  
0000b5c1  __aeabi_fcmplt                  
0000ae99  __aeabi_fdiv                    
0000acf1  __aeabi_fmul                    
0000a241  __aeabi_fsub                    
0000c269  __aeabi_i2d                     
0000bcbd  __aeabi_i2f                     
0000b891  __aeabi_idiv                    
00007ffb  __aeabi_idiv0                   
0000b891  __aeabi_idivmod                 
0000a67b  __aeabi_ldiv0                   
0000c3dd  __aeabi_llsl                    
0000c335  __aeabi_lmul                    
0000ae05  __aeabi_memclr                  
0000ae05  __aeabi_memclr4                 
0000ae05  __aeabi_memclr8                 
0000c6e5  __aeabi_memcpy                  
0000c6e5  __aeabi_memcpy4                 
0000c6e5  __aeabi_memcpy8                 
0000c649  __aeabi_memset                  
0000c649  __aeabi_memset4                 
0000c649  __aeabi_memset8                 
0000c2bd  __aeabi_ui2f                    
0000bb85  __aeabi_uidiv                   
0000bb85  __aeabi_uidivmod                
0000c529  __aeabi_uldivmod                
0000c3dd  __ashldi3                       
ffffffff  __binit__                       
0000b3ad  __cmpdf2                        
0000bdad  __cmpsf2                        
00009461  __divdf3                        
0000ae99  __divsf3                        
0000b3ad  __eqdf2                         
0000bdad  __eqsf2                         
0000bbc5  __extendsfdf2                   
0000ba29  __fixdfsi                       
0000be5d  __fixsfsi                       
0000c0ed  __fixunssfsi                    
0000c269  __floatsidf                     
0000bcbd  __floatsisf                     
0000c2bd  __floatunsisf                   
0000b109  __gedf2                         
0000bcf9  __gesf2                         
0000b109  __gtdf2                         
0000bcf9  __gtsf2                         
0000461d  __kernel_rem_pio2               
0000b3ad  __ledf2                         
0000bdad  __lesf2                         
0000b3ad  __ltdf2                         
0000bdad  __ltsf2                         
UNDEFED   __mpu_init                      
00009d0d  __muldf3                        
0000c335  __muldi3                        
0000bde9  __muldsi3                       
0000acf1  __mulsf3                        
0000b3ad  __nedf2                         
0000bdad  __nesf2                         
20207e00  __stack                         
20200000  __start___llvm_prf_bits         
20200000  __start___llvm_prf_cnts         
20200000  __stop___llvm_prf_bits          
20200000  __stop___llvm_prf_cnts          
00007e69  __subdf3                        
0000a241  __subsf3                        
0000b181  __truncdfsf2                    
0000a67d  __udivmoddi4                    
0000c2e5  _c_int00_noargs                 
UNDEFED   _system_post_cinit              
0000c785  _system_pre_init                
0000c74f  abort                           
20203758  acceleration_mg                 
202034f0  ahrs                            
20203764  angular_rate_mdps               
000085d9  asinf                           
00009349  atan2f                          
0000777d  atanf                           
0000bc05  atoi                            
ffffffff  binit                           
000073d9  cosf                            
0000bd35  encoder_task                    
20203770  euler                           
000089c9  floor                           
000089c9  floorl                          
0000b72d  frexp                           
0000b72d  frexpl                          
202038e2  gDataReceived                   
202032d8  gE3_BBackup                     
2020389c  gEncMotor1                      
202038b4  gEncMotor3                      
2020381c  gMotor                          
20203450  gPWM_1Backup                    
202038e3  gRxByte                         
20203694  gSPI_IMU660RBBackup             
20203394  gTIMER_0Backup                  
202038d0  gTimerTest                      
00000000  interruptVectors                
0000a169  ldexp                           
0000a3c9  ldexpf                          
0000a169  ldexpl                          
0000c085  lsm6dsr_angular_rate_raw_get    
0000be95  lsm6dsr_block_data_update_set   
0000bfe5  lsm6dsr_data_ready_mode_set     
0000c657  lsm6dsr_device_id_get           
0000c53d  lsm6dsr_from_fs2000dps_to_mdps  
0000c551  lsm6dsr_from_fs2g_to_mg         
0000b2d5  lsm6dsr_fsm_data_rate_get       
0000b08f  lsm6dsr_fsm_enable_get          
00009a45  lsm6dsr_gy_data_rate_set        
0000becd  lsm6dsr_gy_filter_lp1_set       
0000c46d  lsm6dsr_gy_flag_data_ready_get  
0000bf05  lsm6dsr_gy_full_scale_set       
0000b415  lsm6dsr_i3c_disable_set         
0000c4d1  lsm6dsr_odr_cal_reg_get         
0000a5d1  lsm6dsr_pin_int1_route_get      
000075ad  lsm6dsr_pin_int1_route_set      
0000c565  lsm6dsr_read_reg                
0000c3fb  lsm6dsr_reset_get               
0000bf3d  lsm6dsr_reset_set               
0000c579  lsm6dsr_write_reg               
00009b35  lsm6dsr_xl_data_rate_set        
0000bf75  lsm6dsr_xl_full_scale_set       
000061dd  main                            
0000c359  memccpy                         
0000c39d  memcmp                          
0000a859  memcpy                          
0000b60f  memset                          
0000c0b9  mspm0_delay_ms                  
0000c4e9  mspm0_get_clock_ms              
0000a169  scalbn                          
0000a3c9  scalbnf                         
0000a169  scalbnl                         
00007945  sinf                            
0000b9dd  snprintf                        
0000bfad  sprintf                         
00008305  sqrt                            
00008305  sqrtl                           
20203800  start_time                      
0000ae11  strcmp                          
00005565  strtof                          
00008b0d  strtol                          
20203804  tick_ms                         
0000c629  wcslen                          


GLOBAL SYMBOLS: SORTED BY Symbol Address 

address   name                            
-------   ----                            
00000000  __TI_ATRegion0_region_sz        
00000000  __TI_ATRegion0_src_addr         
00000000  __TI_ATRegion0_trg_addr         
00000000  __TI_ATRegion1_region_sz        
00000000  __TI_ATRegion1_src_addr         
00000000  __TI_ATRegion1_trg_addr         
00000000  __TI_ATRegion2_region_sz        
00000000  __TI_ATRegion2_src_addr         
00000000  __TI_ATRegion2_trg_addr         
00000000  __TI_static_base__              
00000000  interruptVectors                
000000c1  RoadTest_Update                 
00000200  __STACK_SIZE                    
000020fd  __TI_printfi                    
00002acd  SpeedControl_ProcessCommand     
0000343d  OLED_ShowSignedNum              
00003d67  ADC0_IRQHandler                 
00003d67  ADC1_IRQHandler                 
00003d67  AES_IRQHandler                  
00003d67  CANFD0_IRQHandler               
00003d67  DAC0_IRQHandler                 
00003d67  DMA_IRQHandler                  
00003d67  Default_Handler                 
00003d67  GROUP0_IRQHandler               
00003d67  GROUP1_IRQHandler               
00003d67  HardFault_Handler               
00003d67  I2C0_IRQHandler                 
00003d67  I2C1_IRQHandler                 
00003d67  NMI_Handler                     
00003d67  PendSV_Handler                  
00003d67  RTC_IRQHandler                  
00003d67  SPI0_IRQHandler                 
00003d67  SPI1_IRQHandler                 
00003d67  SVC_Handler                     
00003d67  TIMG12_IRQHandler               
00003d67  TIMG6_IRQHandler                
00003d67  TIMG7_IRQHandler                
00003d67  TIMG8_IRQHandler                
00003d67  UART2_IRQHandler                
00003d67  UART3_IRQHandler                
00003d69  FusionAhrsUpdate                
0000461d  __kernel_rem_pio2               
00004c61  OLED_ShowNum                    
000050f1  SpeedControl_Update20ms         
00005565  strtof                          
000058c5  RoadTest_ProcessCommand         
00005c21  RoadTest_DumpAllToVofa          
00005f09  OLED_Init                       
000061dd  main                            
00006491  RoadTest_DumpToVofa             
00006b9d  FusionTasks                     
00006fe9  IMU660RB_Init                   
000073d9  cosf                            
000075ad  lsm6dsr_pin_int1_route_set      
0000777d  atanf                           
00007945  sinf                            
00007b0d  Read_IMU660RB                   
00007ccd  FusionAhrsSetHeading            
00007e69  __aeabi_dsub                    
00007e69  __subdf3                        
00007e73  __adddf3                        
00007e73  __aeabi_dadd                    
00007ffb  __aeabi_idiv0                   
00008305  sqrt                            
00008305  sqrtl                           
00008475  SpeedControl_Init               
000085d9  asinf                           
00008739  OLED_WR_Byte                    
00008885  OLED_Clear                      
000089c9  floor                           
000089c9  floorl                          
00008b0d  strtol                          
00008ec9  RoadTest_Init                   
00009111  DL_Timer_initCaptureMode        
0000922d  RoadTest_Record20ms             
00009349  atan2f                          
00009461  __aeabi_ddiv                    
00009461  __divdf3                        
0000956d  DL_Timer_initFourCCPWMMode      
00009671  DL_Timer_initTimerMode          
0000976d  SpeedControl_GetStatus          
00009a45  lsm6dsr_gy_data_rate_set        
00009b35  lsm6dsr_xl_data_rate_set        
00009c25  SYSCFG_DL_GPIO_init             
00009d0d  __aeabi_dmul                    
00009d0d  __muldf3                        
00009df1  FusionAhrsSetSettings           
00009ed1  FusionOffsetUpdate              
00009fb1  OLED_ShowChar                   
0000a08d  VOFA_ReadCommand                
0000a169  ldexp                           
0000a169  ldexpl                          
0000a169  scalbn                          
0000a169  scalbnl                         
0000a241  __aeabi_fsub                    
0000a241  __subsf3                        
0000a24b  __addsf3                        
0000a24b  __aeabi_fadd                    
0000a3c9  ldexpf                          
0000a3c9  scalbnf                         
0000a5d1  lsm6dsr_pin_int1_route_get      
0000a67b  __aeabi_ldiv0                   
0000a67d  __udivmoddi4                    
0000a859  memcpy                          
0000a98d  VOFA_Update                     
0000aa25  SYSCFG_DL_initPower             
0000aab9  TIMA0_IRQHandler                
0000ab4d  Key_Init                        
0000abd9  SYSCFG_DL_PWM_0_init            
0000ac65  SYSCFG_DL_PWM_1_init            
0000acf1  __aeabi_fmul                    
0000acf1  __mulsf3                        
0000ae05  __aeabi_memclr                  
0000ae05  __aeabi_memclr4                 
0000ae05  __aeabi_memclr8                 
0000ae11  strcmp                          
0000ae99  __aeabi_fdiv                    
0000ae99  __divsf3                        
0000af1d  SYSCFG_DL_UART_VOFA_init        
0000af99  __TI_decompress_lzss            
0000b015  OLED_ShowString                 
0000b08f  lsm6dsr_fsm_enable_get          
0000b109  __gedf2                         
0000b109  __gtdf2                         
0000b17c  C$$EXIT                         
0000b17d  HOSTexit                        
0000b181  __aeabi_d2f                     
0000b181  __truncdfsf2                    
0000b1f5  SYSCFG_DL_UART_0_init           
0000b265  UART0_IRQHandler                
0000b2d5  lsm6dsr_fsm_data_rate_get       
0000b345  Motor_SetSpeed                  
0000b3ad  __cmpdf2                        
0000b3ad  __eqdf2                         
0000b3ad  __ledf2                         
0000b3ad  __ltdf2                         
0000b3ad  __nedf2                         
0000b415  lsm6dsr_i3c_disable_set         
0000b4e5  VOFA_Init                       
0000b549  __aeabi_dcmpeq                  
0000b55d  __aeabi_dcmplt                  
0000b571  __aeabi_dcmple                  
0000b585  __aeabi_dcmpge                  
0000b599  __aeabi_dcmpgt                  
0000b5ad  __aeabi_fcmpeq                  
0000b5c1  __aeabi_fcmplt                  
0000b5d5  __aeabi_fcmple                  
0000b5e9  __aeabi_fcmpge                  
0000b5fd  __aeabi_fcmpgt                  
0000b60f  memset                          
0000b671  DL_I2C_fillControllerTXFIFO     
0000b6d1  SYSCFG_DL_init                  
0000b72d  frexp                           
0000b72d  frexpl                          
0000b789  FusionAhrsInitialise            
0000b7e1  __TI_ltoa                       
0000b891  __aeabi_idiv                    
0000b891  __aeabi_idivmod                 
0000b8e9  SYSCFG_DL_I2C_OLED_init         
0000b991  SYSCFG_DL_SPI_IMU660RB_init     
0000b9dd  snprintf                        
0000ba29  __aeabi_d2iz                    
0000ba29  __fixdfsi                       
0000ba75  DL_UART_init                    
0000babd  DL_SPI_init                     
0000bb01  VOFA_SendMessage                
0000bb45  FusionAhrsUpdateNoMagnetometer  
0000bb85  __aeabi_uidiv                   
0000bb85  __aeabi_uidivmod                
0000bbc5  __aeabi_f2d                     
0000bbc5  __extendsfdf2                   
0000bc05  atoi                            
0000bc45  SYSCFG_DL_E1_B_init             
0000bc81  SYSCFG_DL_E3_B_init             
0000bcbd  __aeabi_i2f                     
0000bcbd  __floatsisf                     
0000bcf9  __gesf2                         
0000bcf9  __gtsf2                         
0000bd35  encoder_task                    
0000bd71  __TI_auto_init_nobinit_nopinit  
0000bdad  __cmpsf2                        
0000bdad  __eqsf2                         
0000bdad  __lesf2                         
0000bdad  __ltsf2                         
0000bdad  __nesf2                         
0000bde9  __muldsi3                       
0000be25  SYSCFG_DL_TIMER_0_init          
0000be5d  __aeabi_f2iz                    
0000be5d  __fixsfsi                       
0000be95  lsm6dsr_block_data_update_set   
0000becd  lsm6dsr_gy_filter_lp1_set       
0000bf05  lsm6dsr_gy_full_scale_set       
0000bf3d  lsm6dsr_reset_set               
0000bf75  lsm6dsr_xl_full_scale_set       
0000bfad  sprintf                         
0000bfe5  lsm6dsr_data_ready_mode_set     
0000c01d  TIMA1_IRQHandler                
0000c051  TIMG0_IRQHandler                
0000c085  lsm6dsr_angular_rate_raw_get    
0000c0b9  mspm0_delay_ms                  
0000c0ed  __aeabi_f2uiz                   
0000c0ed  __fixunssfsi                    
0000c121  DL_UART_transmitDataBlocking    
0000c151  FusionOffsetInitialise          
0000c181  SYSCFG_DL_SYSCTL_init           
0000c211  Encoder_Start                   
0000c23d  UART1_IRQHandler                
0000c269  __aeabi_i2d                     
0000c269  __floatsidf                     
0000c295  SysTick_Init                    
0000c2bd  __aeabi_ui2f                    
0000c2bd  __floatunsisf                   
0000c2e5  _c_int00_noargs                 
0000c30d  DL_I2C_setClockConfig           
0000c335  __aeabi_lmul                    
0000c335  __muldi3                        
0000c359  memccpy                         
0000c37d  Key_IsPressed                   
0000c39d  memcmp                          
0000c3bd  Motor_Stop                      
0000c3dd  __aeabi_llsl                    
0000c3dd  __ashldi3                       
0000c3fb  lsm6dsr_reset_get               
0000c419  DL_Timer_setCaptCompUpdateMethod
0000c435  DL_Timer_setClockConfig         
0000c451  Key_GetPressedTimeMs            
0000c46d  lsm6dsr_gy_flag_data_ready_get  
0000c489  DL_Timer_setCaptureCompareOutCtl
0000c4d1  lsm6dsr_odr_cal_reg_get         
0000c4e9  mspm0_get_clock_ms              
0000c529  __aeabi_uldivmod                
0000c53d  lsm6dsr_from_fs2000dps_to_mdps  
0000c551  lsm6dsr_from_fs2g_to_mg         
0000c565  lsm6dsr_read_reg                
0000c579  lsm6dsr_write_reg               
0000c5a1  DL_SPI_setClockConfig           
0000c5b3  DL_UART_setClockConfig          
0000c5c5  __TI_decompress_none            
0000c5d9  DL_Timer_setCaptureCompareValue 
0000c5e9  FusionAhrsGetQuaternion         
0000c609  RoadTest_UsesOled               
0000c619  SysTick_Handler                 
0000c629  wcslen                          
0000c639  __TI_zero_init                  
0000c649  __aeabi_memset                  
0000c649  __aeabi_memset4                 
0000c649  __aeabi_memset8                 
0000c657  lsm6dsr_device_id_get           
0000c673  DL_Common_delayCycles           
0000c6cb  Key_Update1ms                   
0000c6dd  __aeabi_errno_addr              
0000c6e5  __aeabi_memcpy                  
0000c6e5  __aeabi_memcpy4                 
0000c6e5  __aeabi_memcpy8                 
0000c74f  abort                           
0000c781  Reset_Handler                   
0000c785  _system_pre_init                
0000d0b0  __aeabi_ctype_table_            
0000d0b0  __aeabi_ctype_table_C           
0000decc  __TI_Handler_Table_Base         
0000ded8  __TI_Handler_Table_Limit        
0000dee0  __TI_CINIT_Base                 
0000def0  __TI_CINIT_Limit                
0000def0  __TI_CINIT_Warm                 
20200000  __start___llvm_prf_bits         
20200000  __start___llvm_prf_cnts         
20200000  __stop___llvm_prf_bits          
20200000  __stop___llvm_prf_cnts          
202032d8  gE3_BBackup                     
20203394  gTIMER_0Backup                  
20203450  gPWM_1Backup                    
202034f0  ahrs                            
20203694  gSPI_IMU660RBBackup             
20203758  acceleration_mg                 
20203764  angular_rate_mdps               
20203770  euler                           
20203800  start_time                      
20203804  tick_ms                         
2020381c  gMotor                          
2020389c  gEncMotor1                      
202038b4  gEncMotor3                      
202038cc  __aeabi_errno                   
202038d0  gTimerTest                      
202038e2  gDataReceived                   
202038e3  gRxByte                         
20207e00  __stack                         
20208000  __STACK_END                     
ffffffff  __TI_pprof_out_hndl             
ffffffff  __TI_prof_data_size             
ffffffff  __TI_prof_data_start            
ffffffff  __binit__                       
ffffffff  binit                           
UNDEFED   __mpu_init                      
UNDEFED   _system_post_cinit              

[294 symbols]
