******************************************************************************
            TI ARM Clang Linker PC v4.0.4                      
******************************************************************************
>> Linked Sat Jul 18 16:04:50 2026

OUTPUT FILE NAME:   <gpio_toggle_output_LP_MSPM0G3507_nortos_ticlang.out>
ENTRY POINT SYMBOL: "_c_int00_noargs"  address: 0000bd8d


MEMORY CONFIGURATION

         name            origin    length      used     unused   attr    fill
----------------------  --------  ---------  --------  --------  ----  --------
  FLASH                 00000000   00020000  0000d850  000127b0  R  X
  SRAM                  20200000   00008000  00003898  00004768  RW X
  BCR_CONFIG            41c00000   000000ff  00000000  000000ff  R   
  BSL_CONFIG            41c00100   00000080  00000000  00000080  R   


SEGMENT ALLOCATION MAP

run origin  load origin   length   init length attrs members
----------  ----------- ---------- ----------- ----- -------
00000000    00000000    0000d850   0000d850    r-x
  00000000    00000000    000000c0   000000c0    r-- .intvecs
  000000c0    000000c0    0000c170   0000c170    r-x .text
  0000c230    0000c230    000015a0   000015a0    r-- .rodata
  0000d7d0    0000d7d0    00000080   00000080    r-- .cinit
20200000    20200000    0000369a   00000000    rw-
  20200000    20200000    000035ce   00000000    rw- .bss
  202035d0    202035d0    000000ca   00000000    rw- .data
20207e00    20207e00    00000200   00000000    rw-
  20207e00    20207e00    00000200   00000000    rw- .stack


SECTION ALLOCATION MAP

 output                                  attributes/
section   page    origin      length       input sections
--------  ----  ----------  ----------   ----------------
.intvecs   0    00000000    000000c0     
                  00000000    000000c0     startup_mspm0g350x_ticlang.o (.intvecs)

.text      0    000000c0    0000c170     
                  000000c0    000020f0     road_test.o (.text.RoadTest_Update)
                  000021b0    000009d0     libc.a : _printfi.c.obj (.text:__TI_printfi)
                  00002b80    0000092a     oled_hardware_i2c.o (.text.OLED_ShowSignedNum)
                  000034aa    00000002     startup_mspm0g350x_ticlang.o (.text.Default_Handler)
                  000034ac    000008b4     FusionAhrs.o (.text.FusionAhrsUpdate)
                  00003d60    00000834     speed_control.o (.text.SpeedControl_ProcessCommand)
                  00004594    00000644     libc.a : k_rem_pio2.c.obj (.text.__kernel_rem_pio2)
                  00004bd8    00000490     oled_hardware_i2c.o (.text.OLED_ShowNum)
                  00005068    000003b0     road_test.o (.text.RoadTest_ProcessCommand)
                  00005418    00000360     libc.a : strtof.c.obj (.text.strtof)
                  00005778    000002d8     road_test.o (.text.RoadTest_DumpAllToVofa)
                  00005a50    000002d4     oled_hardware_i2c.o (.text.OLED_Init)
                  00005d24    000002bc     speed_control.o (.text.SpeedControl_Update20ms)
                  00005fe0    00000298     gpio_toggle_output.o (.text.main)
                  00006278    00000294     road_test.o (.text.RoadTest_DumpToVofa)
                  0000650c    0000023c     key.o (.text.Key_Service)
                  00006748    0000022c     imu660rb.o (.text.FusionTasks)
                  00006974    00000220     libc.a : _printfi.c.obj (.text._pconv_a)
                  00006b94    00000214     imu660rb.o (.text.IMU660RB_Init)
                  00006da8    000001dc     libc.a : _printfi.c.obj (.text._pconv_g)
                  00006f84    000001d4            : s_cosf.c.obj (.text.cosf)
                  00007158    000001d0     lsm6dsr_reg.o (.text.lsm6dsr_pin_int1_route_set)
                  00007328    000001c8     libc.a : s_atanf.c.obj (.text.atanf)
                  000074f0    000001c8            : s_sinf.c.obj (.text.sinf)
                  000076b8    000001c0     imu660rb.o (.text.Read_IMU660RB)
                  00007878    0000019c     FusionAhrs.o (.text.FusionAhrsSetHeading)
                  00007a14    00000192     libclang_rt.builtins.a : adddf3.S.obj (.text.adddf3_subdf3)
                  00007ba6    00000002                            : aeabi_div0.c.obj (.text.__aeabi_idiv0)
                  00007ba8    00000188     imu660rb.o (.text.platform_read)
                  00007d30    00000180     imu660rb.o (.text.platform_write)
                  00007eb0    00000170     libc.a : e_sqrt.c.obj (.text.sqrt)
                  00008020    00000160            : e_asinf.c.obj (.text.asinf)
                  00008180    00000156     speed_control.o (.text.SpeedPid_Update)
                  000082d6    00000002     libclang_rt.builtins.a : aeabi_div0.c.obj (.text.__aeabi_ldiv0)
                  000082d8    0000014c     oled_hardware_i2c.o (.text.OLED_WR_Byte)
                  00008424    00000144     oled_hardware_i2c.o (.text.OLED_Clear)
                  00008568    00000144     libc.a : s_floor.c.obj (.text.floor)
                  000086ac    00000144            : strtol.c.obj (.text.strtol)
                  000087f0    0000013c     FusionAhrs.o (.text.Feedback)
                  0000892c    0000013c     libc.a : _printfi.c.obj (.text.fcvt)
                  00008a68    00000120            : _printfi.c.obj (.text._pconv_e)
                  00008b88    0000011c     driverlib.a : dl_timer.o (.text.DL_Timer_initCaptureMode)
                  00008ca4    0000011c     road_test.o (.text.RoadTest_Init)
                  00008dc0    0000011c     road_test.o (.text.RoadTest_Record20ms)
                  00008edc    00000118     libc.a : e_atan2f.c.obj (.text.atan2f)
                  00008ff4    0000010c     libclang_rt.builtins.a : divdf3.S.obj (.text.__divdf3)
                  00009100    00000104     driverlib.a : dl_timer.o (.text.DL_Timer_initFourCCPWMMode)
                  00009204    000000fc                 : dl_timer.o (.text.DL_Timer_initTimerMode)
                  00009300    000000f8     speed_control.o (.text.SpeedControl_Init)
                  000093f8    000000f0     speed_control.o (.text.SpeedControl_ParseFloat)
                  000094e8    000000f0     speed_control.o (.text.SpeedControl_ParseLong)
                  000095d8    000000f0     lsm6dsr_reg.o (.text.lsm6dsr_gy_data_rate_set)
                  000096c8    000000f0     lsm6dsr_reg.o (.text.lsm6dsr_xl_data_rate_set)
                  000097b8    000000e8     ti_msp_dl_config.o (.text.SYSCFG_DL_GPIO_init)
                  000098a0    000000e4     libclang_rt.builtins.a : muldf3.S.obj (.text.__muldf3)
                  00009984    000000e0     FusionAhrs.o (.text.FusionAhrsSetSettings)
                  00009a64    000000e0     FusionOffset.o (.text.FusionOffsetUpdate)
                  00009b44    000000dc     oled_hardware_i2c.o (.text.OLED_ShowChar)
                  00009c20    000000dc     vofa.o (.text.VOFA_ReadCommand)
                  00009cfc    000000d8     libc.a : s_scalbn.c.obj (.text.scalbn)
                  00009dd4    000000d8     libclang_rt.builtins.a : addsf3.S.obj (.text)
                  00009eac    000000b0     libc.a : s_scalbnf.c.obj (.text.scalbnf)
                  00009f5c    000000ac            : s_cosf.c.obj (.text.__kernel_sindf)
                  0000a008    000000ac            : s_sinf.c.obj (.text.__kernel_sindf)
                  0000a0b4    000000aa     lsm6dsr_reg.o (.text.lsm6dsr_pin_int1_route_get)
                  0000a15e    00000002     --HOLE-- [fill = 0]
                  0000a160    000000a2     libclang_rt.builtins.a : udivmoddi4.S.obj (.text)
                  0000a202    00000002     --HOLE-- [fill = 0]
                  0000a204    0000009c     libc.a : s_cosf.c.obj (.text.__kernel_cosdf)
                  0000a2a0    0000009c            : s_sinf.c.obj (.text.__kernel_cosdf)
                  0000a33c    0000009a            : memcpy16.S.obj (.text:memcpy)
                  0000a3d6    00000002     --HOLE-- [fill = 0]
                  0000a3d8    00000094     ti_msp_dl_config.o (.text.SYSCFG_DL_initPower)
                  0000a46c    00000094     speed_control.o (.text.SpeedControl_GetStatus)
                  0000a500    00000094     gpio_toggle_output.o (.text.TIMA0_IRQHandler)
                  0000a594    0000008c     key.o (.text.Key_Init)
                  0000a620    0000008c     ti_msp_dl_config.o (.text.SYSCFG_DL_PWM_0_init)
                  0000a6ac    0000008c     ti_msp_dl_config.o (.text.SYSCFG_DL_PWM_1_init)
                  0000a738    0000008c     libclang_rt.builtins.a : mulsf3.S.obj (.text.__mulsf3)
                  0000a7c4    0000000c                            : aeabi_memset.S.obj (.text.__aeabi_memclr)
                  0000a7d0    00000088     libc.a : strcmp-armv6m.S.obj (.text:strcmp)
                  0000a858    00000082     libclang_rt.builtins.a : divsf3.S.obj (.text.__divsf3)
                  0000a8da    00000002     --HOLE-- [fill = 0]
                  0000a8dc    00000080     vofa.o (.text.VOFA_Update)
                  0000a95c    0000007c     ti_msp_dl_config.o (.text.SYSCFG_DL_UART_VOFA_init)
                  0000a9d8    0000007c     libc.a : copy_decompress_lzss.c.obj (.text:decompress:lzss)
                  0000aa54    0000007a     oled_hardware_i2c.o (.text.OLED_ShowString)
                  0000aace    0000007a     lsm6dsr_reg.o (.text.lsm6dsr_fsm_enable_get)
                  0000ab48    00000074     libclang_rt.builtins.a : comparedf2.c.obj (.text.__gedf2)
                  0000abbc    00000004     libsysbm.a : hostexit.c.obj (.text.HOSTexit)
                  0000abc0    00000074     libclang_rt.builtins.a : truncdfsf2.S.obj (.text.__truncdfsf2)
                  0000ac34    00000070     ti_msp_dl_config.o (.text.SYSCFG_DL_UART_0_init)
                  0000aca4    00000070     vofa.o (.text.UART0_IRQHandler)
                  0000ad14    0000006e     lsm6dsr_reg.o (.text.lsm6dsr_fsm_data_rate_get)
                  0000ad82    00000002     --HOLE-- [fill = 0]
                  0000ad84    00000068     motor.o (.text.Motor_SetSpeed)
                  0000adec    00000068     speed_control.o (.text.SpeedControl_StopOutputs)
                  0000ae54    00000068     libclang_rt.builtins.a : comparedf2.c.obj (.text.__ledf2)
                  0000aebc    00000068     lsm6dsr_reg.o (.text.lsm6dsr_i3c_disable_set)
                  0000af24    00000066     libc.a : _printfi.c.obj (.text._mcpy)
                  0000af8a    00000002     --HOLE-- [fill = 0]
                  0000af8c    00000064     vofa.o (.text.VOFA_Init)
                  0000aff0    00000062     libclang_rt.builtins.a : aeabi_dcmp.S.obj (.text.__aeabi_dcmp)
                  0000b052    00000002     --HOLE-- [fill = 0]
                  0000b054    00000062                            : aeabi_fcmp.S.obj (.text.__aeabi_fcmp)
                  0000b0b6    00000062     libc.a : memset16.S.obj (.text:memset)
                  0000b118    0000005e     driverlib.a : dl_i2c.o (.text.DL_I2C_fillControllerTXFIFO)
                  0000b176    00000002     --HOLE-- [fill = 0]
                  0000b178    0000005c     ti_msp_dl_config.o (.text.SYSCFG_DL_init)
                  0000b1d4    0000005c     libc.a : s_frexp.c.obj (.text.frexp)
                  0000b230    00000058     FusionAhrs.o (.text.FusionAhrsInitialise)
                  0000b288    00000058     libc.a : _ltoa.c.obj (.text.__TI_ltoa)
                  0000b2e0    00000058            : _printfi.c.obj (.text._pconv_f)
                  0000b338    00000056     libclang_rt.builtins.a : aeabi_idivmod.S.obj (.text.__aeabi_idivmod)
                  0000b38e    00000002     --HOLE-- [fill = 0]
                  0000b390    00000054     ti_msp_dl_config.o (.text.SYSCFG_DL_I2C_OLED_init)
                  0000b3e4    00000052     libc.a : _printfi.c.obj (.text._ecpy)
                  0000b436    00000002     --HOLE-- [fill = 0]
                  0000b438    0000004c     ti_msp_dl_config.o (.text.SYSCFG_DL_SPI_IMU660RB_init)
                  0000b484    0000004c     libc.a : snprintf.c.obj (.text.snprintf)
                  0000b4d0    0000004a     libclang_rt.builtins.a : fixdfsi.S.obj (.text.__fixdfsi)
                  0000b51a    00000002     --HOLE-- [fill = 0]
                  0000b51c    00000048     driverlib.a : dl_uart.o (.text.DL_UART_init)
                  0000b564    00000044                 : dl_spi.o (.text.DL_SPI_init)
                  0000b5a8    00000044     vofa.o (.text.VOFA_SendMessage)
                  0000b5ec    00000040     FusionAhrs.o (.text.FusionAhrsUpdateNoMagnetometer)
                  0000b62c    00000040     libclang_rt.builtins.a : aeabi_uidivmod.S.obj (.text.__aeabi_uidivmod)
                  0000b66c    00000040                            : extendsfdf2.S.obj (.text.__extendsfdf2)
                  0000b6ac    00000040     libc.a : atoi.c.obj (.text.atoi)
                  0000b6ec    0000003c     ti_msp_dl_config.o (.text.SYSCFG_DL_E1_B_init)
                  0000b728    0000003c     ti_msp_dl_config.o (.text.SYSCFG_DL_E3_B_init)
                  0000b764    0000003c     libclang_rt.builtins.a : floatsisf.S.obj (.text.__floatsisf)
                  0000b7a0    0000003c                            : comparesf2.S.obj (.text.__gtsf2)
                  0000b7dc    0000003c     encoder.o (.text.encoder_task)
                  0000b818    0000003c     libc.a : autoinit.c.obj (.text:__TI_auto_init_nobinit_nopinit)
                  0000b854    0000003a     libclang_rt.builtins.a : comparesf2.S.obj (.text.__eqsf2)
                  0000b88e    00000002     --HOLE-- [fill = 0]
                  0000b890    0000003a                            : muldsi3.S.obj (.text.__muldsi3)
                  0000b8ca    00000002     --HOLE-- [fill = 0]
                  0000b8cc    00000038     ti_msp_dl_config.o (.text.SYSCFG_DL_TIMER_0_init)
                  0000b904    00000038     libclang_rt.builtins.a : fixsfsi.S.obj (.text.__fixsfsi)
                  0000b93c    00000038     lsm6dsr_reg.o (.text.lsm6dsr_block_data_update_set)
                  0000b974    00000038     lsm6dsr_reg.o (.text.lsm6dsr_gy_filter_lp1_set)
                  0000b9ac    00000038     lsm6dsr_reg.o (.text.lsm6dsr_gy_full_scale_set)
                  0000b9e4    00000038     lsm6dsr_reg.o (.text.lsm6dsr_reset_set)
                  0000ba1c    00000038     lsm6dsr_reg.o (.text.lsm6dsr_xl_full_scale_set)
                  0000ba54    00000038     libc.a : sprintf.c.obj (.text.sprintf)
                  0000ba8c    00000036     lsm6dsr_reg.o (.text.lsm6dsr_data_ready_mode_set)
                  0000bac2    00000002     --HOLE-- [fill = 0]
                  0000bac4    00000034     encoder.o (.text.TIMA1_IRQHandler)
                  0000baf8    00000034     encoder.o (.text.TIMG0_IRQHandler)
                  0000bb2c    00000034     lsm6dsr_reg.o (.text.lsm6dsr_angular_rate_raw_get)
                  0000bb60    00000034     clock.o (.text.mspm0_delay_ms)
                  0000bb94    00000032     libclang_rt.builtins.a : fixunssfsi.S.obj (.text.__fixunssfsi)
                  0000bbc6    00000002     --HOLE-- [fill = 0]
                  0000bbc8    00000030     driverlib.a : dl_uart.o (.text.DL_UART_transmitDataBlocking)
                  0000bbf8    00000030     FusionOffset.o (.text.FusionOffsetInitialise)
                  0000bc28    00000030     ti_msp_dl_config.o (.text.SYSCFG_DL_SYSCTL_init)
                  0000bc58    00000030     libc.a : _printfi.c.obj (.text._fcpy)
                  0000bc88    00000030            : snprintf.c.obj (.text._outs)
                  0000bcb8    0000002c     encoder.o (.text.Encoder_Start)
                  0000bce4    0000002c     gpio_toggle_output.o (.text.UART1_IRQHandler)
                  0000bd10    0000002c     libclang_rt.builtins.a : floatsidf.S.obj (.text.__floatsidf)
                  0000bd3c    00000028     clock.o (.text.SysTick_Init)
                  0000bd64    00000028     libclang_rt.builtins.a : floatunsisf.S.obj (.text.__floatunsisf)
                  0000bd8c    00000028     libc.a : boot_cortex_m.c.obj (.text:_c_int00_noargs)
                  0000bdb4    00000026     driverlib.a : dl_i2c.o (.text.DL_I2C_setClockConfig)
                  0000bdda    00000002     --HOLE-- [fill = 0]
                  0000bddc    00000024     libclang_rt.builtins.a : muldi3.S.obj (.text.__muldi3)
                  0000be00    00000022     libc.a : memccpy.c.obj (.text.memccpy)
                  0000be22    00000002     --HOLE-- [fill = 0]
                  0000be24    00000020     key.o (.text.Key_IsPressed)
                  0000be44    00000020     libc.a : memcmp.c.obj (.text.memcmp)
                  0000be64    0000001e     motor.o (.text.Motor_Stop)
                  0000be82    00000002     --HOLE-- [fill = 0]
                  0000be84    0000001e     libclang_rt.builtins.a : ashldi3.S.obj (.text.__ashldi3)
                  0000bea2    0000001e     lsm6dsr_reg.o (.text.lsm6dsr_reset_get)
                  0000bec0    0000001c     driverlib.a : dl_timer.o (.text.DL_Timer_setCaptCompUpdateMethod)
                  0000bedc    0000001c                 : dl_timer.o (.text.DL_Timer_setClockConfig)
                  0000bef8    0000001c     key.o (.text.Key_GetPressedTimeMs)
                  0000bf14    0000001c     lsm6dsr_reg.o (.text.lsm6dsr_gy_flag_data_ready_get)
                  0000bf30    00000018     driverlib.a : dl_timer.o (.text.DL_Timer_setCaptureCompareOutCtl)
                  0000bf48    00000018     libc.a : snprintf.c.obj (.text._outc)
                  0000bf60    00000018            : sprintf.c.obj (.text._outs)
                  0000bf78    00000018     lsm6dsr_reg.o (.text.lsm6dsr_odr_cal_reg_get)
                  0000bf90    00000018     clock.o (.text.mspm0_get_clock_ms)
                  0000bfa8    00000016     libc.a : k_rem_pio2.c.obj (.text.OUTLINED_FUNCTION_0)
                  0000bfbe    00000002     --HOLE-- [fill = 0]
                  0000bfc0    00000010     libclang_rt.builtins.a : adddf3.S.obj (.tramp.__aeabi_dadd.1)
                  0000bfd0    00000014                            : aeabi_uldivmod.S.obj (.text.__aeabi_uldivmod)
                  0000bfe4    00000014     lsm6dsr_reg.o (.text.lsm6dsr_from_fs2000dps_to_mdps)
                  0000bff8    00000014     lsm6dsr_reg.o (.text.lsm6dsr_from_fs2g_to_mg)
                  0000c00c    00000014     lsm6dsr_reg.o (.text.lsm6dsr_read_reg)
                  0000c020    00000014     lsm6dsr_reg.o (.text.lsm6dsr_write_reg)
                  0000c034    00000014     libc.a : _printfi.c.obj (.text.strchr)
                  0000c048    00000012     driverlib.a : dl_spi.o (.text.DL_SPI_setClockConfig)
                  0000c05a    00000012                 : dl_uart.o (.text.DL_UART_setClockConfig)
                  0000c06c    00000012     libc.a : copy_decompress_none.c.obj (.text:decompress:none)
                  0000c07e    00000002     --HOLE-- [fill = 0]
                  0000c080    00000010     driverlib.a : dl_timer.o (.text.DL_Timer_setCaptureCompareValue)
                  0000c090    00000010     FusionAhrs.o (.text.FusionAhrsGetQuaternion)
                  0000c0a0    00000010     libc.a : k_rem_pio2.c.obj (.text.OUTLINED_FUNCTION_2)
                  0000c0b0    00000010     road_test.o (.text.RoadTest_UsesOled)
                  0000c0c0    00000010     gpio_toggle_output.o (.text.SysTick_Handler)
                  0000c0d0    00000010     libc.a : wcslen.c.obj (.text.wcslen)
                  0000c0e0    00000010            : copy_zero_init.c.obj (.text:decompress:ZI)
                  0000c0f0    0000000e     libclang_rt.builtins.a : aeabi_memset.S.obj (.text.__aeabi_memset)
                  0000c0fe    0000000e     lsm6dsr_reg.o (.text.lsm6dsr_device_id_get)
                  0000c10c    0000000e     libc.a : _printfi.c.obj (.text.strlen)
                  0000c11a    0000000a     driverlib.a : dl_common.o (.text.DL_Common_delayCycles)
                  0000c124    0000000a     libc.a : _printfi.c.obj (.text.OUTLINED_FUNCTION_0)
                  0000c12e    00000002     --HOLE-- [fill = 0]
                  0000c130    00000010     libclang_rt.builtins.a : adddf3.S.obj (.tramp.__aeabi_dsub.1)
                  0000c140    0000000a     libc.a : _printfi.c.obj (.text.OUTLINED_FUNCTION_1)
                  0000c14a    0000000a            : k_rem_pio2.c.obj (.text.OUTLINED_FUNCTION_1)
                  0000c154    0000000a            : s_cosf.c.obj (.text.OUTLINED_FUNCTION_3)
                  0000c15e    0000000a            : s_sinf.c.obj (.text.OUTLINED_FUNCTION_3)
                  0000c168    0000000a            : sprintf.c.obj (.text._outc)
                  0000c172    00000008     key.o (.text.Key_Update1ms)
                  0000c17a    00000008     libc.a : strtof.c.obj (.text.OUTLINED_FUNCTION_0)
                  0000c182    00000002     --HOLE-- [fill = 0]
                  0000c184    00000008            : aeabi_portable.c.obj (.text.__aeabi_errno_addr)
                  0000c18c    00000008     libclang_rt.builtins.a : aeabi_memcpy.S.obj (.text.__aeabi_memcpy)
                  0000c194    00000008     imu660rb.o (.text.platform_delay)
                  0000c19c    00000006     libc.a : e_asinf.c.obj (.text.OUTLINED_FUNCTION_0)
                  0000c1a2    00000002     --HOLE-- [fill = 0]
                  0000c1a4    00000010     libclang_rt.builtins.a : mulsf3.S.obj (.tramp.__aeabi_fmul.1)
                  0000c1b4    00000006     libc.a : s_atanf.c.obj (.text.OUTLINED_FUNCTION_0)
                  0000c1ba    00000002     --HOLE-- [fill = 0]
                  0000c1bc    00000010     libclang_rt.builtins.a : divsf3.S.obj (.tramp.__aeabi_fdiv.1)
                  0000c1cc    00000006     libc.a : s_cosf.c.obj (.text.OUTLINED_FUNCTION_0)
                  0000c1d2    00000002     --HOLE-- [fill = 0]
                  0000c1d4    00000010     libclang_rt.builtins.a : muldf3.S.obj (.tramp.__aeabi_dmul.1)
                  0000c1e4    00000006     libc.a : s_sinf.c.obj (.text.OUTLINED_FUNCTION_0)
                  0000c1ea    00000006            : s_cosf.c.obj (.text.OUTLINED_FUNCTION_1)
                  0000c1f0    00000006            : s_sinf.c.obj (.text.OUTLINED_FUNCTION_1)
                  0000c1f6    00000006            : exit.c.obj (.text:abort)
                  0000c1fc    00000004            : s_atanf.c.obj (.text.OUTLINED_FUNCTION_1)
                  0000c200    00000010     libclang_rt.builtins.a : addsf3.S.obj (.tramp.__aeabi_fadd.1)
                  0000c210    00000004     libc.a : s_cosf.c.obj (.text.OUTLINED_FUNCTION_2)
                  0000c214    00000010     libclang_rt.builtins.a : extendsfdf2.S.obj (.tramp.__aeabi_f2d.1)
                  0000c224    00000004     libc.a : s_sinf.c.obj (.text.OUTLINED_FUNCTION_2)
                  0000c228    00000004     startup_mspm0g350x_ticlang.o (.text.Reset_Handler)
                  0000c22c    00000004     libc.a : pre_init.c.obj (.text._system_pre_init)

.cinit     0    0000d7d0    00000080     
                  0000d7d0    0000005c     (.cinit..data.load) [load image, compression = lzss]
                  0000d82c    0000000c     (__TI_handler_table)
                  0000d838    00000008     (.cinit..bss.load) [load image, compression = zero_init]
                  0000d840    00000010     (__TI_cinit_table)

.rodata    0    0000c230    000015a0     
                  0000c230    000005f0     oled_hardware_i2c.o (.rodata.asc2_1608)
                  0000c820    00000228     oled_hardware_i2c.o (.rodata.asc2_0806)
                  0000ca48    00000108     libc.a : k_rem_pio2.c.obj (.rodata.ipio2)
                  0000cb50    00000101            : aeabi_ctype.S.obj (.rodata:__aeabi_ctype_table_)
                  0000cc51    00000095     speed_control.o (.rodata.str1.17732539126439131682.1)
                  0000cce6    00000071     speed_control.o (.rodata.str1.14706624642400068386.1)
                  0000cd57    00000061     speed_control.o (.rodata.str1.211519452835695116.1)
                  0000cdb8    0000005c     road_test.o (.rodata.str1.13428199119518746714.1)
                  0000ce14    0000004f     road_test.o (.rodata.str1.13596133497753879827.1)
                  0000ce63    0000004b     road_test.o (.rodata.str1.14172003878770153340.1)
                  0000ceae    00000002     ti_msp_dl_config.o (.rodata.gI2C_OLEDClockConfig)
                  0000ceb0    00000040     libc.a : k_rem_pio2.c.obj (.rodata.PIo2)
                  0000cef0    00000040            : strtof.c.obj (.rodata.digits)
                  0000cf30    0000003e     road_test.o (.rodata.str1.15958033849920293327.1)
                  0000cf6e    0000003b     road_test.o (.rodata.str1.12521593022028111712.1)
                  0000cfa9    00000033     road_test.o (.rodata.str1.7293514000599815715.1)
                  0000cfdc    00000033     road_test.o (.rodata.str1.8634895958968989169.1)
                  0000d00f    00000032     road_test.o (.rodata.str1.10132973821083072637.1)
                  0000d041    00000032     road_test.o (.rodata.str1.18111462104480922923.1)
                  0000d073    00000031     speed_control.o (.rodata.str1.2460042231388657623.1)
                  0000d0a4    00000030     road_test.o (.rodata.str1.17541680400037353235.1)
                  0000d0d4    0000002b     speed_control.o (.rodata.str1.3456492466988614487.1)
                  0000d0ff    0000002a     speed_control.o (.rodata.str1.11250545846333204047.1)
                  0000d129    00000028     road_test.o (.rodata.str1.11982508440533459467.1)
                  0000d151    00000027     speed_control.o (.rodata.str1.8006736084623631825.1)
                  0000d178    00000026     speed_control.o (.rodata.str1.1811524898172795847.1)
                  0000d19e    00000025     road_test.o (.rodata.str1.2148486997329350993.1)
                  0000d1c3    00000024     speed_control.o (.rodata.str1.13765000796998514547.1)
                  0000d1e7    00000024     speed_control.o (.rodata.str1.1807643411616452634.1)
                  0000d20b    00000024     road_test.o (.rodata.str1.3760376893857790387.1)
                  0000d22f    00000023     road_test.o (.rodata.str1.34626326995868208.1)
                  0000d252    00000023     speed_control.o (.rodata.str1.882219236629276955.1)
                  0000d275    00000022     road_test.o (.rodata.str1.1667293515124630886.1)
                  0000d297    00000001     --HOLE-- [fill = 0]
                  0000d298    00000020     libc.a : s_atanf.c.obj (.rodata.cst16)
                  0000d2b8    0000001f     speed_control.o (.rodata.str1.5067816898160249587.1)
                  0000d2d7    0000001e     vofa.o (.rodata.str1.15592850640436249970.1)
                  0000d2f5    0000001e     road_test.o (.rodata.str1.7338057428763850804.1)
                  0000d313    0000001c     speed_control.o (.rodata.str1.3245608251918206818.1)
                  0000d32f    0000001c     road_test.o (.rodata.str1.5769326548759584178.1)
                  0000d34b    0000001c     speed_control.o (.rodata.str1.6983313824812850148.1)
                  0000d367    0000001a     speed_control.o (.rodata.str1.11935626047561011845.1)
                  0000d381    0000001a     road_test.o (.rodata.str1.2026454474464060702.1)
                  0000d39b    00000019     road_test.o (.rodata.str1.10585604639956306978.1)
                  0000d3b4    00000019     speed_control.o (.rodata.str1.15735647651265398266.1)
                  0000d3cd    00000003     ti_msp_dl_config.o (.rodata.gE1_BClockConfig)
                  0000d3d0    00000018     FusionAhrs.o (.rodata..L__const.FusionAhrsInitialise.settings)
                  0000d3e8    00000018     libc.a : strtof.c.obj (.rodata.powerof10)
                  0000d400    00000018     road_test.o (.rodata.str1.2417905470762545395.1)
                  0000d418    00000017     speed_control.o (.rodata.str1.2033466000042398445.1)
                  0000d42f    00000001     --HOLE-- [fill = 0]
                  0000d430    00000014     ti_msp_dl_config.o (.rodata.gTIMER_0TimerConfig)
                  0000d444    00000013     speed_control.o (.rodata.str1.8057713725946704052.1)
                  0000d457    00000013     speed_control.o (.rodata.str1.8920910648903796389.1)
                  0000d46a    00000012     road_test.o (.rodata.str1.10558569341621706591.1)
                  0000d47c    00000011     libc.a : _printfi.c.obj (.rodata.str1.10348868589481759720.1)
                  0000d48d    00000011            : _printfi.c.obj (.rodata.str1.15363888844622738466.1)
                  0000d49e    00000011     speed_control.o (.rodata.str1.4521357460824390753.1)
                  0000d4af    00000011     road_test.o (.rodata.str1.5347845603747570075.1)
                  0000d4c0    00000010     libc.a : k_rem_pio2.c.obj (.rodata.cst16)
                  0000d4d0    00000010     ti_msp_dl_config.o (.rodata.gE1_BCaptureConfig)
                  0000d4e0    00000010     ti_msp_dl_config.o (.rodata.gE3_BCaptureConfig)
                  0000d4f0    00000010     gpio_toggle_output.o (.rodata.str1.10910899861604263444.1)
                  0000d500    00000010     road_test.o (.rodata.str1.12498368073199732920.4)
                  0000d510    00000010     gpio_toggle_output.o (.rodata.str1.16559069285837280738.1)
                  0000d520    00000010     road_test.o (.rodata.str1.5727519952109052050.1)
                  0000d530    0000000f     road_test.o (.rodata.str1.14732323034741431622.1)
                  0000d53f    0000000f     road_test.o (.rodata.str1.8820741913259217115.1)
                  0000d54e    0000000f     road_test.o (.rodata.str1.8830601459989132679.1)
                  0000d55d    0000000e     road_test.o (.rodata.str1.11313499162010821110.1)
                  0000d56b    0000000e     road_test.o (.rodata.str1.12266663484419824128.1)
                  0000d579    0000000e     road_test.o (.rodata.str1.13569518918217488640.1)
                  0000d587    0000000e     road_test.o (.rodata.str1.16109185612488241134.1)
                  0000d595    0000000e     road_test.o (.rodata.str1.16673353727813071999.1)
                  0000d5a3    0000000e     road_test.o (.rodata.str1.16821564161465962818.1)
                  0000d5b1    0000000d     road_test.o (.rodata.str1.15398460664928362200.1)
                  0000d5be    00000002     ti_msp_dl_config.o (.rodata.gSPI_IMU660RB_clockConfig)
                  0000d5c0    0000000c     driverlib.a : dl_timer.o (.rodata..Lswitch.table.DL_Timer_initCompareMode)
                  0000d5cc    0000000c     gpio_toggle_output.o (.rodata.str1.13732985183997240173.1)
                  0000d5d8    0000000c     road_test.o (.rodata.str1.15596358016965810863.1)
                  0000d5e4    0000000c     gpio_toggle_output.o (.rodata.str1.16718355729119112538.1)
                  0000d5f0    0000000c     gpio_toggle_output.o (.rodata.str1.5807257539606399117.1)
                  0000d5fc    0000000b     road_test.o (.rodata.str1.12122456004100100336.1)
                  0000d607    0000000b     road_test.o (.rodata.str1.13613476829420129065.1)
                  0000d612    0000000b     speed_control.o (.rodata.str1.15494409968463026438.1)
                  0000d61d    0000000b     road_test.o (.rodata.str1.16877113010838829769.1)
                  0000d628    0000000a     ti_msp_dl_config.o (.rodata.gSPI_IMU660RB_config)
                  0000d632    0000000a     ti_msp_dl_config.o (.rodata.gUART_0Config)
                  0000d63c    0000000a     ti_msp_dl_config.o (.rodata.gUART_VOFAConfig)
                  0000d646    0000000a     road_test.o (.rodata.str1.1226576581397910574.1)
                  0000d650    0000000a     road_test.o (.rodata.str1.15852278487157550190.1)
                  0000d65a    0000000a     road_test.o (.rodata.str1.15866812228467618133.1)
                  0000d664    0000000a     road_test.o (.rodata.str1.1635187238593780215.1)
                  0000d66e    0000000a     road_test.o (.rodata.str1.17438411239194012809.1)
                  0000d678    0000000a     road_test.o (.rodata.str1.18407874750228845728.1)
                  0000d682    0000000a     road_test.o (.rodata.str1.7002288968355408002.1)
                  0000d68c    00000009     road_test.o (.rodata.str1.13285967381996371881.1)
                  0000d695    00000009     road_test.o (.rodata.str1.16380460450412656663.1)
                  0000d69e    00000009     road_test.o (.rodata.str1.3709947251480312382.1)
                  0000d6a7    00000009     road_test.o (.rodata.str1.5255968394441033598.1)
                  0000d6b0    00000008     ti_msp_dl_config.o (.rodata.gPWM_0Config)
                  0000d6b8    00000008     ti_msp_dl_config.o (.rodata.gPWM_1Config)
                  0000d6c0    00000008     road_test.o (.rodata.str1.16802266705625760252.1)
                  0000d6c8    00000008     gpio_toggle_output.o (.rodata.str1.6926779734840550670.1)
                  0000d6d0    00000008     road_test.o (.rodata.str1.9442382937721433805.1)
                  0000d6d8    00000007     road_test.o (.rodata.str1.1401870133776224018.1)
                  0000d6df    00000007     speed_control.o (.rodata.str1.14456446095324431695.1)
                  0000d6e6    00000007     speed_control.o (.rodata.str1.1650181141826100245.1)
                  0000d6ed    00000007     road_test.o (.rodata.str1.16765935738828189287.1)
                  0000d6f4    00000007     road_test.o (.rodata.str1.17298667193367403942.1)
                  0000d6fb    00000007     speed_control.o (.rodata.str1.17438042864784128136.1)
                  0000d702    00000007     road_test.o (.rodata.str1.18280835503244857091.1)
                  0000d709    00000007     gpio_toggle_output.o (.rodata.str1.2745267647703410976.1)
                  0000d710    00000007     speed_control.o (.rodata.str1.5313645090331180483.1)
                  0000d717    00000007     road_test.o (.rodata.str1.6793500544787977713.1)
                  0000d71e    00000007     speed_control.o (.rodata.str1.693774575704749858.1)
                  0000d725    00000007     road_test.o (.rodata.str1.9031655347075984146.1)
                  0000d72c    00000007     speed_control.o (.rodata.str1.9413908918704436222.1)
                  0000d733    00000007     speed_control.o (.rodata.str1.9588354654044076066.1)
                  0000d73a    00000006     speed_control.o (.rodata.str1.13636644305372656400.1)
                  0000d740    00000006     speed_control.o (.rodata.str1.190440315093047069.1)
                  0000d746    00000006     speed_control.o (.rodata.str1.2236458585226935249.1)
                  0000d74c    00000006     gpio_toggle_output.o (.rodata.str1.48456419029742142.1)
                  0000d752    00000006     gpio_toggle_output.o (.rodata.str1.7293075287338320947.1)
                  0000d758    00000005     road_test.o (.rodata.str1.10287519954042460324.1)
                  0000d75d    00000005     road_test.o (.rodata.str1.12918229774928701152.1)
                  0000d762    00000005     road_test.o (.rodata.str1.14453062705028587941.1)
                  0000d767    00000005     gpio_toggle_output.o (.rodata.str1.15113692215023319882.1)
                  0000d76c    00000005     speed_control.o (.rodata.str1.15839901581566842560.1)
                  0000d771    00000005     speed_control.o (.rodata.str1.18182772914009926197.1)
                  0000d776    00000005     speed_control.o (.rodata.str1.6651398816457274277.1)
                  0000d77b    00000005     road_test.o (.rodata.str1.8023595957821456787.1)
                  0000d780    00000005     speed_control.o (.rodata.str1.9589594595829164803.1)
                  0000d785    00000004     road_test.o (.rodata.str1.15946453344359981112.1)
                  0000d789    00000004     speed_control.o (.rodata.str1.17584091066804833737.1)
                  0000d78d    00000004     speed_control.o (.rodata.str1.3367999350025289521.1)
                  0000d791    00000004     speed_control.o (.rodata.str1.6483365723950137385.1)
                  0000d795    00000004     speed_control.o (.rodata.str1.711575221241232672.1)
                  0000d799    00000004     speed_control.o (.rodata.str1.8662948472521892618.1)
                  0000d79d    00000004     speed_control.o (.rodata.str1.9162681207476615548.1)
                  0000d7a1    00000004     speed_control.o (.rodata.str1.9410101952797611086.1)
                  0000d7a5    00000004     speed_control.o (.rodata.str1.9794104034140389718.1)
                  0000d7a9    00000003     ti_msp_dl_config.o (.rodata.gE3_BClockConfig)
                  0000d7ac    00000003     ti_msp_dl_config.o (.rodata.gPWM_0ClockConfig)
                  0000d7af    00000003     ti_msp_dl_config.o (.rodata.gPWM_1ClockConfig)
                  0000d7b2    00000003     ti_msp_dl_config.o (.rodata.gTIMER_0ClockConfig)
                  0000d7b5    00000003     speed_control.o (.rodata.str1.1284239051114863888.1)
                  0000d7b8    00000003     speed_control.o (.rodata.str1.14526841949023043975.1)
                  0000d7bb    00000003     speed_control.o (.rodata.str1.14844869592127008563.1)
                  0000d7be    00000003     speed_control.o (.rodata.str1.15559080295520129254.1)
                  0000d7c1    00000003     speed_control.o (.rodata.str1.3608343179429301713.1)
                  0000d7c4    00000002     ti_msp_dl_config.o (.rodata.gUART_0ClockConfig)
                  0000d7c6    00000002     ti_msp_dl_config.o (.rodata.gUART_VOFAClockConfig)
                  0000d7c8    00000008     --HOLE-- [fill = 0]

.init_array 
*          0    00000000    00000000     UNINITIALIZED

.binit     0    00000000    00000000     

.bss       0    20200000    000035ce     UNINITIALIZED
                  20200000    00003198     road_test.o (.bss.s_runLogs)
                  20203198    000000bc     (.common:gE3_BBackup)
                  20203254    000000bc     (.common:gTIMER_0Backup)
                  20203310    000000a0     (.common:gPWM_1Backup)
                  202033b0    00000074     (.common:ahrs)
                  20203424    00000040     vofa.o (.bss.s_rxCommand)
                  20203464    0000002c     gpio_toggle_output.o (.bss.speed_sample_status)
                  20203490    00000028     (.common:gSPI_IMU660RBBackup)
                  202034b8    00000018     imu660rb.o (.bss.offset)
                  202034d0    00000018     gpio_toggle_output.o (.bss.oled_buf)
                  202034e8    00000014     imu660rb.o (.bss.dev_ctx)
                  202034fc    00000014     speed_control.o (.bss.s_leftPid)
                  20203510    00000014     speed_control.o (.bss.s_rightPid)
                  20203524    0000000c     (.common:acceleration_mg)
                  20203530    0000000c     (.common:angular_rate_mdps)
                  2020353c    0000000c     (.common:euler)
                  20203548    00000008     key.o (.bss.s_debounceMs)
                  20203550    00000008     key.o (.bss.s_pressedTimeMs)
                  20203558    00000006     imu660rb.o (.bss.data_raw_angular_rate)
                  2020355e    00000002     imu660rb.o (.bss.data_raw_acceleration.1)
                  20203560    00000004     road_test.o (.bss.s_lastOledMs)
                  20203564    00000004     vofa.o (.bss.s_lastSendMs)
                  20203568    00000004     key.o (.bss.s_lastUpdateMs)
                  2020356c    00000004     speed_control.o (.bss.s_leftActual)
                  20203570    00000004     speed_control.o (.bss.s_leftFollowerOutput)
                  20203574    00000004     speed_control.o (.bss.s_leftFollowerTrimPermille)
                  20203578    00000004     speed_control.o (.bss.s_leftOutput)
                  2020357c    00000004     speed_control.o (.bss.s_leftTarget)
                  20203580    00000004     speed_control.o (.bss.s_outputLimit)
                  20203584    00000004     speed_control.o (.bss.s_rightActual)
                  20203588    00000004     speed_control.o (.bss.s_rightFollowerOutput)
                  2020358c    00000004     speed_control.o (.bss.s_rightFollowerTrimPermille)
                  20203590    00000004     speed_control.o (.bss.s_rightOutput)
                  20203594    00000004     speed_control.o (.bss.s_rightTarget)
                  20203598    00000004     speed_control.o (.bss.s_runDurationMs)
                  2020359c    00000004     speed_control.o (.bss.s_runStartMs)
                  202035a0    00000004     vofa.o (.bss.s_rxLength)
                  202035a4    00000004     road_test.o (.bss.s_stateStartMs)
                  202035a8    00000004     speed_control.o (.bss.s_testDuty)
                  202035ac    00000004     imu660rb.o (.bss.samplePeriod)
                  202035b0    00000004     imu660rb.o (.bss.sampleRate)
                  202035b4    00000004     (.common:start_time)
                  202035b8    00000004     (.common:tick_ms)
                  202035bc    00000002     imu660rb.o (.bss.data_raw_acceleration.2)
                  202035be    00000001     imu660rb.o (.bss.rst)
                  202035bf    00000001     road_test.o (.bss.s_activeRunIndex)
                  202035c0    00000001     key.o (.bss.s_candidateMask)
                  202035c1    00000001     road_test.o (.bss.s_completedRunCount)
                  202035c2    00000001     road_test.o (.bss.s_key1WasPressed)
                  202035c3    00000001     speed_control.o (.bss.s_mode)
                  202035c4    00000001     road_test.o (.bss.s_oledNeedsClear)
                  202035c5    00000001     speed_control.o (.bss.s_openLoopTest)
                  202035c6    00000001     key.o (.bss.s_pressedMask)
                  202035c7    00000001     key.o (.bss.s_rawMask)
                  202035c8    00000001     speed_control.o (.bss.s_running)
                  202035c9    00000001     vofa.o (.bss.s_rxReady)
                  202035ca    00000001     road_test.o (.bss.s_state)
                  202035cb    00000001     road_test.o (.bss.s_testAborted)
                  202035cc    00000001     key.o (.bss.s_updating)
                  202035cd    00000001     imu660rb.o (.bss.whoamI)

.data      0    202035d0    000000ca     UNINITIALIZED
                  202035d0    00000080     motor.o (.data.gMotor)
                  20203650    00000018     encoder.o (.data.gEncMotor1)
                  20203668    00000018     encoder.o (.data.gEncMotor3)
                  20203680    00000004     libc.a : aeabi_portable.c.obj (.data.__aeabi_errno)
                  20203684    00000004     gpio_toggle_output.o (.data.gTimerTest)
                  20203688    00000004     imu660rb.o (.data.gyroscopeOffset.0)
                  2020368c    00000004     imu660rb.o (.data.gyroscopeOffset.1)
                  20203690    00000004     imu660rb.o (.data.gyroscopeOffset.2)
                  20203694    00000002     encoder.o (.data.s_encTick)
                  20203696    00000001     gpio_toggle_output.o (.data.gDataReceived)
                  20203697    00000001     gpio_toggle_output.o (.data.gRxByte)
                  20203698    00000001     gpio_toggle_output.o (.data.sched_tick)
                  20203699    00000001     gpio_toggle_output.o (.data.speed_sample_ready)

.stack     0    20207e00    00000200     UNINITIALIZED
                  20207e00    00000004     libc.a : boot_cortex_m.c.obj (.stack)
                  20207e04    000001fc     --HOLE--

__llvm_prf_cnts 
*          0    20200000    00000000     UNINITIALIZED

__llvm_prf_bits 
*          0    20200000    00000000     UNINITIALIZED

MODULE SUMMARY

       Module                         code    ro data   rw data
       ------                         ----    -------   -------
    .\
       ti_msp_dl_config.o             1372    121       576    
       gpio_toggle_output.o           872     100       76     
       startup_mspm0g350x_ticlang.o   6       192       0      
    +--+------------------------------+-------+---------+---------+
       Total:                         2250    413       652    
                                                               
    .\hardware\
       road_test.o                    11348   1374      12710  
       oled_hardware_i2c.o            5236    2072      0      
       speed_control.o                4122    1038      99     
       key.o                          780     0         24     
       vofa.o                         628     30        73     
       motor.o                        134     0         128    
       encoder.o                      208     0         50     
       clock.o                        116     0         8      
    +--+------------------------------+-------+---------+---------+
       Total:                         22572   4514      13092  
                                                               
    .\hardware\IMU660RB\
       imu660rb.o                     2320    0         228    
       lsm6dsr_reg.o                  2012    0         0      
    +--+------------------------------+-------+---------+---------+
       Total:                         4332    0         228    
                                                               
    .\hardware\IMU660RB\Fusion\
       FusionAhrs.o                   3348    24        0      
       FusionOffset.o                 272     0         0      
    +--+------------------------------+-------+---------+---------+
       Total:                         3620    24        0      
                                                               
    C:/ti/mspm0_sdk_2_09_00_01/source/ti/driverlib/lib/ticlang/m0p/mspm0g1x0x_g3x0x/driverlib.a
       dl_timer.o                     892     12        0      
       dl_uart.o                      138     0         0      
       dl_i2c.o                       132     0         0      
       dl_spi.o                       86      0         0      
       dl_common.o                    10      0         0      
    +--+------------------------------+-------+---------+---------+
       Total:                         1258    12        0      
                                                               
    C:\ti\ccs2041\ccs\tools\compiler\ti-cgt-armllvm_4.0.4.LTS\lib\armv6m-ti-none-eabi/c/libc.a
       _printfi.c.obj                 4510    34        0      
       k_rem_pio2.c.obj               1652    344       0      
       strtof.c.obj                   872     88        0      
       s_cosf.c.obj                   822     0         0      
       s_sinf.c.obj                   810     0         0      
       s_atanf.c.obj                  466     32        0      
       e_sqrt.c.obj                   368     0         0      
       e_asinf.c.obj                  358     0         0      
       s_floor.c.obj                  324     0         0      
       strtol.c.obj                   324     0         0      
       e_atan2f.c.obj                 280     0         0      
       aeabi_ctype.S.obj              0       257       0      
       s_scalbn.c.obj                 216     0         0      
       s_scalbnf.c.obj                176     0         0      
       memcpy16.S.obj                 154     0         0      
       snprintf.c.obj                 148     0         0      
       strcmp-armv6m.S.obj            136     0         0      
       copy_decompress_lzss.c.obj     124     0         0      
       memset16.S.obj                 98      0         0      
       s_frexp.c.obj                  92      0         0      
       sprintf.c.obj                  90      0         0      
       _ltoa.c.obj                    88      0         0      
       atoi.c.obj                     64      0         0      
       autoinit.c.obj                 60      0         0      
       boot_cortex_m.c.obj            40      0         0      
       memccpy.c.obj                  34      0         0      
       memcmp.c.obj                   32      0         0      
       copy_decompress_none.c.obj     18      0         0      
       copy_zero_init.c.obj           16      0         0      
       wcslen.c.obj                   16      0         0      
       aeabi_portable.c.obj           8       0         4      
       exit.c.obj                     6       0         0      
       pre_init.c.obj                 4       0         0      
    +--+------------------------------+-------+---------+---------+
       Total:                         12406   755       4      
                                                               
    C:\ti\ccs2041\ccs\tools\compiler\ti-cgt-armllvm_4.0.4.LTS\lib\armv6m-ti-none-eabi/c/libsysbm.a
       hostexit.c.obj                 4       0         0      
    +--+------------------------------+-------+---------+---------+
       Total:                         4       0         0      
                                                               
    C:\ti\ccs2041\ccs\tools\compiler\ti-cgt-armllvm_4.0.4.LTS\lib\armv6m-ti-none-eabi/libclang_rt.builtins.a
       adddf3.S.obj                   434     0         0      
       divdf3.S.obj                   268     0         0      
       muldf3.S.obj                   244     0         0      
       addsf3.S.obj                   232     0         0      
       comparedf2.c.obj               220     0         0      
       udivmoddi4.S.obj               162     0         0      
       mulsf3.S.obj                   156     0         0      
       divsf3.S.obj                   146     0         0      
       comparesf2.S.obj               118     0         0      
       truncdfsf2.S.obj               116     0         0      
       aeabi_dcmp.S.obj               98      0         0      
       aeabi_fcmp.S.obj               98      0         0      
       aeabi_idivmod.S.obj            86      0         0      
       extendsfdf2.S.obj              80      0         0      
       fixdfsi.S.obj                  74      0         0      
       aeabi_uidivmod.S.obj           64      0         0      
       floatsisf.S.obj                60      0         0      
       muldsi3.S.obj                  58      0         0      
       fixsfsi.S.obj                  56      0         0      
       fixunssfsi.S.obj               50      0         0      
       floatsidf.S.obj                44      0         0      
       floatunsisf.S.obj              40      0         0      
       muldi3.S.obj                   36      0         0      
       ashldi3.S.obj                  30      0         0      
       aeabi_memset.S.obj             26      0         0      
       aeabi_uldivmod.S.obj           20      0         0      
       aeabi_memcpy.S.obj             8       0         0      
       aeabi_div0.c.obj               4       0         0      
    +--+------------------------------+-------+---------+---------+
       Total:                         3028    0         0      
                                                               
       Stack:                         0       0         512    
       Linker Generated:              0       128       0      
    +--+------------------------------+-------+---------+---------+
       Grand Total:                   49470   5846      14488  


LINKER GENERATED COPY TABLES

__TI_cinit_table @ 0000d840 records: 2, size/record: 8, table size: 16
	.data: load addr=0000d7d0, load size=0000005c bytes, run addr=202035d0, run size=000000ca bytes, compression=lzss
	.bss: load addr=0000d838, load size=00000008 bytes, run addr=20200000, run size=000035ce bytes, compression=zero_init


LINKER GENERATED HANDLER TABLE

__TI_handler_table @ 0000d82c records: 3, size/record: 4, table size: 12
	index: 0, handler: __TI_decompress_lzss
	index: 1, handler: __TI_decompress_none
	index: 2, handler: __TI_zero_init


FAR CALL TRAMPOLINES

callee name               trampoline name
   callee addr  tramp addr   call addr  call info
--------------  -----------  ---------  ----------------
__aeabi_dadd              $Tramp$TT$L$PI$$__aeabi_dadd
   00007a1f     0000bfc0     0000bfbc   libc.a : k_rem_pio2.c.obj (.text.OUTLINED_FUNCTION_0)
                             0000c152          : k_rem_pio2.c.obj (.text.OUTLINED_FUNCTION_1)
                             0000c15c          : s_cosf.c.obj (.text.OUTLINED_FUNCTION_3)
                             0000c166          : s_sinf.c.obj (.text.OUTLINED_FUNCTION_3)
__aeabi_dsub              $Tramp$TT$L$PI$$__aeabi_dsub
   00007a15     0000c130     0000c12c   libc.a : _printfi.c.obj (.text.OUTLINED_FUNCTION_0)
__aeabi_fmul              $Tramp$TT$L$PI$$__aeabi_fmul
   0000a739     0000c1a4     0000c1a0   libc.a : e_asinf.c.obj (.text.OUTLINED_FUNCTION_0)
__aeabi_fdiv              $Tramp$TT$L$PI$$__aeabi_fdiv
   0000a859     0000c1bc     0000c1b8   libc.a : s_atanf.c.obj (.text.OUTLINED_FUNCTION_0)
__aeabi_dmul              $Tramp$TT$L$PI$$__aeabi_dmul
   000098a1     0000c1d4     0000c1d0   libc.a : s_cosf.c.obj (.text.OUTLINED_FUNCTION_0)
                             0000c1e8          : s_sinf.c.obj (.text.OUTLINED_FUNCTION_0)
                             0000c1ee          : s_cosf.c.obj (.text.OUTLINED_FUNCTION_1)
                             0000c1f4          : s_sinf.c.obj (.text.OUTLINED_FUNCTION_1)
__aeabi_fadd              $Tramp$TT$L$PI$$__aeabi_fadd
   00009ddf     0000c200     0000c1fe   libc.a : s_atanf.c.obj (.text.OUTLINED_FUNCTION_1)
__aeabi_f2d               $Tramp$TT$L$PI$$__aeabi_f2d
   0000b66d     0000c214     0000c212   libc.a : s_cosf.c.obj (.text.OUTLINED_FUNCTION_2)
                             0000c226          : s_sinf.c.obj (.text.OUTLINED_FUNCTION_2)

[7 trampolines]
[14 trampoline calls]


GLOBAL SYMBOLS: SORTED ALPHABETICALLY BY Name 

address   name                            
-------   ----                            
000034ab  ADC0_IRQHandler                 
000034ab  ADC1_IRQHandler                 
000034ab  AES_IRQHandler                  
0000abbc  C$$EXIT                         
000034ab  CANFD0_IRQHandler               
000034ab  DAC0_IRQHandler                 
0000c11b  DL_Common_delayCycles           
0000b119  DL_I2C_fillControllerTXFIFO     
0000bdb5  DL_I2C_setClockConfig           
0000b565  DL_SPI_init                     
0000c049  DL_SPI_setClockConfig           
00008b89  DL_Timer_initCaptureMode        
00009101  DL_Timer_initFourCCPWMMode      
00009205  DL_Timer_initTimerMode          
0000bec1  DL_Timer_setCaptCompUpdateMethod
0000bf31  DL_Timer_setCaptureCompareOutCtl
0000c081  DL_Timer_setCaptureCompareValue 
0000bedd  DL_Timer_setClockConfig         
0000b51d  DL_UART_init                    
0000c05b  DL_UART_setClockConfig          
0000bbc9  DL_UART_transmitDataBlocking    
000034ab  DMA_IRQHandler                  
000034ab  Default_Handler                 
0000bcb9  Encoder_Start                   
0000c091  FusionAhrsGetQuaternion         
0000b231  FusionAhrsInitialise            
00007879  FusionAhrsSetHeading            
00009985  FusionAhrsSetSettings           
000034ad  FusionAhrsUpdate                
0000b5ed  FusionAhrsUpdateNoMagnetometer  
0000bbf9  FusionOffsetInitialise          
00009a65  FusionOffsetUpdate              
00006749  FusionTasks                     
000034ab  GROUP0_IRQHandler               
000034ab  GROUP1_IRQHandler               
0000abbd  HOSTexit                        
000034ab  HardFault_Handler               
000034ab  I2C0_IRQHandler                 
000034ab  I2C1_IRQHandler                 
00006b95  IMU660RB_Init                   
0000bef9  Key_GetPressedTimeMs            
0000a595  Key_Init                        
0000be25  Key_IsPressed                   
0000c173  Key_Update1ms                   
0000ad85  Motor_SetSpeed                  
0000be65  Motor_Stop                      
000034ab  NMI_Handler                     
00008425  OLED_Clear                      
00005a51  OLED_Init                       
00009b45  OLED_ShowChar                   
00004bd9  OLED_ShowNum                    
00002b81  OLED_ShowSignedNum              
0000aa55  OLED_ShowString                 
000082d9  OLED_WR_Byte                    
000034ab  PendSV_Handler                  
000034ab  RTC_IRQHandler                  
000076b9  Read_IMU660RB                   
0000c229  Reset_Handler                   
00005779  RoadTest_DumpAllToVofa          
00006279  RoadTest_DumpToVofa             
00008ca5  RoadTest_Init                   
00005069  RoadTest_ProcessCommand         
00008dc1  RoadTest_Record20ms             
000000c1  RoadTest_Update                 
0000c0b1  RoadTest_UsesOled               
000034ab  SPI0_IRQHandler                 
000034ab  SPI1_IRQHandler                 
000034ab  SVC_Handler                     
0000b6ed  SYSCFG_DL_E1_B_init             
0000b729  SYSCFG_DL_E3_B_init             
000097b9  SYSCFG_DL_GPIO_init             
0000b391  SYSCFG_DL_I2C_OLED_init         
0000a621  SYSCFG_DL_PWM_0_init            
0000a6ad  SYSCFG_DL_PWM_1_init            
0000b439  SYSCFG_DL_SPI_IMU660RB_init     
0000bc29  SYSCFG_DL_SYSCTL_init           
0000b8cd  SYSCFG_DL_TIMER_0_init          
0000ac35  SYSCFG_DL_UART_0_init           
0000a95d  SYSCFG_DL_UART_VOFA_init        
0000b179  SYSCFG_DL_init                  
0000a3d9  SYSCFG_DL_initPower             
0000a46d  SpeedControl_GetStatus          
00009301  SpeedControl_Init               
00003d61  SpeedControl_ProcessCommand     
00005d25  SpeedControl_Update20ms         
0000c0c1  SysTick_Handler                 
0000bd3d  SysTick_Init                    
0000a501  TIMA0_IRQHandler                
0000bac5  TIMA1_IRQHandler                
0000baf9  TIMG0_IRQHandler                
000034ab  TIMG12_IRQHandler               
000034ab  TIMG6_IRQHandler                
000034ab  TIMG7_IRQHandler                
000034ab  TIMG8_IRQHandler                
0000aca5  UART0_IRQHandler                
0000bce5  UART1_IRQHandler                
000034ab  UART2_IRQHandler                
000034ab  UART3_IRQHandler                
0000af8d  VOFA_Init                       
00009c21  VOFA_ReadCommand                
0000b5a9  VOFA_SendMessage                
0000a8dd  VOFA_Update                     
20208000  __STACK_END                     
00000200  __STACK_SIZE                    
00000000  __TI_ATRegion0_region_sz        
00000000  __TI_ATRegion0_src_addr         
00000000  __TI_ATRegion0_trg_addr         
00000000  __TI_ATRegion1_region_sz        
00000000  __TI_ATRegion1_src_addr         
00000000  __TI_ATRegion1_trg_addr         
00000000  __TI_ATRegion2_region_sz        
00000000  __TI_ATRegion2_src_addr         
00000000  __TI_ATRegion2_trg_addr         
0000d840  __TI_CINIT_Base                 
0000d850  __TI_CINIT_Limit                
0000d850  __TI_CINIT_Warm                 
0000d82c  __TI_Handler_Table_Base         
0000d838  __TI_Handler_Table_Limit        
0000b819  __TI_auto_init_nobinit_nopinit  
0000a9d9  __TI_decompress_lzss            
0000c06d  __TI_decompress_none            
0000b289  __TI_ltoa                       
ffffffff  __TI_pprof_out_hndl             
000021b1  __TI_printfi                    
ffffffff  __TI_prof_data_size             
ffffffff  __TI_prof_data_start            
00000000  __TI_static_base__              
0000c0e1  __TI_zero_init                  
00007a1f  __adddf3                        
00009ddf  __addsf3                        
0000cb50  __aeabi_ctype_table_            
0000cb50  __aeabi_ctype_table_C           
0000abc1  __aeabi_d2f                     
0000b4d1  __aeabi_d2iz                    
00007a1f  __aeabi_dadd                    
0000aff1  __aeabi_dcmpeq                  
0000b02d  __aeabi_dcmpge                  
0000b041  __aeabi_dcmpgt                  
0000b019  __aeabi_dcmple                  
0000b005  __aeabi_dcmplt                  
00008ff5  __aeabi_ddiv                    
000098a1  __aeabi_dmul                    
00007a15  __aeabi_dsub                    
20203680  __aeabi_errno                   
0000c185  __aeabi_errno_addr              
0000b66d  __aeabi_f2d                     
0000b905  __aeabi_f2iz                    
0000bb95  __aeabi_f2uiz                   
00009ddf  __aeabi_fadd                    
0000b055  __aeabi_fcmpeq                  
0000b091  __aeabi_fcmpge                  
0000b0a5  __aeabi_fcmpgt                  
0000b07d  __aeabi_fcmple                  
0000b069  __aeabi_fcmplt                  
0000a859  __aeabi_fdiv                    
0000a739  __aeabi_fmul                    
00009dd5  __aeabi_fsub                    
0000bd11  __aeabi_i2d                     
0000b765  __aeabi_i2f                     
0000b339  __aeabi_idiv                    
00007ba7  __aeabi_idiv0                   
0000b339  __aeabi_idivmod                 
000082d7  __aeabi_ldiv0                   
0000be85  __aeabi_llsl                    
0000bddd  __aeabi_lmul                    
0000a7c5  __aeabi_memclr                  
0000a7c5  __aeabi_memclr4                 
0000a7c5  __aeabi_memclr8                 
0000c18d  __aeabi_memcpy                  
0000c18d  __aeabi_memcpy4                 
0000c18d  __aeabi_memcpy8                 
0000c0f1  __aeabi_memset                  
0000c0f1  __aeabi_memset4                 
0000c0f1  __aeabi_memset8                 
0000bd65  __aeabi_ui2f                    
0000b62d  __aeabi_uidiv                   
0000b62d  __aeabi_uidivmod                
0000bfd1  __aeabi_uldivmod                
0000be85  __ashldi3                       
ffffffff  __binit__                       
0000ae55  __cmpdf2                        
0000b855  __cmpsf2                        
00008ff5  __divdf3                        
0000a859  __divsf3                        
0000ae55  __eqdf2                         
0000b855  __eqsf2                         
0000b66d  __extendsfdf2                   
0000b4d1  __fixdfsi                       
0000b905  __fixsfsi                       
0000bb95  __fixunssfsi                    
0000bd11  __floatsidf                     
0000b765  __floatsisf                     
0000bd65  __floatunsisf                   
0000ab49  __gedf2                         
0000b7a1  __gesf2                         
0000ab49  __gtdf2                         
0000b7a1  __gtsf2                         
00004595  __kernel_rem_pio2               
0000ae55  __ledf2                         
0000b855  __lesf2                         
0000ae55  __ltdf2                         
0000b855  __ltsf2                         
UNDEFED   __mpu_init                      
000098a1  __muldf3                        
0000bddd  __muldi3                        
0000b891  __muldsi3                       
0000a739  __mulsf3                        
0000ae55  __nedf2                         
0000b855  __nesf2                         
20207e00  __stack                         
20200000  __start___llvm_prf_bits         
20200000  __start___llvm_prf_cnts         
20200000  __stop___llvm_prf_bits          
20200000  __stop___llvm_prf_cnts          
00007a15  __subdf3                        
00009dd5  __subsf3                        
0000abc1  __truncdfsf2                    
0000a161  __udivmoddi4                    
0000bd8d  _c_int00_noargs                 
UNDEFED   _system_post_cinit              
0000c22d  _system_pre_init                
0000c1f7  abort                           
20203524  acceleration_mg                 
202033b0  ahrs                            
20203530  angular_rate_mdps               
00008021  asinf                           
00008edd  atan2f                          
00007329  atanf                           
0000b6ad  atoi                            
ffffffff  binit                           
00006f85  cosf                            
0000b7dd  encoder_task                    
2020353c  euler                           
00008569  floor                           
00008569  floorl                          
0000b1d5  frexp                           
0000b1d5  frexpl                          
20203696  gDataReceived                   
20203198  gE3_BBackup                     
20203650  gEncMotor1                      
20203668  gEncMotor3                      
202035d0  gMotor                          
20203310  gPWM_1Backup                    
20203697  gRxByte                         
20203490  gSPI_IMU660RBBackup             
20203254  gTIMER_0Backup                  
20203684  gTimerTest                      
00000000  interruptVectors                
00009cfd  ldexp                           
00009ead  ldexpf                          
00009cfd  ldexpl                          
0000bb2d  lsm6dsr_angular_rate_raw_get    
0000b93d  lsm6dsr_block_data_update_set   
0000ba8d  lsm6dsr_data_ready_mode_set     
0000c0ff  lsm6dsr_device_id_get           
0000bfe5  lsm6dsr_from_fs2000dps_to_mdps  
0000bff9  lsm6dsr_from_fs2g_to_mg         
0000ad15  lsm6dsr_fsm_data_rate_get       
0000aacf  lsm6dsr_fsm_enable_get          
000095d9  lsm6dsr_gy_data_rate_set        
0000b975  lsm6dsr_gy_filter_lp1_set       
0000bf15  lsm6dsr_gy_flag_data_ready_get  
0000b9ad  lsm6dsr_gy_full_scale_set       
0000aebd  lsm6dsr_i3c_disable_set         
0000bf79  lsm6dsr_odr_cal_reg_get         
0000a0b5  lsm6dsr_pin_int1_route_get      
00007159  lsm6dsr_pin_int1_route_set      
0000c00d  lsm6dsr_read_reg                
0000bea3  lsm6dsr_reset_get               
0000b9e5  lsm6dsr_reset_set               
0000c021  lsm6dsr_write_reg               
000096c9  lsm6dsr_xl_data_rate_set        
0000ba1d  lsm6dsr_xl_full_scale_set       
00005fe1  main                            
0000be01  memccpy                         
0000be45  memcmp                          
0000a33d  memcpy                          
0000b0b7  memset                          
0000bb61  mspm0_delay_ms                  
0000bf91  mspm0_get_clock_ms              
00009cfd  scalbn                          
00009ead  scalbnf                         
00009cfd  scalbnl                         
000074f1  sinf                            
0000b485  snprintf                        
0000ba55  sprintf                         
00007eb1  sqrt                            
00007eb1  sqrtl                           
202035b4  start_time                      
0000a7d1  strcmp                          
00005419  strtof                          
000086ad  strtol                          
202035b8  tick_ms                         
0000c0d1  wcslen                          


GLOBAL SYMBOLS: SORTED BY Symbol Address 

address   name                            
-------   ----                            
00000000  __TI_ATRegion0_region_sz        
00000000  __TI_ATRegion0_src_addr         
00000000  __TI_ATRegion0_trg_addr         
00000000  __TI_ATRegion1_region_sz        
00000000  __TI_ATRegion1_src_addr         
00000000  __TI_ATRegion1_trg_addr         
00000000  __TI_ATRegion2_region_sz        
00000000  __TI_ATRegion2_src_addr         
00000000  __TI_ATRegion2_trg_addr         
00000000  __TI_static_base__              
00000000  interruptVectors                
000000c1  RoadTest_Update                 
00000200  __STACK_SIZE                    
000021b1  __TI_printfi                    
00002b81  OLED_ShowSignedNum              
000034ab  ADC0_IRQHandler                 
000034ab  ADC1_IRQHandler                 
000034ab  AES_IRQHandler                  
000034ab  CANFD0_IRQHandler               
000034ab  DAC0_IRQHandler                 
000034ab  DMA_IRQHandler                  
000034ab  Default_Handler                 
000034ab  GROUP0_IRQHandler               
000034ab  GROUP1_IRQHandler               
000034ab  HardFault_Handler               
000034ab  I2C0_IRQHandler                 
000034ab  I2C1_IRQHandler                 
000034ab  NMI_Handler                     
000034ab  PendSV_Handler                  
000034ab  RTC_IRQHandler                  
000034ab  SPI0_IRQHandler                 
000034ab  SPI1_IRQHandler                 
000034ab  SVC_Handler                     
000034ab  TIMG12_IRQHandler               
000034ab  TIMG6_IRQHandler                
000034ab  TIMG7_IRQHandler                
000034ab  TIMG8_IRQHandler                
000034ab  UART2_IRQHandler                
000034ab  UART3_IRQHandler                
000034ad  FusionAhrsUpdate                
00003d61  SpeedControl_ProcessCommand     
00004595  __kernel_rem_pio2               
00004bd9  OLED_ShowNum                    
00005069  RoadTest_ProcessCommand         
00005419  strtof                          
00005779  RoadTest_DumpAllToVofa          
00005a51  OLED_Init                       
00005d25  SpeedControl_Update20ms         
00005fe1  main                            
00006279  RoadTest_DumpToVofa             
00006749  FusionTasks                     
00006b95  IMU660RB_Init                   
00006f85  cosf                            
00007159  lsm6dsr_pin_int1_route_set      
00007329  atanf                           
000074f1  sinf                            
000076b9  Read_IMU660RB                   
00007879  FusionAhrsSetHeading            
00007a15  __aeabi_dsub                    
00007a15  __subdf3                        
00007a1f  __adddf3                        
00007a1f  __aeabi_dadd                    
00007ba7  __aeabi_idiv0                   
00007eb1  sqrt                            
00007eb1  sqrtl                           
00008021  asinf                           
000082d7  __aeabi_ldiv0                   
000082d9  OLED_WR_Byte                    
00008425  OLED_Clear                      
00008569  floor                           
00008569  floorl                          
000086ad  strtol                          
00008b89  DL_Timer_initCaptureMode        
00008ca5  RoadTest_Init                   
00008dc1  RoadTest_Record20ms             
00008edd  atan2f                          
00008ff5  __aeabi_ddiv                    
00008ff5  __divdf3                        
00009101  DL_Timer_initFourCCPWMMode      
00009205  DL_Timer_initTimerMode          
00009301  SpeedControl_Init               
000095d9  lsm6dsr_gy_data_rate_set        
000096c9  lsm6dsr_xl_data_rate_set        
000097b9  SYSCFG_DL_GPIO_init             
000098a1  __aeabi_dmul                    
000098a1  __muldf3                        
00009985  FusionAhrsSetSettings           
00009a65  FusionOffsetUpdate              
00009b45  OLED_ShowChar                   
00009c21  VOFA_ReadCommand                
00009cfd  ldexp                           
00009cfd  ldexpl                          
00009cfd  scalbn                          
00009cfd  scalbnl                         
00009dd5  __aeabi_fsub                    
00009dd5  __subsf3                        
00009ddf  __addsf3                        
00009ddf  __aeabi_fadd                    
00009ead  ldexpf                          
00009ead  scalbnf                         
0000a0b5  lsm6dsr_pin_int1_route_get      
0000a161  __udivmoddi4                    
0000a33d  memcpy                          
0000a3d9  SYSCFG_DL_initPower             
0000a46d  SpeedControl_GetStatus          
0000a501  TIMA0_IRQHandler                
0000a595  Key_Init                        
0000a621  SYSCFG_DL_PWM_0_init            
0000a6ad  SYSCFG_DL_PWM_1_init            
0000a739  __aeabi_fmul                    
0000a739  __mulsf3                        
0000a7c5  __aeabi_memclr                  
0000a7c5  __aeabi_memclr4                 
0000a7c5  __aeabi_memclr8                 
0000a7d1  strcmp                          
0000a859  __aeabi_fdiv                    
0000a859  __divsf3                        
0000a8dd  VOFA_Update                     
0000a95d  SYSCFG_DL_UART_VOFA_init        
0000a9d9  __TI_decompress_lzss            
0000aa55  OLED_ShowString                 
0000aacf  lsm6dsr_fsm_enable_get          
0000ab49  __gedf2                         
0000ab49  __gtdf2                         
0000abbc  C$$EXIT                         
0000abbd  HOSTexit                        
0000abc1  __aeabi_d2f                     
0000abc1  __truncdfsf2                    
0000ac35  SYSCFG_DL_UART_0_init           
0000aca5  UART0_IRQHandler                
0000ad15  lsm6dsr_fsm_data_rate_get       
0000ad85  Motor_SetSpeed                  
0000ae55  __cmpdf2                        
0000ae55  __eqdf2                         
0000ae55  __ledf2                         
0000ae55  __ltdf2                         
0000ae55  __nedf2                         
0000aebd  lsm6dsr_i3c_disable_set         
0000af8d  VOFA_Init                       
0000aff1  __aeabi_dcmpeq                  
0000b005  __aeabi_dcmplt                  
0000b019  __aeabi_dcmple                  
0000b02d  __aeabi_dcmpge                  
0000b041  __aeabi_dcmpgt                  
0000b055  __aeabi_fcmpeq                  
0000b069  __aeabi_fcmplt                  
0000b07d  __aeabi_fcmple                  
0000b091  __aeabi_fcmpge                  
0000b0a5  __aeabi_fcmpgt                  
0000b0b7  memset                          
0000b119  DL_I2C_fillControllerTXFIFO     
0000b179  SYSCFG_DL_init                  
0000b1d5  frexp                           
0000b1d5  frexpl                          
0000b231  FusionAhrsInitialise            
0000b289  __TI_ltoa                       
0000b339  __aeabi_idiv                    
0000b339  __aeabi_idivmod                 
0000b391  SYSCFG_DL_I2C_OLED_init         
0000b439  SYSCFG_DL_SPI_IMU660RB_init     
0000b485  snprintf                        
0000b4d1  __aeabi_d2iz                    
0000b4d1  __fixdfsi                       
0000b51d  DL_UART_init                    
0000b565  DL_SPI_init                     
0000b5a9  VOFA_SendMessage                
0000b5ed  FusionAhrsUpdateNoMagnetometer  
0000b62d  __aeabi_uidiv                   
0000b62d  __aeabi_uidivmod                
0000b66d  __aeabi_f2d                     
0000b66d  __extendsfdf2                   
0000b6ad  atoi                            
0000b6ed  SYSCFG_DL_E1_B_init             
0000b729  SYSCFG_DL_E3_B_init             
0000b765  __aeabi_i2f                     
0000b765  __floatsisf                     
0000b7a1  __gesf2                         
0000b7a1  __gtsf2                         
0000b7dd  encoder_task                    
0000b819  __TI_auto_init_nobinit_nopinit  
0000b855  __cmpsf2                        
0000b855  __eqsf2                         
0000b855  __lesf2                         
0000b855  __ltsf2                         
0000b855  __nesf2                         
0000b891  __muldsi3                       
0000b8cd  SYSCFG_DL_TIMER_0_init          
0000b905  __aeabi_f2iz                    
0000b905  __fixsfsi                       
0000b93d  lsm6dsr_block_data_update_set   
0000b975  lsm6dsr_gy_filter_lp1_set       
0000b9ad  lsm6dsr_gy_full_scale_set       
0000b9e5  lsm6dsr_reset_set               
0000ba1d  lsm6dsr_xl_full_scale_set       
0000ba55  sprintf                         
0000ba8d  lsm6dsr_data_ready_mode_set     
0000bac5  TIMA1_IRQHandler                
0000baf9  TIMG0_IRQHandler                
0000bb2d  lsm6dsr_angular_rate_raw_get    
0000bb61  mspm0_delay_ms                  
0000bb95  __aeabi_f2uiz                   
0000bb95  __fixunssfsi                    
0000bbc9  DL_UART_transmitDataBlocking    
0000bbf9  FusionOffsetInitialise          
0000bc29  SYSCFG_DL_SYSCTL_init           
0000bcb9  Encoder_Start                   
0000bce5  UART1_IRQHandler                
0000bd11  __aeabi_i2d                     
0000bd11  __floatsidf                     
0000bd3d  SysTick_Init                    
0000bd65  __aeabi_ui2f                    
0000bd65  __floatunsisf                   
0000bd8d  _c_int00_noargs                 
0000bdb5  DL_I2C_setClockConfig           
0000bddd  __aeabi_lmul                    
0000bddd  __muldi3                        
0000be01  memccpy                         
0000be25  Key_IsPressed                   
0000be45  memcmp                          
0000be65  Motor_Stop                      
0000be85  __aeabi_llsl                    
0000be85  __ashldi3                       
0000bea3  lsm6dsr_reset_get               
0000bec1  DL_Timer_setCaptCompUpdateMethod
0000bedd  DL_Timer_setClockConfig         
0000bef9  Key_GetPressedTimeMs            
0000bf15  lsm6dsr_gy_flag_data_ready_get  
0000bf31  DL_Timer_setCaptureCompareOutCtl
0000bf79  lsm6dsr_odr_cal_reg_get         
0000bf91  mspm0_get_clock_ms              
0000bfd1  __aeabi_uldivmod                
0000bfe5  lsm6dsr_from_fs2000dps_to_mdps  
0000bff9  lsm6dsr_from_fs2g_to_mg         
0000c00d  lsm6dsr_read_reg                
0000c021  lsm6dsr_write_reg               
0000c049  DL_SPI_setClockConfig           
0000c05b  DL_UART_setClockConfig          
0000c06d  __TI_decompress_none            
0000c081  DL_Timer_setCaptureCompareValue 
0000c091  FusionAhrsGetQuaternion         
0000c0b1  RoadTest_UsesOled               
0000c0c1  SysTick_Handler                 
0000c0d1  wcslen                          
0000c0e1  __TI_zero_init                  
0000c0f1  __aeabi_memset                  
0000c0f1  __aeabi_memset4                 
0000c0f1  __aeabi_memset8                 
0000c0ff  lsm6dsr_device_id_get           
0000c11b  DL_Common_delayCycles           
0000c173  Key_Update1ms                   
0000c185  __aeabi_errno_addr              
0000c18d  __aeabi_memcpy                  
0000c18d  __aeabi_memcpy4                 
0000c18d  __aeabi_memcpy8                 
0000c1f7  abort                           
0000c229  Reset_Handler                   
0000c22d  _system_pre_init                
0000cb50  __aeabi_ctype_table_            
0000cb50  __aeabi_ctype_table_C           
0000d82c  __TI_Handler_Table_Base         
0000d838  __TI_Handler_Table_Limit        
0000d840  __TI_CINIT_Base                 
0000d850  __TI_CINIT_Limit                
0000d850  __TI_CINIT_Warm                 
20200000  __start___llvm_prf_bits         
20200000  __start___llvm_prf_cnts         
20200000  __stop___llvm_prf_bits          
20200000  __stop___llvm_prf_cnts          
20203198  gE3_BBackup                     
20203254  gTIMER_0Backup                  
20203310  gPWM_1Backup                    
202033b0  ahrs                            
20203490  gSPI_IMU660RBBackup             
20203524  acceleration_mg                 
20203530  angular_rate_mdps               
2020353c  euler                           
202035b4  start_time                      
202035b8  tick_ms                         
202035d0  gMotor                          
20203650  gEncMotor1                      
20203668  gEncMotor3                      
20203680  __aeabi_errno                   
20203684  gTimerTest                      
20203696  gDataReceived                   
20203697  gRxByte                         
20207e00  __stack                         
20208000  __STACK_END                     
ffffffff  __TI_pprof_out_hndl             
ffffffff  __TI_prof_data_size             
ffffffff  __TI_prof_data_start            
ffffffff  __binit__                       
ffffffff  binit                           
UNDEFED   __mpu_init                      
UNDEFED   _system_post_cinit              

[294 symbols]
